[device] set CUDA_VISIBLE_DEVICES=0
[dataset_cfg] Physionet_MI root_path -> /work/bme-shenxk/data/Physionet_MI_wsn
[dataset_cfg] applied 38 params for Physionet_MI
A total 12 CPUs are used, making sure that num_worker is small than the number of CPUs
Use GPU (single): visible=0 -> cuda:0
================================================================================
[Model] eeg_basis_mixer_v2_nobasis_noT
[Model Params] Total: 91,762 (0.092 M)
[Model Params] Trainable: 91,762 (0.092 M)
[Model Params] Non-trainable: 0 (0.000 M)
[Model Size] Parameters: 0.35 MB
[Model Size] Buffers: 0.00 MB
[Model Size] Total estimated: 0.35 MB
================================================================================
>>>>>>>start training : eeg_basis_mixer_v2_nobasis_noT_Physionet_MI_seed_42_dm_192_dp_0.15_tl_5_bs_64_lr0.0003_aug_none_pl_32_cb32_kb16_tb20_pe192_ps8_ca0_cp1_gitnogit_20260501_211254>>>>>>>>>>>>>>>>>>>>>>>>>>
(3934, 800, 64)
(3934,)
(2951, 800, 64)
(2951,)
(2952, 800, 64)
(2952,)
Epoch: 1 cost time: 8.540593385696411
Epoch: 1, Steps: 62, | Train Loss: 1.38546
Validation results --- Loss: 1.32901, Accuracy: 0.35920, Precision: 0.35573, Recall: 0.35951, F1: 0.33292, AUROC: 0.63189, AUPRC: 0.35841
Test results --- Loss: 1.32931, Accuracy: 0.35976, Precision: 0.35967, Recall: 0.36021 F1: 0.33752, AUROC: 0.63552, AUPRC: 0.36283
Metric score decreased (inf --> -0.332916).  Saving model ...

Updating learning rate to 0.00029953760005996916
Epoch: 2 cost time: 6.174988031387329
Epoch: 2, Steps: 62, | Train Loss: 1.21481
Validation results --- Loss: 1.11035, Accuracy: 0.53406, Precision: 0.54356, Recall: 0.53397, F1: 0.53686, AUROC: 0.77485, AUPRC: 0.55993
Test results --- Loss: 1.12449, Accuracy: 0.53049, Precision: 0.54135, Recall: 0.53038 F1: 0.53314, AUROC: 0.77162, AUPRC: 0.56338
Metric score decreased (-0.332916 --> -0.536857).  Saving model ...

Updating learning rate to 0.00029815325108927063
Epoch: 3 cost time: 6.186913013458252
Epoch: 3, Steps: 62, | Train Loss: 1.10099
Validation results --- Loss: 1.09703, Accuracy: 0.54219, Precision: 0.55369, Recall: 0.54182, F1: 0.54266, AUROC: 0.78513, AUPRC: 0.57966
Test results --- Loss: 1.10861, Accuracy: 0.53794, Precision: 0.54883, Recall: 0.53755 F1: 0.53843, AUROC: 0.78148, AUPRC: 0.58586
Metric score decreased (-0.536857 --> -0.542664).  Saving model ...

Updating learning rate to 0.0002958554880596515
Epoch: 4 cost time: 6.195641040802002
Epoch: 4, Steps: 62, | Train Loss: 1.07399
Validation results --- Loss: 1.10885, Accuracy: 0.54016, Precision: 0.57721, Recall: 0.54047, F1: 0.54397, AUROC: 0.78217, AUPRC: 0.58025
Test results --- Loss: 1.12535, Accuracy: 0.52812, Precision: 0.56628, Recall: 0.52837 F1: 0.53398, AUROC: 0.77710, AUPRC: 0.58148
Metric score decreased (-0.542664 --> -0.543973).  Saving model ...

Updating learning rate to 0.00029265847744427303
Epoch: 5 cost time: 6.169341087341309
Epoch: 5, Steps: 62, | Train Loss: 1.06196
Validation results --- Loss: 1.08015, Accuracy: 0.54829, Precision: 0.54719, Recall: 0.54821, F1: 0.54468, AUROC: 0.78913, AUPRC: 0.58852
Test results --- Loss: 1.09314, Accuracy: 0.54268, Precision: 0.54240, Recall: 0.54268 F1: 0.54155, AUROC: 0.78510, AUPRC: 0.59407
Metric score decreased (-0.543973 --> -0.544678).  Saving model ...

Updating learning rate to 0.000288581929876693
Epoch: 6 cost time: 6.181947708129883
Epoch: 6, Steps: 62, | Train Loss: 1.04735
Validation results --- Loss: 1.07954, Accuracy: 0.53880, Precision: 0.54437, Recall: 0.53876, F1: 0.53455, AUROC: 0.78850, AUPRC: 0.58098
Test results --- Loss: 1.09663, Accuracy: 0.53828, Precision: 0.55023, Recall: 0.53824 F1: 0.53609, AUROC: 0.78478, AUPRC: 0.58963
EarlyStopping counter: 1 out of 10
Updating learning rate to 0.00028365097862825513
Epoch: 7 cost time: 6.172943115234375
Epoch: 7, Steps: 62, | Train Loss: 1.03901
Validation results --- Loss: 1.08971, Accuracy: 0.52152, Precision: 0.51909, Recall: 0.52134, F1: 0.50720, AUROC: 0.79053, AUPRC: 0.58566
Test results --- Loss: 1.10428, Accuracy: 0.53252, Precision: 0.53522, Recall: 0.53241 F1: 0.52246, AUROC: 0.78823, AUPRC: 0.59690
EarlyStopping counter: 2 out of 10
Updating learning rate to 0.0002778960246531138
Epoch: 8 cost time: 6.191723346710205
Epoch: 8, Steps: 62, | Train Loss: 1.03493
Validation results --- Loss: 1.07976, Accuracy: 0.54151, Precision: 0.53890, Recall: 0.54155, F1: 0.53475, AUROC: 0.79104, AUPRC: 0.58947
Test results --- Loss: 1.09289, Accuracy: 0.53692, Precision: 0.53529, Recall: 0.53709 F1: 0.53231, AUROC: 0.78738, AUPRC: 0.59376
EarlyStopping counter: 3 out of 10
Updating learning rate to 0.0002713525491562421
Epoch: 9 cost time: 6.164337158203125
Epoch: 9, Steps: 62, | Train Loss: 1.02425
Validation results --- Loss: 1.05940, Accuracy: 0.55134, Precision: 0.55752, Recall: 0.55137, F1: 0.55177, AUROC: 0.79466, AUPRC: 0.59510
Test results --- Loss: 1.07722, Accuracy: 0.55691, Precision: 0.56772, Recall: 0.55698 F1: 0.55828, AUROC: 0.79247, AUPRC: 0.60276
Metric score decreased (-0.544678 --> -0.551775).  Saving model ...

Updating learning rate to 0.00026406089484000466
Epoch: 10 cost time: 6.185801982879639
Epoch: 10, Steps: 62, | Train Loss: 1.01342
Validation results --- Loss: 1.06151, Accuracy: 0.55168, Precision: 0.54896, Recall: 0.55173, F1: 0.54643, AUROC: 0.79524, AUPRC: 0.59579
Test results --- Loss: 1.07384, Accuracy: 0.54844, Precision: 0.54956, Recall: 0.54853 F1: 0.54526, AUROC: 0.79384, AUPRC: 0.60384
EarlyStopping counter: 1 out of 10
Updating learning rate to 0.00025606601717798207
Epoch: 11 cost time: 6.178305625915527
Epoch: 11, Steps: 62, | Train Loss: 1.00826
Validation results --- Loss: 1.05248, Accuracy: 0.56150, Precision: 0.56839, Recall: 0.56144, F1: 0.56405, AUROC: 0.79664, AUPRC: 0.59815
Test results --- Loss: 1.06595, Accuracy: 0.55285, Precision: 0.56709, Recall: 0.55278 F1: 0.55698, AUROC: 0.79659, AUPRC: 0.60889
Metric score decreased (-0.551775 --> -0.564046).  Saving model ...

Updating learning rate to 0.0002474172072495275
Epoch: 12 cost time: 6.200061321258545
Epoch: 12, Steps: 62, | Train Loss: 0.99737
Validation results --- Loss: 1.05347, Accuracy: 0.56049, Precision: 0.56090, Recall: 0.56027, F1: 0.55938, AUROC: 0.79616, AUPRC: 0.59997
Test results --- Loss: 1.05789, Accuracy: 0.55318, Precision: 0.55683, Recall: 0.55303 F1: 0.55405, AUROC: 0.79772, AUPRC: 0.61102
EarlyStopping counter: 1 out of 10
Updating learning rate to 0.00023816778784387094
Epoch: 13 cost time: 6.212962865829468
Epoch: 13, Steps: 62, | Train Loss: 0.98886
Validation results --- Loss: 1.06642, Accuracy: 0.55913, Precision: 0.56473, Recall: 0.55890, F1: 0.55822, AUROC: 0.79731, AUPRC: 0.60204
Test results --- Loss: 1.07198, Accuracy: 0.55488, Precision: 0.56211, Recall: 0.55469 F1: 0.55586, AUROC: 0.79786, AUPRC: 0.61119
EarlyStopping counter: 2 out of 10
Updating learning rate to 0.0002283747847073923
Epoch: 14 cost time: 6.1661765575408936
Epoch: 14, Steps: 62, | Train Loss: 0.98939
Validation results --- Loss: 1.05813, Accuracy: 0.55337, Precision: 0.56854, Recall: 0.55336, F1: 0.55674, AUROC: 0.79629, AUPRC: 0.60097
Test results --- Loss: 1.07316, Accuracy: 0.55996, Precision: 0.58365, Recall: 0.55993 F1: 0.56436, AUROC: 0.79631, AUPRC: 0.60822
EarlyStopping counter: 3 out of 10
Updating learning rate to 0.00021809857496093199
Epoch: 15 cost time: 6.176792860031128
Epoch: 15, Steps: 62, | Train Loss: 0.98773
Validation results --- Loss: 1.05618, Accuracy: 0.55337, Precision: 0.54883, Recall: 0.55317, F1: 0.54979, AUROC: 0.79719, AUPRC: 0.60234
Test results --- Loss: 1.06114, Accuracy: 0.54912, Precision: 0.54719, Recall: 0.54896 F1: 0.54709, AUROC: 0.79941, AUPRC: 0.61351
EarlyStopping counter: 4 out of 10
Updating learning rate to 0.00020740251485476345
Epoch: 16 cost time: 6.163744926452637
Epoch: 16, Steps: 62, | Train Loss: 0.97014
Validation results --- Loss: 1.08942, Accuracy: 0.54863, Precision: 0.54734, Recall: 0.54829, F1: 0.54133, AUROC: 0.79610, AUPRC: 0.60288
Test results --- Loss: 1.08869, Accuracy: 0.54844, Precision: 0.54710, Recall: 0.54817 F1: 0.54286, AUROC: 0.79872, AUPRC: 0.61352
EarlyStopping counter: 5 out of 10
Updating learning rate to 0.0001963525491562421
Epoch: 17 cost time: 6.176015853881836
Epoch: 17, Steps: 62, | Train Loss: 0.97876
Validation results --- Loss: 1.06404, Accuracy: 0.55439, Precision: 0.55297, Recall: 0.55422, F1: 0.54977, AUROC: 0.79676, AUPRC: 0.60159
Test results --- Loss: 1.06875, Accuracy: 0.55793, Precision: 0.55974, Recall: 0.55779 F1: 0.55534, AUROC: 0.79964, AUPRC: 0.61351
EarlyStopping counter: 6 out of 10
Updating learning rate to 0.0001850168045783858
Epoch: 18 cost time: 6.136035203933716
Epoch: 18, Steps: 62, | Train Loss: 0.96809
Validation results --- Loss: 1.06777, Accuracy: 0.54693, Precision: 0.54345, Recall: 0.54676, F1: 0.54051, AUROC: 0.79666, AUPRC: 0.60335
Test results --- Loss: 1.07036, Accuracy: 0.55217, Precision: 0.55137, Recall: 0.55202 F1: 0.54763, AUROC: 0.79995, AUPRC: 0.61491
EarlyStopping counter: 7 out of 10
Updating learning rate to 0.00017346516975603462
Epoch: 19 cost time: 6.154763221740723
Epoch: 19, Steps: 62, | Train Loss: 0.96040
Validation results --- Loss: 1.06260, Accuracy: 0.55066, Precision: 0.54768, Recall: 0.55047, F1: 0.54586, AUROC: 0.79664, AUPRC: 0.60406
Test results --- Loss: 1.06068, Accuracy: 0.55081, Precision: 0.54965, Recall: 0.55067 F1: 0.54879, AUROC: 0.80044, AUPRC: 0.61506
EarlyStopping counter: 8 out of 10
Updating learning rate to 0.00016176886435917675
Epoch: 20 cost time: 6.160306930541992
Epoch: 20, Steps: 62, | Train Loss: 0.95166
Validation results --- Loss: 1.07385, Accuracy: 0.54863, Precision: 0.54364, Recall: 0.54849, F1: 0.54176, AUROC: 0.79551, AUPRC: 0.60325
Test results --- Loss: 1.06851, Accuracy: 0.55014, Precision: 0.54797, Recall: 0.55007 F1: 0.54644, AUROC: 0.80070, AUPRC: 0.61613
EarlyStopping counter: 9 out of 10
Updating learning rate to 0.00015
Epoch: 21 cost time: 6.186072587966919
Epoch: 21, Steps: 62, | Train Loss: 0.94317
Validation results --- Loss: 1.06488, Accuracy: 0.55507, Precision: 0.55147, Recall: 0.55490, F1: 0.55076, AUROC: 0.79493, AUPRC: 0.60198
Test results --- Loss: 1.06117, Accuracy: 0.55285, Precision: 0.55089, Recall: 0.55273 F1: 0.55085, AUROC: 0.80028, AUPRC: 0.61496
EarlyStopping counter: 10 out of 10
Early stopping
>>>>>>>testing : eeg_basis_mixer_v2_nobasis_noT_Physionet_MI_seed_42_dm_192_dp_0.15_tl_5_bs_64_lr0.0003_aug_none_pl_32_cb32_kb16_tb20_pe192_ps8_ca0_cp1_gitnogit_20260501_211254<<<<<<<<<<<<<<<<<<<<<<<<<<<<<<<<<
Validation results --- Loss: 1.05248, Accuracy: 0.56150, Precision: 0.56839, Recall: 0.56144, F1: 0.56405, AUROC: 0.79664, AUPRC: 0.59815
Test results --- Loss: 1.06595, Accuracy: 0.55285, Precision: 0.56709, Recall: 0.55278, F1: 0.55698, AUROC: 0.79659, AUPRC: 0.60889

Validation results --- Loss: 1.05248, Accuracy: 0.56150, Precision: 0.56839, Recall: 0.56144, F1: 0.56405, AUROC: 0.79664, AUPRC: 0.59815
Test results --- Loss: 1.06595, Accuracy: 0.55285, Precision: 0.56709, Recall: 0.55278, F1: 0.55698, AUROC: 0.79659, AUPRC: 0.60889

[result] Saved experiment record to: results/runs/3632552_Physionet_MI_eeg_basis_mixer_v2_nobasis_noT_seed42.yaml
Use GPU (single): visible=0 -> cuda:0
================================================================================
[Model] eeg_basis_mixer_v2_nobasis_noT
[Model Params] Total: 91,762 (0.092 M)
[Model Params] Trainable: 91,762 (0.092 M)
[Model Params] Non-trainable: 0 (0.000 M)
[Model Size] Parameters: 0.35 MB
[Model Size] Buffers: 0.00 MB
[Model Size] Total estimated: 0.35 MB
================================================================================
>>>>>>>start training : eeg_basis_mixer_v2_nobasis_noT_Physionet_MI_seed_43_dm_192_dp_0.15_tl_5_bs_64_lr0.0003_aug_none_pl_32_cb32_kb16_tb20_pe192_ps8_ca0_cp1_gitnogit_20260501_211722>>>>>>>>>>>>>>>>>>>>>>>>>>
(3934, 800, 64)
(3934,)
(2951, 800, 64)
(2951,)
(2952, 800, 64)
(2952,)
Epoch: 1 cost time: 6.192418098449707
Epoch: 1, Steps: 62, | Train Loss: 1.40159
Validation results --- Loss: 1.39093, Accuracy: 0.24839, Precision: 0.31203, Recall: 0.25034, F1: 0.10007, AUROC: 0.52843, AUPRC: 0.27171
Test results --- Loss: 1.39163, Accuracy: 0.24763, Precision: 0.06193, Recall: 0.25000 F1: 0.09927, AUROC: 0.52728, AUPRC: 0.27186
Metric score decreased (inf --> -0.100074).  Saving model ...

Updating learning rate to 0.00029953760005996916
Epoch: 2 cost time: 6.169556617736816
Epoch: 2, Steps: 62, | Train Loss: 1.33330
Validation results --- Loss: 1.19115, Accuracy: 0.47238, Precision: 0.46754, Recall: 0.47226, F1: 0.45773, AUROC: 0.73050, AUPRC: 0.50451
Test results --- Loss: 1.19045, Accuracy: 0.46714, Precision: 0.45880, Recall: 0.46718 F1: 0.45308, AUROC: 0.73101, AUPRC: 0.50626
Metric score decreased (-0.100074 --> -0.457729).  Saving model ...

Updating learning rate to 0.00029815325108927063
Epoch: 3 cost time: 6.204249620437622
Epoch: 3, Steps: 62, | Train Loss: 1.12712
Validation results --- Loss: 1.10045, Accuracy: 0.55269, Precision: 0.56168, Recall: 0.55279, F1: 0.55555, AUROC: 0.77858, AUPRC: 0.57248
Test results --- Loss: 1.11145, Accuracy: 0.52304, Precision: 0.53138, Recall: 0.52315 F1: 0.52582, AUROC: 0.77338, AUPRC: 0.57183
Metric score decreased (-0.457729 --> -0.555552).  Saving model ...

Updating learning rate to 0.0002958554880596515
Epoch: 4 cost time: 6.193976879119873
Epoch: 4, Steps: 62, | Train Loss: 1.08195
Validation results --- Loss: 1.07948, Accuracy: 0.55405, Precision: 0.56386, Recall: 0.55389, F1: 0.55683, AUROC: 0.78748, AUPRC: 0.58679
Test results --- Loss: 1.10262, Accuracy: 0.53354, Precision: 0.54609, Recall: 0.53337 F1: 0.53678, AUROC: 0.77662, AUPRC: 0.57889
Metric score decreased (-0.555552 --> -0.556825).  Saving model ...

Updating learning rate to 0.00029265847744427303
Epoch: 5 cost time: 6.201385974884033
Epoch: 5, Steps: 62, | Train Loss: 1.06418
Validation results --- Loss: 1.07668, Accuracy: 0.54659, Precision: 0.55071, Recall: 0.54644, F1: 0.54552, AUROC: 0.79057, AUPRC: 0.59088
Test results --- Loss: 1.10356, Accuracy: 0.53286, Precision: 0.54053, Recall: 0.53268 F1: 0.53146, AUROC: 0.77810, AUPRC: 0.58207
EarlyStopping counter: 1 out of 10
Updating learning rate to 0.000288581929876693
Epoch: 6 cost time: 6.205609083175659
Epoch: 6, Steps: 62, | Train Loss: 1.05387
Validation results --- Loss: 1.08790, Accuracy: 0.52253, Precision: 0.51845, Recall: 0.52234, F1: 0.51161, AUROC: 0.79054, AUPRC: 0.58932
Test results --- Loss: 1.10867, Accuracy: 0.52270, Precision: 0.52273, Recall: 0.52253 F1: 0.51306, AUROC: 0.78015, AUPRC: 0.58333
EarlyStopping counter: 2 out of 10
Updating learning rate to 0.00028365097862825513
Epoch: 7 cost time: 6.212525129318237
Epoch: 7, Steps: 62, | Train Loss: 1.04317
Validation results --- Loss: 1.06330, Accuracy: 0.55032, Precision: 0.56039, Recall: 0.55015, F1: 0.55265, AUROC: 0.79410, AUPRC: 0.59652
Test results --- Loss: 1.09151, Accuracy: 0.53117, Precision: 0.54627, Recall: 0.53092 F1: 0.53345, AUROC: 0.78211, AUPRC: 0.58737
EarlyStopping counter: 3 out of 10
Updating learning rate to 0.0002778960246531138
Epoch: 8 cost time: 6.209649085998535
Epoch: 8, Steps: 62, | Train Loss: 1.02956
Validation results --- Loss: 1.05802, Accuracy: 0.56489, Precision: 0.58561, Recall: 0.56495, F1: 0.56972, AUROC: 0.79646, AUPRC: 0.60197
Test results --- Loss: 1.08663, Accuracy: 0.54404, Precision: 0.56704, Recall: 0.54406 F1: 0.54904, AUROC: 0.78558, AUPRC: 0.59246
Metric score decreased (-0.556825 --> -0.569717).  Saving model ...

Updating learning rate to 0.0002713525491562421
Epoch: 9 cost time: 6.192876815795898
Epoch: 9, Steps: 62, | Train Loss: 1.02343
Validation results --- Loss: 1.04939, Accuracy: 0.56218, Precision: 0.57941, Recall: 0.56212, F1: 0.56710, AUROC: 0.79788, AUPRC: 0.60403
Test results --- Loss: 1.07906, Accuracy: 0.54505, Precision: 0.56500, Recall: 0.54493 F1: 0.55009, AUROC: 0.78640, AUPRC: 0.59361
EarlyStopping counter: 1 out of 10
Updating learning rate to 0.00026406089484000466
Epoch: 10 cost time: 6.234320163726807
Epoch: 10, Steps: 62, | Train Loss: 1.00674
Validation results --- Loss: 1.04427, Accuracy: 0.55947, Precision: 0.58047, Recall: 0.55936, F1: 0.56463, AUROC: 0.80043, AUPRC: 0.60928
Test results --- Loss: 1.07555, Accuracy: 0.54404, Precision: 0.56860, Recall: 0.54385 F1: 0.54964, AUROC: 0.78834, AUPRC: 0.59733
EarlyStopping counter: 2 out of 10
Updating learning rate to 0.00025606601717798207
Epoch: 11 cost time: 6.189933776855469
Epoch: 11, Steps: 62, | Train Loss: 1.00245
Validation results --- Loss: 1.05428, Accuracy: 0.55371, Precision: 0.56458, Recall: 0.55358, F1: 0.55508, AUROC: 0.79886, AUPRC: 0.60640
Test results --- Loss: 1.08979, Accuracy: 0.53963, Precision: 0.55342, Recall: 0.53948 F1: 0.54075, AUROC: 0.78585, AUPRC: 0.59462
EarlyStopping counter: 3 out of 10
Updating learning rate to 0.0002474172072495275
Epoch: 12 cost time: 6.207122564315796
Epoch: 12, Steps: 62, | Train Loss: 0.99893
Validation results --- Loss: 1.04613, Accuracy: 0.56252, Precision: 0.58103, Recall: 0.56252, F1: 0.56529, AUROC: 0.80226, AUPRC: 0.61282
Test results --- Loss: 1.08345, Accuracy: 0.53896, Precision: 0.56129, Recall: 0.53890 F1: 0.54221, AUROC: 0.78772, AUPRC: 0.59803
EarlyStopping counter: 4 out of 10
Updating learning rate to 0.00023816778784387094
Epoch: 13 cost time: 6.17698860168457
Epoch: 13, Steps: 62, | Train Loss: 0.98600
Validation results --- Loss: 1.04594, Accuracy: 0.56422, Precision: 0.57348, Recall: 0.56420, F1: 0.56728, AUROC: 0.80206, AUPRC: 0.61351
Test results --- Loss: 1.07814, Accuracy: 0.54505, Precision: 0.55774, Recall: 0.54504 F1: 0.54908, AUROC: 0.79022, AUPRC: 0.60195
EarlyStopping counter: 5 out of 10
Updating learning rate to 0.0002283747847073923
Epoch: 14 cost time: 6.182998895645142
Epoch: 14, Steps: 62, | Train Loss: 0.98306
Validation results --- Loss: 1.05285, Accuracy: 0.56184, Precision: 0.58788, Recall: 0.56168, F1: 0.56717, AUROC: 0.80077, AUPRC: 0.61246
Test results --- Loss: 1.08941, Accuracy: 0.53896, Precision: 0.57254, Recall: 0.53871 F1: 0.54495, AUROC: 0.78761, AUPRC: 0.59927
EarlyStopping counter: 6 out of 10
Updating learning rate to 0.00021809857496093199
Epoch: 15 cost time: 6.217692613601685
Epoch: 15, Steps: 62, | Train Loss: 0.97485
Validation results --- Loss: 1.04655, Accuracy: 0.55642, Precision: 0.56380, Recall: 0.55631, F1: 0.55835, AUROC: 0.80143, AUPRC: 0.61388
Test results --- Loss: 1.08191, Accuracy: 0.54743, Precision: 0.55785, Recall: 0.54726 F1: 0.54949, AUROC: 0.78762, AUPRC: 0.60058
EarlyStopping counter: 7 out of 10
Updating learning rate to 0.00020740251485476345
Epoch: 16 cost time: 6.232412338256836
Epoch: 16, Steps: 62, | Train Loss: 0.97299
Validation results --- Loss: 1.04837, Accuracy: 0.55913, Precision: 0.56476, Recall: 0.55908, F1: 0.56113, AUROC: 0.80148, AUPRC: 0.61393
Test results --- Loss: 1.08259, Accuracy: 0.54336, Precision: 0.55172, Recall: 0.54329 F1: 0.54593, AUROC: 0.78795, AUPRC: 0.60106
EarlyStopping counter: 8 out of 10
Updating learning rate to 0.0001963525491562421
Epoch: 17 cost time: 6.225570917129517
Epoch: 17, Steps: 62, | Train Loss: 0.96214
Validation results --- Loss: 1.05202, Accuracy: 0.55100, Precision: 0.54931, Recall: 0.55096, F1: 0.54961, AUROC: 0.80123, AUPRC: 0.61507
Test results --- Loss: 1.08256, Accuracy: 0.54472, Precision: 0.54524, Recall: 0.54465 F1: 0.54466, AUROC: 0.78840, AUPRC: 0.60224
EarlyStopping counter: 9 out of 10
Updating learning rate to 0.0001850168045783858
Epoch: 18 cost time: 6.181699991226196
Epoch: 18, Steps: 62, | Train Loss: 0.95779
Validation results --- Loss: 1.05792, Accuracy: 0.55574, Precision: 0.55939, Recall: 0.55556, F1: 0.55653, AUROC: 0.80018, AUPRC: 0.61268
Test results --- Loss: 1.09174, Accuracy: 0.54099, Precision: 0.54701, Recall: 0.54077 F1: 0.54182, AUROC: 0.78786, AUPRC: 0.60082
EarlyStopping counter: 10 out of 10
Early stopping
>>>>>>>testing : eeg_basis_mixer_v2_nobasis_noT_Physionet_MI_seed_43_dm_192_dp_0.15_tl_5_bs_64_lr0.0003_aug_none_pl_32_cb32_kb16_tb20_pe192_ps8_ca0_cp1_gitnogit_20260501_211722<<<<<<<<<<<<<<<<<<<<<<<<<<<<<<<<<
Validation results --- Loss: 1.05802, Accuracy: 0.56489, Precision: 0.58561, Recall: 0.56495, F1: 0.56972, AUROC: 0.79646, AUPRC: 0.60197
Test results --- Loss: 1.08663, Accuracy: 0.54404, Precision: 0.56704, Recall: 0.54406, F1: 0.54904, AUROC: 0.78558, AUPRC: 0.59246

Validation results --- Loss: 1.05802, Accuracy: 0.56489, Precision: 0.58561, Recall: 0.56495, F1: 0.56972, AUROC: 0.79646, AUPRC: 0.60197
Test results --- Loss: 1.08663, Accuracy: 0.54404, Precision: 0.56704, Recall: 0.54406, F1: 0.54904, AUROC: 0.78558, AUPRC: 0.59246

[result] Saved experiment record to: results/runs/3632552_Physionet_MI_eeg_basis_mixer_v2_nobasis_noT_seed43.yaml
Use GPU (single): visible=0 -> cuda:0
================================================================================
[Model] eeg_basis_mixer_v2_nobasis_noT
[Model Params] Total: 91,762 (0.092 M)
[Model Params] Trainable: 91,762 (0.092 M)
[Model Params] Non-trainable: 0 (0.000 M)
[Model Size] Parameters: 0.35 MB
[Model Size] Buffers: 0.00 MB
[Model Size] Total estimated: 0.35 MB
================================================================================
>>>>>>>start training : eeg_basis_mixer_v2_nobasis_noT_Physionet_MI_seed_44_dm_192_dp_0.15_tl_5_bs_64_lr0.0003_aug_none_pl_32_cb32_kb16_tb20_pe192_ps8_ca0_cp1_gitnogit_20260501_212101>>>>>>>>>>>>>>>>>>>>>>>>>>
(3934, 800, 64)
(3934,)
(2951, 800, 64)
(2951,)
(2952, 800, 64)
(2952,)
Epoch: 1 cost time: 6.234059810638428
Epoch: 1, Steps: 62, | Train Loss: 1.39756
Validation results --- Loss: 1.39529, Accuracy: 0.25076, Precision: 0.18765, Recall: 0.25034, F1: 0.10087, AUROC: 0.50434, AUPRC: 0.25336
Test results --- Loss: 1.39362, Accuracy: 0.25034, Precision: 0.06261, Recall: 0.24966 F1: 0.10011, AUROC: 0.52007, AUPRC: 0.25997
Metric score decreased (inf --> -0.100867).  Saving model ...

Updating learning rate to 0.00029953760005996916
Epoch: 2 cost time: 6.190838813781738
Epoch: 2, Steps: 62, | Train Loss: 1.38957
Validation results --- Loss: 1.38206, Accuracy: 0.27143, Precision: 0.22067, Recall: 0.27258, F1: 0.20026, AUROC: 0.55443, AUPRC: 0.29382
Test results --- Loss: 1.37784, Accuracy: 0.28726, Precision: 0.23847, Recall: 0.28880 F1: 0.21323, AUROC: 0.57257, AUPRC: 0.30676
Metric score decreased (-0.100867 --> -0.200265).  Saving model ...

Updating learning rate to 0.00029815325108927063
Epoch: 3 cost time: 6.18572735786438
Epoch: 3, Steps: 62, | Train Loss: 1.29959
Validation results --- Loss: 1.17015, Accuracy: 0.48424, Precision: 0.49454, Recall: 0.48456, F1: 0.48420, AUROC: 0.74671, AUPRC: 0.51654
Test results --- Loss: 1.14860, Accuracy: 0.50068, Precision: 0.51072, Recall: 0.50100 F1: 0.50135, AUROC: 0.75467, AUPRC: 0.54174
Metric score decreased (-0.200265 --> -0.484197).  Saving model ...

Updating learning rate to 0.0002958554880596515
Epoch: 4 cost time: 6.201656341552734
Epoch: 4, Steps: 62, | Train Loss: 1.12161
Validation results --- Loss: 1.13107, Accuracy: 0.51542, Precision: 0.51271, Recall: 0.51513, F1: 0.50906, AUROC: 0.77669, AUPRC: 0.56409
Test results --- Loss: 1.10353, Accuracy: 0.53083, Precision: 0.53138, Recall: 0.53066 F1: 0.52196, AUROC: 0.78554, AUPRC: 0.58510
Metric score decreased (-0.484197 --> -0.509056).  Saving model ...

Updating learning rate to 0.00029265847744427303
Epoch: 5 cost time: 6.245096683502197
Epoch: 5, Steps: 62, | Train Loss: 1.09321
Validation results --- Loss: 1.09428, Accuracy: 0.54456, Precision: 0.54553, Recall: 0.54432, F1: 0.54407, AUROC: 0.78854, AUPRC: 0.58866
Test results --- Loss: 1.06859, Accuracy: 0.56436, Precision: 0.56633, Recall: 0.56411 F1: 0.56283, AUROC: 0.79698, AUPRC: 0.60988
Metric score decreased (-0.509056 --> -0.544072).  Saving model ...

Updating learning rate to 0.000288581929876693
Epoch: 6 cost time: 6.194428205490112
Epoch: 6, Steps: 62, | Train Loss: 1.07283
Validation results --- Loss: 1.09286, Accuracy: 0.54185, Precision: 0.55919, Recall: 0.54175, F1: 0.54479, AUROC: 0.78799, AUPRC: 0.59269
Test results --- Loss: 1.06578, Accuracy: 0.56640, Precision: 0.58274, Recall: 0.56618 F1: 0.56894, AUROC: 0.79742, AUPRC: 0.61189
Metric score decreased (-0.544072 --> -0.544793).  Saving model ...

Updating learning rate to 0.00028365097862825513
Epoch: 7 cost time: 6.166295289993286
Epoch: 7, Steps: 62, | Train Loss: 1.06579
Validation results --- Loss: 1.08682, Accuracy: 0.53609, Precision: 0.53344, Recall: 0.53607, F1: 0.52928, AUROC: 0.78992, AUPRC: 0.59418
Test results --- Loss: 1.05772, Accuracy: 0.55928, Precision: 0.55386, Recall: 0.55928 F1: 0.55196, AUROC: 0.79947, AUPRC: 0.61468
EarlyStopping counter: 1 out of 10
Updating learning rate to 0.0002778960246531138
Epoch: 8 cost time: 6.1802709102630615
Epoch: 8, Steps: 62, | Train Loss: 1.05219
Validation results --- Loss: 1.09622, Accuracy: 0.52897, Precision: 0.53240, Recall: 0.52873, F1: 0.52279, AUROC: 0.78544, AUPRC: 0.58802
Test results --- Loss: 1.06305, Accuracy: 0.54607, Precision: 0.54650, Recall: 0.54582 F1: 0.53867, AUROC: 0.79638, AUPRC: 0.60752
EarlyStopping counter: 2 out of 10
Updating learning rate to 0.0002713525491562421
Epoch: 9 cost time: 6.214099884033203
Epoch: 9, Steps: 62, | Train Loss: 1.04529
Validation results --- Loss: 1.07300, Accuracy: 0.54422, Precision: 0.54092, Recall: 0.54417, F1: 0.54071, AUROC: 0.79205, AUPRC: 0.59812
Test results --- Loss: 1.04578, Accuracy: 0.56064, Precision: 0.55871, Recall: 0.56057 F1: 0.55715, AUROC: 0.80290, AUPRC: 0.61914
EarlyStopping counter: 3 out of 10
Updating learning rate to 0.00026406089484000466
Epoch: 10 cost time: 6.1802496910095215
Epoch: 10, Steps: 62, | Train Loss: 1.03770
Validation results --- Loss: 1.06859, Accuracy: 0.54456, Precision: 0.55314, Recall: 0.54458, F1: 0.54614, AUROC: 0.79402, AUPRC: 0.60186
Test results --- Loss: 1.03885, Accuracy: 0.56944, Precision: 0.57811, Recall: 0.56936 F1: 0.57102, AUROC: 0.80424, AUPRC: 0.62188
Metric score decreased (-0.544793 --> -0.546143).  Saving model ...

Updating learning rate to 0.00025606601717798207
Epoch: 11 cost time: 6.188129186630249
Epoch: 11, Steps: 62, | Train Loss: 1.02723
Validation results --- Loss: 1.07952, Accuracy: 0.53880, Precision: 0.53521, Recall: 0.53881, F1: 0.53386, AUROC: 0.79133, AUPRC: 0.59854
Test results --- Loss: 1.04689, Accuracy: 0.55318, Precision: 0.54982, Recall: 0.55318 F1: 0.54860, AUROC: 0.80305, AUPRC: 0.61891
EarlyStopping counter: 1 out of 10
Updating learning rate to 0.0002474172072495275
Epoch: 12 cost time: 6.164189577102661
Epoch: 12, Steps: 62, | Train Loss: 1.01925
Validation results --- Loss: 1.05767, Accuracy: 0.55439, Precision: 0.55836, Recall: 0.55439, F1: 0.55564, AUROC: 0.79645, AUPRC: 0.60696
Test results --- Loss: 1.02771, Accuracy: 0.57656, Precision: 0.58077, Recall: 0.57647 F1: 0.57791, AUROC: 0.80734, AUPRC: 0.62827
Metric score decreased (-0.546143 --> -0.555641).  Saving model ...

Updating learning rate to 0.00023816778784387094
Epoch: 13 cost time: 6.204400062561035
Epoch: 13, Steps: 62, | Train Loss: 1.01388
Validation results --- Loss: 1.06292, Accuracy: 0.55473, Precision: 0.57023, Recall: 0.55461, F1: 0.55652, AUROC: 0.79576, AUPRC: 0.60847
Test results --- Loss: 1.03466, Accuracy: 0.56809, Precision: 0.58561, Recall: 0.56788 F1: 0.56984, AUROC: 0.80732, AUPRC: 0.62861
Metric score decreased (-0.555641 --> -0.556521).  Saving model ...

Updating learning rate to 0.0002283747847073923
Epoch: 14 cost time: 6.198281288146973
Epoch: 14, Steps: 62, | Train Loss: 1.00492
Validation results --- Loss: 1.05540, Accuracy: 0.55100, Precision: 0.54976, Recall: 0.55092, F1: 0.55019, AUROC: 0.79724, AUPRC: 0.60901
Test results --- Loss: 1.02586, Accuracy: 0.57453, Precision: 0.57430, Recall: 0.57442 F1: 0.57394, AUROC: 0.80869, AUPRC: 0.63088
EarlyStopping counter: 1 out of 10
Updating learning rate to 0.00021809857496093199
Epoch: 15 cost time: 6.193756103515625
Epoch: 15, Steps: 62, | Train Loss: 1.00247
Validation results --- Loss: 1.05690, Accuracy: 0.54761, Precision: 0.54757, Recall: 0.54764, F1: 0.54716, AUROC: 0.79511, AUPRC: 0.60593
Test results --- Loss: 1.03031, Accuracy: 0.57080, Precision: 0.57071, Recall: 0.57080 F1: 0.57064, AUROC: 0.80737, AUPRC: 0.62911
EarlyStopping counter: 2 out of 10
Updating learning rate to 0.00020740251485476345
Epoch: 16 cost time: 6.177617788314819
Epoch: 16, Steps: 62, | Train Loss: 1.00048
Validation results --- Loss: 1.05064, Accuracy: 0.55676, Precision: 0.56367, Recall: 0.55673, F1: 0.55924, AUROC: 0.79878, AUPRC: 0.61153
Test results --- Loss: 1.02467, Accuracy: 0.57453, Precision: 0.58198, Recall: 0.57442 F1: 0.57688, AUROC: 0.81007, AUPRC: 0.63259
Metric score decreased (-0.556521 --> -0.559241).  Saving model ...

Updating learning rate to 0.0001963525491562421
Epoch: 17 cost time: 6.24832010269165
Epoch: 17, Steps: 62, | Train Loss: 0.98568
Validation results --- Loss: 1.07114, Accuracy: 0.55202, Precision: 0.57361, Recall: 0.55191, F1: 0.55706, AUROC: 0.79667, AUPRC: 0.61210
Test results --- Loss: 1.03879, Accuracy: 0.57622, Precision: 0.59863, Recall: 0.57598 F1: 0.58104, AUROC: 0.80952, AUPRC: 0.63196
EarlyStopping counter: 1 out of 10
Updating learning rate to 0.0001850168045783858
Epoch: 18 cost time: 6.174313545227051
Epoch: 18, Steps: 62, | Train Loss: 0.98368
Validation results --- Loss: 1.05972, Accuracy: 0.55608, Precision: 0.55625, Recall: 0.55600, F1: 0.55499, AUROC: 0.79847, AUPRC: 0.61319
Test results --- Loss: 1.03430, Accuracy: 0.57046, Precision: 0.57223, Recall: 0.57035 F1: 0.56969, AUROC: 0.81024, AUPRC: 0.63381
EarlyStopping counter: 2 out of 10
Updating learning rate to 0.00017346516975603462
Epoch: 19 cost time: 6.2122886180877686
Epoch: 19, Steps: 62, | Train Loss: 0.98028
Validation results --- Loss: 1.06394, Accuracy: 0.56049, Precision: 0.55594, Recall: 0.56040, F1: 0.55486, AUROC: 0.79986, AUPRC: 0.61535
Test results --- Loss: 1.04045, Accuracy: 0.56538, Precision: 0.56140, Recall: 0.56536 F1: 0.55960, AUROC: 0.81118, AUPRC: 0.63592
EarlyStopping counter: 3 out of 10
Updating learning rate to 0.00016176886435917675
Epoch: 20 cost time: 6.183483839035034
Epoch: 20, Steps: 62, | Train Loss: 0.97273
Validation results --- Loss: 1.05861, Accuracy: 0.55710, Precision: 0.56620, Recall: 0.55696, F1: 0.55994, AUROC: 0.79680, AUPRC: 0.61094
Test results --- Loss: 1.03062, Accuracy: 0.57419, Precision: 0.58466, Recall: 0.57396 F1: 0.57658, AUROC: 0.80857, AUPRC: 0.63111
Metric score decreased (-0.559241 --> -0.559938).  Saving model ...

Updating learning rate to 0.00015
Epoch: 21 cost time: 6.200507402420044
Epoch: 21, Steps: 62, | Train Loss: 0.96838
Validation results --- Loss: 1.05106, Accuracy: 0.55913, Precision: 0.56036, Recall: 0.55908, F1: 0.55963, AUROC: 0.79957, AUPRC: 0.61518
Test results --- Loss: 1.02421, Accuracy: 0.57622, Precision: 0.57881, Recall: 0.57612 F1: 0.57695, AUROC: 0.81118, AUPRC: 0.63564
EarlyStopping counter: 1 out of 10
Updating learning rate to 0.00013823113564082325
Epoch: 22 cost time: 6.166098117828369
Epoch: 22, Steps: 62, | Train Loss: 0.96346
Validation results --- Loss: 1.06060, Accuracy: 0.56150, Precision: 0.57223, Recall: 0.56141, F1: 0.56277, AUROC: 0.79900, AUPRC: 0.61586
Test results --- Loss: 1.03517, Accuracy: 0.57012, Precision: 0.58352, Recall: 0.56998 F1: 0.57183, AUROC: 0.81030, AUPRC: 0.63461
Metric score decreased (-0.559938 --> -0.562770).  Saving model ...

Updating learning rate to 0.00012653483024396533
Epoch: 23 cost time: 6.1939074993133545
Epoch: 23, Steps: 62, | Train Loss: 0.95510
Validation results --- Loss: 1.07251, Accuracy: 0.54998, Precision: 0.56144, Recall: 0.54991, F1: 0.54945, AUROC: 0.79432, AUPRC: 0.60816
Test results --- Loss: 1.04880, Accuracy: 0.55996, Precision: 0.57615, Recall: 0.55987 F1: 0.55990, AUROC: 0.80530, AUPRC: 0.62501
EarlyStopping counter: 1 out of 10
Updating learning rate to 0.00011498319542161423
Epoch: 24 cost time: 6.17436957359314
Epoch: 24, Steps: 62, | Train Loss: 0.95358
Validation results --- Loss: 1.05876, Accuracy: 0.55744, Precision: 0.56515, Recall: 0.55724, F1: 0.55929, AUROC: 0.79915, AUPRC: 0.61719
Test results --- Loss: 1.03224, Accuracy: 0.57486, Precision: 0.58583, Recall: 0.57463 F1: 0.57700, AUROC: 0.81064, AUPRC: 0.63624
EarlyStopping counter: 2 out of 10
Updating learning rate to 0.0001036474508437579
Epoch: 25 cost time: 6.179902076721191
Epoch: 25, Steps: 62, | Train Loss: 0.95095
Validation results --- Loss: 1.06085, Accuracy: 0.55947, Precision: 0.56486, Recall: 0.55931, F1: 0.56037, AUROC: 0.79865, AUPRC: 0.61610
Test results --- Loss: 1.03570, Accuracy: 0.57182, Precision: 0.57867, Recall: 0.57158 F1: 0.57235, AUROC: 0.80967, AUPRC: 0.63413
EarlyStopping counter: 3 out of 10
Updating learning rate to 9.259748514523653e-05
Epoch: 26 cost time: 6.21203351020813
Epoch: 26, Steps: 62, | Train Loss: 0.94566
Validation results --- Loss: 1.06436, Accuracy: 0.55947, Precision: 0.57040, Recall: 0.55941, F1: 0.56238, AUROC: 0.79918, AUPRC: 0.61679
Test results --- Loss: 1.03626, Accuracy: 0.57486, Precision: 0.58487, Recall: 0.57471 F1: 0.57724, AUROC: 0.81069, AUPRC: 0.63583
EarlyStopping counter: 4 out of 10
Updating learning rate to 8.190142503906798e-05
Epoch: 27 cost time: 6.199276447296143
Epoch: 27, Steps: 62, | Train Loss: 0.94407
Validation results --- Loss: 1.06010, Accuracy: 0.56286, Precision: 0.56614, Recall: 0.56276, F1: 0.56368, AUROC: 0.79891, AUPRC: 0.61651
Test results --- Loss: 1.03803, Accuracy: 0.57419, Precision: 0.57999, Recall: 0.57405 F1: 0.57498, AUROC: 0.80925, AUPRC: 0.63361
Metric score decreased (-0.562770 --> -0.563678).  Saving model ...

Updating learning rate to 7.162521529260767e-05
Epoch: 28 cost time: 6.2099082469940186
Epoch: 28, Steps: 62, | Train Loss: 0.93636
Validation results --- Loss: 1.06280, Accuracy: 0.55947, Precision: 0.56779, Recall: 0.55942, F1: 0.56172, AUROC: 0.79825, AUPRC: 0.61580
Test results --- Loss: 1.04039, Accuracy: 0.57080, Precision: 0.58115, Recall: 0.57068 F1: 0.57312, AUROC: 0.80863, AUPRC: 0.63280
EarlyStopping counter: 1 out of 10
Updating learning rate to 6.183221215612904e-05
Epoch: 29 cost time: 6.208307266235352
Epoch: 29, Steps: 62, | Train Loss: 0.93489
Validation results --- Loss: 1.06324, Accuracy: 0.55981, Precision: 0.55875, Recall: 0.55972, F1: 0.55919, AUROC: 0.79785, AUPRC: 0.61495
Test results --- Loss: 1.04144, Accuracy: 0.57351, Precision: 0.57297, Recall: 0.57340 F1: 0.57250, AUROC: 0.80872, AUPRC: 0.63267
EarlyStopping counter: 2 out of 10
Updating learning rate to 5.2582792750472464e-05
Epoch: 30 cost time: 6.215872287750244
Epoch: 30, Steps: 62, | Train Loss: 0.93232
Validation results --- Loss: 1.06790, Accuracy: 0.55812, Precision: 0.55810, Recall: 0.55795, F1: 0.55764, AUROC: 0.79789, AUPRC: 0.61546
Test results --- Loss: 1.04742, Accuracy: 0.56944, Precision: 0.57140, Recall: 0.56926 F1: 0.56856, AUROC: 0.80842, AUPRC: 0.63272
EarlyStopping counter: 3 out of 10
Updating learning rate to 4.3933982822017876e-05
Epoch: 31 cost time: 6.181632995605469
Epoch: 31, Steps: 62, | Train Loss: 0.92818
Validation results --- Loss: 1.06834, Accuracy: 0.55812, Precision: 0.56025, Recall: 0.55794, F1: 0.55834, AUROC: 0.79698, AUPRC: 0.61434
Test results --- Loss: 1.04856, Accuracy: 0.56741, Precision: 0.57097, Recall: 0.56720 F1: 0.56693, AUROC: 0.80731, AUPRC: 0.63101
EarlyStopping counter: 4 out of 10
Updating learning rate to 3.593910515999536e-05
Epoch: 32 cost time: 6.184762954711914
Epoch: 32, Steps: 62, | Train Loss: 0.92344
Validation results --- Loss: 1.06492, Accuracy: 0.56049, Precision: 0.56504, Recall: 0.56040, F1: 0.56211, AUROC: 0.79823, AUPRC: 0.61630
Test results --- Loss: 1.04316, Accuracy: 0.57283, Precision: 0.57758, Recall: 0.57268 F1: 0.57391, AUROC: 0.80873, AUPRC: 0.63317
EarlyStopping counter: 5 out of 10
Updating learning rate to 2.8647450843757897e-05
Epoch: 33 cost time: 6.220173120498657
Epoch: 33, Steps: 62, | Train Loss: 0.92570
Validation results --- Loss: 1.06602, Accuracy: 0.55676, Precision: 0.56250, Recall: 0.55665, F1: 0.55859, AUROC: 0.79771, AUPRC: 0.61530
Test results --- Loss: 1.04530, Accuracy: 0.57012, Precision: 0.57718, Recall: 0.56996 F1: 0.57145, AUROC: 0.80784, AUPRC: 0.63172
EarlyStopping counter: 6 out of 10
Updating learning rate to 2.210397534688617e-05
Epoch: 34 cost time: 6.202426433563232
Epoch: 34, Steps: 62, | Train Loss: 0.92139
Validation results --- Loss: 1.06571, Accuracy: 0.56049, Precision: 0.56273, Recall: 0.56039, F1: 0.56136, AUROC: 0.79793, AUPRC: 0.61545
Test results --- Loss: 1.04499, Accuracy: 0.57351, Precision: 0.57676, Recall: 0.57339 F1: 0.57409, AUROC: 0.80815, AUPRC: 0.63197
EarlyStopping counter: 7 out of 10
Updating learning rate to 1.634902137174483e-05
Epoch: 35 cost time: 6.199891805648804
Epoch: 35, Steps: 62, | Train Loss: 0.91994
Validation results --- Loss: 1.06703, Accuracy: 0.55947, Precision: 0.56359, Recall: 0.55938, F1: 0.56084, AUROC: 0.79766, AUPRC: 0.61526
Test results --- Loss: 1.04651, Accuracy: 0.57080, Precision: 0.57550, Recall: 0.57067 F1: 0.57165, AUROC: 0.80780, AUPRC: 0.63142
EarlyStopping counter: 8 out of 10
Updating learning rate to 1.1418070123306989e-05
Epoch: 36 cost time: 6.183221817016602
Epoch: 36, Steps: 62, | Train Loss: 0.92212
Validation results --- Loss: 1.06734, Accuracy: 0.55981, Precision: 0.56365, Recall: 0.55972, F1: 0.56106, AUROC: 0.79765, AUPRC: 0.61523
Test results --- Loss: 1.04697, Accuracy: 0.57046, Precision: 0.57511, Recall: 0.57032 F1: 0.57116, AUROC: 0.80780, AUPRC: 0.63130
EarlyStopping counter: 9 out of 10
Updating learning rate to 7.34152255572697e-06
Epoch: 37 cost time: 6.213519334793091
Epoch: 37, Steps: 62, | Train Loss: 0.92030
Validation results --- Loss: 1.06780, Accuracy: 0.55744, Precision: 0.56239, Recall: 0.55735, F1: 0.55904, AUROC: 0.79761, AUPRC: 0.61527
Test results --- Loss: 1.04721, Accuracy: 0.57080, Precision: 0.57632, Recall: 0.57065 F1: 0.57178, AUROC: 0.80775, AUPRC: 0.63129
EarlyStopping counter: 10 out of 10
Early stopping
>>>>>>>testing : eeg_basis_mixer_v2_nobasis_noT_Physionet_MI_seed_44_dm_192_dp_0.15_tl_5_bs_64_lr0.0003_aug_none_pl_32_cb32_kb16_tb20_pe192_ps8_ca0_cp1_gitnogit_20260501_212101<<<<<<<<<<<<<<<<<<<<<<<<<<<<<<<<<
Validation results --- Loss: 1.06010, Accuracy: 0.56286, Precision: 0.56614, Recall: 0.56276, F1: 0.56368, AUROC: 0.79891, AUPRC: 0.61651
Test results --- Loss: 1.03803, Accuracy: 0.57419, Precision: 0.57999, Recall: 0.57405, F1: 0.57498, AUROC: 0.80925, AUPRC: 0.63361

Validation results --- Loss: 1.06010, Accuracy: 0.56286, Precision: 0.56614, Recall: 0.56276, F1: 0.56368, AUROC: 0.79891, AUPRC: 0.61651
Test results --- Loss: 1.03803, Accuracy: 0.57419, Precision: 0.57999, Recall: 0.57405, F1: 0.57498, AUROC: 0.80925, AUPRC: 0.63361

[result] Saved experiment record to: results/runs/3632552_Physionet_MI_eeg_basis_mixer_v2_nobasis_noT_seed44.yaml
Use GPU (single): visible=0 -> cuda:0
================================================================================
[Model] eeg_basis_mixer_v2_nobasis_noT
[Model Params] Total: 91,762 (0.092 M)
[Model Params] Trainable: 91,762 (0.092 M)
[Model Params] Non-trainable: 0 (0.000 M)
[Model Size] Parameters: 0.35 MB
[Model Size] Buffers: 0.00 MB
[Model Size] Total estimated: 0.35 MB
================================================================================
>>>>>>>start training : eeg_basis_mixer_v2_nobasis_noT_Physionet_MI_seed_45_dm_192_dp_0.15_tl_5_bs_64_lr0.0003_aug_none_pl_32_cb32_kb16_tb20_pe192_ps8_ca0_cp1_gitnogit_20260501_212755>>>>>>>>>>>>>>>>>>>>>>>>>>
(3934, 800, 64)
(3934,)
(2951, 800, 64)
(2951,)
(2952, 800, 64)
(2952,)
Epoch: 1 cost time: 6.256023168563843
Epoch: 1, Steps: 62, | Train Loss: 1.39077
Validation results --- Loss: 1.37552, Accuracy: 0.29617, Precision: 0.31442, Recall: 0.29632, F1: 0.19814, AUROC: 0.60231, AUPRC: 0.33532
Test results --- Loss: 1.37329, Accuracy: 0.30149, Precision: 0.19236, Recall: 0.30136 F1: 0.20106, AUROC: 0.61184, AUPRC: 0.33391
Metric score decreased (inf --> -0.198138).  Saving model ...

Updating learning rate to 0.00029953760005996916
Epoch: 2 cost time: 6.2005486488342285
Epoch: 2, Steps: 62, | Train Loss: 1.26437
Validation results --- Loss: 1.14491, Accuracy: 0.52253, Precision: 0.52611, Recall: 0.52243, F1: 0.52264, AUROC: 0.75534, AUPRC: 0.54294
Test results --- Loss: 1.10546, Accuracy: 0.53523, Precision: 0.53792, Recall: 0.53509 F1: 0.53561, AUROC: 0.77351, AUPRC: 0.56938
Metric score decreased (-0.198138 --> -0.522640).  Saving model ...

Updating learning rate to 0.00029815325108927063
Epoch: 3 cost time: 6.202646970748901
Epoch: 3, Steps: 62, | Train Loss: 1.11479
Validation results --- Loss: 1.11147, Accuracy: 0.54388, Precision: 0.54956, Recall: 0.54380, F1: 0.54428, AUROC: 0.77320, AUPRC: 0.57272
Test results --- Loss: 1.07798, Accuracy: 0.54302, Precision: 0.54495, Recall: 0.54292 F1: 0.54225, AUROC: 0.78629, AUPRC: 0.58886
Metric score decreased (-0.522640 --> -0.544281).  Saving model ...

Updating learning rate to 0.0002958554880596515
Epoch: 4 cost time: 6.188160419464111
Epoch: 4, Steps: 62, | Train Loss: 1.09173
Validation results --- Loss: 1.10312, Accuracy: 0.53812, Precision: 0.54056, Recall: 0.53826, F1: 0.53774, AUROC: 0.77772, AUPRC: 0.57559
Test results --- Loss: 1.06158, Accuracy: 0.55420, Precision: 0.55832, Recall: 0.55439 F1: 0.55362, AUROC: 0.79249, AUPRC: 0.59771
EarlyStopping counter: 1 out of 10
Updating learning rate to 0.00029265847744427303
Epoch: 5 cost time: 6.236960172653198
Epoch: 5, Steps: 62, | Train Loss: 1.07525
Validation results --- Loss: 1.09487, Accuracy: 0.54558, Precision: 0.56151, Recall: 0.54554, F1: 0.55018, AUROC: 0.78066, AUPRC: 0.58546
Test results --- Loss: 1.05190, Accuracy: 0.55488, Precision: 0.57375, Recall: 0.55476 F1: 0.56030, AUROC: 0.79458, AUPRC: 0.60429
Metric score decreased (-0.544281 --> -0.550177).  Saving model ...

Updating learning rate to 0.000288581929876693
Epoch: 6 cost time: 6.24422025680542
Epoch: 6, Steps: 62, | Train Loss: 1.06944
Validation results --- Loss: 1.10055, Accuracy: 0.54117, Precision: 0.56008, Recall: 0.54108, F1: 0.54511, AUROC: 0.77887, AUPRC: 0.58244
Test results --- Loss: 1.05705, Accuracy: 0.55488, Precision: 0.57898, Recall: 0.55467 F1: 0.55802, AUROC: 0.79467, AUPRC: 0.60308
EarlyStopping counter: 1 out of 10
Updating learning rate to 0.00028365097862825513
Epoch: 7 cost time: 6.219630479812622
Epoch: 7, Steps: 62, | Train Loss: 1.05738
Validation results --- Loss: 1.07807, Accuracy: 0.55269, Precision: 0.55897, Recall: 0.55259, F1: 0.55449, AUROC: 0.78642, AUPRC: 0.59202
Test results --- Loss: 1.04073, Accuracy: 0.56233, Precision: 0.57078, Recall: 0.56223 F1: 0.56409, AUROC: 0.79936, AUPRC: 0.60923
Metric score decreased (-0.550177 --> -0.554492).  Saving model ...

Updating learning rate to 0.0002778960246531138
Epoch: 8 cost time: 6.188743829727173
Epoch: 8, Steps: 62, | Train Loss: 1.04876
Validation results --- Loss: 1.08167, Accuracy: 0.54151, Precision: 0.56470, Recall: 0.54167, F1: 0.54656, AUROC: 0.78751, AUPRC: 0.59563
Test results --- Loss: 1.04790, Accuracy: 0.55793, Precision: 0.58886, Recall: 0.55805 F1: 0.56386, AUROC: 0.79732, AUPRC: 0.60895
EarlyStopping counter: 1 out of 10
Updating learning rate to 0.0002713525491562421
Epoch: 9 cost time: 6.242491006851196
Epoch: 9, Steps: 62, | Train Loss: 1.03752
Validation results --- Loss: 1.06192, Accuracy: 0.55405, Precision: 0.55915, Recall: 0.55399, F1: 0.55559, AUROC: 0.79280, AUPRC: 0.60225
Test results --- Loss: 1.02468, Accuracy: 0.56402, Precision: 0.57214, Recall: 0.56399 F1: 0.56548, AUROC: 0.80478, AUPRC: 0.61796
Metric score decreased (-0.554492 --> -0.555585).  Saving model ...

Updating learning rate to 0.00026406089484000466
Epoch: 10 cost time: 6.213383674621582
Epoch: 10, Steps: 62, | Train Loss: 1.02711
Validation results --- Loss: 1.05928, Accuracy: 0.55066, Precision: 0.55341, Recall: 0.55060, F1: 0.55082, AUROC: 0.79428, AUPRC: 0.60436
Test results --- Loss: 1.02429, Accuracy: 0.56369, Precision: 0.56755, Recall: 0.56366 F1: 0.56304, AUROC: 0.80549, AUPRC: 0.61910
EarlyStopping counter: 1 out of 10
Updating learning rate to 0.00025606601717798207
Epoch: 11 cost time: 6.187299489974976
Epoch: 11, Steps: 62, | Train Loss: 1.02700
Validation results --- Loss: 1.05946, Accuracy: 0.55574, Precision: 0.55868, Recall: 0.55572, F1: 0.55694, AUROC: 0.79457, AUPRC: 0.60406
Test results --- Loss: 1.01884, Accuracy: 0.56843, Precision: 0.57464, Recall: 0.56842 F1: 0.57015, AUROC: 0.80747, AUPRC: 0.62234
Metric score decreased (-0.555585 --> -0.556942).  Saving model ...

Updating learning rate to 0.0002474172072495275
Epoch: 12 cost time: 6.240651607513428
Epoch: 12, Steps: 62, | Train Loss: 1.01720
Validation results --- Loss: 1.05192, Accuracy: 0.55812, Precision: 0.57488, Recall: 0.55813, F1: 0.56305, AUROC: 0.79634, AUPRC: 0.60635
Test results --- Loss: 1.01960, Accuracy: 0.56673, Precision: 0.58971, Recall: 0.56674 F1: 0.57322, AUROC: 0.80660, AUPRC: 0.62127
Metric score decreased (-0.556942 --> -0.563053).  Saving model ...

Updating learning rate to 0.00023816778784387094
Epoch: 13 cost time: 6.227700471878052
Epoch: 13, Steps: 62, | Train Loss: 1.01019
Validation results --- Loss: 1.05313, Accuracy: 0.56049, Precision: 0.57255, Recall: 0.56039, F1: 0.56380, AUROC: 0.79773, AUPRC: 0.61136
Test results --- Loss: 1.02103, Accuracy: 0.57080, Precision: 0.58765, Recall: 0.57073 F1: 0.57468, AUROC: 0.80797, AUPRC: 0.62583
Metric score decreased (-0.563053 --> -0.563805).  Saving model ...

Updating learning rate to 0.0002283747847073923
Epoch: 14 cost time: 6.199350833892822
Epoch: 14, Steps: 62, | Train Loss: 1.00561
Validation results --- Loss: 1.05243, Accuracy: 0.56625, Precision: 0.58278, Recall: 0.56615, F1: 0.57073, AUROC: 0.79876, AUPRC: 0.61265
Test results --- Loss: 1.01861, Accuracy: 0.57554, Precision: 0.59726, Recall: 0.57546 F1: 0.58170, AUROC: 0.80855, AUPRC: 0.62697
Metric score decreased (-0.563805 --> -0.570726).  Saving model ...

Updating learning rate to 0.00021809857496093199
Epoch: 15 cost time: 6.257624864578247
Epoch: 15, Steps: 62, | Train Loss: 0.99940
Validation results --- Loss: 1.07259, Accuracy: 0.54219, Precision: 0.53761, Recall: 0.54197, F1: 0.53539, AUROC: 0.79572, AUPRC: 0.60738
Test results --- Loss: 1.03927, Accuracy: 0.55657, Precision: 0.55242, Recall: 0.55647 F1: 0.55022, AUROC: 0.80729, AUPRC: 0.62209
EarlyStopping counter: 1 out of 10
Updating learning rate to 0.00020740251485476345
Epoch: 16 cost time: 6.1689417362213135
Epoch: 16, Steps: 62, | Train Loss: 0.99609
Validation results --- Loss: 1.05635, Accuracy: 0.55168, Precision: 0.54743, Recall: 0.55162, F1: 0.54872, AUROC: 0.79876, AUPRC: 0.61209
Test results --- Loss: 1.01981, Accuracy: 0.56809, Precision: 0.56463, Recall: 0.56815 F1: 0.56531, AUROC: 0.80985, AUPRC: 0.62626
EarlyStopping counter: 2 out of 10
Updating learning rate to 0.0001963525491562421
Epoch: 17 cost time: 6.189417600631714
Epoch: 17, Steps: 62, | Train Loss: 0.98651
Validation results --- Loss: 1.05292, Accuracy: 0.56455, Precision: 0.56673, Recall: 0.56447, F1: 0.56456, AUROC: 0.80024, AUPRC: 0.61540
Test results --- Loss: 1.02223, Accuracy: 0.57114, Precision: 0.57566, Recall: 0.57112 F1: 0.57071, AUROC: 0.80949, AUPRC: 0.62825
EarlyStopping counter: 3 out of 10
Updating learning rate to 0.0001850168045783858
Epoch: 18 cost time: 6.1765830516815186
Epoch: 18, Steps: 62, | Train Loss: 0.98212
Validation results --- Loss: 1.04679, Accuracy: 0.56625, Precision: 0.57498, Recall: 0.56616, F1: 0.56915, AUROC: 0.79817, AUPRC: 0.61159
Test results --- Loss: 1.02043, Accuracy: 0.57656, Precision: 0.58832, Recall: 0.57648 F1: 0.57996, AUROC: 0.80669, AUPRC: 0.62297
EarlyStopping counter: 4 out of 10
Updating learning rate to 0.00017346516975603462
Epoch: 19 cost time: 6.17789363861084
Epoch: 19, Steps: 62, | Train Loss: 0.97796
Validation results --- Loss: 1.05183, Accuracy: 0.55710, Precision: 0.57264, Recall: 0.55705, F1: 0.56048, AUROC: 0.79886, AUPRC: 0.61250
Test results --- Loss: 1.01885, Accuracy: 0.57046, Precision: 0.59185, Recall: 0.57047 F1: 0.57625, AUROC: 0.80797, AUPRC: 0.62410
EarlyStopping counter: 5 out of 10
Updating learning rate to 0.00016176886435917675
Epoch: 20 cost time: 6.185284852981567
Epoch: 20, Steps: 62, | Train Loss: 0.98033
Validation results --- Loss: 1.04606, Accuracy: 0.55913, Precision: 0.57181, Recall: 0.55906, F1: 0.56307, AUROC: 0.80035, AUPRC: 0.61508
Test results --- Loss: 1.01485, Accuracy: 0.57825, Precision: 0.59628, Recall: 0.57819 F1: 0.58354, AUROC: 0.80945, AUPRC: 0.62697
EarlyStopping counter: 6 out of 10
Updating learning rate to 0.00015
Epoch: 21 cost time: 6.1807568073272705
Epoch: 21, Steps: 62, | Train Loss: 0.96946
Validation results --- Loss: 1.04661, Accuracy: 0.56150, Precision: 0.56684, Recall: 0.56140, F1: 0.56348, AUROC: 0.80009, AUPRC: 0.61456
Test results --- Loss: 1.01540, Accuracy: 0.57588, Precision: 0.58615, Recall: 0.57586 F1: 0.57918, AUROC: 0.80903, AUPRC: 0.62645
EarlyStopping counter: 7 out of 10
Updating learning rate to 0.00013823113564082325
Epoch: 22 cost time: 6.197428226470947
Epoch: 22, Steps: 62, | Train Loss: 0.96410
Validation results --- Loss: 1.06311, Accuracy: 0.55168, Precision: 0.54827, Recall: 0.55155, F1: 0.54795, AUROC: 0.79958, AUPRC: 0.61421
Test results --- Loss: 1.02844, Accuracy: 0.56741, Precision: 0.56311, Recall: 0.56739 F1: 0.56408, AUROC: 0.80918, AUPRC: 0.62582
EarlyStopping counter: 8 out of 10
Updating learning rate to 0.00012653483024396533
Epoch: 23 cost time: 6.221590280532837
Epoch: 23, Steps: 62, | Train Loss: 0.95852
Validation results --- Loss: 1.05070, Accuracy: 0.56625, Precision: 0.57303, Recall: 0.56616, F1: 0.56737, AUROC: 0.80105, AUPRC: 0.61838
Test results --- Loss: 1.02048, Accuracy: 0.57351, Precision: 0.58432, Recall: 0.57351 F1: 0.57548, AUROC: 0.80964, AUPRC: 0.62714
EarlyStopping counter: 9 out of 10
Updating learning rate to 0.00011498319542161423
Epoch: 24 cost time: 6.199738264083862
Epoch: 24, Steps: 62, | Train Loss: 0.95235
Validation results --- Loss: 1.05587, Accuracy: 0.56252, Precision: 0.55885, Recall: 0.56243, F1: 0.55981, AUROC: 0.80050, AUPRC: 0.61673
Test results --- Loss: 1.02572, Accuracy: 0.56877, Precision: 0.56553, Recall: 0.56878 F1: 0.56608, AUROC: 0.80879, AUPRC: 0.62529
EarlyStopping counter: 10 out of 10
Early stopping
>>>>>>>testing : eeg_basis_mixer_v2_nobasis_noT_Physionet_MI_seed_45_dm_192_dp_0.15_tl_5_bs_64_lr0.0003_aug_none_pl_32_cb32_kb16_tb20_pe192_ps8_ca0_cp1_gitnogit_20260501_212755<<<<<<<<<<<<<<<<<<<<<<<<<<<<<<<<<
Validation results --- Loss: 1.05243, Accuracy: 0.56625, Precision: 0.58278, Recall: 0.56615, F1: 0.57073, AUROC: 0.79876, AUPRC: 0.61265
Test results --- Loss: 1.01861, Accuracy: 0.57554, Precision: 0.59726, Recall: 0.57546, F1: 0.58170, AUROC: 0.80855, AUPRC: 0.62697

Validation results --- Loss: 1.05243, Accuracy: 0.56625, Precision: 0.58278, Recall: 0.56615, F1: 0.57073, AUROC: 0.79876, AUPRC: 0.61265
Test results --- Loss: 1.01861, Accuracy: 0.57554, Precision: 0.59726, Recall: 0.57546, F1: 0.58170, AUROC: 0.80855, AUPRC: 0.62697

[result] Saved experiment record to: results/runs/3632552_Physionet_MI_eeg_basis_mixer_v2_nobasis_noT_seed45.yaml
Use GPU (single): visible=0 -> cuda:0
================================================================================
[Model] eeg_basis_mixer_v2_nobasis_noT
[Model Params] Total: 91,762 (0.092 M)
[Model Params] Trainable: 91,762 (0.092 M)
[Model Params] Non-trainable: 0 (0.000 M)
[Model Size] Parameters: 0.35 MB
[Model Size] Buffers: 0.00 MB
[Model Size] Total estimated: 0.35 MB
================================================================================
>>>>>>>start training : eeg_basis_mixer_v2_nobasis_noT_Physionet_MI_seed_46_dm_192_dp_0.15_tl_5_bs_64_lr0.0003_aug_none_pl_32_cb32_kb16_tb20_pe192_ps8_ca0_cp1_gitnogit_20260501_213236>>>>>>>>>>>>>>>>>>>>>>>>>>
(3934, 800, 64)
(3934,)
(2951, 800, 64)
(2951,)
(2952, 800, 64)
(2952,)
Epoch: 1 cost time: 6.219297409057617
Epoch: 1, Steps: 62, | Train Loss: 1.38978
Validation results --- Loss: 1.39632, Accuracy: 0.27008, Precision: 0.15038, Recall: 0.27031, F1: 0.15445, AUROC: 0.57644, AUPRC: 0.30844
Test results --- Loss: 1.39493, Accuracy: 0.25847, Precision: 0.13616, Recall: 0.25850 F1: 0.14479, AUROC: 0.58233, AUPRC: 0.31500
Metric score decreased (inf --> -0.154447).  Saving model ...

Updating learning rate to 0.00029953760005996916
Epoch: 2 cost time: 6.219447135925293
Epoch: 2, Steps: 62, | Train Loss: 1.27259
Validation results --- Loss: 1.12485, Accuracy: 0.51881, Precision: 0.52125, Recall: 0.51846, F1: 0.51733, AUROC: 0.76339, AUPRC: 0.55265
Test results --- Loss: 1.12667, Accuracy: 0.52236, Precision: 0.52525, Recall: 0.52228 F1: 0.52245, AUROC: 0.76758, AUPRC: 0.55766
Metric score decreased (-0.154447 --> -0.517333).  Saving model ...

Updating learning rate to 0.00029815325108927063
Epoch: 3 cost time: 6.199143409729004
Epoch: 3, Steps: 62, | Train Loss: 1.11770
Validation results --- Loss: 1.08034, Accuracy: 0.54761, Precision: 0.55795, Recall: 0.54728, F1: 0.54899, AUROC: 0.78614, AUPRC: 0.59065
Test results --- Loss: 1.09062, Accuracy: 0.54810, Precision: 0.55395, Recall: 0.54799 F1: 0.54948, AUROC: 0.78577, AUPRC: 0.58797
Metric score decreased (-0.517333 --> -0.548994).  Saving model ...

Updating learning rate to 0.0002958554880596515
Epoch: 4 cost time: 6.195138216018677
Epoch: 4, Steps: 62, | Train Loss: 1.08944
Validation results --- Loss: 1.07070, Accuracy: 0.55371, Precision: 0.56850, Recall: 0.55346, F1: 0.55701, AUROC: 0.78802, AUPRC: 0.59311
Test results --- Loss: 1.07679, Accuracy: 0.54641, Precision: 0.55659, Recall: 0.54638 F1: 0.54934, AUROC: 0.78913, AUPRC: 0.59206
Metric score decreased (-0.548994 --> -0.557006).  Saving model ...

Updating learning rate to 0.00029265847744427303
Epoch: 5 cost time: 6.195490121841431
Epoch: 5, Steps: 62, | Train Loss: 1.07340
Validation results --- Loss: 1.06896, Accuracy: 0.54287, Precision: 0.53614, Recall: 0.54278, F1: 0.53233, AUROC: 0.79377, AUPRC: 0.59935
Test results --- Loss: 1.07723, Accuracy: 0.54201, Precision: 0.53530, Recall: 0.54222 F1: 0.53105, AUROC: 0.79502, AUPRC: 0.60005
EarlyStopping counter: 1 out of 10
Updating learning rate to 0.000288581929876693
Epoch: 6 cost time: 6.210076808929443
Epoch: 6, Steps: 62, | Train Loss: 1.06420
Validation results --- Loss: 1.05453, Accuracy: 0.56354, Precision: 0.57726, Recall: 0.56334, F1: 0.56685, AUROC: 0.79585, AUPRC: 0.60236
Test results --- Loss: 1.06443, Accuracy: 0.56233, Precision: 0.57311, Recall: 0.56236 F1: 0.56544, AUROC: 0.79594, AUPRC: 0.60255
Metric score decreased (-0.557006 --> -0.566850).  Saving model ...

Updating learning rate to 0.00028365097862825513
Epoch: 7 cost time: 6.191312551498413
Epoch: 7, Steps: 62, | Train Loss: 1.05182
Validation results --- Loss: 1.06028, Accuracy: 0.54185, Precision: 0.53902, Recall: 0.54160, F1: 0.53112, AUROC: 0.79839, AUPRC: 0.60697
Test results --- Loss: 1.07294, Accuracy: 0.54234, Precision: 0.53853, Recall: 0.54238 F1: 0.53053, AUROC: 0.79733, AUPRC: 0.60379
EarlyStopping counter: 1 out of 10
Updating learning rate to 0.0002778960246531138
Epoch: 8 cost time: 6.187000036239624
Epoch: 8, Steps: 62, | Train Loss: 1.04036
Validation results --- Loss: 1.05064, Accuracy: 0.55778, Precision: 0.56208, Recall: 0.55751, F1: 0.55813, AUROC: 0.79750, AUPRC: 0.60553
Test results --- Loss: 1.06164, Accuracy: 0.55318, Precision: 0.55723, Recall: 0.55318 F1: 0.55437, AUROC: 0.79475, AUPRC: 0.60183
EarlyStopping counter: 2 out of 10
Updating learning rate to 0.0002713525491562421
Epoch: 9 cost time: 6.321616888046265
Epoch: 9, Steps: 62, | Train Loss: 1.03032
Validation results --- Loss: 1.03939, Accuracy: 0.56049, Precision: 0.55923, Recall: 0.56035, F1: 0.55765, AUROC: 0.80177, AUPRC: 0.61082
Test results --- Loss: 1.05506, Accuracy: 0.55725, Precision: 0.55778, Recall: 0.55740 F1: 0.55415, AUROC: 0.79859, AUPRC: 0.60529
EarlyStopping counter: 3 out of 10
Updating learning rate to 0.00026406089484000466
Epoch: 10 cost time: 6.319647312164307
Epoch: 10, Steps: 62, | Train Loss: 1.02546
Validation results --- Loss: 1.03940, Accuracy: 0.56862, Precision: 0.58519, Recall: 0.56855, F1: 0.57226, AUROC: 0.80393, AUPRC: 0.61438
Test results --- Loss: 1.05389, Accuracy: 0.56064, Precision: 0.57525, Recall: 0.56073 F1: 0.56434, AUROC: 0.79993, AUPRC: 0.60772
Metric score decreased (-0.566850 --> -0.572261).  Saving model ...

Updating learning rate to 0.00025606601717798207
Epoch: 11 cost time: 6.304495096206665
Epoch: 11, Steps: 62, | Train Loss: 1.01669
Validation results --- Loss: 1.04149, Accuracy: 0.55676, Precision: 0.55148, Recall: 0.55660, F1: 0.55226, AUROC: 0.80227, AUPRC: 0.61337
Test results --- Loss: 1.05689, Accuracy: 0.55928, Precision: 0.55389, Recall: 0.55938 F1: 0.55399, AUROC: 0.80021, AUPRC: 0.61036
EarlyStopping counter: 1 out of 10
Updating learning rate to 0.0002474172072495275
Epoch: 12 cost time: 6.201533317565918
Epoch: 12, Steps: 62, | Train Loss: 1.00362
Validation results --- Loss: 1.03004, Accuracy: 0.56727, Precision: 0.57498, Recall: 0.56711, F1: 0.56862, AUROC: 0.80559, AUPRC: 0.61862
Test results --- Loss: 1.04584, Accuracy: 0.56978, Precision: 0.57881, Recall: 0.56985 F1: 0.57202, AUROC: 0.80211, AUPRC: 0.61311
EarlyStopping counter: 2 out of 10
Updating learning rate to 0.00023816778784387094
Epoch: 13 cost time: 6.215634346008301
Epoch: 13, Steps: 62, | Train Loss: 1.00012
Validation results --- Loss: 1.04268, Accuracy: 0.55879, Precision: 0.55740, Recall: 0.55847, F1: 0.55299, AUROC: 0.80445, AUPRC: 0.61901
Test results --- Loss: 1.06064, Accuracy: 0.55691, Precision: 0.55394, Recall: 0.55685 F1: 0.55137, AUROC: 0.80140, AUPRC: 0.61297
EarlyStopping counter: 3 out of 10
Updating learning rate to 0.0002283747847073923
Epoch: 14 cost time: 6.219512701034546
Epoch: 14, Steps: 62, | Train Loss: 0.99519
Validation results --- Loss: 1.03711, Accuracy: 0.56320, Precision: 0.57777, Recall: 0.56301, F1: 0.56434, AUROC: 0.80391, AUPRC: 0.61840
Test results --- Loss: 1.04854, Accuracy: 0.56233, Precision: 0.56767, Recall: 0.56236 F1: 0.56156, AUROC: 0.80289, AUPRC: 0.61421
EarlyStopping counter: 4 out of 10
Updating learning rate to 0.00021809857496093199
Epoch: 15 cost time: 6.183191776275635
Epoch: 15, Steps: 62, | Train Loss: 0.98407
Validation results --- Loss: 1.03352, Accuracy: 0.56388, Precision: 0.58118, Recall: 0.56375, F1: 0.56840, AUROC: 0.80452, AUPRC: 0.62031
Test results --- Loss: 1.04472, Accuracy: 0.56199, Precision: 0.57334, Recall: 0.56207 F1: 0.56537, AUROC: 0.80312, AUPRC: 0.61611
EarlyStopping counter: 5 out of 10
Updating learning rate to 0.00020740251485476345
Epoch: 16 cost time: 6.206213474273682
Epoch: 16, Steps: 62, | Train Loss: 0.97973
Validation results --- Loss: 1.03730, Accuracy: 0.56930, Precision: 0.58436, Recall: 0.56905, F1: 0.57262, AUROC: 0.80496, AUPRC: 0.62203
Test results --- Loss: 1.05271, Accuracy: 0.56673, Precision: 0.57792, Recall: 0.56666 F1: 0.57008, AUROC: 0.80188, AUPRC: 0.61574
Metric score decreased (-0.572261 --> -0.572621).  Saving model ...

Updating learning rate to 0.0001963525491562421
Epoch: 17 cost time: 6.231211423873901
Epoch: 17, Steps: 62, | Train Loss: 0.96896
Validation results --- Loss: 1.03637, Accuracy: 0.56625, Precision: 0.56535, Recall: 0.56613, F1: 0.56406, AUROC: 0.80545, AUPRC: 0.62238
Test results --- Loss: 1.05372, Accuracy: 0.56572, Precision: 0.56602, Recall: 0.56584 F1: 0.56336, AUROC: 0.80332, AUPRC: 0.61567
EarlyStopping counter: 1 out of 10
Updating learning rate to 0.0001850168045783858
Epoch: 18 cost time: 6.212073087692261
Epoch: 18, Steps: 62, | Train Loss: 0.96149
Validation results --- Loss: 1.03581, Accuracy: 0.56998, Precision: 0.57182, Recall: 0.56994, F1: 0.56891, AUROC: 0.80335, AUPRC: 0.62176
Test results --- Loss: 1.05384, Accuracy: 0.56165, Precision: 0.56465, Recall: 0.56178 F1: 0.56062, AUROC: 0.80038, AUPRC: 0.61234
EarlyStopping counter: 2 out of 10
Updating learning rate to 0.00017346516975603462
Epoch: 19 cost time: 6.172184944152832
Epoch: 19, Steps: 62, | Train Loss: 0.95127
Validation results --- Loss: 1.03794, Accuracy: 0.56998, Precision: 0.57308, Recall: 0.56977, F1: 0.56954, AUROC: 0.80500, AUPRC: 0.62218
Test results --- Loss: 1.05474, Accuracy: 0.56741, Precision: 0.56926, Recall: 0.56742 F1: 0.56690, AUROC: 0.80280, AUPRC: 0.61620
EarlyStopping counter: 3 out of 10
Updating learning rate to 0.00016176886435917675
Epoch: 20 cost time: 6.209912300109863
Epoch: 20, Steps: 62, | Train Loss: 0.94549
Validation results --- Loss: 1.04019, Accuracy: 0.56930, Precision: 0.56738, Recall: 0.56924, F1: 0.56625, AUROC: 0.80532, AUPRC: 0.62414
Test results --- Loss: 1.05901, Accuracy: 0.55454, Precision: 0.55292, Recall: 0.55471 F1: 0.55087, AUROC: 0.80329, AUPRC: 0.61727
EarlyStopping counter: 4 out of 10
Updating learning rate to 0.00015
Epoch: 21 cost time: 6.219285011291504
Epoch: 21, Steps: 62, | Train Loss: 0.94622
Validation results --- Loss: 1.04454, Accuracy: 0.57370, Precision: 0.57494, Recall: 0.57343, F1: 0.57215, AUROC: 0.80459, AUPRC: 0.62307
Test results --- Loss: 1.06248, Accuracy: 0.56673, Precision: 0.56850, Recall: 0.56667 F1: 0.56601, AUROC: 0.80201, AUPRC: 0.61632
EarlyStopping counter: 5 out of 10
Updating learning rate to 0.00013823113564082325
Epoch: 22 cost time: 6.251330137252808
Epoch: 22, Steps: 62, | Train Loss: 0.93984
Validation results --- Loss: 1.04100, Accuracy: 0.56862, Precision: 0.57413, Recall: 0.56850, F1: 0.56839, AUROC: 0.80436, AUPRC: 0.62401
Test results --- Loss: 1.05646, Accuracy: 0.56402, Precision: 0.56976, Recall: 0.56409 F1: 0.56421, AUROC: 0.80274, AUPRC: 0.61709
EarlyStopping counter: 6 out of 10
Updating learning rate to 0.00012653483024396533
Epoch: 23 cost time: 6.220967531204224
Epoch: 23, Steps: 62, | Train Loss: 0.92839
Validation results --- Loss: 1.03882, Accuracy: 0.57506, Precision: 0.58247, Recall: 0.57499, F1: 0.57745, AUROC: 0.80436, AUPRC: 0.62387
Test results --- Loss: 1.05156, Accuracy: 0.56640, Precision: 0.56891, Recall: 0.56649 F1: 0.56719, AUROC: 0.80311, AUPRC: 0.61770
Metric score decreased (-0.572621 --> -0.577452).  Saving model ...

Updating learning rate to 0.00011498319542161423
Epoch: 24 cost time: 6.207750558853149
Epoch: 24, Steps: 62, | Train Loss: 0.92399
Validation results --- Loss: 1.04605, Accuracy: 0.57065, Precision: 0.57194, Recall: 0.57053, F1: 0.57031, AUROC: 0.80263, AUPRC: 0.62278
Test results --- Loss: 1.05894, Accuracy: 0.56165, Precision: 0.55983, Recall: 0.56170 F1: 0.55960, AUROC: 0.80166, AUPRC: 0.61599
EarlyStopping counter: 1 out of 10
Updating learning rate to 0.0001036474508437579
Epoch: 25 cost time: 6.246748685836792
Epoch: 25, Steps: 62, | Train Loss: 0.91508
Validation results --- Loss: 1.06396, Accuracy: 0.56693, Precision: 0.57377, Recall: 0.56657, F1: 0.56590, AUROC: 0.80335, AUPRC: 0.62298
Test results --- Loss: 1.07829, Accuracy: 0.56165, Precision: 0.56655, Recall: 0.56147 F1: 0.56020, AUROC: 0.80181, AUPRC: 0.61683
EarlyStopping counter: 2 out of 10
Updating learning rate to 9.259748514523653e-05
Epoch: 26 cost time: 6.208171367645264
Epoch: 26, Steps: 62, | Train Loss: 0.91693
Validation results --- Loss: 1.05094, Accuracy: 0.57235, Precision: 0.57608, Recall: 0.57219, F1: 0.57236, AUROC: 0.80457, AUPRC: 0.62425
Test results --- Loss: 1.06597, Accuracy: 0.56335, Precision: 0.56679, Recall: 0.56334 F1: 0.56361, AUROC: 0.80302, AUPRC: 0.61776
EarlyStopping counter: 3 out of 10
Updating learning rate to 8.190142503906798e-05
Epoch: 27 cost time: 6.163837909698486
Epoch: 27, Steps: 62, | Train Loss: 0.90049
Validation results --- Loss: 1.06163, Accuracy: 0.56862, Precision: 0.57242, Recall: 0.56826, F1: 0.56698, AUROC: 0.80300, AUPRC: 0.62311
Test results --- Loss: 1.07678, Accuracy: 0.55725, Precision: 0.55999, Recall: 0.55710 F1: 0.55577, AUROC: 0.80108, AUPRC: 0.61682
EarlyStopping counter: 4 out of 10
Updating learning rate to 7.162521529260767e-05
Epoch: 28 cost time: 6.209731101989746
Epoch: 28, Steps: 62, | Train Loss: 0.89878
Validation results --- Loss: 1.05474, Accuracy: 0.56523, Precision: 0.57416, Recall: 0.56516, F1: 0.56763, AUROC: 0.80339, AUPRC: 0.62271
Test results --- Loss: 1.06709, Accuracy: 0.56301, Precision: 0.56865, Recall: 0.56310 F1: 0.56448, AUROC: 0.80288, AUPRC: 0.61811
EarlyStopping counter: 5 out of 10
Updating learning rate to 6.183221215612904e-05
Epoch: 29 cost time: 6.208880186080933
Epoch: 29, Steps: 62, | Train Loss: 0.89569
Validation results --- Loss: 1.05611, Accuracy: 0.56760, Precision: 0.56975, Recall: 0.56744, F1: 0.56736, AUROC: 0.80332, AUPRC: 0.62297
Test results --- Loss: 1.07136, Accuracy: 0.56301, Precision: 0.56396, Recall: 0.56299 F1: 0.56261, AUROC: 0.80199, AUPRC: 0.61658
EarlyStopping counter: 6 out of 10
Updating learning rate to 5.2582792750472464e-05
Epoch: 30 cost time: 6.197839260101318
Epoch: 30, Steps: 62, | Train Loss: 0.88903
Validation results --- Loss: 1.05636, Accuracy: 0.56727, Precision: 0.57368, Recall: 0.56720, F1: 0.56952, AUROC: 0.80288, AUPRC: 0.62211
Test results --- Loss: 1.06895, Accuracy: 0.55928, Precision: 0.56235, Recall: 0.55936 F1: 0.56057, AUROC: 0.80224, AUPRC: 0.61680
EarlyStopping counter: 7 out of 10
Updating learning rate to 4.3933982822017876e-05
Epoch: 31 cost time: 6.211471319198608
Epoch: 31, Steps: 62, | Train Loss: 0.88840
Validation results --- Loss: 1.06096, Accuracy: 0.56693, Precision: 0.56330, Recall: 0.56678, F1: 0.56360, AUROC: 0.80238, AUPRC: 0.62189
Test results --- Loss: 1.07707, Accuracy: 0.55217, Precision: 0.54857, Recall: 0.55219 F1: 0.54847, AUROC: 0.80131, AUPRC: 0.61518
EarlyStopping counter: 8 out of 10
Updating learning rate to 3.593910515999536e-05
Epoch: 32 cost time: 6.2020604610443115
Epoch: 32, Steps: 62, | Train Loss: 0.88121
Validation results --- Loss: 1.05769, Accuracy: 0.56760, Precision: 0.56773, Recall: 0.56751, F1: 0.56723, AUROC: 0.80278, AUPRC: 0.62208
Test results --- Loss: 1.07146, Accuracy: 0.55928, Precision: 0.55811, Recall: 0.55933 F1: 0.55835, AUROC: 0.80212, AUPRC: 0.61652
EarlyStopping counter: 9 out of 10
Updating learning rate to 2.8647450843757897e-05
Epoch: 33 cost time: 6.219089984893799
Epoch: 33, Steps: 62, | Train Loss: 0.87653
Validation results --- Loss: 1.05956, Accuracy: 0.56523, Precision: 0.56689, Recall: 0.56515, F1: 0.56493, AUROC: 0.80258, AUPRC: 0.62164
Test results --- Loss: 1.07313, Accuracy: 0.55928, Precision: 0.56006, Recall: 0.55936 F1: 0.55869, AUROC: 0.80191, AUPRC: 0.61639
EarlyStopping counter: 10 out of 10
Early stopping
>>>>>>>testing : eeg_basis_mixer_v2_nobasis_noT_Physionet_MI_seed_46_dm_192_dp_0.15_tl_5_bs_64_lr0.0003_aug_none_pl_32_cb32_kb16_tb20_pe192_ps8_ca0_cp1_gitnogit_20260501_213236<<<<<<<<<<<<<<<<<<<<<<<<<<<<<<<<<
Validation results --- Loss: 1.03882, Accuracy: 0.57506, Precision: 0.58247, Recall: 0.57499, F1: 0.57745, AUROC: 0.80436, AUPRC: 0.62387
Test results --- Loss: 1.05156, Accuracy: 0.56640, Precision: 0.56891, Recall: 0.56649, F1: 0.56719, AUROC: 0.80311, AUPRC: 0.61770

Validation results --- Loss: 1.03882, Accuracy: 0.57506, Precision: 0.58247, Recall: 0.57499, F1: 0.57745, AUROC: 0.80436, AUPRC: 0.62387
Test results --- Loss: 1.05156, Accuracy: 0.56640, Precision: 0.56891, Recall: 0.56649, F1: 0.56719, AUROC: 0.80311, AUPRC: 0.61770

[result] Saved experiment record to: results/runs/3632552_Physionet_MI_eeg_basis_mixer_v2_nobasis_noT_seed46.yaml
Mean accuracy: 0.5536, precision: 0.5696,recall: 0.5535, f1: 0.5574, AUROC: 0.7947, AUPRC: 0.6073
Std accuracy: 0.0110, precision: 0.0052,recall: 0.0110, f1: 0.0095, AUROC: 0.0088, AUPRC: 0.0151
