[device] set CUDA_VISIBLE_DEVICES=0
[dataset_cfg] Physionet_MI root_path -> /work/bme-shenxk/data/Physionet_MI_wsn
[dataset_cfg] applied 38 params for Physionet_MI
A total 12 CPUs are used, making sure that num_worker is small than the number of CPUs
Use GPU (single): visible=0 -> cuda:0
================================================================================
[Model] eeg_basis_mixer_v2_nobasis_mlla
[Model Params] Total: 138,427 (0.138 M)
[Model Params] Trainable: 138,427 (0.138 M)
[Model Params] Non-trainable: 0 (0.000 M)
[Model Size] Parameters: 0.53 MB
[Model Size] Buffers: 0.00 MB
[Model Size] Total estimated: 0.53 MB
================================================================================
>>>>>>>start training : eeg_basis_mixer_v2_nobasis_mlla_Physionet_MI_seed_42_dm_192_dp_0.15_tl_5_bs_64_lr0.0003_aug_none_pl_32_cb32_kb16_tb20_pe192_ps8_ca0_cp1_gitnogit_20260502_081255>>>>>>>>>>>>>>>>>>>>>>>>>>
(3934, 800, 64)
(3934,)
(2951, 800, 64)
(2951,)
(2952, 800, 64)
(2952,)
Epoch: 1 cost time: 14.141045570373535
Epoch: 1, Steps: 62, | Train Loss: 1.39896
Validation results --- Loss: 1.38717, Accuracy: 0.25042, Precision: 0.18195, Recall: 0.24892, F1: 0.16352, AUROC: 0.51959, AUPRC: 0.26521
Test results --- Loss: 1.38620, Accuracy: 0.25237, Precision: 0.18048, Recall: 0.25096 F1: 0.16416, AUROC: 0.52780, AUPRC: 0.26832
Metric score decreased (inf --> -0.163518).  Saving model ...

Updating learning rate to 0.00029953760005996916
Epoch: 2 cost time: 11.50454330444336
Epoch: 2, Steps: 62, | Train Loss: 1.35433
Validation results --- Loss: 1.27823, Accuracy: 0.43545, Precision: 0.43834, Recall: 0.43520, F1: 0.42887, AUROC: 0.69204, AUPRC: 0.45062
Test results --- Loss: 1.27420, Accuracy: 0.45257, Precision: 0.45610, Recall: 0.45231 F1: 0.44647, AUROC: 0.69317, AUPRC: 0.46097
Metric score decreased (-0.163518 --> -0.428866).  Saving model ...

Updating learning rate to 0.00029815325108927063
Epoch: 3 cost time: 11.488688468933105
Epoch: 3, Steps: 62, | Train Loss: 1.15614
Validation results --- Loss: 1.11782, Accuracy: 0.54049, Precision: 0.56215, Recall: 0.54011, F1: 0.53833, AUROC: 0.77921, AUPRC: 0.57038
Test results --- Loss: 1.12701, Accuracy: 0.54234, Precision: 0.56527, Recall: 0.54195 F1: 0.54136, AUROC: 0.77785, AUPRC: 0.58263
Metric score decreased (-0.428866 --> -0.538329).  Saving model ...

Updating learning rate to 0.0002958554880596515
Epoch: 4 cost time: 11.520544528961182
Epoch: 4, Steps: 62, | Train Loss: 1.09368
Validation results --- Loss: 1.08014, Accuracy: 0.54863, Precision: 0.54224, Recall: 0.54860, F1: 0.54178, AUROC: 0.78914, AUPRC: 0.58852
Test results --- Loss: 1.10003, Accuracy: 0.53252, Precision: 0.53083, Recall: 0.53261 F1: 0.52809, AUROC: 0.78280, AUPRC: 0.58959
Metric score decreased (-0.538329 --> -0.541785).  Saving model ...

Updating learning rate to 0.00029265847744427303
Epoch: 5 cost time: 11.507062673568726
Epoch: 5, Steps: 62, | Train Loss: 1.07415
Validation results --- Loss: 1.07448, Accuracy: 0.55981, Precision: 0.55785, Recall: 0.55965, F1: 0.55822, AUROC: 0.79144, AUPRC: 0.59361
Test results --- Loss: 1.09032, Accuracy: 0.54980, Precision: 0.54936, Recall: 0.54968 F1: 0.54950, AUROC: 0.78629, AUPRC: 0.59577
Metric score decreased (-0.541785 --> -0.558216).  Saving model ...

Updating learning rate to 0.000288581929876693
Epoch: 6 cost time: 11.509654998779297
Epoch: 6, Steps: 62, | Train Loss: 1.05974
Validation results --- Loss: 1.07112, Accuracy: 0.55812, Precision: 0.56035, Recall: 0.55809, F1: 0.55873, AUROC: 0.79143, AUPRC: 0.59283
Test results --- Loss: 1.09064, Accuracy: 0.54336, Precision: 0.55035, Recall: 0.54342 F1: 0.54522, AUROC: 0.78608, AUPRC: 0.59384
Metric score decreased (-0.558216 --> -0.558728).  Saving model ...

Updating learning rate to 0.00028365097862825513
Epoch: 7 cost time: 11.498026132583618
Epoch: 7, Steps: 62, | Train Loss: 1.05310
Validation results --- Loss: 1.06442, Accuracy: 0.56591, Precision: 0.56898, Recall: 0.56585, F1: 0.56709, AUROC: 0.79284, AUPRC: 0.59599
Test results --- Loss: 1.07978, Accuracy: 0.55115, Precision: 0.55929, Recall: 0.55116 F1: 0.55379, AUROC: 0.78902, AUPRC: 0.59994
Metric score decreased (-0.558728 --> -0.567090).  Saving model ...

Updating learning rate to 0.0002778960246531138
Epoch: 8 cost time: 11.523549795150757
Epoch: 8, Steps: 62, | Train Loss: 1.04435
Validation results --- Loss: 1.06880, Accuracy: 0.55202, Precision: 0.55260, Recall: 0.55188, F1: 0.54911, AUROC: 0.79441, AUPRC: 0.59664
Test results --- Loss: 1.08467, Accuracy: 0.55352, Precision: 0.56050, Recall: 0.55344 F1: 0.55351, AUROC: 0.79183, AUPRC: 0.60382
EarlyStopping counter: 1 out of 10
Updating learning rate to 0.0002713525491562421
Epoch: 9 cost time: 11.483238220214844
Epoch: 9, Steps: 62, | Train Loss: 1.03114
Validation results --- Loss: 1.05818, Accuracy: 0.55913, Precision: 0.55706, Recall: 0.55900, F1: 0.55784, AUROC: 0.79518, AUPRC: 0.59725
Test results --- Loss: 1.07369, Accuracy: 0.54810, Precision: 0.55111, Recall: 0.54803 F1: 0.54887, AUROC: 0.79209, AUPRC: 0.60257
EarlyStopping counter: 2 out of 10
Updating learning rate to 0.00026406089484000466
Epoch: 10 cost time: 11.45505666732788
Epoch: 10, Steps: 62, | Train Loss: 1.02577
Validation results --- Loss: 1.06793, Accuracy: 0.55608, Precision: 0.56335, Recall: 0.55614, F1: 0.55486, AUROC: 0.79223, AUPRC: 0.59549
Test results --- Loss: 1.07761, Accuracy: 0.54404, Precision: 0.55464, Recall: 0.54412 F1: 0.54533, AUROC: 0.79051, AUPRC: 0.59950
EarlyStopping counter: 3 out of 10
Updating learning rate to 0.00025606601717798207
Epoch: 11 cost time: 11.473650932312012
Epoch: 11, Steps: 62, | Train Loss: 1.01914
Validation results --- Loss: 1.05847, Accuracy: 0.55507, Precision: 0.55465, Recall: 0.55490, F1: 0.55293, AUROC: 0.79530, AUPRC: 0.59575
Test results --- Loss: 1.06792, Accuracy: 0.54878, Precision: 0.55362, Recall: 0.54866 F1: 0.54869, AUROC: 0.79597, AUPRC: 0.60740
EarlyStopping counter: 4 out of 10
Updating learning rate to 0.0002474172072495275
Epoch: 12 cost time: 11.474075078964233
Epoch: 12, Steps: 62, | Train Loss: 1.01039
Validation results --- Loss: 1.05344, Accuracy: 0.56557, Precision: 0.57488, Recall: 0.56555, F1: 0.56642, AUROC: 0.79686, AUPRC: 0.60068
Test results --- Loss: 1.06427, Accuracy: 0.55217, Precision: 0.56458, Recall: 0.55218 F1: 0.55467, AUROC: 0.79603, AUPRC: 0.60802
EarlyStopping counter: 5 out of 10
Updating learning rate to 0.00023816778784387094
Epoch: 13 cost time: 11.491642951965332
Epoch: 13, Steps: 62, | Train Loss: 1.00101
Validation results --- Loss: 1.04654, Accuracy: 0.57065, Precision: 0.56948, Recall: 0.57054, F1: 0.56894, AUROC: 0.79852, AUPRC: 0.60351
Test results --- Loss: 1.05547, Accuracy: 0.55725, Precision: 0.55891, Recall: 0.55720 F1: 0.55777, AUROC: 0.79848, AUPRC: 0.61282
Metric score decreased (-0.567090 --> -0.568939).  Saving model ...

Updating learning rate to 0.0002283747847073923
Epoch: 14 cost time: 11.47577977180481
Epoch: 14, Steps: 62, | Train Loss: 0.99472
Validation results --- Loss: 1.05925, Accuracy: 0.55473, Precision: 0.54941, Recall: 0.55451, F1: 0.54725, AUROC: 0.79871, AUPRC: 0.60568
Test results --- Loss: 1.06400, Accuracy: 0.54709, Precision: 0.54260, Recall: 0.54696 F1: 0.54210, AUROC: 0.79880, AUPRC: 0.61441
EarlyStopping counter: 1 out of 10
Updating learning rate to 0.00021809857496093199
Epoch: 15 cost time: 11.459042072296143
Epoch: 15, Steps: 62, | Train Loss: 0.98594
Validation results --- Loss: 1.05415, Accuracy: 0.55507, Precision: 0.55748, Recall: 0.55477, F1: 0.55453, AUROC: 0.79780, AUPRC: 0.60426
Test results --- Loss: 1.05908, Accuracy: 0.55623, Precision: 0.56433, Recall: 0.55598 F1: 0.55773, AUROC: 0.79979, AUPRC: 0.61609
EarlyStopping counter: 2 out of 10
Updating learning rate to 0.00020740251485476345
Epoch: 16 cost time: 11.512038707733154
Epoch: 16, Steps: 62, | Train Loss: 0.98902
Validation results --- Loss: 1.04902, Accuracy: 0.56286, Precision: 0.55924, Recall: 0.56267, F1: 0.56004, AUROC: 0.79965, AUPRC: 0.60702
Test results --- Loss: 1.05175, Accuracy: 0.55928, Precision: 0.55909, Recall: 0.55917 F1: 0.55905, AUROC: 0.80149, AUPRC: 0.61794
EarlyStopping counter: 3 out of 10
Updating learning rate to 0.0001963525491562421
Epoch: 17 cost time: 11.46352767944336
Epoch: 17, Steps: 62, | Train Loss: 0.97487
Validation results --- Loss: 1.05392, Accuracy: 0.55540, Precision: 0.55129, Recall: 0.55515, F1: 0.55099, AUROC: 0.80018, AUPRC: 0.60722
Test results --- Loss: 1.05558, Accuracy: 0.56030, Precision: 0.55967, Recall: 0.56007 F1: 0.55826, AUROC: 0.80324, AUPRC: 0.62063
EarlyStopping counter: 4 out of 10
Updating learning rate to 0.0001850168045783858
Epoch: 18 cost time: 11.499327898025513
Epoch: 18, Steps: 62, | Train Loss: 0.96861
Validation results --- Loss: 1.05136, Accuracy: 0.55710, Precision: 0.55106, Recall: 0.55695, F1: 0.55197, AUROC: 0.79946, AUPRC: 0.60694
Test results --- Loss: 1.05143, Accuracy: 0.55589, Precision: 0.55201, Recall: 0.55577 F1: 0.55319, AUROC: 0.80295, AUPRC: 0.62148
EarlyStopping counter: 5 out of 10
Updating learning rate to 0.00017346516975603462
Epoch: 19 cost time: 11.527889251708984
Epoch: 19, Steps: 62, | Train Loss: 0.96042
Validation results --- Loss: 1.04251, Accuracy: 0.56489, Precision: 0.56668, Recall: 0.56471, F1: 0.56535, AUROC: 0.80146, AUPRC: 0.61054
Test results --- Loss: 1.04483, Accuracy: 0.56640, Precision: 0.57488, Recall: 0.56620 F1: 0.56895, AUROC: 0.80481, AUPRC: 0.62344
EarlyStopping counter: 6 out of 10
Updating learning rate to 0.00016176886435917675
Epoch: 20 cost time: 11.471834421157837
Epoch: 20, Steps: 62, | Train Loss: 0.95635
Validation results --- Loss: 1.04746, Accuracy: 0.55744, Precision: 0.55580, Recall: 0.55723, F1: 0.55536, AUROC: 0.80003, AUPRC: 0.60838
Test results --- Loss: 1.04811, Accuracy: 0.56233, Precision: 0.56463, Recall: 0.56215 F1: 0.56188, AUROC: 0.80445, AUPRC: 0.62350
EarlyStopping counter: 7 out of 10
Updating learning rate to 0.00015
Epoch: 21 cost time: 11.537156820297241
Epoch: 21, Steps: 62, | Train Loss: 0.95224
Validation results --- Loss: 1.04083, Accuracy: 0.56083, Precision: 0.56329, Recall: 0.56074, F1: 0.56160, AUROC: 0.80064, AUPRC: 0.61023
Test results --- Loss: 1.04170, Accuracy: 0.56436, Precision: 0.57247, Recall: 0.56428 F1: 0.56672, AUROC: 0.80535, AUPRC: 0.62521
EarlyStopping counter: 8 out of 10
Updating learning rate to 0.00013823113564082325
Epoch: 22 cost time: 11.567245244979858
Epoch: 22, Steps: 62, | Train Loss: 0.94764
Validation results --- Loss: 1.04909, Accuracy: 0.56015, Precision: 0.55530, Recall: 0.56003, F1: 0.55643, AUROC: 0.80044, AUPRC: 0.61061
Test results --- Loss: 1.04614, Accuracy: 0.55589, Precision: 0.55375, Recall: 0.55583 F1: 0.55463, AUROC: 0.80460, AUPRC: 0.62410
EarlyStopping counter: 9 out of 10
Updating learning rate to 0.00012653483024396533
Epoch: 23 cost time: 11.528727054595947
Epoch: 23, Steps: 62, | Train Loss: 0.94193
Validation results --- Loss: 1.04466, Accuracy: 0.56388, Precision: 0.56888, Recall: 0.56374, F1: 0.56559, AUROC: 0.80121, AUPRC: 0.61131
Test results --- Loss: 1.04722, Accuracy: 0.56775, Precision: 0.58059, Recall: 0.56761 F1: 0.57123, AUROC: 0.80620, AUPRC: 0.62647
EarlyStopping counter: 10 out of 10
Early stopping
>>>>>>>testing : eeg_basis_mixer_v2_nobasis_mlla_Physionet_MI_seed_42_dm_192_dp_0.15_tl_5_bs_64_lr0.0003_aug_none_pl_32_cb32_kb16_tb20_pe192_ps8_ca0_cp1_gitnogit_20260502_081255<<<<<<<<<<<<<<<<<<<<<<<<<<<<<<<<<
Validation results --- Loss: 1.04654, Accuracy: 0.57065, Precision: 0.56948, Recall: 0.57054, F1: 0.56894, AUROC: 0.79852, AUPRC: 0.60351
Test results --- Loss: 1.05547, Accuracy: 0.55725, Precision: 0.55891, Recall: 0.55720, F1: 0.55777, AUROC: 0.79848, AUPRC: 0.61282

Validation results --- Loss: 1.04654, Accuracy: 0.57065, Precision: 0.56948, Recall: 0.57054, F1: 0.56894, AUROC: 0.79852, AUPRC: 0.60351
Test results --- Loss: 1.05547, Accuracy: 0.55725, Precision: 0.55891, Recall: 0.55720, F1: 0.55777, AUROC: 0.79848, AUPRC: 0.61282

[result] Saved experiment record to: results/runs/3632787_Physionet_MI_eeg_basis_mixer_v2_nobasis_mlla_seed42.yaml
Use GPU (single): visible=0 -> cuda:0
================================================================================
[Model] eeg_basis_mixer_v2_nobasis_mlla
[Model Params] Total: 138,427 (0.138 M)
[Model Params] Trainable: 138,427 (0.138 M)
[Model Params] Non-trainable: 0 (0.000 M)
[Model Size] Parameters: 0.53 MB
[Model Size] Buffers: 0.00 MB
[Model Size] Total estimated: 0.53 MB
================================================================================
>>>>>>>start training : eeg_basis_mixer_v2_nobasis_mlla_Physionet_MI_seed_43_dm_192_dp_0.15_tl_5_bs_64_lr0.0003_aug_none_pl_32_cb32_kb16_tb20_pe192_ps8_ca0_cp1_gitnogit_20260502_082059>>>>>>>>>>>>>>>>>>>>>>>>>>
(3934, 800, 64)
(3934,)
(2951, 800, 64)
(2951,)
(2952, 800, 64)
(2952,)
Epoch: 1 cost time: 11.570640325546265
Epoch: 1, Steps: 62, | Train Loss: 1.38179
Validation results --- Loss: 1.32250, Accuracy: 0.35886, Precision: 0.39427, Recall: 0.35795, F1: 0.33031, AUROC: 0.64489, AUPRC: 0.37440
Test results --- Loss: 1.31977, Accuracy: 0.35569, Precision: 0.39277, Recall: 0.35470 F1: 0.32273, AUROC: 0.64834, AUPRC: 0.37861
Metric score decreased (inf --> -0.330311).  Saving model ...

Updating learning rate to 0.00029953760005996916
Epoch: 2 cost time: 11.500667095184326
Epoch: 2, Steps: 62, | Train Loss: 1.18649
Validation results --- Loss: 1.10852, Accuracy: 0.53507, Precision: 0.53252, Recall: 0.53522, F1: 0.53075, AUROC: 0.78032, AUPRC: 0.57123
Test results --- Loss: 1.11833, Accuracy: 0.51626, Precision: 0.51232, Recall: 0.51648 F1: 0.51138, AUROC: 0.76958, AUPRC: 0.56639
Metric score decreased (-0.330311 --> -0.530750).  Saving model ...

Updating learning rate to 0.00029815325108927063
Epoch: 3 cost time: 11.500241994857788
Epoch: 3, Steps: 62, | Train Loss: 1.09346
Validation results --- Loss: 1.08552, Accuracy: 0.54829, Precision: 0.54662, Recall: 0.54834, F1: 0.54582, AUROC: 0.78647, AUPRC: 0.58541
Test results --- Loss: 1.09906, Accuracy: 0.52812, Precision: 0.52758, Recall: 0.52814 F1: 0.52583, AUROC: 0.77605, AUPRC: 0.57718
Metric score decreased (-0.530750 --> -0.545816).  Saving model ...

Updating learning rate to 0.0002958554880596515
Epoch: 4 cost time: 11.540718793869019
Epoch: 4, Steps: 62, | Train Loss: 1.07768
Validation results --- Loss: 1.08338, Accuracy: 0.55134, Precision: 0.56006, Recall: 0.55141, F1: 0.54886, AUROC: 0.79138, AUPRC: 0.59522
Test results --- Loss: 1.09939, Accuracy: 0.52879, Precision: 0.53692, Recall: 0.52882 F1: 0.52640, AUROC: 0.77943, AUPRC: 0.58393
Metric score decreased (-0.545816 --> -0.548860).  Saving model ...

Updating learning rate to 0.00029265847744427303
Epoch: 5 cost time: 11.583787441253662
Epoch: 5, Steps: 62, | Train Loss: 1.06385
Validation results --- Loss: 1.07097, Accuracy: 0.55710, Precision: 0.56675, Recall: 0.55699, F1: 0.55967, AUROC: 0.79144, AUPRC: 0.59637
Test results --- Loss: 1.09077, Accuracy: 0.53083, Precision: 0.54409, Recall: 0.53071 F1: 0.53482, AUROC: 0.77864, AUPRC: 0.58416
Metric score decreased (-0.548860 --> -0.559672).  Saving model ...

Updating learning rate to 0.000288581929876693
Epoch: 6 cost time: 11.520961046218872
Epoch: 6, Steps: 62, | Train Loss: 1.05756
Validation results --- Loss: 1.07492, Accuracy: 0.55913, Precision: 0.56173, Recall: 0.55915, F1: 0.56026, AUROC: 0.79014, AUPRC: 0.59598
Test results --- Loss: 1.09350, Accuracy: 0.52879, Precision: 0.53324, Recall: 0.52871 F1: 0.53021, AUROC: 0.77925, AUPRC: 0.58559
Metric score decreased (-0.559672 --> -0.560261).  Saving model ...

Updating learning rate to 0.00028365097862825513
Epoch: 7 cost time: 11.552677154541016
Epoch: 7, Steps: 62, | Train Loss: 1.05171
Validation results --- Loss: 1.07456, Accuracy: 0.55507, Precision: 0.57468, Recall: 0.55487, F1: 0.55897, AUROC: 0.79082, AUPRC: 0.59689
Test results --- Loss: 1.09854, Accuracy: 0.52541, Precision: 0.55119, Recall: 0.52510 F1: 0.52902, AUROC: 0.77820, AUPRC: 0.58496
EarlyStopping counter: 1 out of 10
Updating learning rate to 0.0002778960246531138
Epoch: 8 cost time: 11.521515607833862
Epoch: 8, Steps: 62, | Train Loss: 1.04978
Validation results --- Loss: 1.07336, Accuracy: 0.55371, Precision: 0.56539, Recall: 0.55350, F1: 0.55653, AUROC: 0.79168, AUPRC: 0.59832
Test results --- Loss: 1.09737, Accuracy: 0.52676, Precision: 0.54384, Recall: 0.52651 F1: 0.52991, AUROC: 0.77897, AUPRC: 0.58736
EarlyStopping counter: 2 out of 10
Updating learning rate to 0.0002713525491562421
Epoch: 9 cost time: 11.522040367126465
Epoch: 9, Steps: 62, | Train Loss: 1.04161
Validation results --- Loss: 1.07095, Accuracy: 0.56049, Precision: 0.57487, Recall: 0.56037, F1: 0.56307, AUROC: 0.79328, AUPRC: 0.59984
Test results --- Loss: 1.09138, Accuracy: 0.53083, Precision: 0.54804, Recall: 0.53067 F1: 0.53433, AUROC: 0.78077, AUPRC: 0.58838
Metric score decreased (-0.560261 --> -0.563073).  Saving model ...

Updating learning rate to 0.00026406089484000466
Epoch: 10 cost time: 11.56615948677063
Epoch: 10, Steps: 62, | Train Loss: 1.03770
Validation results --- Loss: 1.06475, Accuracy: 0.56388, Precision: 0.57659, Recall: 0.56379, F1: 0.56759, AUROC: 0.79351, AUPRC: 0.60284
Test results --- Loss: 1.08949, Accuracy: 0.53184, Precision: 0.54930, Recall: 0.53165 F1: 0.53618, AUROC: 0.78094, AUPRC: 0.59072
Metric score decreased (-0.563073 --> -0.567587).  Saving model ...

Updating learning rate to 0.00025606601717798207
Epoch: 11 cost time: 11.511085987091064
Epoch: 11, Steps: 62, | Train Loss: 1.02857
Validation results --- Loss: 1.06080, Accuracy: 0.56591, Precision: 0.56425, Recall: 0.56588, F1: 0.56464, AUROC: 0.79586, AUPRC: 0.60464
Test results --- Loss: 1.08566, Accuracy: 0.52608, Precision: 0.52716, Recall: 0.52600 F1: 0.52587, AUROC: 0.78179, AUPRC: 0.59058
EarlyStopping counter: 1 out of 10
Updating learning rate to 0.0002474172072495275
Epoch: 12 cost time: 11.541137218475342
Epoch: 12, Steps: 62, | Train Loss: 1.02430
Validation results --- Loss: 1.06989, Accuracy: 0.55134, Precision: 0.55462, Recall: 0.55157, F1: 0.54798, AUROC: 0.79685, AUPRC: 0.60612
Test results --- Loss: 1.09445, Accuracy: 0.53184, Precision: 0.53722, Recall: 0.53211 F1: 0.53005, AUROC: 0.78337, AUPRC: 0.59213
EarlyStopping counter: 2 out of 10
Updating learning rate to 0.00023816778784387094
Epoch: 13 cost time: 11.547815084457397
Epoch: 13, Steps: 62, | Train Loss: 1.01661
Validation results --- Loss: 1.05683, Accuracy: 0.56591, Precision: 0.57702, Recall: 0.56580, F1: 0.56904, AUROC: 0.79739, AUPRC: 0.60626
Test results --- Loss: 1.08920, Accuracy: 0.52947, Precision: 0.54812, Recall: 0.52923 F1: 0.53342, AUROC: 0.78257, AUPRC: 0.59199
Metric score decreased (-0.567587 --> -0.569040).  Saving model ...

Updating learning rate to 0.0002283747847073923
Epoch: 14 cost time: 11.553502798080444
Epoch: 14, Steps: 62, | Train Loss: 1.01071
Validation results --- Loss: 1.05637, Accuracy: 0.55812, Precision: 0.56298, Recall: 0.55812, F1: 0.55811, AUROC: 0.79648, AUPRC: 0.60413
Test results --- Loss: 1.08841, Accuracy: 0.53218, Precision: 0.54150, Recall: 0.53207 F1: 0.53312, AUROC: 0.78142, AUPRC: 0.58920
EarlyStopping counter: 1 out of 10
Updating learning rate to 0.00021809857496093199
Epoch: 15 cost time: 11.617884635925293
Epoch: 15, Steps: 62, | Train Loss: 1.00349
Validation results --- Loss: 1.05344, Accuracy: 0.55845, Precision: 0.56869, Recall: 0.55834, F1: 0.56138, AUROC: 0.79844, AUPRC: 0.60875
Test results --- Loss: 1.08967, Accuracy: 0.52846, Precision: 0.54355, Recall: 0.52825 F1: 0.53170, AUROC: 0.78455, AUPRC: 0.59508
EarlyStopping counter: 2 out of 10
Updating learning rate to 0.00020740251485476345
Epoch: 16 cost time: 11.606470584869385
Epoch: 16, Steps: 62, | Train Loss: 0.99817
Validation results --- Loss: 1.04756, Accuracy: 0.56557, Precision: 0.57271, Recall: 0.56565, F1: 0.56731, AUROC: 0.79989, AUPRC: 0.61134
Test results --- Loss: 1.07926, Accuracy: 0.53930, Precision: 0.55007, Recall: 0.53930 F1: 0.54193, AUROC: 0.78677, AUPRC: 0.59794
EarlyStopping counter: 3 out of 10
Updating learning rate to 0.0001963525491562421
Epoch: 17 cost time: 11.515916585922241
Epoch: 17, Steps: 62, | Train Loss: 0.99137
Validation results --- Loss: 1.04398, Accuracy: 0.56727, Precision: 0.57635, Recall: 0.56722, F1: 0.57035, AUROC: 0.80192, AUPRC: 0.61586
Test results --- Loss: 1.07963, Accuracy: 0.53591, Precision: 0.55011, Recall: 0.53575 F1: 0.53978, AUROC: 0.78834, AUPRC: 0.60102
Metric score decreased (-0.569040 --> -0.570352).  Saving model ...

Updating learning rate to 0.0001850168045783858
Epoch: 18 cost time: 11.556361675262451
Epoch: 18, Steps: 62, | Train Loss: 0.98054
Validation results --- Loss: 1.05175, Accuracy: 0.56591, Precision: 0.58523, Recall: 0.56588, F1: 0.56985, AUROC: 0.80161, AUPRC: 0.61452
Test results --- Loss: 1.09189, Accuracy: 0.53692, Precision: 0.56064, Recall: 0.53681 F1: 0.54113, AUROC: 0.78729, AUPRC: 0.59977
EarlyStopping counter: 1 out of 10
Updating learning rate to 0.00017346516975603462
Epoch: 19 cost time: 11.547760009765625
Epoch: 19, Steps: 62, | Train Loss: 0.97958
Validation results --- Loss: 1.04693, Accuracy: 0.56015, Precision: 0.56732, Recall: 0.56000, F1: 0.56225, AUROC: 0.80010, AUPRC: 0.61347
Test results --- Loss: 1.08570, Accuracy: 0.53015, Precision: 0.54185, Recall: 0.52990 F1: 0.53239, AUROC: 0.78593, AUPRC: 0.59800
EarlyStopping counter: 2 out of 10
Updating learning rate to 0.00016176886435917675
Epoch: 20 cost time: 11.572078227996826
Epoch: 20, Steps: 62, | Train Loss: 0.97551
Validation results --- Loss: 1.04672, Accuracy: 0.56184, Precision: 0.56132, Recall: 0.56182, F1: 0.56155, AUROC: 0.80074, AUPRC: 0.61451
Test results --- Loss: 1.07963, Accuracy: 0.53049, Precision: 0.53380, Recall: 0.53039 F1: 0.53156, AUROC: 0.78788, AUPRC: 0.59989
EarlyStopping counter: 3 out of 10
Updating learning rate to 0.00015
Epoch: 21 cost time: 11.541810035705566
Epoch: 21, Steps: 62, | Train Loss: 0.96933
Validation results --- Loss: 1.04549, Accuracy: 0.56693, Precision: 0.56973, Recall: 0.56696, F1: 0.56750, AUROC: 0.80192, AUPRC: 0.61634
Test results --- Loss: 1.08196, Accuracy: 0.53659, Precision: 0.54378, Recall: 0.53653 F1: 0.53818, AUROC: 0.78877, AUPRC: 0.60191
EarlyStopping counter: 4 out of 10
Updating learning rate to 0.00013823113564082325
Epoch: 22 cost time: 11.599767923355103
Epoch: 22, Steps: 62, | Train Loss: 0.96463
Validation results --- Loss: 1.04213, Accuracy: 0.56693, Precision: 0.57213, Recall: 0.56686, F1: 0.56886, AUROC: 0.80184, AUPRC: 0.61718
Test results --- Loss: 1.08067, Accuracy: 0.53083, Precision: 0.54088, Recall: 0.53065 F1: 0.53355, AUROC: 0.78796, AUPRC: 0.60053
EarlyStopping counter: 5 out of 10
Updating learning rate to 0.00012653483024396533
Epoch: 23 cost time: 11.540039539337158
Epoch: 23, Steps: 62, | Train Loss: 0.96145
Validation results --- Loss: 1.04508, Accuracy: 0.56862, Precision: 0.57097, Recall: 0.56872, F1: 0.56866, AUROC: 0.80317, AUPRC: 0.61916
Test results --- Loss: 1.08021, Accuracy: 0.53963, Precision: 0.54604, Recall: 0.53965 F1: 0.54100, AUROC: 0.79014, AUPRC: 0.60460
EarlyStopping counter: 6 out of 10
Updating learning rate to 0.00011498319542161423
Epoch: 24 cost time: 11.503344058990479
Epoch: 24, Steps: 62, | Train Loss: 0.95467
Validation results --- Loss: 1.04335, Accuracy: 0.56727, Precision: 0.57048, Recall: 0.56728, F1: 0.56855, AUROC: 0.80252, AUPRC: 0.61825
Test results --- Loss: 1.07978, Accuracy: 0.53150, Precision: 0.53908, Recall: 0.53144 F1: 0.53399, AUROC: 0.78939, AUPRC: 0.60332
EarlyStopping counter: 7 out of 10
Updating learning rate to 0.0001036474508437579
Epoch: 25 cost time: 11.507241249084473
Epoch: 25, Steps: 62, | Train Loss: 0.95548
Validation results --- Loss: 1.04726, Accuracy: 0.56523, Precision: 0.57209, Recall: 0.56520, F1: 0.56772, AUROC: 0.80146, AUPRC: 0.61794
Test results --- Loss: 1.08324, Accuracy: 0.53489, Precision: 0.54533, Recall: 0.53473 F1: 0.53783, AUROC: 0.78966, AUPRC: 0.60399
EarlyStopping counter: 8 out of 10
Updating learning rate to 9.259748514523653e-05
Epoch: 26 cost time: 11.519571781158447
Epoch: 26, Steps: 62, | Train Loss: 0.94953
Validation results --- Loss: 1.04706, Accuracy: 0.57032, Precision: 0.57437, Recall: 0.57036, F1: 0.57088, AUROC: 0.80229, AUPRC: 0.61903
Test results --- Loss: 1.08212, Accuracy: 0.53828, Precision: 0.54729, Recall: 0.53826 F1: 0.54023, AUROC: 0.79033, AUPRC: 0.60503
Metric score decreased (-0.570352 --> -0.570883).  Saving model ...

Updating learning rate to 8.190142503906798e-05
Epoch: 27 cost time: 11.558498620986938
Epoch: 27, Steps: 62, | Train Loss: 0.94665
Validation results --- Loss: 1.04383, Accuracy: 0.56422, Precision: 0.57206, Recall: 0.56418, F1: 0.56686, AUROC: 0.80233, AUPRC: 0.61946
Test results --- Loss: 1.08028, Accuracy: 0.54065, Precision: 0.55391, Recall: 0.54048 F1: 0.54409, AUROC: 0.79016, AUPRC: 0.60475
EarlyStopping counter: 1 out of 10
Updating learning rate to 7.162521529260767e-05
Epoch: 28 cost time: 11.493965864181519
Epoch: 28, Steps: 62, | Train Loss: 0.94278
Validation results --- Loss: 1.04582, Accuracy: 0.56523, Precision: 0.56940, Recall: 0.56523, F1: 0.56694, AUROC: 0.80243, AUPRC: 0.62022
Test results --- Loss: 1.08138, Accuracy: 0.53692, Precision: 0.54551, Recall: 0.53679 F1: 0.53954, AUROC: 0.79084, AUPRC: 0.60596
EarlyStopping counter: 2 out of 10
Updating learning rate to 6.183221215612904e-05
Epoch: 29 cost time: 11.481966257095337
Epoch: 29, Steps: 62, | Train Loss: 0.94251
Validation results --- Loss: 1.04593, Accuracy: 0.56659, Precision: 0.57151, Recall: 0.56656, F1: 0.56849, AUROC: 0.80260, AUPRC: 0.62065
Test results --- Loss: 1.08227, Accuracy: 0.53896, Precision: 0.54892, Recall: 0.53883 F1: 0.54173, AUROC: 0.79105, AUPRC: 0.60635
EarlyStopping counter: 3 out of 10
Updating learning rate to 5.2582792750472464e-05
Epoch: 30 cost time: 11.485575199127197
Epoch: 30, Steps: 62, | Train Loss: 0.93866
Validation results --- Loss: 1.04490, Accuracy: 0.56727, Precision: 0.56986, Recall: 0.56724, F1: 0.56840, AUROC: 0.80236, AUPRC: 0.62059
Test results --- Loss: 1.08036, Accuracy: 0.53692, Precision: 0.54367, Recall: 0.53682 F1: 0.53910, AUROC: 0.79034, AUPRC: 0.60538
EarlyStopping counter: 4 out of 10
Updating learning rate to 4.3933982822017876e-05
Epoch: 31 cost time: 11.590601682662964
Epoch: 31, Steps: 62, | Train Loss: 0.93592
Validation results --- Loss: 1.04762, Accuracy: 0.56659, Precision: 0.57009, Recall: 0.56659, F1: 0.56794, AUROC: 0.80228, AUPRC: 0.62018
Test results --- Loss: 1.08295, Accuracy: 0.54099, Precision: 0.54912, Recall: 0.54090 F1: 0.54348, AUROC: 0.79080, AUPRC: 0.60619
EarlyStopping counter: 5 out of 10
Updating learning rate to 3.593910515999536e-05
Epoch: 32 cost time: 11.53596019744873
Epoch: 32, Steps: 62, | Train Loss: 0.93242
Validation results --- Loss: 1.04742, Accuracy: 0.56557, Precision: 0.57012, Recall: 0.56555, F1: 0.56740, AUROC: 0.80236, AUPRC: 0.62060
Test results --- Loss: 1.08265, Accuracy: 0.53997, Precision: 0.54879, Recall: 0.53984 F1: 0.54259, AUROC: 0.79121, AUPRC: 0.60688
EarlyStopping counter: 6 out of 10
Updating learning rate to 2.8647450843757897e-05
Epoch: 33 cost time: 11.549180507659912
Epoch: 33, Steps: 62, | Train Loss: 0.93125
Validation results --- Loss: 1.04729, Accuracy: 0.56693, Precision: 0.57171, Recall: 0.56693, F1: 0.56862, AUROC: 0.80237, AUPRC: 0.62046
Test results --- Loss: 1.08250, Accuracy: 0.54133, Precision: 0.55020, Recall: 0.54124 F1: 0.54383, AUROC: 0.79117, AUPRC: 0.60684
EarlyStopping counter: 7 out of 10
Updating learning rate to 2.210397534688617e-05
Epoch: 34 cost time: 11.49327039718628
Epoch: 34, Steps: 62, | Train Loss: 0.93102
Validation results --- Loss: 1.04872, Accuracy: 0.56523, Precision: 0.56723, Recall: 0.56521, F1: 0.56609, AUROC: 0.80222, AUPRC: 0.62044
Test results --- Loss: 1.08354, Accuracy: 0.53828, Precision: 0.54417, Recall: 0.53819 F1: 0.54017, AUROC: 0.79100, AUPRC: 0.60650
EarlyStopping counter: 8 out of 10
Updating learning rate to 1.634902137174483e-05
Epoch: 35 cost time: 11.522310495376587
Epoch: 35, Steps: 62, | Train Loss: 0.92828
Validation results --- Loss: 1.04836, Accuracy: 0.56557, Precision: 0.56974, Recall: 0.56555, F1: 0.56728, AUROC: 0.80215, AUPRC: 0.62050
Test results --- Loss: 1.08394, Accuracy: 0.53794, Precision: 0.54647, Recall: 0.53781 F1: 0.54052, AUROC: 0.79099, AUPRC: 0.60687
EarlyStopping counter: 9 out of 10
Updating learning rate to 1.1418070123306989e-05
Epoch: 36 cost time: 11.536864280700684
Epoch: 36, Steps: 62, | Train Loss: 0.92737
Validation results --- Loss: 1.04813, Accuracy: 0.56693, Precision: 0.57064, Recall: 0.56692, F1: 0.56844, AUROC: 0.80220, AUPRC: 0.62044
Test results --- Loss: 1.08362, Accuracy: 0.53997, Precision: 0.54751, Recall: 0.53987 F1: 0.54232, AUROC: 0.79103, AUPRC: 0.60688
EarlyStopping counter: 10 out of 10
Early stopping
>>>>>>>testing : eeg_basis_mixer_v2_nobasis_mlla_Physionet_MI_seed_43_dm_192_dp_0.15_tl_5_bs_64_lr0.0003_aug_none_pl_32_cb32_kb16_tb20_pe192_ps8_ca0_cp1_gitnogit_20260502_082059<<<<<<<<<<<<<<<<<<<<<<<<<<<<<<<<<
Validation results --- Loss: 1.04706, Accuracy: 0.57032, Precision: 0.57437, Recall: 0.57036, F1: 0.57088, AUROC: 0.80229, AUPRC: 0.61903
Test results --- Loss: 1.08212, Accuracy: 0.53828, Precision: 0.54729, Recall: 0.53826, F1: 0.54023, AUROC: 0.79033, AUPRC: 0.60503

Validation results --- Loss: 1.04706, Accuracy: 0.57032, Precision: 0.57437, Recall: 0.57036, F1: 0.57088, AUROC: 0.80229, AUPRC: 0.61903
Test results --- Loss: 1.08212, Accuracy: 0.53828, Precision: 0.54729, Recall: 0.53826, F1: 0.54023, AUROC: 0.79033, AUPRC: 0.60503

[result] Saved experiment record to: results/runs/3632787_Physionet_MI_eeg_basis_mixer_v2_nobasis_mlla_seed43.yaml
Use GPU (single): visible=0 -> cuda:0
================================================================================
[Model] eeg_basis_mixer_v2_nobasis_mlla
[Model Params] Total: 138,427 (0.138 M)
[Model Params] Trainable: 138,427 (0.138 M)
[Model Params] Non-trainable: 0 (0.000 M)
[Model Size] Parameters: 0.53 MB
[Model Size] Buffers: 0.00 MB
[Model Size] Total estimated: 0.53 MB
================================================================================
>>>>>>>start training : eeg_basis_mixer_v2_nobasis_mlla_Physionet_MI_seed_44_dm_192_dp_0.15_tl_5_bs_64_lr0.0003_aug_none_pl_32_cb32_kb16_tb20_pe192_ps8_ca0_cp1_gitnogit_20260502_083242>>>>>>>>>>>>>>>>>>>>>>>>>>
(3934, 800, 64)
(3934,)
(2951, 800, 64)
(2951,)
(2952, 800, 64)
(2952,)
Epoch: 1 cost time: 11.569041728973389
Epoch: 1, Steps: 62, | Train Loss: 1.39384
Validation results --- Loss: 1.38676, Accuracy: 0.26093, Precision: 0.14340, Recall: 0.25897, F1: 0.14769, AUROC: 0.55352, AUPRC: 0.28987
Test results --- Loss: 1.38553, Accuracy: 0.26152, Precision: 0.14105, Recall: 0.25960 F1: 0.14799, AUROC: 0.55076, AUPRC: 0.29372
Metric score decreased (inf --> -0.147685).  Saving model ...

Updating learning rate to 0.00029953760005996916
Epoch: 2 cost time: 11.545016288757324
Epoch: 2, Steps: 62, | Train Loss: 1.30383
Validation results --- Loss: 1.16295, Accuracy: 0.51406, Precision: 0.52494, Recall: 0.51403, F1: 0.51629, AUROC: 0.75160, AUPRC: 0.53973
Test results --- Loss: 1.15246, Accuracy: 0.51728, Precision: 0.52751, Recall: 0.51726 F1: 0.51818, AUROC: 0.75515, AUPRC: 0.55193
Metric score decreased (-0.147685 --> -0.516288).  Saving model ...

Updating learning rate to 0.00029815325108927063
Epoch: 3 cost time: 11.533824920654297
Epoch: 3, Steps: 62, | Train Loss: 1.11691
Validation results --- Loss: 1.11403, Accuracy: 0.53440, Precision: 0.53721, Recall: 0.53411, F1: 0.53399, AUROC: 0.78081, AUPRC: 0.58376
Test results --- Loss: 1.09423, Accuracy: 0.54472, Precision: 0.54649, Recall: 0.54448 F1: 0.54312, AUROC: 0.78748, AUPRC: 0.59501
Metric score decreased (-0.516288 --> -0.533988).  Saving model ...

Updating learning rate to 0.0002958554880596515
Epoch: 4 cost time: 11.523228168487549
Epoch: 4, Steps: 62, | Train Loss: 1.09503
Validation results --- Loss: 1.09905, Accuracy: 0.54253, Precision: 0.54249, Recall: 0.54243, F1: 0.54180, AUROC: 0.78476, AUPRC: 0.59039
Test results --- Loss: 1.07703, Accuracy: 0.54539, Precision: 0.54561, Recall: 0.54536 F1: 0.54406, AUROC: 0.79246, AUPRC: 0.60280
Metric score decreased (-0.533988 --> -0.541802).  Saving model ...

Updating learning rate to 0.00029265847744427303
Epoch: 5 cost time: 11.54179573059082
Epoch: 5, Steps: 62, | Train Loss: 1.07759
Validation results --- Loss: 1.08987, Accuracy: 0.54659, Precision: 0.55316, Recall: 0.54664, F1: 0.54842, AUROC: 0.78779, AUPRC: 0.59692
Test results --- Loss: 1.06717, Accuracy: 0.56606, Precision: 0.57259, Recall: 0.56609 F1: 0.56821, AUROC: 0.79580, AUPRC: 0.61064
Metric score decreased (-0.541802 --> -0.548416).  Saving model ...

Updating learning rate to 0.000288581929876693
Epoch: 6 cost time: 11.523305416107178
Epoch: 6, Steps: 62, | Train Loss: 1.06941
Validation results --- Loss: 1.08593, Accuracy: 0.54456, Precision: 0.54712, Recall: 0.54451, F1: 0.54520, AUROC: 0.79041, AUPRC: 0.60013
Test results --- Loss: 1.06562, Accuracy: 0.56741, Precision: 0.56826, Recall: 0.56734 F1: 0.56716, AUROC: 0.79728, AUPRC: 0.61521
EarlyStopping counter: 1 out of 10
Updating learning rate to 0.00028365097862825513
Epoch: 7 cost time: 11.552496671676636
Epoch: 7, Steps: 62, | Train Loss: 1.06244
Validation results --- Loss: 1.08935, Accuracy: 0.53778, Precision: 0.54702, Recall: 0.53776, F1: 0.53660, AUROC: 0.78889, AUPRC: 0.60019
Test results --- Loss: 1.06961, Accuracy: 0.55996, Precision: 0.57149, Recall: 0.55995 F1: 0.55889, AUROC: 0.79700, AUPRC: 0.61434
EarlyStopping counter: 2 out of 10
Updating learning rate to 0.0002778960246531138
Epoch: 8 cost time: 11.502271175384521
Epoch: 8, Steps: 62, | Train Loss: 1.05543
Validation results --- Loss: 1.08836, Accuracy: 0.53812, Precision: 0.55672, Recall: 0.53835, F1: 0.54172, AUROC: 0.78700, AUPRC: 0.59642
Test results --- Loss: 1.06697, Accuracy: 0.56775, Precision: 0.58243, Recall: 0.56790 F1: 0.57139, AUROC: 0.79556, AUPRC: 0.61267
EarlyStopping counter: 3 out of 10
Updating learning rate to 0.0002713525491562421
Epoch: 9 cost time: 11.518736362457275
Epoch: 9, Steps: 62, | Train Loss: 1.05239
Validation results --- Loss: 1.08951, Accuracy: 0.54354, Precision: 0.56611, Recall: 0.54340, F1: 0.54809, AUROC: 0.78826, AUPRC: 0.59902
Test results --- Loss: 1.06493, Accuracy: 0.56538, Precision: 0.58830, Recall: 0.56519 F1: 0.56958, AUROC: 0.79714, AUPRC: 0.61370
EarlyStopping counter: 4 out of 10
Updating learning rate to 0.00026406089484000466
Epoch: 10 cost time: 11.525268077850342
Epoch: 10, Steps: 62, | Train Loss: 1.04227
Validation results --- Loss: 1.07441, Accuracy: 0.54626, Precision: 0.56399, Recall: 0.54615, F1: 0.55069, AUROC: 0.79224, AUPRC: 0.60468
Test results --- Loss: 1.05477, Accuracy: 0.56911, Precision: 0.58570, Recall: 0.56894 F1: 0.57292, AUROC: 0.79962, AUPRC: 0.62034
Metric score decreased (-0.548416 --> -0.550692).  Saving model ...

Updating learning rate to 0.00025606601717798207
Epoch: 11 cost time: 11.540951490402222
Epoch: 11, Steps: 62, | Train Loss: 1.03758
Validation results --- Loss: 1.07350, Accuracy: 0.54693, Precision: 0.55430, Recall: 0.54681, F1: 0.54640, AUROC: 0.79427, AUPRC: 0.60457
Test results --- Loss: 1.05435, Accuracy: 0.55725, Precision: 0.56539, Recall: 0.55709 F1: 0.55682, AUROC: 0.80146, AUPRC: 0.62180
EarlyStopping counter: 1 out of 10
Updating learning rate to 0.0002474172072495275
Epoch: 12 cost time: 11.504781723022461
Epoch: 12, Steps: 62, | Train Loss: 1.02442
Validation results --- Loss: 1.07013, Accuracy: 0.55066, Precision: 0.56023, Recall: 0.55074, F1: 0.55167, AUROC: 0.79451, AUPRC: 0.60408
Test results --- Loss: 1.04522, Accuracy: 0.56877, Precision: 0.58000, Recall: 0.56878 F1: 0.57072, AUROC: 0.80270, AUPRC: 0.62223
Metric score decreased (-0.550692 --> -0.551670).  Saving model ...

Updating learning rate to 0.00023816778784387094
Epoch: 13 cost time: 11.552904605865479
Epoch: 13, Steps: 62, | Train Loss: 1.02564
Validation results --- Loss: 1.06667, Accuracy: 0.54998, Precision: 0.56025, Recall: 0.54970, F1: 0.55180, AUROC: 0.79638, AUPRC: 0.60727
Test results --- Loss: 1.04729, Accuracy: 0.56402, Precision: 0.57417, Recall: 0.56371 F1: 0.56498, AUROC: 0.80333, AUPRC: 0.62481
Metric score decreased (-0.551670 --> -0.551795).  Saving model ...

Updating learning rate to 0.0002283747847073923
Epoch: 14 cost time: 11.521000146865845
Epoch: 14, Steps: 62, | Train Loss: 1.01423
Validation results --- Loss: 1.05621, Accuracy: 0.55066, Precision: 0.55754, Recall: 0.55068, F1: 0.55291, AUROC: 0.79595, AUPRC: 0.60641
Test results --- Loss: 1.03341, Accuracy: 0.57114, Precision: 0.57796, Recall: 0.57108 F1: 0.57350, AUROC: 0.80441, AUPRC: 0.62474
Metric score decreased (-0.551795 --> -0.552912).  Saving model ...

Updating learning rate to 0.00021809857496093199
Epoch: 15 cost time: 11.54226803779602
Epoch: 15, Steps: 62, | Train Loss: 1.01096
Validation results --- Loss: 1.06032, Accuracy: 0.55134, Precision: 0.56429, Recall: 0.55117, F1: 0.55470, AUROC: 0.79739, AUPRC: 0.60921
Test results --- Loss: 1.03855, Accuracy: 0.56775, Precision: 0.58196, Recall: 0.56753 F1: 0.57079, AUROC: 0.80518, AUPRC: 0.62668
Metric score decreased (-0.552912 --> -0.554702).  Saving model ...

Updating learning rate to 0.00020740251485476345
Epoch: 16 cost time: 11.547027587890625
Epoch: 16, Steps: 62, | Train Loss: 1.00321
Validation results --- Loss: 1.05594, Accuracy: 0.55303, Precision: 0.55463, Recall: 0.55295, F1: 0.55364, AUROC: 0.79720, AUPRC: 0.60976
Test results --- Loss: 1.03229, Accuracy: 0.57249, Precision: 0.57427, Recall: 0.57242 F1: 0.57323, AUROC: 0.80611, AUPRC: 0.62742
EarlyStopping counter: 1 out of 10
Updating learning rate to 0.0001963525491562421
Epoch: 17 cost time: 11.528661012649536
Epoch: 17, Steps: 62, | Train Loss: 0.99929
Validation results --- Loss: 1.06244, Accuracy: 0.55405, Precision: 0.56569, Recall: 0.55392, F1: 0.55736, AUROC: 0.79616, AUPRC: 0.60821
Test results --- Loss: 1.03544, Accuracy: 0.56944, Precision: 0.58203, Recall: 0.56927 F1: 0.57271, AUROC: 0.80545, AUPRC: 0.62656
Metric score decreased (-0.554702 --> -0.557357).  Saving model ...

Updating learning rate to 0.0001850168045783858
Epoch: 18 cost time: 11.546343564987183
Epoch: 18, Steps: 62, | Train Loss: 0.99280
Validation results --- Loss: 1.06379, Accuracy: 0.55134, Precision: 0.54622, Recall: 0.55111, F1: 0.54639, AUROC: 0.79792, AUPRC: 0.61120
Test results --- Loss: 1.04292, Accuracy: 0.56098, Precision: 0.55947, Recall: 0.56084 F1: 0.55709, AUROC: 0.80614, AUPRC: 0.62751
EarlyStopping counter: 1 out of 10
Updating learning rate to 0.00017346516975603462
Epoch: 19 cost time: 11.515599012374878
Epoch: 19, Steps: 62, | Train Loss: 0.98818
Validation results --- Loss: 1.05644, Accuracy: 0.54897, Precision: 0.55753, Recall: 0.54896, F1: 0.54856, AUROC: 0.79867, AUPRC: 0.61196
Test results --- Loss: 1.03413, Accuracy: 0.56978, Precision: 0.57902, Recall: 0.56977 F1: 0.56995, AUROC: 0.80713, AUPRC: 0.62908
EarlyStopping counter: 2 out of 10
Updating learning rate to 0.00016176886435917675
Epoch: 20 cost time: 11.509793043136597
Epoch: 20, Steps: 62, | Train Loss: 0.98621
Validation results --- Loss: 1.05336, Accuracy: 0.55574, Precision: 0.55538, Recall: 0.55559, F1: 0.55545, AUROC: 0.79930, AUPRC: 0.61354
Test results --- Loss: 1.02988, Accuracy: 0.57012, Precision: 0.57209, Recall: 0.56998 F1: 0.57044, AUROC: 0.80803, AUPRC: 0.63090
EarlyStopping counter: 3 out of 10
Updating learning rate to 0.00015
Epoch: 21 cost time: 11.534217596054077
Epoch: 21, Steps: 62, | Train Loss: 0.98113
Validation results --- Loss: 1.05109, Accuracy: 0.55574, Precision: 0.55814, Recall: 0.55567, F1: 0.55605, AUROC: 0.79853, AUPRC: 0.61149
Test results --- Loss: 1.02894, Accuracy: 0.57046, Precision: 0.57427, Recall: 0.57040 F1: 0.57139, AUROC: 0.80755, AUPRC: 0.62902
EarlyStopping counter: 4 out of 10
Updating learning rate to 0.00013823113564082325
Epoch: 22 cost time: 11.477867364883423
Epoch: 22, Steps: 62, | Train Loss: 0.97458
Validation results --- Loss: 1.05432, Accuracy: 0.55303, Precision: 0.56775, Recall: 0.55296, F1: 0.55722, AUROC: 0.79998, AUPRC: 0.61520
Test results --- Loss: 1.02810, Accuracy: 0.57215, Precision: 0.58899, Recall: 0.57198 F1: 0.57641, AUROC: 0.80909, AUPRC: 0.63311
EarlyStopping counter: 5 out of 10
Updating learning rate to 0.00012653483024396533
Epoch: 23 cost time: 11.48252248764038
Epoch: 23, Steps: 62, | Train Loss: 0.96928
Validation results --- Loss: 1.04782, Accuracy: 0.56184, Precision: 0.56411, Recall: 0.56170, F1: 0.56257, AUROC: 0.80080, AUPRC: 0.61725
Test results --- Loss: 1.02293, Accuracy: 0.57520, Precision: 0.57929, Recall: 0.57508 F1: 0.57643, AUROC: 0.81002, AUPRC: 0.63426
Metric score decreased (-0.557357 --> -0.562566).  Saving model ...

Updating learning rate to 0.00011498319542161423
Epoch: 24 cost time: 11.500171422958374
Epoch: 24, Steps: 62, | Train Loss: 0.96713
Validation results --- Loss: 1.04976, Accuracy: 0.55778, Precision: 0.56506, Recall: 0.55775, F1: 0.55917, AUROC: 0.80029, AUPRC: 0.61645
Test results --- Loss: 1.02547, Accuracy: 0.57317, Precision: 0.58050, Recall: 0.57311 F1: 0.57477, AUROC: 0.80955, AUPRC: 0.63310
EarlyStopping counter: 1 out of 10
Updating learning rate to 0.0001036474508437579
Epoch: 25 cost time: 11.56739068031311
Epoch: 25, Steps: 62, | Train Loss: 0.96283
Validation results --- Loss: 1.05170, Accuracy: 0.55913, Precision: 0.55808, Recall: 0.55903, F1: 0.55733, AUROC: 0.80065, AUPRC: 0.61636
Test results --- Loss: 1.03062, Accuracy: 0.56470, Precision: 0.56523, Recall: 0.56465 F1: 0.56333, AUROC: 0.80931, AUPRC: 0.63230
EarlyStopping counter: 2 out of 10
Updating learning rate to 9.259748514523653e-05
Epoch: 26 cost time: 11.51936936378479
Epoch: 26, Steps: 62, | Train Loss: 0.95873
Validation results --- Loss: 1.04910, Accuracy: 0.55744, Precision: 0.56112, Recall: 0.55737, F1: 0.55860, AUROC: 0.80100, AUPRC: 0.61767
Test results --- Loss: 1.02528, Accuracy: 0.57520, Precision: 0.58050, Recall: 0.57513 F1: 0.57679, AUROC: 0.80995, AUPRC: 0.63380
EarlyStopping counter: 3 out of 10
Updating learning rate to 8.190142503906798e-05
Epoch: 27 cost time: 11.513947248458862
Epoch: 27, Steps: 62, | Train Loss: 0.95316
Validation results --- Loss: 1.05249, Accuracy: 0.55710, Precision: 0.55618, Recall: 0.55700, F1: 0.55591, AUROC: 0.80045, AUPRC: 0.61691
Test results --- Loss: 1.03061, Accuracy: 0.56911, Precision: 0.57018, Recall: 0.56904 F1: 0.56828, AUROC: 0.80925, AUPRC: 0.63228
EarlyStopping counter: 4 out of 10
Updating learning rate to 7.162521529260767e-05
Epoch: 28 cost time: 11.523330926895142
Epoch: 28, Steps: 62, | Train Loss: 0.94874
Validation results --- Loss: 1.05213, Accuracy: 0.55236, Precision: 0.56430, Recall: 0.55231, F1: 0.55593, AUROC: 0.80070, AUPRC: 0.61868
Test results --- Loss: 1.02546, Accuracy: 0.57215, Precision: 0.58396, Recall: 0.57205 F1: 0.57566, AUROC: 0.81039, AUPRC: 0.63515
EarlyStopping counter: 5 out of 10
Updating learning rate to 6.183221215612904e-05
Epoch: 29 cost time: 11.499823808670044
Epoch: 29, Steps: 62, | Train Loss: 0.94830
Validation results --- Loss: 1.04852, Accuracy: 0.56083, Precision: 0.56377, Recall: 0.56073, F1: 0.56202, AUROC: 0.80087, AUPRC: 0.61853
Test results --- Loss: 1.02399, Accuracy: 0.57385, Precision: 0.57850, Recall: 0.57376 F1: 0.57550, AUROC: 0.81042, AUPRC: 0.63463
EarlyStopping counter: 6 out of 10
Updating learning rate to 5.2582792750472464e-05
Epoch: 30 cost time: 11.531094551086426
Epoch: 30, Steps: 62, | Train Loss: 0.94350
Validation results --- Loss: 1.05079, Accuracy: 0.55744, Precision: 0.56155, Recall: 0.55731, F1: 0.55898, AUROC: 0.80069, AUPRC: 0.61909
Test results --- Loss: 1.02625, Accuracy: 0.57622, Precision: 0.58184, Recall: 0.57611 F1: 0.57806, AUROC: 0.81018, AUPRC: 0.63465
EarlyStopping counter: 7 out of 10
Updating learning rate to 4.3933982822017876e-05
Epoch: 31 cost time: 11.51548457145691
Epoch: 31, Steps: 62, | Train Loss: 0.94032
Validation results --- Loss: 1.05113, Accuracy: 0.56049, Precision: 0.56457, Recall: 0.56039, F1: 0.56170, AUROC: 0.80096, AUPRC: 0.61946
Test results --- Loss: 1.02722, Accuracy: 0.57486, Precision: 0.57996, Recall: 0.57479 F1: 0.57611, AUROC: 0.81034, AUPRC: 0.63475
EarlyStopping counter: 8 out of 10
Updating learning rate to 3.593910515999536e-05
Epoch: 32 cost time: 11.531799554824829
Epoch: 32, Steps: 62, | Train Loss: 0.93863
Validation results --- Loss: 1.05507, Accuracy: 0.55812, Precision: 0.55855, Recall: 0.55797, F1: 0.55753, AUROC: 0.80060, AUPRC: 0.61863
Test results --- Loss: 1.03312, Accuracy: 0.57080, Precision: 0.57334, Recall: 0.57070 F1: 0.57063, AUROC: 0.80962, AUPRC: 0.63343
EarlyStopping counter: 9 out of 10
Updating learning rate to 2.8647450843757897e-05
Epoch: 33 cost time: 11.532946586608887
Epoch: 33, Steps: 62, | Train Loss: 0.93841
Validation results --- Loss: 1.05288, Accuracy: 0.55981, Precision: 0.56737, Recall: 0.55971, F1: 0.56220, AUROC: 0.80055, AUPRC: 0.61893
Test results --- Loss: 1.02768, Accuracy: 0.57486, Precision: 0.58304, Recall: 0.57476 F1: 0.57729, AUROC: 0.81006, AUPRC: 0.63439
EarlyStopping counter: 10 out of 10
Early stopping
>>>>>>>testing : eeg_basis_mixer_v2_nobasis_mlla_Physionet_MI_seed_44_dm_192_dp_0.15_tl_5_bs_64_lr0.0003_aug_none_pl_32_cb32_kb16_tb20_pe192_ps8_ca0_cp1_gitnogit_20260502_083242<<<<<<<<<<<<<<<<<<<<<<<<<<<<<<<<<
Validation results --- Loss: 1.04782, Accuracy: 0.56184, Precision: 0.56411, Recall: 0.56170, F1: 0.56257, AUROC: 0.80080, AUPRC: 0.61725
Test results --- Loss: 1.02293, Accuracy: 0.57520, Precision: 0.57929, Recall: 0.57508, F1: 0.57643, AUROC: 0.81002, AUPRC: 0.63426

Validation results --- Loss: 1.04782, Accuracy: 0.56184, Precision: 0.56411, Recall: 0.56170, F1: 0.56257, AUROC: 0.80080, AUPRC: 0.61725
Test results --- Loss: 1.02293, Accuracy: 0.57520, Precision: 0.57929, Recall: 0.57508, F1: 0.57643, AUROC: 0.81002, AUPRC: 0.63426

[result] Saved experiment record to: results/runs/3632787_Physionet_MI_eeg_basis_mixer_v2_nobasis_mlla_seed44.yaml
Use GPU (single): visible=0 -> cuda:0
================================================================================
[Model] eeg_basis_mixer_v2_nobasis_mlla
[Model Params] Total: 138,427 (0.138 M)
[Model Params] Trainable: 138,427 (0.138 M)
[Model Params] Non-trainable: 0 (0.000 M)
[Model Size] Parameters: 0.53 MB
[Model Size] Buffers: 0.00 MB
[Model Size] Total estimated: 0.53 MB
================================================================================
>>>>>>>start training : eeg_basis_mixer_v2_nobasis_mlla_Physionet_MI_seed_45_dm_192_dp_0.15_tl_5_bs_64_lr0.0003_aug_none_pl_32_cb32_kb16_tb20_pe192_ps8_ca0_cp1_gitnogit_20260502_084330>>>>>>>>>>>>>>>>>>>>>>>>>>
(3934, 800, 64)
(3934,)
(2951, 800, 64)
(2951,)
(2952, 800, 64)
(2952,)
Epoch: 1 cost time: 11.550687789916992
Epoch: 1, Steps: 62, | Train Loss: 1.39191
Validation results --- Loss: 1.38929, Accuracy: 0.26262, Precision: 0.14426, Recall: 0.26312, F1: 0.14587, AUROC: 0.56578, AUPRC: 0.30373
Test results --- Loss: 1.38852, Accuracy: 0.26931, Precision: 0.15643, Recall: 0.26954 F1: 0.15109, AUROC: 0.56520, AUPRC: 0.29830
Metric score decreased (inf --> -0.145867).  Saving model ...

Updating learning rate to 0.00029953760005996916
Epoch: 2 cost time: 11.53443193435669
Epoch: 2, Steps: 62, | Train Loss: 1.27674
Validation results --- Loss: 1.16047, Accuracy: 0.48763, Precision: 0.48228, Recall: 0.48781, F1: 0.47907, AUROC: 0.74974, AUPRC: 0.53179
Test results --- Loss: 1.11576, Accuracy: 0.51626, Precision: 0.51158, Recall: 0.51651 F1: 0.50626, AUROC: 0.76899, AUPRC: 0.56371
Metric score decreased (-0.145867 --> -0.479065).  Saving model ...

Updating learning rate to 0.00029815325108927063
Epoch: 3 cost time: 11.508589267730713
Epoch: 3, Steps: 62, | Train Loss: 1.11502
Validation results --- Loss: 1.12066, Accuracy: 0.52796, Precision: 0.53139, Recall: 0.52806, F1: 0.52376, AUROC: 0.77384, AUPRC: 0.56979
Test results --- Loss: 1.07650, Accuracy: 0.54404, Precision: 0.54712, Recall: 0.54416 F1: 0.53697, AUROC: 0.79035, AUPRC: 0.59384
Metric score decreased (-0.479065 --> -0.523756).  Saving model ...

Updating learning rate to 0.0002958554880596515
Epoch: 4 cost time: 11.53137493133545
Epoch: 4, Steps: 62, | Train Loss: 1.09106
Validation results --- Loss: 1.10182, Accuracy: 0.54558, Precision: 0.55352, Recall: 0.54549, F1: 0.54775, AUROC: 0.77843, AUPRC: 0.58064
Test results --- Loss: 1.06072, Accuracy: 0.55217, Precision: 0.55921, Recall: 0.55207 F1: 0.55450, AUROC: 0.79278, AUPRC: 0.59890
Metric score decreased (-0.523756 --> -0.547746).  Saving model ...

Updating learning rate to 0.00029265847744427303
Epoch: 5 cost time: 11.563382387161255
Epoch: 5, Steps: 62, | Train Loss: 1.07895
Validation results --- Loss: 1.09853, Accuracy: 0.54964, Precision: 0.55121, Recall: 0.54947, F1: 0.54962, AUROC: 0.78060, AUPRC: 0.58444
Test results --- Loss: 1.05715, Accuracy: 0.54844, Precision: 0.54941, Recall: 0.54824 F1: 0.54768, AUROC: 0.79532, AUPRC: 0.60237
Metric score decreased (-0.547746 --> -0.549617).  Saving model ...

Updating learning rate to 0.000288581929876693
Epoch: 6 cost time: 11.568334341049194
Epoch: 6, Steps: 62, | Train Loss: 1.06703
Validation results --- Loss: 1.09655, Accuracy: 0.54219, Precision: 0.54144, Recall: 0.54219, F1: 0.53930, AUROC: 0.78346, AUPRC: 0.59089
Test results --- Loss: 1.05566, Accuracy: 0.55691, Precision: 0.55431, Recall: 0.55694 F1: 0.55136, AUROC: 0.79746, AUPRC: 0.60843
EarlyStopping counter: 1 out of 10
Updating learning rate to 0.00028365097862825513
Epoch: 7 cost time: 11.54929494857788
Epoch: 7, Steps: 62, | Train Loss: 1.06161
Validation results --- Loss: 1.08899, Accuracy: 0.55236, Precision: 0.56529, Recall: 0.55216, F1: 0.55559, AUROC: 0.78488, AUPRC: 0.59308
Test results --- Loss: 1.05097, Accuracy: 0.55827, Precision: 0.57262, Recall: 0.55798 F1: 0.56026, AUROC: 0.79799, AUPRC: 0.60891
Metric score decreased (-0.549617 --> -0.555587).  Saving model ...

Updating learning rate to 0.0002778960246531138
Epoch: 8 cost time: 11.55987811088562
Epoch: 8, Steps: 62, | Train Loss: 1.05867
Validation results --- Loss: 1.08974, Accuracy: 0.55337, Precision: 0.56004, Recall: 0.55333, F1: 0.55531, AUROC: 0.78602, AUPRC: 0.59455
Test results --- Loss: 1.04715, Accuracy: 0.56199, Precision: 0.56796, Recall: 0.56195 F1: 0.56229, AUROC: 0.79933, AUPRC: 0.61127
EarlyStopping counter: 1 out of 10
Updating learning rate to 0.0002713525491562421
Epoch: 9 cost time: 11.525145292282104
Epoch: 9, Steps: 62, | Train Loss: 1.04815
Validation results --- Loss: 1.09175, Accuracy: 0.54897, Precision: 0.55753, Recall: 0.54879, F1: 0.55039, AUROC: 0.78508, AUPRC: 0.59499
Test results --- Loss: 1.05171, Accuracy: 0.55352, Precision: 0.56321, Recall: 0.55335 F1: 0.55579, AUROC: 0.79645, AUPRC: 0.60765
EarlyStopping counter: 2 out of 10
Updating learning rate to 0.00026406089484000466
Epoch: 10 cost time: 11.575342416763306
Epoch: 10, Steps: 62, | Train Loss: 1.04831
Validation results --- Loss: 1.08176, Accuracy: 0.55608, Precision: 0.56617, Recall: 0.55590, F1: 0.55898, AUROC: 0.78859, AUPRC: 0.59900
Test results --- Loss: 1.04089, Accuracy: 0.55589, Precision: 0.56725, Recall: 0.55572 F1: 0.55871, AUROC: 0.80075, AUPRC: 0.61418
Metric score decreased (-0.555587 --> -0.558978).  Saving model ...

Updating learning rate to 0.00025606601717798207
Epoch: 11 cost time: 11.545098543167114
Epoch: 11, Steps: 62, | Train Loss: 1.03440
Validation results --- Loss: 1.08711, Accuracy: 0.55168, Precision: 0.56240, Recall: 0.55152, F1: 0.55282, AUROC: 0.78693, AUPRC: 0.59327
Test results --- Loss: 1.04483, Accuracy: 0.54946, Precision: 0.56055, Recall: 0.54930 F1: 0.54895, AUROC: 0.80048, AUPRC: 0.60841
EarlyStopping counter: 1 out of 10
Updating learning rate to 0.0002474172072495275
Epoch: 12 cost time: 11.598954200744629
Epoch: 12, Steps: 62, | Train Loss: 1.02764
Validation results --- Loss: 1.06971, Accuracy: 0.55642, Precision: 0.56268, Recall: 0.55632, F1: 0.55850, AUROC: 0.79075, AUPRC: 0.59885
Test results --- Loss: 1.03021, Accuracy: 0.56165, Precision: 0.56831, Recall: 0.56159 F1: 0.56413, AUROC: 0.80253, AUPRC: 0.61220
EarlyStopping counter: 2 out of 10
Updating learning rate to 0.00023816778784387094
Epoch: 13 cost time: 11.598547220230103
Epoch: 13, Steps: 62, | Train Loss: 1.01469
Validation results --- Loss: 1.06588, Accuracy: 0.55236, Precision: 0.55865, Recall: 0.55234, F1: 0.55393, AUROC: 0.79153, AUPRC: 0.59806
Test results --- Loss: 1.02764, Accuracy: 0.56335, Precision: 0.57065, Recall: 0.56335 F1: 0.56473, AUROC: 0.80323, AUPRC: 0.61287
EarlyStopping counter: 3 out of 10
Updating learning rate to 0.0002283747847073923
Epoch: 14 cost time: 11.604638576507568
Epoch: 14, Steps: 62, | Train Loss: 1.01507
Validation results --- Loss: 1.06661, Accuracy: 0.55845, Precision: 0.55836, Recall: 0.55829, F1: 0.55763, AUROC: 0.79377, AUPRC: 0.60510
Test results --- Loss: 1.02764, Accuracy: 0.57114, Precision: 0.57250, Recall: 0.57105 F1: 0.57088, AUROC: 0.80489, AUPRC: 0.61915
EarlyStopping counter: 4 out of 10
Updating learning rate to 0.00021809857496093199
Epoch: 15 cost time: 11.619430780410767
Epoch: 15, Steps: 62, | Train Loss: 0.99965
Validation results --- Loss: 1.07151, Accuracy: 0.55168, Precision: 0.55949, Recall: 0.55159, F1: 0.54944, AUROC: 0.79539, AUPRC: 0.60707
Test results --- Loss: 1.03374, Accuracy: 0.56809, Precision: 0.57678, Recall: 0.56806 F1: 0.56471, AUROC: 0.80667, AUPRC: 0.62055
EarlyStopping counter: 5 out of 10
Updating learning rate to 0.00020740251485476345
Epoch: 16 cost time: 11.562297105789185
Epoch: 16, Steps: 62, | Train Loss: 0.99236
Validation results --- Loss: 1.06898, Accuracy: 0.54659, Precision: 0.54356, Recall: 0.54638, F1: 0.54122, AUROC: 0.79368, AUPRC: 0.60310
Test results --- Loss: 1.03766, Accuracy: 0.56233, Precision: 0.55934, Recall: 0.56221 F1: 0.55802, AUROC: 0.80325, AUPRC: 0.61505
EarlyStopping counter: 6 out of 10
Updating learning rate to 0.0001963525491562421
Epoch: 17 cost time: 11.573212623596191
Epoch: 17, Steps: 62, | Train Loss: 0.98126
Validation results --- Loss: 1.05854, Accuracy: 0.56422, Precision: 0.57433, Recall: 0.56409, F1: 0.56704, AUROC: 0.79775, AUPRC: 0.61056
Test results --- Loss: 1.02316, Accuracy: 0.57419, Precision: 0.58454, Recall: 0.57406 F1: 0.57701, AUROC: 0.80736, AUPRC: 0.62283
Metric score decreased (-0.558978 --> -0.567044).  Saving model ...

Updating learning rate to 0.0001850168045783858
Epoch: 18 cost time: 11.557231664657593
Epoch: 18, Steps: 62, | Train Loss: 0.97220
Validation results --- Loss: 1.05890, Accuracy: 0.55845, Precision: 0.55767, Recall: 0.55839, F1: 0.55715, AUROC: 0.79650, AUPRC: 0.60953
Test results --- Loss: 1.02966, Accuracy: 0.57080, Precision: 0.57098, Recall: 0.57074 F1: 0.57002, AUROC: 0.80404, AUPRC: 0.61923
EarlyStopping counter: 1 out of 10
Updating learning rate to 0.00017346516975603462
Epoch: 19 cost time: 11.549795627593994
Epoch: 19, Steps: 62, | Train Loss: 0.97062
Validation results --- Loss: 1.05809, Accuracy: 0.56659, Precision: 0.56748, Recall: 0.56657, F1: 0.56686, AUROC: 0.79769, AUPRC: 0.61105
Test results --- Loss: 1.02255, Accuracy: 0.57690, Precision: 0.57745, Recall: 0.57691 F1: 0.57709, AUROC: 0.80700, AUPRC: 0.62255
EarlyStopping counter: 2 out of 10
Updating learning rate to 0.00016176886435917675
Epoch: 20 cost time: 11.543275594711304
Epoch: 20, Steps: 62, | Train Loss: 0.96137
Validation results --- Loss: 1.05387, Accuracy: 0.56523, Precision: 0.57275, Recall: 0.56515, F1: 0.56774, AUROC: 0.79840, AUPRC: 0.61375
Test results --- Loss: 1.01944, Accuracy: 0.57825, Precision: 0.58651, Recall: 0.57817 F1: 0.58112, AUROC: 0.80754, AUPRC: 0.62593
Metric score decreased (-0.567044 --> -0.567736).  Saving model ...

Updating learning rate to 0.00015
Epoch: 21 cost time: 11.512592554092407
Epoch: 21, Steps: 62, | Train Loss: 0.95268
Validation results --- Loss: 1.06267, Accuracy: 0.57133, Precision: 0.58147, Recall: 0.57120, F1: 0.57416, AUROC: 0.79876, AUPRC: 0.61499
Test results --- Loss: 1.02168, Accuracy: 0.57995, Precision: 0.59253, Recall: 0.57983 F1: 0.58383, AUROC: 0.80905, AUPRC: 0.62833
Metric score decreased (-0.567736 --> -0.574157).  Saving model ...

Updating learning rate to 0.00013823113564082325
Epoch: 22 cost time: 11.590758085250854
Epoch: 22, Steps: 62, | Train Loss: 0.94863
Validation results --- Loss: 1.06912, Accuracy: 0.56591, Precision: 0.58206, Recall: 0.56577, F1: 0.56965, AUROC: 0.79806, AUPRC: 0.61272
Test results --- Loss: 1.02729, Accuracy: 0.57893, Precision: 0.60057, Recall: 0.57878 F1: 0.58439, AUROC: 0.80827, AUPRC: 0.62726
EarlyStopping counter: 1 out of 10
Updating learning rate to 0.00012653483024396533
Epoch: 23 cost time: 11.62406063079834
Epoch: 23, Steps: 62, | Train Loss: 0.94617
Validation results --- Loss: 1.06072, Accuracy: 0.57709, Precision: 0.58945, Recall: 0.57703, F1: 0.58051, AUROC: 0.80030, AUPRC: 0.61891
Test results --- Loss: 1.02084, Accuracy: 0.58638, Precision: 0.60240, Recall: 0.58632 F1: 0.59105, AUROC: 0.80996, AUPRC: 0.63179
Metric score decreased (-0.574157 --> -0.580510).  Saving model ...

Updating learning rate to 0.00011498319542161423
Epoch: 24 cost time: 11.58036732673645
Epoch: 24, Steps: 62, | Train Loss: 0.93518
Validation results --- Loss: 1.05967, Accuracy: 0.56998, Precision: 0.57453, Recall: 0.56996, F1: 0.57171, AUROC: 0.80033, AUPRC: 0.61736
Test results --- Loss: 1.02181, Accuracy: 0.58299, Precision: 0.58748, Recall: 0.58300 F1: 0.58484, AUROC: 0.80908, AUPRC: 0.62952
EarlyStopping counter: 1 out of 10
Updating learning rate to 0.0001036474508437579
Epoch: 25 cost time: 11.566334962844849
Epoch: 25, Steps: 62, | Train Loss: 0.93187
Validation results --- Loss: 1.06505, Accuracy: 0.57574, Precision: 0.59133, Recall: 0.57558, F1: 0.57925, AUROC: 0.79992, AUPRC: 0.61978
Test results --- Loss: 1.02860, Accuracy: 0.58706, Precision: 0.60584, Recall: 0.58687 F1: 0.59162, AUROC: 0.80830, AUPRC: 0.63089
EarlyStopping counter: 2 out of 10
Updating learning rate to 9.259748514523653e-05
Epoch: 26 cost time: 11.532034873962402
Epoch: 26, Steps: 62, | Train Loss: 0.93116
Validation results --- Loss: 1.06005, Accuracy: 0.57438, Precision: 0.58447, Recall: 0.57433, F1: 0.57756, AUROC: 0.80033, AUPRC: 0.61922
Test results --- Loss: 1.02312, Accuracy: 0.58401, Precision: 0.59549, Recall: 0.58393 F1: 0.58782, AUROC: 0.80870, AUPRC: 0.63117
EarlyStopping counter: 3 out of 10
Updating learning rate to 8.190142503906798e-05
Epoch: 27 cost time: 11.485849380493164
Epoch: 27, Steps: 62, | Train Loss: 0.92577
Validation results --- Loss: 1.06653, Accuracy: 0.57235, Precision: 0.58290, Recall: 0.57231, F1: 0.57561, AUROC: 0.79892, AUPRC: 0.61678
Test results --- Loss: 1.02788, Accuracy: 0.58333, Precision: 0.59724, Recall: 0.58330 F1: 0.58773, AUROC: 0.80752, AUPRC: 0.62912
EarlyStopping counter: 4 out of 10
Updating learning rate to 7.162521529260767e-05
Epoch: 28 cost time: 11.558801412582397
Epoch: 28, Steps: 62, | Train Loss: 0.92115
Validation results --- Loss: 1.06329, Accuracy: 0.56828, Precision: 0.57017, Recall: 0.56818, F1: 0.56877, AUROC: 0.80043, AUPRC: 0.61914
Test results --- Loss: 1.02555, Accuracy: 0.58096, Precision: 0.58269, Recall: 0.58090 F1: 0.58154, AUROC: 0.80900, AUPRC: 0.63134
EarlyStopping counter: 5 out of 10
Updating learning rate to 6.183221215612904e-05
Epoch: 29 cost time: 11.48561716079712
Epoch: 29, Steps: 62, | Train Loss: 0.91871
Validation results --- Loss: 1.06579, Accuracy: 0.57472, Precision: 0.58274, Recall: 0.57465, F1: 0.57736, AUROC: 0.80039, AUPRC: 0.61967
Test results --- Loss: 1.02809, Accuracy: 0.58740, Precision: 0.59679, Recall: 0.58731 F1: 0.59058, AUROC: 0.80840, AUPRC: 0.63128
EarlyStopping counter: 6 out of 10
Updating learning rate to 5.2582792750472464e-05
Epoch: 30 cost time: 11.515624046325684
Epoch: 30, Steps: 62, | Train Loss: 0.91471
Validation results --- Loss: 1.06548, Accuracy: 0.56422, Precision: 0.56535, Recall: 0.56422, F1: 0.56444, AUROC: 0.80007, AUPRC: 0.61798
Test results --- Loss: 1.02742, Accuracy: 0.58130, Precision: 0.58390, Recall: 0.58136 F1: 0.58207, AUROC: 0.80837, AUPRC: 0.62998
EarlyStopping counter: 7 out of 10
Updating learning rate to 4.3933982822017876e-05
Epoch: 31 cost time: 11.521640300750732
Epoch: 31, Steps: 62, | Train Loss: 0.91675
Validation results --- Loss: 1.06664, Accuracy: 0.56896, Precision: 0.57306, Recall: 0.56891, F1: 0.57050, AUROC: 0.80037, AUPRC: 0.61900
Test results --- Loss: 1.02722, Accuracy: 0.58604, Precision: 0.59139, Recall: 0.58600 F1: 0.58814, AUROC: 0.80888, AUPRC: 0.63123
EarlyStopping counter: 8 out of 10
Updating learning rate to 3.593910515999536e-05
Epoch: 32 cost time: 11.519155740737915
Epoch: 32, Steps: 62, | Train Loss: 0.91272
Validation results --- Loss: 1.06544, Accuracy: 0.56930, Precision: 0.57372, Recall: 0.56929, F1: 0.57090, AUROC: 0.80053, AUPRC: 0.61932
Test results --- Loss: 1.02691, Accuracy: 0.58604, Precision: 0.59139, Recall: 0.58605 F1: 0.58809, AUROC: 0.80871, AUPRC: 0.63161
EarlyStopping counter: 9 out of 10
Updating learning rate to 2.8647450843757897e-05
Epoch: 33 cost time: 11.566321611404419
Epoch: 33, Steps: 62, | Train Loss: 0.91046
Validation results --- Loss: 1.06988, Accuracy: 0.56422, Precision: 0.56334, Recall: 0.56414, F1: 0.56339, AUROC: 0.80020, AUPRC: 0.61865
Test results --- Loss: 1.03089, Accuracy: 0.58198, Precision: 0.58109, Recall: 0.58196 F1: 0.58117, AUROC: 0.80884, AUPRC: 0.63105
EarlyStopping counter: 10 out of 10
Early stopping
>>>>>>>testing : eeg_basis_mixer_v2_nobasis_mlla_Physionet_MI_seed_45_dm_192_dp_0.15_tl_5_bs_64_lr0.0003_aug_none_pl_32_cb32_kb16_tb20_pe192_ps8_ca0_cp1_gitnogit_20260502_084330<<<<<<<<<<<<<<<<<<<<<<<<<<<<<<<<<
Validation results --- Loss: 1.06072, Accuracy: 0.57709, Precision: 0.58945, Recall: 0.57703, F1: 0.58051, AUROC: 0.80030, AUPRC: 0.61891
Test results --- Loss: 1.02084, Accuracy: 0.58638, Precision: 0.60240, Recall: 0.58632, F1: 0.59105, AUROC: 0.80996, AUPRC: 0.63179

Validation results --- Loss: 1.06072, Accuracy: 0.57709, Precision: 0.58945, Recall: 0.57703, F1: 0.58051, AUROC: 0.80030, AUPRC: 0.61891
Test results --- Loss: 1.02084, Accuracy: 0.58638, Precision: 0.60240, Recall: 0.58632, F1: 0.59105, AUROC: 0.80996, AUPRC: 0.63179

[result] Saved experiment record to: results/runs/3632787_Physionet_MI_eeg_basis_mixer_v2_nobasis_mlla_seed45.yaml
Use GPU (single): visible=0 -> cuda:0
================================================================================
[Model] eeg_basis_mixer_v2_nobasis_mlla
[Model Params] Total: 138,427 (0.138 M)
[Model Params] Trainable: 138,427 (0.138 M)
[Model Params] Non-trainable: 0 (0.000 M)
[Model Size] Parameters: 0.53 MB
[Model Size] Buffers: 0.00 MB
[Model Size] Total estimated: 0.53 MB
================================================================================
>>>>>>>start training : eeg_basis_mixer_v2_nobasis_mlla_Physionet_MI_seed_46_dm_192_dp_0.15_tl_5_bs_64_lr0.0003_aug_none_pl_32_cb32_kb16_tb20_pe192_ps8_ca0_cp1_gitnogit_20260502_085419>>>>>>>>>>>>>>>>>>>>>>>>>>
(3934, 800, 64)
(3934,)
(2951, 800, 64)
(2951,)
(2952, 800, 64)
(2952,)
Epoch: 1 cost time: 11.55857253074646
Epoch: 1, Steps: 62, | Train Loss: 1.38689
Validation results --- Loss: 1.35060, Accuracy: 0.32362, Precision: 0.34664, Recall: 0.32262, F1: 0.27732, AUROC: 0.61738, AUPRC: 0.34447
Test results --- Loss: 1.34747, Accuracy: 0.33062, Precision: 0.37615, Recall: 0.32959 F1: 0.28384, AUROC: 0.62591, AUPRC: 0.35271
Metric score decreased (inf --> -0.277321).  Saving model ...

Updating learning rate to 0.00029953760005996916
Epoch: 2 cost time: 11.536867380142212
Epoch: 2, Steps: 62, | Train Loss: 1.23851
Validation results --- Loss: 1.10321, Accuracy: 0.52423, Precision: 0.51786, Recall: 0.52417, F1: 0.51773, AUROC: 0.77405, AUPRC: 0.57076
Test results --- Loss: 1.11606, Accuracy: 0.51253, Precision: 0.50461, Recall: 0.51273 F1: 0.50428, AUROC: 0.77459, AUPRC: 0.56374
Metric score decreased (-0.277321 --> -0.517727).  Saving model ...

Updating learning rate to 0.00029815325108927063
Epoch: 3 cost time: 11.55461311340332
Epoch: 3, Steps: 62, | Train Loss: 1.11591
Validation results --- Loss: 1.08291, Accuracy: 0.54659, Precision: 0.55730, Recall: 0.54626, F1: 0.54845, AUROC: 0.78341, AUPRC: 0.58769
Test results --- Loss: 1.09063, Accuracy: 0.53930, Precision: 0.54480, Recall: 0.53921 F1: 0.54060, AUROC: 0.78408, AUPRC: 0.58146
Metric score decreased (-0.517727 --> -0.548451).  Saving model ...

Updating learning rate to 0.0002958554880596515
Epoch: 4 cost time: 11.614182233810425
Epoch: 4, Steps: 62, | Train Loss: 1.09377
Validation results --- Loss: 1.06577, Accuracy: 0.54897, Precision: 0.55291, Recall: 0.54884, F1: 0.55049, AUROC: 0.79010, AUPRC: 0.59843
Test results --- Loss: 1.08059, Accuracy: 0.54946, Precision: 0.55108, Recall: 0.54954 F1: 0.54996, AUROC: 0.78941, AUPRC: 0.58982
Metric score decreased (-0.548451 --> -0.550494).  Saving model ...

Updating learning rate to 0.00029265847744427303
Epoch: 5 cost time: 11.59834098815918
Epoch: 5, Steps: 62, | Train Loss: 1.08434
Validation results --- Loss: 1.06013, Accuracy: 0.55303, Precision: 0.56179, Recall: 0.55295, F1: 0.55566, AUROC: 0.79455, AUPRC: 0.60448
Test results --- Loss: 1.07643, Accuracy: 0.54709, Precision: 0.55262, Recall: 0.54721 F1: 0.54887, AUROC: 0.79220, AUPRC: 0.59521
Metric score decreased (-0.550494 --> -0.555655).  Saving model ...

Updating learning rate to 0.000288581929876693
Epoch: 6 cost time: 11.597117900848389
Epoch: 6, Steps: 62, | Train Loss: 1.07615
Validation results --- Loss: 1.06151, Accuracy: 0.54321, Precision: 0.53832, Recall: 0.54297, F1: 0.53839, AUROC: 0.79610, AUPRC: 0.60552
Test results --- Loss: 1.07672, Accuracy: 0.54607, Precision: 0.54039, Recall: 0.54609 F1: 0.54017, AUROC: 0.79431, AUPRC: 0.59893
EarlyStopping counter: 1 out of 10
Updating learning rate to 0.00028365097862825513
Epoch: 7 cost time: 11.55087924003601
Epoch: 7, Steps: 62, | Train Loss: 1.06818
Validation results --- Loss: 1.05701, Accuracy: 0.55100, Precision: 0.54480, Recall: 0.55091, F1: 0.54408, AUROC: 0.79747, AUPRC: 0.60664
Test results --- Loss: 1.07569, Accuracy: 0.54607, Precision: 0.54149, Recall: 0.54626 F1: 0.53811, AUROC: 0.79487, AUPRC: 0.59888
EarlyStopping counter: 2 out of 10
Updating learning rate to 0.0002778960246531138
Epoch: 8 cost time: 11.55632495880127
Epoch: 8, Steps: 62, | Train Loss: 1.06597
Validation results --- Loss: 1.05355, Accuracy: 0.55642, Precision: 0.55388, Recall: 0.55630, F1: 0.55457, AUROC: 0.79705, AUPRC: 0.60842
Test results --- Loss: 1.07563, Accuracy: 0.54844, Precision: 0.54574, Recall: 0.54856 F1: 0.54609, AUROC: 0.79240, AUPRC: 0.59829
EarlyStopping counter: 3 out of 10
Updating learning rate to 0.0002713525491562421
Epoch: 9 cost time: 11.538307189941406
Epoch: 9, Steps: 62, | Train Loss: 1.05996
Validation results --- Loss: 1.04684, Accuracy: 0.56727, Precision: 0.57475, Recall: 0.56717, F1: 0.56987, AUROC: 0.79877, AUPRC: 0.61091
Test results --- Loss: 1.06746, Accuracy: 0.55928, Precision: 0.56473, Recall: 0.55940 F1: 0.56137, AUROC: 0.79457, AUPRC: 0.60174
Metric score decreased (-0.555655 --> -0.569872).  Saving model ...

Updating learning rate to 0.00026406089484000466
Epoch: 10 cost time: 11.590463876724243
Epoch: 10, Steps: 62, | Train Loss: 1.05087
Validation results --- Loss: 1.04182, Accuracy: 0.56354, Precision: 0.56303, Recall: 0.56346, F1: 0.56321, AUROC: 0.80153, AUPRC: 0.61442
Test results --- Loss: 1.06522, Accuracy: 0.55827, Precision: 0.55675, Recall: 0.55835 F1: 0.55725, AUROC: 0.79598, AUPRC: 0.60291
EarlyStopping counter: 1 out of 10
Updating learning rate to 0.00025606601717798207
Epoch: 11 cost time: 11.565015077590942
Epoch: 11, Steps: 62, | Train Loss: 1.04888
Validation results --- Loss: 1.04242, Accuracy: 0.55947, Precision: 0.57607, Recall: 0.55938, F1: 0.56383, AUROC: 0.80155, AUPRC: 0.61274
Test results --- Loss: 1.06236, Accuracy: 0.55725, Precision: 0.56919, Recall: 0.55734 F1: 0.56080, AUROC: 0.79688, AUPRC: 0.60434
EarlyStopping counter: 2 out of 10
Updating learning rate to 0.0002474172072495275
Epoch: 12 cost time: 11.570215225219727
Epoch: 12, Steps: 62, | Train Loss: 1.03961
Validation results --- Loss: 1.03740, Accuracy: 0.55845, Precision: 0.56658, Recall: 0.55825, F1: 0.56038, AUROC: 0.80367, AUPRC: 0.61427
Test results --- Loss: 1.05665, Accuracy: 0.56165, Precision: 0.56875, Recall: 0.56160 F1: 0.56386, AUROC: 0.79815, AUPRC: 0.60646
EarlyStopping counter: 3 out of 10
Updating learning rate to 0.00023816778784387094
Epoch: 13 cost time: 11.579620599746704
Epoch: 13, Steps: 62, | Train Loss: 1.02707
Validation results --- Loss: 1.05298, Accuracy: 0.55236, Precision: 0.58784, Recall: 0.55205, F1: 0.55733, AUROC: 0.80333, AUPRC: 0.61402
Test results --- Loss: 1.07059, Accuracy: 0.55183, Precision: 0.58233, Recall: 0.55165 F1: 0.55772, AUROC: 0.79707, AUPRC: 0.60660
EarlyStopping counter: 4 out of 10
Updating learning rate to 0.0002283747847073923
Epoch: 14 cost time: 11.538712501525879
Epoch: 14, Steps: 62, | Train Loss: 1.02430
Validation results --- Loss: 1.03097, Accuracy: 0.56252, Precision: 0.57288, Recall: 0.56225, F1: 0.56459, AUROC: 0.80578, AUPRC: 0.61833
Test results --- Loss: 1.05888, Accuracy: 0.55488, Precision: 0.56515, Recall: 0.55480 F1: 0.55789, AUROC: 0.79715, AUPRC: 0.60537
EarlyStopping counter: 5 out of 10
Updating learning rate to 0.00021809857496093199
Epoch: 15 cost time: 11.542632341384888
Epoch: 15, Steps: 62, | Train Loss: 1.01173
Validation results --- Loss: 1.02840, Accuracy: 0.56896, Precision: 0.58212, Recall: 0.56872, F1: 0.57218, AUROC: 0.80737, AUPRC: 0.61928
Test results --- Loss: 1.05383, Accuracy: 0.56131, Precision: 0.57213, Recall: 0.56122 F1: 0.56454, AUROC: 0.80047, AUPRC: 0.60872
Metric score decreased (-0.569872 --> -0.572178).  Saving model ...

Updating learning rate to 0.00020740251485476345
Epoch: 16 cost time: 11.54359221458435
Epoch: 16, Steps: 62, | Train Loss: 1.00783
Validation results --- Loss: 1.02945, Accuracy: 0.56388, Precision: 0.57515, Recall: 0.56358, F1: 0.56566, AUROC: 0.80683, AUPRC: 0.61827
Test results --- Loss: 1.05119, Accuracy: 0.56098, Precision: 0.56832, Recall: 0.56085 F1: 0.56270, AUROC: 0.80051, AUPRC: 0.61004
EarlyStopping counter: 1 out of 10
Updating learning rate to 0.0001963525491562421
Epoch: 17 cost time: 11.516494750976562
Epoch: 17, Steps: 62, | Train Loss: 1.00205
Validation results --- Loss: 1.02694, Accuracy: 0.55947, Precision: 0.55693, Recall: 0.55930, F1: 0.55722, AUROC: 0.80671, AUPRC: 0.61885
Test results --- Loss: 1.04896, Accuracy: 0.55556, Precision: 0.55198, Recall: 0.55562 F1: 0.55332, AUROC: 0.80105, AUPRC: 0.61085
EarlyStopping counter: 2 out of 10
Updating learning rate to 0.0001850168045783858
Epoch: 18 cost time: 11.537912368774414
Epoch: 18, Steps: 62, | Train Loss: 0.99560
Validation results --- Loss: 1.02954, Accuracy: 0.56422, Precision: 0.56400, Recall: 0.56412, F1: 0.56293, AUROC: 0.80609, AUPRC: 0.61956
Test results --- Loss: 1.05178, Accuracy: 0.55285, Precision: 0.55012, Recall: 0.55295 F1: 0.55085, AUROC: 0.80011, AUPRC: 0.60911
EarlyStopping counter: 3 out of 10
Updating learning rate to 0.00017346516975603462
Epoch: 19 cost time: 11.535620212554932
Epoch: 19, Steps: 62, | Train Loss: 0.99191
Validation results --- Loss: 1.02370, Accuracy: 0.56964, Precision: 0.58018, Recall: 0.56942, F1: 0.57234, AUROC: 0.80823, AUPRC: 0.62157
Test results --- Loss: 1.04481, Accuracy: 0.56131, Precision: 0.56990, Recall: 0.56125 F1: 0.56404, AUROC: 0.80165, AUPRC: 0.61295
Metric score decreased (-0.572178 --> -0.572338).  Saving model ...

Updating learning rate to 0.00016176886435917675
Epoch: 20 cost time: 11.556672811508179
Epoch: 20, Steps: 62, | Train Loss: 0.98508
Validation results --- Loss: 1.02878, Accuracy: 0.56422, Precision: 0.57244, Recall: 0.56404, F1: 0.56672, AUROC: 0.80734, AUPRC: 0.62009
Test results --- Loss: 1.04753, Accuracy: 0.56030, Precision: 0.56677, Recall: 0.56030 F1: 0.56269, AUROC: 0.80197, AUPRC: 0.61397
EarlyStopping counter: 1 out of 10
Updating learning rate to 0.00015
Epoch: 21 cost time: 11.597453355789185
Epoch: 21, Steps: 62, | Train Loss: 0.98194
Validation results --- Loss: 1.03007, Accuracy: 0.56150, Precision: 0.56285, Recall: 0.56125, F1: 0.56091, AUROC: 0.80748, AUPRC: 0.62109
Test results --- Loss: 1.05059, Accuracy: 0.55928, Precision: 0.55935, Recall: 0.55921 F1: 0.55887, AUROC: 0.80171, AUPRC: 0.61415
EarlyStopping counter: 2 out of 10
Updating learning rate to 0.00013823113564082325
Epoch: 22 cost time: 11.580466032028198
Epoch: 22, Steps: 62, | Train Loss: 0.98048
Validation results --- Loss: 1.02577, Accuracy: 0.56760, Precision: 0.56817, Recall: 0.56742, F1: 0.56707, AUROC: 0.80761, AUPRC: 0.62248
Test results --- Loss: 1.04755, Accuracy: 0.56165, Precision: 0.56147, Recall: 0.56167 F1: 0.56126, AUROC: 0.80177, AUPRC: 0.61297
EarlyStopping counter: 3 out of 10
Updating learning rate to 0.00012653483024396533
Epoch: 23 cost time: 11.568519592285156
Epoch: 23, Steps: 62, | Train Loss: 0.97347
Validation results --- Loss: 1.02748, Accuracy: 0.56760, Precision: 0.57020, Recall: 0.56741, F1: 0.56765, AUROC: 0.80739, AUPRC: 0.62267
Test results --- Loss: 1.04901, Accuracy: 0.56131, Precision: 0.56169, Recall: 0.56131 F1: 0.56101, AUROC: 0.80215, AUPRC: 0.61387
EarlyStopping counter: 4 out of 10
Updating learning rate to 0.00011498319542161423
Epoch: 24 cost time: 11.568323135375977
Epoch: 24, Steps: 62, | Train Loss: 0.96933
Validation results --- Loss: 1.03228, Accuracy: 0.56422, Precision: 0.57342, Recall: 0.56395, F1: 0.56483, AUROC: 0.80627, AUPRC: 0.62144
Test results --- Loss: 1.05496, Accuracy: 0.56131, Precision: 0.56823, Recall: 0.56118 F1: 0.56133, AUROC: 0.79978, AUPRC: 0.61088
EarlyStopping counter: 5 out of 10
Updating learning rate to 0.0001036474508437579
Epoch: 25 cost time: 11.563570261001587
Epoch: 25, Steps: 62, | Train Loss: 0.96682
Validation results --- Loss: 1.03225, Accuracy: 0.57133, Precision: 0.57687, Recall: 0.57124, F1: 0.56882, AUROC: 0.80788, AUPRC: 0.62374
Test results --- Loss: 1.05557, Accuracy: 0.56131, Precision: 0.57099, Recall: 0.56139 F1: 0.56118, AUROC: 0.80164, AUPRC: 0.61367
EarlyStopping counter: 6 out of 10
Updating learning rate to 9.259748514523653e-05
Epoch: 26 cost time: 11.571399688720703
Epoch: 26, Steps: 62, | Train Loss: 0.96450
Validation results --- Loss: 1.02962, Accuracy: 0.56455, Precision: 0.56110, Recall: 0.56437, F1: 0.56195, AUROC: 0.80720, AUPRC: 0.62286
Test results --- Loss: 1.05265, Accuracy: 0.55793, Precision: 0.55461, Recall: 0.55790 F1: 0.55561, AUROC: 0.80110, AUPRC: 0.61235
EarlyStopping counter: 7 out of 10
Updating learning rate to 8.190142503906798e-05
Epoch: 27 cost time: 11.538233518600464
Epoch: 27, Steps: 62, | Train Loss: 0.95918
Validation results --- Loss: 1.02965, Accuracy: 0.56760, Precision: 0.56994, Recall: 0.56736, F1: 0.56759, AUROC: 0.80770, AUPRC: 0.62411
Test results --- Loss: 1.05278, Accuracy: 0.56775, Precision: 0.57130, Recall: 0.56765 F1: 0.56865, AUROC: 0.80166, AUPRC: 0.61408
EarlyStopping counter: 8 out of 10
Updating learning rate to 7.162521529260767e-05
Epoch: 28 cost time: 11.482747077941895
Epoch: 28, Steps: 62, | Train Loss: 0.95546
Validation results --- Loss: 1.03191, Accuracy: 0.56727, Precision: 0.56455, Recall: 0.56719, F1: 0.56545, AUROC: 0.80652, AUPRC: 0.62255
Test results --- Loss: 1.05379, Accuracy: 0.55827, Precision: 0.55595, Recall: 0.55836 F1: 0.55677, AUROC: 0.80115, AUPRC: 0.61283
EarlyStopping counter: 9 out of 10
Updating learning rate to 6.183221215612904e-05
Epoch: 29 cost time: 11.524484157562256
Epoch: 29, Steps: 62, | Train Loss: 0.95425
Validation results --- Loss: 1.02961, Accuracy: 0.56659, Precision: 0.56501, Recall: 0.56646, F1: 0.56549, AUROC: 0.80704, AUPRC: 0.62337
Test results --- Loss: 1.05188, Accuracy: 0.56199, Precision: 0.56219, Recall: 0.56202 F1: 0.56181, AUROC: 0.80148, AUPRC: 0.61387
EarlyStopping counter: 10 out of 10
Early stopping
>>>>>>>testing : eeg_basis_mixer_v2_nobasis_mlla_Physionet_MI_seed_46_dm_192_dp_0.15_tl_5_bs_64_lr0.0003_aug_none_pl_32_cb32_kb16_tb20_pe192_ps8_ca0_cp1_gitnogit_20260502_085419<<<<<<<<<<<<<<<<<<<<<<<<<<<<<<<<<
Validation results --- Loss: 1.02370, Accuracy: 0.56964, Precision: 0.58018, Recall: 0.56942, F1: 0.57234, AUROC: 0.80823, AUPRC: 0.62157
Test results --- Loss: 1.04481, Accuracy: 0.56131, Precision: 0.56990, Recall: 0.56125, F1: 0.56404, AUROC: 0.80165, AUPRC: 0.61295

Validation results --- Loss: 1.02370, Accuracy: 0.56964, Precision: 0.58018, Recall: 0.56942, F1: 0.57234, AUROC: 0.80823, AUPRC: 0.62157
Test results --- Loss: 1.04481, Accuracy: 0.56131, Precision: 0.56990, Recall: 0.56125, F1: 0.56404, AUROC: 0.80165, AUPRC: 0.61295

[result] Saved experiment record to: results/runs/3632787_Physionet_MI_eeg_basis_mixer_v2_nobasis_mlla_seed46.yaml
Mean accuracy: 0.5533, precision: 0.5583,recall: 0.5532, f1: 0.5545, AUROC: 0.7975, AUPRC: 0.6140
Std accuracy: 0.0139, precision: 0.0117,recall: 0.0138, f1: 0.0135, AUROC: 0.0072, AUPRC: 0.0107
