[device] set CUDA_VISIBLE_DEVICES=0
[dataset_cfg] Physionet_MI root_path -> /work/bme-shenxk/data/Physionet_MI_wsn
[dataset_cfg] applied 38 params for Physionet_MI
A total 12 CPUs are used, making sure that num_worker is small than the number of CPUs
Use GPU (single): visible=0 -> cuda:0
================================================================================
[Model] eeg_basis_mixer_v2_nobasis
[Model Params] Total: 116,867 (0.117 M)
[Model Params] Trainable: 116,867 (0.117 M)
[Model Params] Non-trainable: 0 (0.000 M)
[Model Size] Parameters: 0.45 MB
[Model Size] Buffers: 0.00 MB
[Model Size] Total estimated: 0.45 MB
================================================================================
>>>>>>>start training : eeg_basis_mixer_v2_nobasis_Physionet_MI_seed_42_dm_192_dp_0.15_tl_5_bs_64_lr0.0003_aug_none_pl_32_cb32_kb16_tb20_pe192_ps8_ca0_cp1_gitnogit_20260501_223143>>>>>>>>>>>>>>>>>>>>>>>>>>
(3934, 800, 64)
(3934,)
(2951, 800, 64)
(2951,)
(2952, 800, 64)
(2952,)
Epoch: 1 cost time: 8.947816610336304
Epoch: 1, Steps: 62, | Train Loss: 1.39297
Validation results --- Loss: 1.33913, Accuracy: 0.33277, Precision: 0.35430, Recall: 0.33263, F1: 0.27301, AUROC: 0.62437, AUPRC: 0.35248
Test results --- Loss: 1.34046, Accuracy: 0.33503, Precision: 0.36964, Recall: 0.33517 F1: 0.27730, AUROC: 0.62781, AUPRC: 0.35626
Metric score decreased (inf --> -0.273012).  Saving model ...

Updating learning rate to 0.00029953760005996916
Epoch: 2 cost time: 8.62923812866211
Epoch: 2, Steps: 62, | Train Loss: 1.22498
Validation results --- Loss: 1.11513, Accuracy: 0.52863, Precision: 0.53351, Recall: 0.52839, F1: 0.52243, AUROC: 0.77551, AUPRC: 0.56585
Test results --- Loss: 1.12878, Accuracy: 0.52371, Precision: 0.53009, Recall: 0.52352 F1: 0.52007, AUROC: 0.77099, AUPRC: 0.56859
Metric score decreased (-0.273012 --> -0.522431).  Saving model ...

Updating learning rate to 0.00029815325108927063
Epoch: 3 cost time: 8.58022952079773
Epoch: 3, Steps: 62, | Train Loss: 1.09403
Validation results --- Loss: 1.08559, Accuracy: 0.54592, Precision: 0.55177, Recall: 0.54598, F1: 0.54403, AUROC: 0.78552, AUPRC: 0.58403
Test results --- Loss: 1.10682, Accuracy: 0.53150, Precision: 0.54433, Recall: 0.53160 F1: 0.53165, AUROC: 0.77923, AUPRC: 0.58350
Metric score decreased (-0.522431 --> -0.544025).  Saving model ...

Updating learning rate to 0.0002958554880596515
Epoch: 4 cost time: 8.613287687301636
Epoch: 4, Steps: 62, | Train Loss: 1.06909
Validation results --- Loss: 1.07964, Accuracy: 0.54524, Precision: 0.54208, Recall: 0.54526, F1: 0.54080, AUROC: 0.78793, AUPRC: 0.58417
Test results --- Loss: 1.09921, Accuracy: 0.53489, Precision: 0.53702, Recall: 0.53501 F1: 0.53315, AUROC: 0.78346, AUPRC: 0.58750
EarlyStopping counter: 1 out of 10
Updating learning rate to 0.00029265847744427303
Epoch: 5 cost time: 8.602863788604736
Epoch: 5, Steps: 62, | Train Loss: 1.06172
Validation results --- Loss: 1.08075, Accuracy: 0.55540, Precision: 0.55924, Recall: 0.55515, F1: 0.55474, AUROC: 0.78990, AUPRC: 0.58805
Test results --- Loss: 1.09365, Accuracy: 0.54607, Precision: 0.55277, Recall: 0.54587 F1: 0.54636, AUROC: 0.78771, AUPRC: 0.59487
Metric score decreased (-0.544025 --> -0.554737).  Saving model ...

Updating learning rate to 0.000288581929876693
Epoch: 6 cost time: 8.593973398208618
Epoch: 6, Steps: 62, | Train Loss: 1.04636
Validation results --- Loss: 1.07783, Accuracy: 0.54795, Precision: 0.55878, Recall: 0.54816, F1: 0.54970, AUROC: 0.78998, AUPRC: 0.58935
Test results --- Loss: 1.09683, Accuracy: 0.53963, Precision: 0.55732, Recall: 0.53986 F1: 0.54333, AUROC: 0.78556, AUPRC: 0.59146
EarlyStopping counter: 1 out of 10
Updating learning rate to 0.00028365097862825513
Epoch: 7 cost time: 8.58561372756958
Epoch: 7, Steps: 62, | Train Loss: 1.03802
Validation results --- Loss: 1.06285, Accuracy: 0.55845, Precision: 0.56440, Recall: 0.55819, F1: 0.55911, AUROC: 0.79426, AUPRC: 0.59486
Test results --- Loss: 1.07219, Accuracy: 0.55318, Precision: 0.56280, Recall: 0.55298 F1: 0.55564, AUROC: 0.79265, AUPRC: 0.60084
Metric score decreased (-0.554737 --> -0.559105).  Saving model ...

Updating learning rate to 0.0002778960246531138
Epoch: 8 cost time: 8.569937467575073
Epoch: 8, Steps: 62, | Train Loss: 1.02077
Validation results --- Loss: 1.05498, Accuracy: 0.54964, Precision: 0.54856, Recall: 0.54959, F1: 0.54881, AUROC: 0.79326, AUPRC: 0.59202
Test results --- Loss: 1.07160, Accuracy: 0.54336, Precision: 0.54824, Recall: 0.54335 F1: 0.54491, AUROC: 0.78940, AUPRC: 0.59602
EarlyStopping counter: 1 out of 10
Updating learning rate to 0.0002713525491562421
Epoch: 9 cost time: 8.595832109451294
Epoch: 9, Steps: 62, | Train Loss: 1.01606
Validation results --- Loss: 1.04845, Accuracy: 0.55608, Precision: 0.55919, Recall: 0.55613, F1: 0.55541, AUROC: 0.79604, AUPRC: 0.59604
Test results --- Loss: 1.06414, Accuracy: 0.55318, Precision: 0.56411, Recall: 0.55327 F1: 0.55500, AUROC: 0.79426, AUPRC: 0.60447
EarlyStopping counter: 2 out of 10
Updating learning rate to 0.00026406089484000466
Epoch: 10 cost time: 8.57808780670166
Epoch: 10, Steps: 62, | Train Loss: 1.00788
Validation results --- Loss: 1.04594, Accuracy: 0.56354, Precision: 0.57476, Recall: 0.56343, F1: 0.56713, AUROC: 0.79791, AUPRC: 0.59978
Test results --- Loss: 1.05805, Accuracy: 0.55623, Precision: 0.57532, Recall: 0.55617 F1: 0.56123, AUROC: 0.79707, AUPRC: 0.60827
Metric score decreased (-0.559105 --> -0.567126).  Saving model ...

Updating learning rate to 0.00025606601717798207
Epoch: 11 cost time: 8.582908868789673
Epoch: 11, Steps: 62, | Train Loss: 1.00135
Validation results --- Loss: 1.05909, Accuracy: 0.55439, Precision: 0.55502, Recall: 0.55441, F1: 0.55179, AUROC: 0.79525, AUPRC: 0.59641
Test results --- Loss: 1.06952, Accuracy: 0.55251, Precision: 0.55713, Recall: 0.55264 F1: 0.55282, AUROC: 0.79506, AUPRC: 0.60633
EarlyStopping counter: 1 out of 10
Updating learning rate to 0.0002474172072495275
Epoch: 12 cost time: 8.602233171463013
Epoch: 12, Steps: 62, | Train Loss: 0.99577
Validation results --- Loss: 1.04626, Accuracy: 0.56659, Precision: 0.56681, Recall: 0.56648, F1: 0.56604, AUROC: 0.79979, AUPRC: 0.60495
Test results --- Loss: 1.05197, Accuracy: 0.56165, Precision: 0.56749, Recall: 0.56160 F1: 0.56377, AUROC: 0.80123, AUPRC: 0.61550
EarlyStopping counter: 2 out of 10
Updating learning rate to 0.00023816778784387094
Epoch: 13 cost time: 8.628360271453857
Epoch: 13, Steps: 62, | Train Loss: 0.98640
Validation results --- Loss: 1.04493, Accuracy: 0.55981, Precision: 0.55572, Recall: 0.55974, F1: 0.55689, AUROC: 0.79952, AUPRC: 0.60392
Test results --- Loss: 1.04821, Accuracy: 0.56199, Precision: 0.56069, Recall: 0.56201 F1: 0.56113, AUROC: 0.80159, AUPRC: 0.61543
EarlyStopping counter: 3 out of 10
Updating learning rate to 0.0002283747847073923
Epoch: 14 cost time: 8.614211320877075
Epoch: 14, Steps: 62, | Train Loss: 0.97512
Validation results --- Loss: 1.04295, Accuracy: 0.55947, Precision: 0.56251, Recall: 0.55942, F1: 0.55985, AUROC: 0.79936, AUPRC: 0.60597
Test results --- Loss: 1.05066, Accuracy: 0.55725, Precision: 0.56753, Recall: 0.55725 F1: 0.55981, AUROC: 0.80119, AUPRC: 0.61495
EarlyStopping counter: 4 out of 10
Updating learning rate to 0.00021809857496093199
Epoch: 15 cost time: 8.633582592010498
Epoch: 15, Steps: 62, | Train Loss: 0.96852
Validation results --- Loss: 1.05367, Accuracy: 0.56388, Precision: 0.56718, Recall: 0.56367, F1: 0.56481, AUROC: 0.80049, AUPRC: 0.60835
Test results --- Loss: 1.05481, Accuracy: 0.56165, Precision: 0.56936, Recall: 0.56148 F1: 0.56388, AUROC: 0.80417, AUPRC: 0.61951
EarlyStopping counter: 5 out of 10
Updating learning rate to 0.00020740251485476345
Epoch: 16 cost time: 8.636441230773926
Epoch: 16, Steps: 62, | Train Loss: 0.95797
Validation results --- Loss: 1.05869, Accuracy: 0.55540, Precision: 0.55001, Recall: 0.55518, F1: 0.54851, AUROC: 0.79948, AUPRC: 0.60508
Test results --- Loss: 1.05442, Accuracy: 0.55725, Precision: 0.55302, Recall: 0.55711 F1: 0.55284, AUROC: 0.80377, AUPRC: 0.61960
EarlyStopping counter: 6 out of 10
Updating learning rate to 0.0001963525491562421
Epoch: 17 cost time: 8.625233888626099
Epoch: 17, Steps: 62, | Train Loss: 0.95341
Validation results --- Loss: 1.04271, Accuracy: 0.56422, Precision: 0.56176, Recall: 0.56400, F1: 0.56217, AUROC: 0.80171, AUPRC: 0.61078
Test results --- Loss: 1.03824, Accuracy: 0.56809, Precision: 0.56839, Recall: 0.56791 F1: 0.56775, AUROC: 0.80684, AUPRC: 0.62543
EarlyStopping counter: 7 out of 10
Updating learning rate to 0.0001850168045783858
Epoch: 18 cost time: 8.613377809524536
Epoch: 18, Steps: 62, | Train Loss: 0.94533
Validation results --- Loss: 1.07165, Accuracy: 0.54931, Precision: 0.54655, Recall: 0.54897, F1: 0.54116, AUROC: 0.79947, AUPRC: 0.60914
Test results --- Loss: 1.06224, Accuracy: 0.55928, Precision: 0.55949, Recall: 0.55904 F1: 0.55447, AUROC: 0.80398, AUPRC: 0.61890
EarlyStopping counter: 8 out of 10
Updating learning rate to 0.00017346516975603462
Epoch: 19 cost time: 8.593071937561035
Epoch: 19, Steps: 62, | Train Loss: 0.93686
Validation results --- Loss: 1.05455, Accuracy: 0.56218, Precision: 0.57019, Recall: 0.56207, F1: 0.56401, AUROC: 0.79999, AUPRC: 0.61017
Test results --- Loss: 1.05087, Accuracy: 0.56572, Precision: 0.57866, Recall: 0.56564 F1: 0.56970, AUROC: 0.80656, AUPRC: 0.62430
EarlyStopping counter: 9 out of 10
Updating learning rate to 0.00016176886435917675
Epoch: 20 cost time: 8.611492156982422
Epoch: 20, Steps: 62, | Train Loss: 0.93088
Validation results --- Loss: 1.05767, Accuracy: 0.56320, Precision: 0.57442, Recall: 0.56310, F1: 0.56550, AUROC: 0.79901, AUPRC: 0.61014
Test results --- Loss: 1.05177, Accuracy: 0.57012, Precision: 0.58424, Recall: 0.57004 F1: 0.57398, AUROC: 0.80625, AUPRC: 0.62375
EarlyStopping counter: 10 out of 10
Early stopping
>>>>>>>testing : eeg_basis_mixer_v2_nobasis_Physionet_MI_seed_42_dm_192_dp_0.15_tl_5_bs_64_lr0.0003_aug_none_pl_32_cb32_kb16_tb20_pe192_ps8_ca0_cp1_gitnogit_20260501_223143<<<<<<<<<<<<<<<<<<<<<<<<<<<<<<<<<
Validation results --- Loss: 1.04594, Accuracy: 0.56354, Precision: 0.57476, Recall: 0.56343, F1: 0.56713, AUROC: 0.79791, AUPRC: 0.59978
Test results --- Loss: 1.05805, Accuracy: 0.55623, Precision: 0.57532, Recall: 0.55617, F1: 0.56123, AUROC: 0.79707, AUPRC: 0.60827

Validation results --- Loss: 1.04594, Accuracy: 0.56354, Precision: 0.57476, Recall: 0.56343, F1: 0.56713, AUROC: 0.79791, AUPRC: 0.59978
Test results --- Loss: 1.05805, Accuracy: 0.55623, Precision: 0.57532, Recall: 0.55617, F1: 0.56123, AUROC: 0.79707, AUPRC: 0.60827

[result] Saved experiment record to: results/runs/3632604_Physionet_MI_eeg_basis_mixer_v2_nobasis_seed42.yaml
Use GPU (single): visible=0 -> cuda:0
================================================================================
[Model] eeg_basis_mixer_v2_nobasis
[Model Params] Total: 116,867 (0.117 M)
[Model Params] Trainable: 116,867 (0.117 M)
[Model Params] Non-trainable: 0 (0.000 M)
[Model Size] Parameters: 0.45 MB
[Model Size] Buffers: 0.00 MB
[Model Size] Total estimated: 0.45 MB
================================================================================
>>>>>>>start training : eeg_basis_mixer_v2_nobasis_Physionet_MI_seed_43_dm_192_dp_0.15_tl_5_bs_64_lr0.0003_aug_none_pl_32_cb32_kb16_tb20_pe192_ps8_ca0_cp1_gitnogit_20260501_223658>>>>>>>>>>>>>>>>>>>>>>>>>>
(3934, 800, 64)
(3934,)
(2951, 800, 64)
(2951,)
(2952, 800, 64)
(2952,)
Epoch: 1 cost time: 8.619019269943237
Epoch: 1, Steps: 62, | Train Loss: 1.39438
Validation results --- Loss: 1.37039, Accuracy: 0.29753, Precision: 0.25641, Recall: 0.29713, F1: 0.22223, AUROC: 0.61262, AUPRC: 0.33891
Test results --- Loss: 1.36819, Accuracy: 0.31165, Precision: 0.32597, Recall: 0.31117 F1: 0.23912, AUROC: 0.62037, AUPRC: 0.34172
Metric score decreased (inf --> -0.222234).  Saving model ...

Updating learning rate to 0.00029953760005996916
Epoch: 2 cost time: 8.62174940109253
Epoch: 2, Steps: 62, | Train Loss: 1.22524
Validation results --- Loss: 1.12017, Accuracy: 0.53033, Precision: 0.54351, Recall: 0.53013, F1: 0.53352, AUROC: 0.77033, AUPRC: 0.55548
Test results --- Loss: 1.13029, Accuracy: 0.51762, Precision: 0.53178, Recall: 0.51736 F1: 0.52016, AUROC: 0.76307, AUPRC: 0.55547
Metric score decreased (-0.222234 --> -0.533521).  Saving model ...

Updating learning rate to 0.00029815325108927063
Epoch: 3 cost time: 8.629992723464966
Epoch: 3, Steps: 62, | Train Loss: 1.09128
Validation results --- Loss: 1.09011, Accuracy: 0.54592, Precision: 0.55813, Recall: 0.54587, F1: 0.54823, AUROC: 0.78510, AUPRC: 0.58555
Test results --- Loss: 1.10325, Accuracy: 0.53184, Precision: 0.54427, Recall: 0.53172 F1: 0.53451, AUROC: 0.77442, AUPRC: 0.57545
Metric score decreased (-0.533521 --> -0.548233).  Saving model ...

Updating learning rate to 0.0002958554880596515
Epoch: 4 cost time: 8.63808012008667
Epoch: 4, Steps: 62, | Train Loss: 1.07212
Validation results --- Loss: 1.08266, Accuracy: 0.55303, Precision: 0.57128, Recall: 0.55327, F1: 0.55668, AUROC: 0.78974, AUPRC: 0.59449
Test results --- Loss: 1.09520, Accuracy: 0.53692, Precision: 0.55275, Recall: 0.53719 F1: 0.54048, AUROC: 0.77959, AUPRC: 0.58679
Metric score decreased (-0.548233 --> -0.556684).  Saving model ...

Updating learning rate to 0.00029265847744427303
Epoch: 5 cost time: 8.618632078170776
Epoch: 5, Steps: 62, | Train Loss: 1.05493
Validation results --- Loss: 1.07506, Accuracy: 0.55168, Precision: 0.55077, Recall: 0.55161, F1: 0.55078, AUROC: 0.78956, AUPRC: 0.59300
Test results --- Loss: 1.09160, Accuracy: 0.52608, Precision: 0.52703, Recall: 0.52600 F1: 0.52552, AUROC: 0.77882, AUPRC: 0.58620
EarlyStopping counter: 1 out of 10
Updating learning rate to 0.000288581929876693
Epoch: 6 cost time: 8.59630823135376
Epoch: 6, Steps: 62, | Train Loss: 1.04515
Validation results --- Loss: 1.07626, Accuracy: 0.55032, Precision: 0.54812, Recall: 0.55040, F1: 0.54881, AUROC: 0.79236, AUPRC: 0.59520
Test results --- Loss: 1.09343, Accuracy: 0.53963, Precision: 0.53770, Recall: 0.53970 F1: 0.53843, AUROC: 0.78136, AUPRC: 0.59033
EarlyStopping counter: 2 out of 10
Updating learning rate to 0.00028365097862825513
Epoch: 7 cost time: 8.620148420333862
Epoch: 7, Steps: 62, | Train Loss: 1.03948
Validation results --- Loss: 1.07617, Accuracy: 0.55168, Precision: 0.56327, Recall: 0.55189, F1: 0.54813, AUROC: 0.79365, AUPRC: 0.59768
Test results --- Loss: 1.10483, Accuracy: 0.52236, Precision: 0.53418, Recall: 0.52254 F1: 0.52024, AUROC: 0.77903, AUPRC: 0.58512
EarlyStopping counter: 3 out of 10
Updating learning rate to 0.0002778960246531138
Epoch: 8 cost time: 8.630373477935791
Epoch: 8, Steps: 62, | Train Loss: 1.02471
Validation results --- Loss: 1.05672, Accuracy: 0.55642, Precision: 0.56357, Recall: 0.55645, F1: 0.55902, AUROC: 0.79609, AUPRC: 0.59933
Test results --- Loss: 1.08360, Accuracy: 0.53591, Precision: 0.54234, Recall: 0.53586 F1: 0.53838, AUROC: 0.78177, AUPRC: 0.58943
Metric score decreased (-0.556684 --> -0.559024).  Saving model ...

Updating learning rate to 0.0002713525491562421
Epoch: 9 cost time: 8.628479719161987
Epoch: 9, Steps: 62, | Train Loss: 1.01653
Validation results --- Loss: 1.05032, Accuracy: 0.56184, Precision: 0.57246, Recall: 0.56192, F1: 0.56468, AUROC: 0.80028, AUPRC: 0.60883
Test results --- Loss: 1.07409, Accuracy: 0.53896, Precision: 0.54989, Recall: 0.53900 F1: 0.54235, AUROC: 0.78809, AUPRC: 0.59828
Metric score decreased (-0.559024 --> -0.564677).  Saving model ...

Updating learning rate to 0.00026406089484000466
Epoch: 10 cost time: 8.63448715209961
Epoch: 10, Steps: 62, | Train Loss: 1.00282
Validation results --- Loss: 1.04532, Accuracy: 0.56557, Precision: 0.57987, Recall: 0.56551, F1: 0.56982, AUROC: 0.80162, AUPRC: 0.61049
Test results --- Loss: 1.07803, Accuracy: 0.53591, Precision: 0.55106, Recall: 0.53576 F1: 0.53991, AUROC: 0.78831, AUPRC: 0.59831
Metric score decreased (-0.564677 --> -0.569824).  Saving model ...

Updating learning rate to 0.00025606601717798207
Epoch: 11 cost time: 8.615766763687134
Epoch: 11, Steps: 62, | Train Loss: 0.99440
Validation results --- Loss: 1.04870, Accuracy: 0.56150, Precision: 0.58013, Recall: 0.56146, F1: 0.56552, AUROC: 0.79881, AUPRC: 0.60837
Test results --- Loss: 1.07344, Accuracy: 0.53455, Precision: 0.55953, Recall: 0.53443 F1: 0.53904, AUROC: 0.78773, AUPRC: 0.60050
EarlyStopping counter: 1 out of 10
Updating learning rate to 0.0002474172072495275
Epoch: 12 cost time: 8.630448818206787
Epoch: 12, Steps: 62, | Train Loss: 0.98666
Validation results --- Loss: 1.05165, Accuracy: 0.55608, Precision: 0.55388, Recall: 0.55600, F1: 0.55366, AUROC: 0.79909, AUPRC: 0.60880
Test results --- Loss: 1.07387, Accuracy: 0.53692, Precision: 0.53612, Recall: 0.53685 F1: 0.53558, AUROC: 0.78850, AUPRC: 0.60036
EarlyStopping counter: 2 out of 10
Updating learning rate to 0.00023816778784387094
Epoch: 13 cost time: 8.61899995803833
Epoch: 13, Steps: 62, | Train Loss: 0.98277
Validation results --- Loss: 1.04350, Accuracy: 0.56388, Precision: 0.57650, Recall: 0.56396, F1: 0.56757, AUROC: 0.80301, AUPRC: 0.61629
Test results --- Loss: 1.06883, Accuracy: 0.54438, Precision: 0.56019, Recall: 0.54446 F1: 0.54885, AUROC: 0.79273, AUPRC: 0.60786
EarlyStopping counter: 3 out of 10
Updating learning rate to 0.0002283747847073923
Epoch: 14 cost time: 8.614956378936768
Epoch: 14, Steps: 62, | Train Loss: 0.97282
Validation results --- Loss: 1.04190, Accuracy: 0.56489, Precision: 0.58612, Recall: 0.56497, F1: 0.57020, AUROC: 0.80201, AUPRC: 0.61557
Test results --- Loss: 1.06999, Accuracy: 0.53896, Precision: 0.56228, Recall: 0.53897 F1: 0.54389, AUROC: 0.79092, AUPRC: 0.60543
Metric score decreased (-0.569824 --> -0.570197).  Saving model ...

Updating learning rate to 0.00021809857496093199
Epoch: 15 cost time: 8.598554611206055
Epoch: 15, Steps: 62, | Train Loss: 0.96676
Validation results --- Loss: 1.04509, Accuracy: 0.56049, Precision: 0.56459, Recall: 0.56037, F1: 0.56177, AUROC: 0.80182, AUPRC: 0.61523
Test results --- Loss: 1.07221, Accuracy: 0.54031, Precision: 0.54700, Recall: 0.54013 F1: 0.54177, AUROC: 0.79062, AUPRC: 0.60652
EarlyStopping counter: 1 out of 10
Updating learning rate to 0.00020740251485476345
Epoch: 16 cost time: 8.640454530715942
Epoch: 16, Steps: 62, | Train Loss: 0.96530
Validation results --- Loss: 1.05226, Accuracy: 0.56659, Precision: 0.58745, Recall: 0.56673, F1: 0.57092, AUROC: 0.80219, AUPRC: 0.61728
Test results --- Loss: 1.07343, Accuracy: 0.54743, Precision: 0.56925, Recall: 0.54750 F1: 0.55253, AUROC: 0.79338, AUPRC: 0.61090
Metric score decreased (-0.570197 --> -0.570924).  Saving model ...

Updating learning rate to 0.0001963525491562421
Epoch: 17 cost time: 8.63322925567627
Epoch: 17, Steps: 62, | Train Loss: 0.95456
Validation results --- Loss: 1.04550, Accuracy: 0.55879, Precision: 0.55938, Recall: 0.55873, F1: 0.55898, AUROC: 0.80300, AUPRC: 0.61728
Test results --- Loss: 1.06911, Accuracy: 0.54810, Precision: 0.55183, Recall: 0.54800 F1: 0.54925, AUROC: 0.79316, AUPRC: 0.60956
EarlyStopping counter: 1 out of 10
Updating learning rate to 0.0001850168045783858
Epoch: 18 cost time: 8.619808435440063
Epoch: 18, Steps: 62, | Train Loss: 0.94549
Validation results --- Loss: 1.04176, Accuracy: 0.56557, Precision: 0.57012, Recall: 0.56548, F1: 0.56721, AUROC: 0.80470, AUPRC: 0.62048
Test results --- Loss: 1.07541, Accuracy: 0.54505, Precision: 0.55014, Recall: 0.54492 F1: 0.54643, AUROC: 0.79228, AUPRC: 0.60901
EarlyStopping counter: 2 out of 10
Updating learning rate to 0.00017346516975603462
Epoch: 19 cost time: 8.634313583374023
Epoch: 19, Steps: 62, | Train Loss: 0.93916
Validation results --- Loss: 1.04380, Accuracy: 0.55947, Precision: 0.56918, Recall: 0.55944, F1: 0.56156, AUROC: 0.80300, AUPRC: 0.61725
Test results --- Loss: 1.07115, Accuracy: 0.54743, Precision: 0.55897, Recall: 0.54735 F1: 0.54928, AUROC: 0.79276, AUPRC: 0.60955
EarlyStopping counter: 3 out of 10
Updating learning rate to 0.00016176886435917675
Epoch: 20 cost time: 8.643294095993042
Epoch: 20, Steps: 62, | Train Loss: 0.93185
Validation results --- Loss: 1.05435, Accuracy: 0.55574, Precision: 0.55550, Recall: 0.55567, F1: 0.55355, AUROC: 0.80119, AUPRC: 0.61468
Test results --- Loss: 1.08161, Accuracy: 0.53794, Precision: 0.53907, Recall: 0.53782 F1: 0.53631, AUROC: 0.79066, AUPRC: 0.60685
EarlyStopping counter: 4 out of 10
Updating learning rate to 0.00015
Epoch: 21 cost time: 8.609018325805664
Epoch: 21, Steps: 62, | Train Loss: 0.92893
Validation results --- Loss: 1.04203, Accuracy: 0.56455, Precision: 0.56973, Recall: 0.56450, F1: 0.56612, AUROC: 0.80383, AUPRC: 0.61813
Test results --- Loss: 1.07145, Accuracy: 0.54844, Precision: 0.55537, Recall: 0.54833 F1: 0.55037, AUROC: 0.79304, AUPRC: 0.61003
EarlyStopping counter: 5 out of 10
Updating learning rate to 0.00013823113564082325
Epoch: 22 cost time: 8.612884759902954
Epoch: 22, Steps: 62, | Train Loss: 0.91920
Validation results --- Loss: 1.04995, Accuracy: 0.55507, Precision: 0.55300, Recall: 0.55503, F1: 0.55343, AUROC: 0.80373, AUPRC: 0.62007
Test results --- Loss: 1.07463, Accuracy: 0.55318, Precision: 0.55259, Recall: 0.55313 F1: 0.55257, AUROC: 0.79383, AUPRC: 0.61167
EarlyStopping counter: 6 out of 10
Updating learning rate to 0.00012653483024396533
Epoch: 23 cost time: 8.621684074401855
Epoch: 23, Steps: 62, | Train Loss: 0.91037
Validation results --- Loss: 1.04331, Accuracy: 0.56320, Precision: 0.56863, Recall: 0.56323, F1: 0.56524, AUROC: 0.80498, AUPRC: 0.62210
Test results --- Loss: 1.07010, Accuracy: 0.55454, Precision: 0.56099, Recall: 0.55454 F1: 0.55693, AUROC: 0.79552, AUPRC: 0.61466
EarlyStopping counter: 7 out of 10
Updating learning rate to 0.00011498319542161423
Epoch: 24 cost time: 8.626747369766235
Epoch: 24, Steps: 62, | Train Loss: 0.89965
Validation results --- Loss: 1.04803, Accuracy: 0.56117, Precision: 0.56547, Recall: 0.56109, F1: 0.56272, AUROC: 0.80325, AUPRC: 0.61976
Test results --- Loss: 1.07973, Accuracy: 0.55285, Precision: 0.56072, Recall: 0.55272 F1: 0.55509, AUROC: 0.79373, AUPRC: 0.61237
EarlyStopping counter: 8 out of 10
Updating learning rate to 0.0001036474508437579
Epoch: 25 cost time: 8.618511199951172
Epoch: 25, Steps: 62, | Train Loss: 0.89484
Validation results --- Loss: 1.05128, Accuracy: 0.56422, Precision: 0.57107, Recall: 0.56413, F1: 0.56651, AUROC: 0.80367, AUPRC: 0.62166
Test results --- Loss: 1.08313, Accuracy: 0.54844, Precision: 0.55610, Recall: 0.54831 F1: 0.55041, AUROC: 0.79302, AUPRC: 0.61190
EarlyStopping counter: 9 out of 10
Updating learning rate to 9.259748514523653e-05
Epoch: 26 cost time: 8.631815910339355
Epoch: 26, Steps: 62, | Train Loss: 0.88962
Validation results --- Loss: 1.05900, Accuracy: 0.56150, Precision: 0.56939, Recall: 0.56144, F1: 0.56413, AUROC: 0.80227, AUPRC: 0.61898
Test results --- Loss: 1.08921, Accuracy: 0.54946, Precision: 0.55930, Recall: 0.54933 F1: 0.55216, AUROC: 0.79319, AUPRC: 0.61196
EarlyStopping counter: 10 out of 10
Early stopping
>>>>>>>testing : eeg_basis_mixer_v2_nobasis_Physionet_MI_seed_43_dm_192_dp_0.15_tl_5_bs_64_lr0.0003_aug_none_pl_32_cb32_kb16_tb20_pe192_ps8_ca0_cp1_gitnogit_20260501_223658<<<<<<<<<<<<<<<<<<<<<<<<<<<<<<<<<
Validation results --- Loss: 1.05226, Accuracy: 0.56659, Precision: 0.58745, Recall: 0.56673, F1: 0.57092, AUROC: 0.80219, AUPRC: 0.61728
Test results --- Loss: 1.07343, Accuracy: 0.54743, Precision: 0.56925, Recall: 0.54750, F1: 0.55253, AUROC: 0.79338, AUPRC: 0.61090

Validation results --- Loss: 1.05226, Accuracy: 0.56659, Precision: 0.58745, Recall: 0.56673, F1: 0.57092, AUROC: 0.80219, AUPRC: 0.61728
Test results --- Loss: 1.07343, Accuracy: 0.54743, Precision: 0.56925, Recall: 0.54750, F1: 0.55253, AUROC: 0.79338, AUPRC: 0.61090

[result] Saved experiment record to: results/runs/3632604_Physionet_MI_eeg_basis_mixer_v2_nobasis_seed43.yaml
Use GPU (single): visible=0 -> cuda:0
================================================================================
[Model] eeg_basis_mixer_v2_nobasis
[Model Params] Total: 116,867 (0.117 M)
[Model Params] Trainable: 116,867 (0.117 M)
[Model Params] Non-trainable: 0 (0.000 M)
[Model Size] Parameters: 0.45 MB
[Model Size] Buffers: 0.00 MB
[Model Size] Total estimated: 0.45 MB
================================================================================
>>>>>>>start training : eeg_basis_mixer_v2_nobasis_Physionet_MI_seed_44_dm_192_dp_0.15_tl_5_bs_64_lr0.0003_aug_none_pl_32_cb32_kb16_tb20_pe192_ps8_ca0_cp1_gitnogit_20260501_224334>>>>>>>>>>>>>>>>>>>>>>>>>>
(3934, 800, 64)
(3934,)
(2951, 800, 64)
(2951,)
(2952, 800, 64)
(2952,)
Epoch: 1 cost time: 8.667954444885254
Epoch: 1, Steps: 62, | Train Loss: 1.41893
Validation results --- Loss: 1.38809, Accuracy: 0.25381, Precision: 0.20294, Recall: 0.25283, F1: 0.18778, AUROC: 0.50902, AUPRC: 0.26057
Test results --- Loss: 1.38713, Accuracy: 0.26355, Precision: 0.19947, Recall: 0.26247 F1: 0.19211, AUROC: 0.52402, AUPRC: 0.26725
Metric score decreased (inf --> -0.187777).  Saving model ...

Updating learning rate to 0.00029953760005996916
Epoch: 2 cost time: 8.623368263244629
Epoch: 2, Steps: 62, | Train Loss: 1.37757
Validation results --- Loss: 1.32613, Accuracy: 0.38224, Precision: 0.40450, Recall: 0.38245, F1: 0.37946, AUROC: 0.64287, AUPRC: 0.38137
Test results --- Loss: 1.31607, Accuracy: 0.40515, Precision: 0.42968, Recall: 0.40537 F1: 0.40291, AUROC: 0.65540, AUPRC: 0.40542
Metric score decreased (-0.187777 --> -0.379459).  Saving model ...

Updating learning rate to 0.00029815325108927063
Epoch: 3 cost time: 8.626222848892212
Epoch: 3, Steps: 62, | Train Loss: 1.19699
Validation results --- Loss: 1.11711, Accuracy: 0.52694, Precision: 0.54238, Recall: 0.52681, F1: 0.53101, AUROC: 0.77488, AUPRC: 0.57102
Test results --- Loss: 1.09093, Accuracy: 0.54573, Precision: 0.55700, Recall: 0.54557 F1: 0.54894, AUROC: 0.78467, AUPRC: 0.59387
Metric score decreased (-0.379459 --> -0.531014).  Saving model ...

Updating learning rate to 0.0002958554880596515
Epoch: 4 cost time: 8.604696989059448
Epoch: 4, Steps: 62, | Train Loss: 1.09935
Validation results --- Loss: 1.11495, Accuracy: 0.53304, Precision: 0.57533, Recall: 0.53278, F1: 0.53792, AUROC: 0.78095, AUPRC: 0.58345
Test results --- Loss: 1.08396, Accuracy: 0.54810, Precision: 0.58559, Recall: 0.54780 F1: 0.55405, AUROC: 0.79056, AUPRC: 0.60416
Metric score decreased (-0.531014 --> -0.537921).  Saving model ...

Updating learning rate to 0.00029265847744427303
Epoch: 5 cost time: 8.593010187149048
Epoch: 5, Steps: 62, | Train Loss: 1.08534
Validation results --- Loss: 1.10343, Accuracy: 0.53541, Precision: 0.53404, Recall: 0.53520, F1: 0.52308, AUROC: 0.78649, AUPRC: 0.59235
Test results --- Loss: 1.07998, Accuracy: 0.54539, Precision: 0.55169, Recall: 0.54527 F1: 0.53522, AUROC: 0.79595, AUPRC: 0.61228
EarlyStopping counter: 1 out of 10
Updating learning rate to 0.000288581929876693
Epoch: 6 cost time: 8.57874584197998
Epoch: 6, Steps: 62, | Train Loss: 1.07469
Validation results --- Loss: 1.09356, Accuracy: 0.54049, Precision: 0.55702, Recall: 0.54034, F1: 0.54476, AUROC: 0.78671, AUPRC: 0.59552
Test results --- Loss: 1.06578, Accuracy: 0.56267, Precision: 0.57895, Recall: 0.56248 F1: 0.56656, AUROC: 0.79626, AUPRC: 0.61369
Metric score decreased (-0.537921 --> -0.544758).  Saving model ...

Updating learning rate to 0.00028365097862825513
Epoch: 7 cost time: 8.650098085403442
Epoch: 7, Steps: 62, | Train Loss: 1.06209
Validation results --- Loss: 1.08927, Accuracy: 0.54354, Precision: 0.56386, Recall: 0.54360, F1: 0.54684, AUROC: 0.78822, AUPRC: 0.59602
Test results --- Loss: 1.05498, Accuracy: 0.56640, Precision: 0.57971, Recall: 0.56642 F1: 0.56962, AUROC: 0.79885, AUPRC: 0.61672
Metric score decreased (-0.544758 --> -0.546837).  Saving model ...

Updating learning rate to 0.0002778960246531138
Epoch: 8 cost time: 8.627643585205078
Epoch: 8, Steps: 62, | Train Loss: 1.05649
Validation results --- Loss: 1.08309, Accuracy: 0.54422, Precision: 0.55221, Recall: 0.54407, F1: 0.54686, AUROC: 0.78982, AUPRC: 0.59969
Test results --- Loss: 1.05526, Accuracy: 0.56911, Precision: 0.57779, Recall: 0.56891 F1: 0.57125, AUROC: 0.79949, AUPRC: 0.61776
Metric score decreased (-0.546837 --> -0.546860).  Saving model ...

Updating learning rate to 0.0002713525491562421
Epoch: 9 cost time: 8.620558738708496
Epoch: 9, Steps: 62, | Train Loss: 1.04703
Validation results --- Loss: 1.07643, Accuracy: 0.54185, Precision: 0.54379, Recall: 0.54173, F1: 0.54210, AUROC: 0.79026, AUPRC: 0.59826
Test results --- Loss: 1.05158, Accuracy: 0.56267, Precision: 0.56759, Recall: 0.56249 F1: 0.56329, AUROC: 0.79998, AUPRC: 0.61743
EarlyStopping counter: 1 out of 10
Updating learning rate to 0.00026406089484000466
Epoch: 10 cost time: 8.60308837890625
Epoch: 10, Steps: 62, | Train Loss: 1.03604
Validation results --- Loss: 1.07736, Accuracy: 0.53507, Precision: 0.55873, Recall: 0.53525, F1: 0.53974, AUROC: 0.78979, AUPRC: 0.59862
Test results --- Loss: 1.04770, Accuracy: 0.56809, Precision: 0.59101, Recall: 0.56812 F1: 0.57327, AUROC: 0.80076, AUPRC: 0.61775
EarlyStopping counter: 2 out of 10
Updating learning rate to 0.00025606601717798207
Epoch: 11 cost time: 8.576781988143921
Epoch: 11, Steps: 62, | Train Loss: 1.02882
Validation results --- Loss: 1.08051, Accuracy: 0.53846, Precision: 0.54026, Recall: 0.53858, F1: 0.52842, AUROC: 0.79184, AUPRC: 0.60023
Test results --- Loss: 1.05440, Accuracy: 0.54844, Precision: 0.54959, Recall: 0.54859 F1: 0.53898, AUROC: 0.80291, AUPRC: 0.61977
EarlyStopping counter: 3 out of 10
Updating learning rate to 0.0002474172072495275
Epoch: 12 cost time: 8.617303371429443
Epoch: 12, Steps: 62, | Train Loss: 1.02051
Validation results --- Loss: 1.07016, Accuracy: 0.53778, Precision: 0.55344, Recall: 0.53781, F1: 0.54059, AUROC: 0.79277, AUPRC: 0.60305
Test results --- Loss: 1.03964, Accuracy: 0.56673, Precision: 0.58482, Recall: 0.56670 F1: 0.56983, AUROC: 0.80380, AUPRC: 0.62160
EarlyStopping counter: 4 out of 10
Updating learning rate to 0.00023816778784387094
Epoch: 13 cost time: 8.60683536529541
Epoch: 13, Steps: 62, | Train Loss: 1.00846
Validation results --- Loss: 1.08042, Accuracy: 0.54354, Precision: 0.57273, Recall: 0.54351, F1: 0.54959, AUROC: 0.79283, AUPRC: 0.60339
Test results --- Loss: 1.04785, Accuracy: 0.56402, Precision: 0.59356, Recall: 0.56385 F1: 0.56964, AUROC: 0.80482, AUPRC: 0.62410
Metric score decreased (-0.546860 --> -0.549590).  Saving model ...

Updating learning rate to 0.0002283747847073923
Epoch: 14 cost time: 8.615302324295044
Epoch: 14, Steps: 62, | Train Loss: 1.00121
Validation results --- Loss: 1.06399, Accuracy: 0.55168, Precision: 0.56809, Recall: 0.55159, F1: 0.55619, AUROC: 0.79553, AUPRC: 0.60680
Test results --- Loss: 1.03185, Accuracy: 0.57385, Precision: 0.59111, Recall: 0.57366 F1: 0.57800, AUROC: 0.80736, AUPRC: 0.62770
Metric score decreased (-0.549590 --> -0.556191).  Saving model ...

Updating learning rate to 0.00021809857496093199
Epoch: 15 cost time: 8.61629605293274
Epoch: 15, Steps: 62, | Train Loss: 0.99709
Validation results --- Loss: 1.07581, Accuracy: 0.55066, Precision: 0.57338, Recall: 0.55054, F1: 0.55475, AUROC: 0.79542, AUPRC: 0.60757
Test results --- Loss: 1.04874, Accuracy: 0.56538, Precision: 0.59118, Recall: 0.56521 F1: 0.56961, AUROC: 0.80565, AUPRC: 0.62717
EarlyStopping counter: 1 out of 10
Updating learning rate to 0.00020740251485476345
Epoch: 16 cost time: 8.652758121490479
Epoch: 16, Steps: 62, | Train Loss: 0.99517
Validation results --- Loss: 1.06351, Accuracy: 0.55202, Precision: 0.55627, Recall: 0.55187, F1: 0.55341, AUROC: 0.79499, AUPRC: 0.60837
Test results --- Loss: 1.03329, Accuracy: 0.56978, Precision: 0.57810, Recall: 0.56958 F1: 0.57167, AUROC: 0.80658, AUPRC: 0.62667
EarlyStopping counter: 2 out of 10
Updating learning rate to 0.0001963525491562421
Epoch: 17 cost time: 8.617725849151611
Epoch: 17, Steps: 62, | Train Loss: 0.98773
Validation results --- Loss: 1.06495, Accuracy: 0.55236, Precision: 0.56835, Recall: 0.55228, F1: 0.55682, AUROC: 0.79621, AUPRC: 0.61010
Test results --- Loss: 1.03426, Accuracy: 0.57283, Precision: 0.59149, Recall: 0.57267 F1: 0.57723, AUROC: 0.80733, AUPRC: 0.62830
Metric score decreased (-0.556191 --> -0.556820).  Saving model ...

Updating learning rate to 0.0001850168045783858
Epoch: 18 cost time: 8.642282485961914
Epoch: 18, Steps: 62, | Train Loss: 0.97914
Validation results --- Loss: 1.05915, Accuracy: 0.55710, Precision: 0.55552, Recall: 0.55693, F1: 0.55590, AUROC: 0.79725, AUPRC: 0.61205
Test results --- Loss: 1.03164, Accuracy: 0.57419, Precision: 0.57581, Recall: 0.57404 F1: 0.57401, AUROC: 0.80831, AUPRC: 0.63056
EarlyStopping counter: 1 out of 10
Updating learning rate to 0.00017346516975603462
Epoch: 19 cost time: 8.68171763420105
Epoch: 19, Steps: 62, | Train Loss: 0.97664
Validation results --- Loss: 1.05916, Accuracy: 0.55507, Precision: 0.55583, Recall: 0.55497, F1: 0.55327, AUROC: 0.79736, AUPRC: 0.61230
Test results --- Loss: 1.03502, Accuracy: 0.57283, Precision: 0.57596, Recall: 0.57276 F1: 0.57146, AUROC: 0.80793, AUPRC: 0.63062
EarlyStopping counter: 2 out of 10
Updating learning rate to 0.00016176886435917675
Epoch: 20 cost time: 8.65548825263977
Epoch: 20, Steps: 62, | Train Loss: 0.97059
Validation results --- Loss: 1.06265, Accuracy: 0.55236, Precision: 0.55684, Recall: 0.55227, F1: 0.55072, AUROC: 0.79763, AUPRC: 0.61301
Test results --- Loss: 1.04003, Accuracy: 0.57012, Precision: 0.57816, Recall: 0.57006 F1: 0.56848, AUROC: 0.80723, AUPRC: 0.62869
EarlyStopping counter: 3 out of 10
Updating learning rate to 0.00015
Epoch: 21 cost time: 8.639178276062012
Epoch: 21, Steps: 62, | Train Loss: 0.96246
Validation results --- Loss: 1.06432, Accuracy: 0.55202, Precision: 0.55595, Recall: 0.55198, F1: 0.55282, AUROC: 0.79744, AUPRC: 0.61301
Test results --- Loss: 1.03549, Accuracy: 0.57148, Precision: 0.57559, Recall: 0.57142 F1: 0.57247, AUROC: 0.80823, AUPRC: 0.63001
EarlyStopping counter: 4 out of 10
Updating learning rate to 0.00013823113564082325
Epoch: 22 cost time: 8.637149095535278
Epoch: 22, Steps: 62, | Train Loss: 0.95580
Validation results --- Loss: 1.06292, Accuracy: 0.55100, Precision: 0.56089, Recall: 0.55089, F1: 0.55382, AUROC: 0.79589, AUPRC: 0.61193
Test results --- Loss: 1.03145, Accuracy: 0.57114, Precision: 0.58155, Recall: 0.57096 F1: 0.57373, AUROC: 0.80647, AUPRC: 0.62766
EarlyStopping counter: 5 out of 10
Updating learning rate to 0.00012653483024396533
Epoch: 23 cost time: 8.616765022277832
Epoch: 23, Steps: 62, | Train Loss: 0.94937
Validation results --- Loss: 1.06528, Accuracy: 0.55642, Precision: 0.56199, Recall: 0.55624, F1: 0.55789, AUROC: 0.79619, AUPRC: 0.61268
Test results --- Loss: 1.04037, Accuracy: 0.57046, Precision: 0.57849, Recall: 0.57023 F1: 0.57194, AUROC: 0.80530, AUPRC: 0.62693
Metric score decreased (-0.556820 --> -0.557890).  Saving model ...

Updating learning rate to 0.00011498319542161423
Epoch: 24 cost time: 8.643700361251831
Epoch: 24, Steps: 62, | Train Loss: 0.94318
Validation results --- Loss: 1.06347, Accuracy: 0.56184, Precision: 0.56362, Recall: 0.56169, F1: 0.56238, AUROC: 0.79608, AUPRC: 0.61282
Test results --- Loss: 1.03660, Accuracy: 0.56707, Precision: 0.57057, Recall: 0.56691 F1: 0.56784, AUROC: 0.80592, AUPRC: 0.62767
Metric score decreased (-0.557890 --> -0.562378).  Saving model ...

Updating learning rate to 0.0001036474508437579
Epoch: 25 cost time: 8.630328178405762
Epoch: 25, Steps: 62, | Train Loss: 0.94120
Validation results --- Loss: 1.06799, Accuracy: 0.55812, Precision: 0.55605, Recall: 0.55795, F1: 0.55670, AUROC: 0.79631, AUPRC: 0.61315
Test results --- Loss: 1.04453, Accuracy: 0.56707, Precision: 0.56614, Recall: 0.56693 F1: 0.56572, AUROC: 0.80516, AUPRC: 0.62769
EarlyStopping counter: 1 out of 10
Updating learning rate to 9.259748514523653e-05
Epoch: 26 cost time: 8.617111444473267
Epoch: 26, Steps: 62, | Train Loss: 0.93607
Validation results --- Loss: 1.07355, Accuracy: 0.55303, Precision: 0.55569, Recall: 0.55295, F1: 0.55196, AUROC: 0.79604, AUPRC: 0.61232
Test results --- Loss: 1.05102, Accuracy: 0.57080, Precision: 0.57496, Recall: 0.57070 F1: 0.56996, AUROC: 0.80475, AUPRC: 0.62668
EarlyStopping counter: 2 out of 10
Updating learning rate to 8.190142503906798e-05
Epoch: 27 cost time: 8.611860990524292
Epoch: 27, Steps: 62, | Train Loss: 0.93240
Validation results --- Loss: 1.07013, Accuracy: 0.55845, Precision: 0.56348, Recall: 0.55831, F1: 0.55971, AUROC: 0.79605, AUPRC: 0.61312
Test results --- Loss: 1.04793, Accuracy: 0.57114, Precision: 0.57847, Recall: 0.57096 F1: 0.57249, AUROC: 0.80443, AUPRC: 0.62690
EarlyStopping counter: 3 out of 10
Updating learning rate to 7.162521529260767e-05
Epoch: 28 cost time: 8.61626410484314
Epoch: 28, Steps: 62, | Train Loss: 0.92875
Validation results --- Loss: 1.06781, Accuracy: 0.55303, Precision: 0.56102, Recall: 0.55298, F1: 0.55586, AUROC: 0.79495, AUPRC: 0.61237
Test results --- Loss: 1.04057, Accuracy: 0.56606, Precision: 0.57397, Recall: 0.56596 F1: 0.56875, AUROC: 0.80438, AUPRC: 0.62624
EarlyStopping counter: 4 out of 10
Updating learning rate to 6.183221215612904e-05
Epoch: 29 cost time: 8.625069856643677
Epoch: 29, Steps: 62, | Train Loss: 0.92263
Validation results --- Loss: 1.07030, Accuracy: 0.55947, Precision: 0.56173, Recall: 0.55933, F1: 0.55997, AUROC: 0.79587, AUPRC: 0.61316
Test results --- Loss: 1.04792, Accuracy: 0.57080, Precision: 0.57382, Recall: 0.57063 F1: 0.57105, AUROC: 0.80445, AUPRC: 0.62684
EarlyStopping counter: 5 out of 10
Updating learning rate to 5.2582792750472464e-05
Epoch: 30 cost time: 8.665706396102905
Epoch: 30, Steps: 62, | Train Loss: 0.91903
Validation results --- Loss: 1.07299, Accuracy: 0.55439, Precision: 0.55302, Recall: 0.55426, F1: 0.55295, AUROC: 0.79477, AUPRC: 0.61180
Test results --- Loss: 1.05180, Accuracy: 0.56402, Precision: 0.56309, Recall: 0.56390 F1: 0.56218, AUROC: 0.80324, AUPRC: 0.62462
EarlyStopping counter: 6 out of 10
Updating learning rate to 4.3933982822017876e-05
Epoch: 31 cost time: 8.652489185333252
Epoch: 31, Steps: 62, | Train Loss: 0.91669
Validation results --- Loss: 1.07392, Accuracy: 0.55676, Precision: 0.56318, Recall: 0.55670, F1: 0.55880, AUROC: 0.79433, AUPRC: 0.61116
Test results --- Loss: 1.05001, Accuracy: 0.56504, Precision: 0.57215, Recall: 0.56492 F1: 0.56690, AUROC: 0.80283, AUPRC: 0.62381
EarlyStopping counter: 7 out of 10
Updating learning rate to 3.593910515999536e-05
Epoch: 32 cost time: 8.660238265991211
Epoch: 32, Steps: 62, | Train Loss: 0.91303
Validation results --- Loss: 1.07372, Accuracy: 0.55574, Precision: 0.55560, Recall: 0.55564, F1: 0.55530, AUROC: 0.79450, AUPRC: 0.61179
Test results --- Loss: 1.05215, Accuracy: 0.56572, Precision: 0.56555, Recall: 0.56558 F1: 0.56484, AUROC: 0.80286, AUPRC: 0.62453
EarlyStopping counter: 8 out of 10
Updating learning rate to 2.8647450843757897e-05
Epoch: 33 cost time: 8.622495651245117
Epoch: 33, Steps: 62, | Train Loss: 0.90721
Validation results --- Loss: 1.07485, Accuracy: 0.55744, Precision: 0.56220, Recall: 0.55734, F1: 0.55908, AUROC: 0.79477, AUPRC: 0.61214
Test results --- Loss: 1.05166, Accuracy: 0.56640, Precision: 0.57153, Recall: 0.56625 F1: 0.56776, AUROC: 0.80321, AUPRC: 0.62514
EarlyStopping counter: 9 out of 10
Updating learning rate to 2.210397534688617e-05
Epoch: 34 cost time: 8.602363348007202
Epoch: 34, Steps: 62, | Train Loss: 0.90566
Validation results --- Loss: 1.07554, Accuracy: 0.55947, Precision: 0.56299, Recall: 0.55936, F1: 0.56069, AUROC: 0.79477, AUPRC: 0.61214
Test results --- Loss: 1.05348, Accuracy: 0.56165, Precision: 0.56516, Recall: 0.56148 F1: 0.56242, AUROC: 0.80295, AUPRC: 0.62489
EarlyStopping counter: 10 out of 10
Early stopping
>>>>>>>testing : eeg_basis_mixer_v2_nobasis_Physionet_MI_seed_44_dm_192_dp_0.15_tl_5_bs_64_lr0.0003_aug_none_pl_32_cb32_kb16_tb20_pe192_ps8_ca0_cp1_gitnogit_20260501_224334<<<<<<<<<<<<<<<<<<<<<<<<<<<<<<<<<
Validation results --- Loss: 1.06347, Accuracy: 0.56184, Precision: 0.56362, Recall: 0.56169, F1: 0.56238, AUROC: 0.79608, AUPRC: 0.61282
Test results --- Loss: 1.03660, Accuracy: 0.56707, Precision: 0.57057, Recall: 0.56691, F1: 0.56784, AUROC: 0.80592, AUPRC: 0.62767

Validation results --- Loss: 1.06347, Accuracy: 0.56184, Precision: 0.56362, Recall: 0.56169, F1: 0.56238, AUROC: 0.79608, AUPRC: 0.61282
Test results --- Loss: 1.03660, Accuracy: 0.56707, Precision: 0.57057, Recall: 0.56691, F1: 0.56784, AUROC: 0.80592, AUPRC: 0.62767

[result] Saved experiment record to: results/runs/3632604_Physionet_MI_eeg_basis_mixer_v2_nobasis_seed44.yaml
Use GPU (single): visible=0 -> cuda:0
================================================================================
[Model] eeg_basis_mixer_v2_nobasis
[Model Params] Total: 116,867 (0.117 M)
[Model Params] Trainable: 116,867 (0.117 M)
[Model Params] Non-trainable: 0 (0.000 M)
[Model Size] Parameters: 0.45 MB
[Model Size] Buffers: 0.00 MB
[Model Size] Total estimated: 0.45 MB
================================================================================
>>>>>>>start training : eeg_basis_mixer_v2_nobasis_Physionet_MI_seed_45_dm_192_dp_0.15_tl_5_bs_64_lr0.0003_aug_none_pl_32_cb32_kb16_tb20_pe192_ps8_ca0_cp1_gitnogit_20260501_225201>>>>>>>>>>>>>>>>>>>>>>>>>>
(3934, 800, 64)
(3934,)
(2951, 800, 64)
(2951,)
(2952, 800, 64)
(2952,)
Epoch: 1 cost time: 8.697770833969116
Epoch: 1, Steps: 62, | Train Loss: 1.39812
Validation results --- Loss: 1.39018, Accuracy: 0.25212, Precision: 0.06303, Recall: 0.25000, F1: 0.10068, AUROC: 0.55100, AUPRC: 0.28646
Test results --- Loss: 1.39294, Accuracy: 0.25203, Precision: 0.06301, Recall: 0.25000 F1: 0.10065, AUROC: 0.55000, AUPRC: 0.28446
Metric score decreased (inf --> -0.100677).  Saving model ...

Updating learning rate to 0.00029953760005996916
Epoch: 2 cost time: 8.665431261062622
Epoch: 2, Steps: 62, | Train Loss: 1.31780
Validation results --- Loss: 1.17618, Accuracy: 0.50254, Precision: 0.52241, Recall: 0.50250, F1: 0.50151, AUROC: 0.74575, AUPRC: 0.53456
Test results --- Loss: 1.15099, Accuracy: 0.51626, Precision: 0.53488, Recall: 0.51612 F1: 0.51731, AUROC: 0.75991, AUPRC: 0.55314
Metric score decreased (-0.100677 --> -0.501506).  Saving model ...

Updating learning rate to 0.00029815325108927063
Epoch: 3 cost time: 8.622704982757568
Epoch: 3, Steps: 62, | Train Loss: 1.12528
Validation results --- Loss: 1.10593, Accuracy: 0.53846, Precision: 0.55108, Recall: 0.53852, F1: 0.54228, AUROC: 0.77600, AUPRC: 0.57893
Test results --- Loss: 1.07669, Accuracy: 0.54607, Precision: 0.56103, Recall: 0.54604 F1: 0.55037, AUROC: 0.78571, AUPRC: 0.59042
Metric score decreased (-0.501506 --> -0.542278).  Saving model ...

Updating learning rate to 0.0002958554880596515
Epoch: 4 cost time: 8.654199123382568
Epoch: 4, Steps: 62, | Train Loss: 1.09069
Validation results --- Loss: 1.10454, Accuracy: 0.54422, Precision: 0.54915, Recall: 0.54423, F1: 0.54582, AUROC: 0.77868, AUPRC: 0.58358
Test results --- Loss: 1.06803, Accuracy: 0.54912, Precision: 0.55761, Recall: 0.54912 F1: 0.55081, AUROC: 0.78885, AUPRC: 0.59400
Metric score decreased (-0.542278 --> -0.545819).  Saving model ...

Updating learning rate to 0.00029265847744427303
Epoch: 5 cost time: 8.624442338943481
Epoch: 5, Steps: 62, | Train Loss: 1.07497
Validation results --- Loss: 1.08662, Accuracy: 0.54693, Precision: 0.54748, Recall: 0.54689, F1: 0.54708, AUROC: 0.78358, AUPRC: 0.59063
Test results --- Loss: 1.05549, Accuracy: 0.55420, Precision: 0.55654, Recall: 0.55416 F1: 0.55495, AUROC: 0.79342, AUPRC: 0.60014
Metric score decreased (-0.545819 --> -0.547085).  Saving model ...

Updating learning rate to 0.000288581929876693
Epoch: 6 cost time: 8.649134397506714
Epoch: 6, Steps: 62, | Train Loss: 1.06351
Validation results --- Loss: 1.08383, Accuracy: 0.54727, Precision: 0.56585, Recall: 0.54718, F1: 0.55208, AUROC: 0.78585, AUPRC: 0.59417
Test results --- Loss: 1.05481, Accuracy: 0.55014, Precision: 0.57467, Recall: 0.54999 F1: 0.55607, AUROC: 0.79441, AUPRC: 0.60380
Metric score decreased (-0.547085 --> -0.552083).  Saving model ...

Updating learning rate to 0.00028365097862825513
Epoch: 7 cost time: 8.619696378707886
Epoch: 7, Steps: 62, | Train Loss: 1.05181
Validation results --- Loss: 1.08757, Accuracy: 0.53812, Precision: 0.54823, Recall: 0.53781, F1: 0.53878, AUROC: 0.78407, AUPRC: 0.58829
Test results --- Loss: 1.05321, Accuracy: 0.54946, Precision: 0.56336, Recall: 0.54915 F1: 0.55113, AUROC: 0.79640, AUPRC: 0.60346
EarlyStopping counter: 1 out of 10
Updating learning rate to 0.0002778960246531138
Epoch: 8 cost time: 8.641293287277222
Epoch: 8, Steps: 62, | Train Loss: 1.04344
Validation results --- Loss: 1.07288, Accuracy: 0.54456, Precision: 0.54134, Recall: 0.54458, F1: 0.54173, AUROC: 0.78972, AUPRC: 0.59721
Test results --- Loss: 1.03910, Accuracy: 0.56030, Precision: 0.55705, Recall: 0.56035 F1: 0.55834, AUROC: 0.79955, AUPRC: 0.60695
EarlyStopping counter: 2 out of 10
Updating learning rate to 0.0002713525491562421
Epoch: 9 cost time: 8.657578706741333
Epoch: 9, Steps: 62, | Train Loss: 1.03151
Validation results --- Loss: 1.06085, Accuracy: 0.55202, Precision: 0.55624, Recall: 0.55190, F1: 0.55343, AUROC: 0.79241, AUPRC: 0.59954
Test results --- Loss: 1.02407, Accuracy: 0.56267, Precision: 0.57285, Recall: 0.56259 F1: 0.56570, AUROC: 0.80367, AUPRC: 0.61369
Metric score decreased (-0.552083 --> -0.553432).  Saving model ...

Updating learning rate to 0.00026406089484000466
Epoch: 10 cost time: 8.637779951095581
Epoch: 10, Steps: 62, | Train Loss: 1.01247
Validation results --- Loss: 1.07991, Accuracy: 0.54083, Precision: 0.53502, Recall: 0.54076, F1: 0.53273, AUROC: 0.79492, AUPRC: 0.60427
Test results --- Loss: 1.04660, Accuracy: 0.55081, Precision: 0.54241, Recall: 0.55086 F1: 0.54197, AUROC: 0.80436, AUPRC: 0.61395
EarlyStopping counter: 1 out of 10
Updating learning rate to 0.00025606601717798207
Epoch: 11 cost time: 8.606518983840942
Epoch: 11, Steps: 62, | Train Loss: 1.00607
Validation results --- Loss: 1.06653, Accuracy: 0.55574, Precision: 0.58300, Recall: 0.55573, F1: 0.56144, AUROC: 0.79501, AUPRC: 0.60760
Test results --- Loss: 1.03709, Accuracy: 0.56538, Precision: 0.60605, Recall: 0.56536 F1: 0.57421, AUROC: 0.80186, AUPRC: 0.61496
Metric score decreased (-0.553432 --> -0.561443).  Saving model ...

Updating learning rate to 0.0002474172072495275
Epoch: 12 cost time: 8.603736639022827
Epoch: 12, Steps: 62, | Train Loss: 0.99612
Validation results --- Loss: 1.05164, Accuracy: 0.56117, Precision: 0.56507, Recall: 0.56113, F1: 0.56212, AUROC: 0.79684, AUPRC: 0.60959
Test results --- Loss: 1.02393, Accuracy: 0.56267, Precision: 0.57098, Recall: 0.56265 F1: 0.56494, AUROC: 0.80384, AUPRC: 0.61618
Metric score decreased (-0.561443 --> -0.562125).  Saving model ...

Updating learning rate to 0.00023816778784387094
Epoch: 13 cost time: 8.61007022857666
Epoch: 13, Steps: 62, | Train Loss: 0.98568
Validation results --- Loss: 1.05986, Accuracy: 0.56828, Precision: 0.58184, Recall: 0.56824, F1: 0.57147, AUROC: 0.79802, AUPRC: 0.61364
Test results --- Loss: 1.03342, Accuracy: 0.56741, Precision: 0.58643, Recall: 0.56737 F1: 0.57272, AUROC: 0.80254, AUPRC: 0.61595
Metric score decreased (-0.562125 --> -0.571465).  Saving model ...

Updating learning rate to 0.0002283747847073923
Epoch: 14 cost time: 8.603399515151978
Epoch: 14, Steps: 62, | Train Loss: 0.97956
Validation results --- Loss: 1.05489, Accuracy: 0.56184, Precision: 0.56824, Recall: 0.56187, F1: 0.56350, AUROC: 0.79939, AUPRC: 0.61438
Test results --- Loss: 1.02540, Accuracy: 0.56165, Precision: 0.57223, Recall: 0.56171 F1: 0.56497, AUROC: 0.80476, AUPRC: 0.61850
EarlyStopping counter: 1 out of 10
Updating learning rate to 0.00021809857496093199
Epoch: 15 cost time: 8.631315231323242
Epoch: 15, Steps: 62, | Train Loss: 0.96300
Validation results --- Loss: 1.06254, Accuracy: 0.55845, Precision: 0.55983, Recall: 0.55842, F1: 0.55887, AUROC: 0.79485, AUPRC: 0.60776
Test results --- Loss: 1.03176, Accuracy: 0.55081, Precision: 0.55472, Recall: 0.55084 F1: 0.55246, AUROC: 0.80189, AUPRC: 0.61338
EarlyStopping counter: 2 out of 10
Updating learning rate to 0.00020740251485476345
Epoch: 16 cost time: 8.643996477127075
Epoch: 16, Steps: 62, | Train Loss: 0.95311
Validation results --- Loss: 1.05991, Accuracy: 0.56117, Precision: 0.56886, Recall: 0.56101, F1: 0.56325, AUROC: 0.79807, AUPRC: 0.61374
Test results --- Loss: 1.03192, Accuracy: 0.56402, Precision: 0.57495, Recall: 0.56392 F1: 0.56757, AUROC: 0.80282, AUPRC: 0.61716
EarlyStopping counter: 3 out of 10
Updating learning rate to 0.0001963525491562421
Epoch: 17 cost time: 8.636976718902588
Epoch: 17, Steps: 62, | Train Loss: 0.94442
Validation results --- Loss: 1.05566, Accuracy: 0.56388, Precision: 0.56753, Recall: 0.56380, F1: 0.56487, AUROC: 0.79953, AUPRC: 0.61595
Test results --- Loss: 1.03082, Accuracy: 0.56165, Precision: 0.56816, Recall: 0.56160 F1: 0.56386, AUROC: 0.80345, AUPRC: 0.61846
EarlyStopping counter: 4 out of 10
Updating learning rate to 0.0001850168045783858
Epoch: 18 cost time: 8.620556592941284
Epoch: 18, Steps: 62, | Train Loss: 0.93816
Validation results --- Loss: 1.06281, Accuracy: 0.56998, Precision: 0.57350, Recall: 0.56997, F1: 0.57136, AUROC: 0.80013, AUPRC: 0.62033
Test results --- Loss: 1.03648, Accuracy: 0.57114, Precision: 0.57590, Recall: 0.57112 F1: 0.57294, AUROC: 0.80349, AUPRC: 0.62188
EarlyStopping counter: 5 out of 10
Updating learning rate to 0.00017346516975603462
Epoch: 19 cost time: 8.63698935508728
Epoch: 19, Steps: 62, | Train Loss: 0.92233
Validation results --- Loss: 1.06411, Accuracy: 0.56794, Precision: 0.58432, Recall: 0.56786, F1: 0.57194, AUROC: 0.80177, AUPRC: 0.62203
Test results --- Loss: 1.03908, Accuracy: 0.56911, Precision: 0.58926, Recall: 0.56899 F1: 0.57442, AUROC: 0.80442, AUPRC: 0.62635
Metric score decreased (-0.571465 --> -0.571940).  Saving model ...

Updating learning rate to 0.00016176886435917675
Epoch: 20 cost time: 8.681895971298218
Epoch: 20, Steps: 62, | Train Loss: 0.91710
Validation results --- Loss: 1.06723, Accuracy: 0.55981, Precision: 0.55880, Recall: 0.55976, F1: 0.55813, AUROC: 0.79981, AUPRC: 0.61824
Test results --- Loss: 1.04023, Accuracy: 0.56809, Precision: 0.56807, Recall: 0.56808 F1: 0.56746, AUROC: 0.80366, AUPRC: 0.62270
EarlyStopping counter: 1 out of 10
Updating learning rate to 0.00015
Epoch: 21 cost time: 8.611204147338867
Epoch: 21, Steps: 62, | Train Loss: 0.90985
Validation results --- Loss: 1.08040, Accuracy: 0.55608, Precision: 0.55208, Recall: 0.55603, F1: 0.55189, AUROC: 0.79943, AUPRC: 0.61643
Test results --- Loss: 1.04903, Accuracy: 0.56267, Precision: 0.55760, Recall: 0.56269 F1: 0.55878, AUROC: 0.80451, AUPRC: 0.62405
EarlyStopping counter: 2 out of 10
Updating learning rate to 0.00013823113564082325
Epoch: 22 cost time: 8.589075088500977
Epoch: 22, Steps: 62, | Train Loss: 0.89387
Validation results --- Loss: 1.09045, Accuracy: 0.55812, Precision: 0.56215, Recall: 0.55800, F1: 0.55491, AUROC: 0.80008, AUPRC: 0.62037
Test results --- Loss: 1.05927, Accuracy: 0.56809, Precision: 0.57221, Recall: 0.56806 F1: 0.56509, AUROC: 0.80531, AUPRC: 0.62572
EarlyStopping counter: 3 out of 10
Updating learning rate to 0.00012653483024396533
Epoch: 23 cost time: 8.609520673751831
Epoch: 23, Steps: 62, | Train Loss: 0.88511
Validation results --- Loss: 1.08452, Accuracy: 0.56184, Precision: 0.57925, Recall: 0.56164, F1: 0.56530, AUROC: 0.79913, AUPRC: 0.61921
Test results --- Loss: 1.05725, Accuracy: 0.56877, Precision: 0.59107, Recall: 0.56857 F1: 0.57353, AUROC: 0.80285, AUPRC: 0.62661
EarlyStopping counter: 4 out of 10
Updating learning rate to 0.00011498319542161423
Epoch: 24 cost time: 8.614763975143433
Epoch: 24, Steps: 62, | Train Loss: 0.87754
Validation results --- Loss: 1.07993, Accuracy: 0.55947, Precision: 0.56328, Recall: 0.55937, F1: 0.55997, AUROC: 0.79874, AUPRC: 0.61676
Test results --- Loss: 1.05235, Accuracy: 0.56707, Precision: 0.57335, Recall: 0.56698 F1: 0.56896, AUROC: 0.80229, AUPRC: 0.62264
EarlyStopping counter: 5 out of 10
Updating learning rate to 0.0001036474508437579
Epoch: 25 cost time: 8.611347913742065
Epoch: 25, Steps: 62, | Train Loss: 0.87429
Validation results --- Loss: 1.08349, Accuracy: 0.56320, Precision: 0.56300, Recall: 0.56316, F1: 0.56305, AUROC: 0.79973, AUPRC: 0.61875
Test results --- Loss: 1.05340, Accuracy: 0.57182, Precision: 0.57481, Recall: 0.57184 F1: 0.57305, AUROC: 0.80356, AUPRC: 0.62514
EarlyStopping counter: 6 out of 10
Updating learning rate to 9.259748514523653e-05
Epoch: 26 cost time: 8.622406005859375
Epoch: 26, Steps: 62, | Train Loss: 0.86599
Validation results --- Loss: 1.08819, Accuracy: 0.56455, Precision: 0.57210, Recall: 0.56443, F1: 0.56677, AUROC: 0.79923, AUPRC: 0.61934
Test results --- Loss: 1.06122, Accuracy: 0.57148, Precision: 0.58509, Recall: 0.57134 F1: 0.57549, AUROC: 0.80217, AUPRC: 0.62461
EarlyStopping counter: 7 out of 10
Updating learning rate to 8.190142503906798e-05
Epoch: 27 cost time: 8.605788469314575
Epoch: 27, Steps: 62, | Train Loss: 0.86387
Validation results --- Loss: 1.08936, Accuracy: 0.56727, Precision: 0.57523, Recall: 0.56715, F1: 0.56925, AUROC: 0.79931, AUPRC: 0.61938
Test results --- Loss: 1.05980, Accuracy: 0.57486, Precision: 0.58611, Recall: 0.57477 F1: 0.57745, AUROC: 0.80334, AUPRC: 0.62574
EarlyStopping counter: 8 out of 10
Updating learning rate to 7.162521529260767e-05
Epoch: 28 cost time: 8.649035215377808
Epoch: 28, Steps: 62, | Train Loss: 0.84825
Validation results --- Loss: 1.09744, Accuracy: 0.56422, Precision: 0.57312, Recall: 0.56413, F1: 0.56606, AUROC: 0.79923, AUPRC: 0.61918
Test results --- Loss: 1.06851, Accuracy: 0.56470, Precision: 0.57818, Recall: 0.56465 F1: 0.56863, AUROC: 0.80235, AUPRC: 0.62483
EarlyStopping counter: 9 out of 10
Updating learning rate to 6.183221215612904e-05
Epoch: 29 cost time: 8.648362636566162
Epoch: 29, Steps: 62, | Train Loss: 0.84325
Validation results --- Loss: 1.09881, Accuracy: 0.56388, Precision: 0.56356, Recall: 0.56384, F1: 0.56369, AUROC: 0.79837, AUPRC: 0.61662
Test results --- Loss: 1.06849, Accuracy: 0.57080, Precision: 0.57390, Recall: 0.57083 F1: 0.57200, AUROC: 0.80206, AUPRC: 0.62256
EarlyStopping counter: 10 out of 10
Early stopping
>>>>>>>testing : eeg_basis_mixer_v2_nobasis_Physionet_MI_seed_45_dm_192_dp_0.15_tl_5_bs_64_lr0.0003_aug_none_pl_32_cb32_kb16_tb20_pe192_ps8_ca0_cp1_gitnogit_20260501_225201<<<<<<<<<<<<<<<<<<<<<<<<<<<<<<<<<
Validation results --- Loss: 1.06411, Accuracy: 0.56794, Precision: 0.58432, Recall: 0.56786, F1: 0.57194, AUROC: 0.80177, AUPRC: 0.62203
Test results --- Loss: 1.03908, Accuracy: 0.56911, Precision: 0.58926, Recall: 0.56899, F1: 0.57442, AUROC: 0.80442, AUPRC: 0.62635

Validation results --- Loss: 1.06411, Accuracy: 0.56794, Precision: 0.58432, Recall: 0.56786, F1: 0.57194, AUROC: 0.80177, AUPRC: 0.62203
Test results --- Loss: 1.03908, Accuracy: 0.56911, Precision: 0.58926, Recall: 0.56899, F1: 0.57442, AUROC: 0.80442, AUPRC: 0.62635

[result] Saved experiment record to: results/runs/3632604_Physionet_MI_eeg_basis_mixer_v2_nobasis_seed45.yaml
Use GPU (single): visible=0 -> cuda:0
================================================================================
[Model] eeg_basis_mixer_v2_nobasis
[Model Params] Total: 116,867 (0.117 M)
[Model Params] Trainable: 116,867 (0.117 M)
[Model Params] Non-trainable: 0 (0.000 M)
[Model Size] Parameters: 0.45 MB
[Model Size] Buffers: 0.00 MB
[Model Size] Total estimated: 0.45 MB
================================================================================
>>>>>>>start training : eeg_basis_mixer_v2_nobasis_Physionet_MI_seed_46_dm_192_dp_0.15_tl_5_bs_64_lr0.0003_aug_none_pl_32_cb32_kb16_tb20_pe192_ps8_ca0_cp1_gitnogit_20260501_225919>>>>>>>>>>>>>>>>>>>>>>>>>>
(3934, 800, 64)
(3934,)
(2951, 800, 64)
(2951,)
(2952, 800, 64)
(2952,)
Epoch: 1 cost time: 8.671338319778442
Epoch: 1, Steps: 62, | Train Loss: 1.39559
Validation results --- Loss: 1.38659, Accuracy: 0.25280, Precision: 0.12613, Recall: 0.25249, F1: 0.12155, AUROC: 0.54460, AUPRC: 0.28030
Test results --- Loss: 1.38611, Accuracy: 0.25373, Precision: 0.13343, Recall: 0.25319 F1: 0.12098, AUROC: 0.54854, AUPRC: 0.28345
Metric score decreased (inf --> -0.121546).  Saving model ...

Updating learning rate to 0.00029953760005996916
Epoch: 2 cost time: 8.637261629104614
Epoch: 2, Steps: 62, | Train Loss: 1.31307
Validation results --- Loss: 1.13714, Accuracy: 0.51339, Precision: 0.55135, Recall: 0.51341, F1: 0.52019, AUROC: 0.76065, AUPRC: 0.55599
Test results --- Loss: 1.14771, Accuracy: 0.50745, Precision: 0.53401, Recall: 0.50752 F1: 0.51383, AUROC: 0.75486, AUPRC: 0.54225
Metric score decreased (-0.121546 --> -0.520186).  Saving model ...

Updating learning rate to 0.00029815325108927063
Epoch: 3 cost time: 8.616569519042969
Epoch: 3, Steps: 62, | Train Loss: 1.11419
Validation results --- Loss: 1.07019, Accuracy: 0.54016, Precision: 0.53788, Recall: 0.54002, F1: 0.53745, AUROC: 0.79075, AUPRC: 0.59660
Test results --- Loss: 1.08568, Accuracy: 0.53489, Precision: 0.52956, Recall: 0.53505 F1: 0.53027, AUROC: 0.78746, AUPRC: 0.58353
Metric score decreased (-0.520186 --> -0.537446).  Saving model ...

Updating learning rate to 0.0002958554880596515
Epoch: 4 cost time: 8.64380955696106
Epoch: 4, Steps: 62, | Train Loss: 1.09040
Validation results --- Loss: 1.06430, Accuracy: 0.55236, Precision: 0.55853, Recall: 0.55216, F1: 0.55343, AUROC: 0.79177, AUPRC: 0.60022
Test results --- Loss: 1.07609, Accuracy: 0.54336, Precision: 0.54652, Recall: 0.54344 F1: 0.54385, AUROC: 0.78915, AUPRC: 0.59012
Metric score decreased (-0.537446 --> -0.553429).  Saving model ...

Updating learning rate to 0.00029265847744427303
Epoch: 5 cost time: 8.621092081069946
Epoch: 5, Steps: 62, | Train Loss: 1.07660
Validation results --- Loss: 1.06181, Accuracy: 0.55303, Precision: 0.55388, Recall: 0.55273, F1: 0.55142, AUROC: 0.79555, AUPRC: 0.60613
Test results --- Loss: 1.07478, Accuracy: 0.54336, Precision: 0.54103, Recall: 0.54332 F1: 0.54092, AUROC: 0.79121, AUPRC: 0.59345
EarlyStopping counter: 1 out of 10
Updating learning rate to 0.000288581929876693
Epoch: 6 cost time: 8.650913000106812
Epoch: 6, Steps: 62, | Train Loss: 1.06619
Validation results --- Loss: 1.06194, Accuracy: 0.55236, Precision: 0.56332, Recall: 0.55223, F1: 0.55446, AUROC: 0.79607, AUPRC: 0.60266
Test results --- Loss: 1.07179, Accuracy: 0.54302, Precision: 0.55279, Recall: 0.54313 F1: 0.54466, AUROC: 0.79256, AUPRC: 0.59650
Metric score decreased (-0.553429 --> -0.554456).  Saving model ...

Updating learning rate to 0.00028365097862825513
Epoch: 7 cost time: 8.611051797866821
Epoch: 7, Steps: 62, | Train Loss: 1.05957
Validation results --- Loss: 1.05241, Accuracy: 0.55303, Precision: 0.57621, Recall: 0.55298, F1: 0.55739, AUROC: 0.79925, AUPRC: 0.60854
Test results --- Loss: 1.06438, Accuracy: 0.55759, Precision: 0.57492, Recall: 0.55770 F1: 0.56093, AUROC: 0.79568, AUPRC: 0.60033
Metric score decreased (-0.554456 --> -0.557388).  Saving model ...

Updating learning rate to 0.0002778960246531138
Epoch: 8 cost time: 8.621195316314697
Epoch: 8, Steps: 62, | Train Loss: 1.04529
Validation results --- Loss: 1.03961, Accuracy: 0.55371, Precision: 0.55202, Recall: 0.55351, F1: 0.55191, AUROC: 0.80210, AUPRC: 0.61309
Test results --- Loss: 1.05694, Accuracy: 0.55454, Precision: 0.55011, Recall: 0.55457 F1: 0.55155, AUROC: 0.79630, AUPRC: 0.60086
EarlyStopping counter: 1 out of 10
Updating learning rate to 0.0002713525491562421
Epoch: 9 cost time: 8.629186868667603
Epoch: 9, Steps: 62, | Train Loss: 1.03467
Validation results --- Loss: 1.03383, Accuracy: 0.56117, Precision: 0.56111, Recall: 0.56101, F1: 0.56037, AUROC: 0.80422, AUPRC: 0.61799
Test results --- Loss: 1.05344, Accuracy: 0.55589, Precision: 0.55571, Recall: 0.55592 F1: 0.55477, AUROC: 0.79824, AUPRC: 0.60722
Metric score decreased (-0.557388 --> -0.560374).  Saving model ...

Updating learning rate to 0.00026406089484000466
Epoch: 10 cost time: 8.651506662368774
Epoch: 10, Steps: 62, | Train Loss: 1.02354
Validation results --- Loss: 1.03340, Accuracy: 0.55981, Precision: 0.56783, Recall: 0.55983, F1: 0.55679, AUROC: 0.80652, AUPRC: 0.61952
Test results --- Loss: 1.05317, Accuracy: 0.56165, Precision: 0.57279, Recall: 0.56187 F1: 0.55963, AUROC: 0.80075, AUPRC: 0.61039
EarlyStopping counter: 1 out of 10
Updating learning rate to 0.00025606601717798207
Epoch: 11 cost time: 8.62309741973877
Epoch: 11, Steps: 62, | Train Loss: 1.01695
Validation results --- Loss: 1.02591, Accuracy: 0.56794, Precision: 0.57069, Recall: 0.56785, F1: 0.56888, AUROC: 0.80635, AUPRC: 0.62008
Test results --- Loss: 1.04390, Accuracy: 0.56538, Precision: 0.56622, Recall: 0.56548 F1: 0.56553, AUROC: 0.80057, AUPRC: 0.60972
Metric score decreased (-0.560374 --> -0.568876).  Saving model ...

Updating learning rate to 0.0002474172072495275
Epoch: 12 cost time: 8.606819152832031
Epoch: 12, Steps: 62, | Train Loss: 1.00379
Validation results --- Loss: 1.03128, Accuracy: 0.56896, Precision: 0.58510, Recall: 0.56886, F1: 0.57266, AUROC: 0.80687, AUPRC: 0.62066
Test results --- Loss: 1.05026, Accuracy: 0.56673, Precision: 0.57544, Recall: 0.56681 F1: 0.56839, AUROC: 0.80058, AUPRC: 0.61126
Metric score decreased (-0.568876 --> -0.572659).  Saving model ...

Updating learning rate to 0.00023816778784387094
Epoch: 13 cost time: 8.663535594940186
Epoch: 13, Steps: 62, | Train Loss: 0.99572
Validation results --- Loss: 1.02714, Accuracy: 0.56964, Precision: 0.57310, Recall: 0.56948, F1: 0.56893, AUROC: 0.80722, AUPRC: 0.62285
Test results --- Loss: 1.04461, Accuracy: 0.56606, Precision: 0.57088, Recall: 0.56608 F1: 0.56591, AUROC: 0.80192, AUPRC: 0.61551
EarlyStopping counter: 1 out of 10
Updating learning rate to 0.0002283747847073923
Epoch: 14 cost time: 8.663610458374023
Epoch: 14, Steps: 62, | Train Loss: 0.98467
Validation results --- Loss: 1.02003, Accuracy: 0.57608, Precision: 0.58598, Recall: 0.57599, F1: 0.57901, AUROC: 0.81051, AUPRC: 0.62704
Test results --- Loss: 1.04097, Accuracy: 0.57080, Precision: 0.57815, Recall: 0.57085 F1: 0.57336, AUROC: 0.80410, AUPRC: 0.61825
Metric score decreased (-0.572659 --> -0.579010).  Saving model ...

Updating learning rate to 0.00021809857496093199
Epoch: 15 cost time: 8.63759708404541
Epoch: 15, Steps: 62, | Train Loss: 0.97701
Validation results --- Loss: 1.03074, Accuracy: 0.57574, Precision: 0.58734, Recall: 0.57566, F1: 0.57918, AUROC: 0.80616, AUPRC: 0.62386
Test results --- Loss: 1.05029, Accuracy: 0.56809, Precision: 0.57736, Recall: 0.56815 F1: 0.57127, AUROC: 0.79997, AUPRC: 0.61413
Metric score decreased (-0.579010 --> -0.579183).  Saving model ...

Updating learning rate to 0.00020740251485476345
Epoch: 16 cost time: 8.62961196899414
Epoch: 16, Steps: 62, | Train Loss: 0.96890
Validation results --- Loss: 1.02388, Accuracy: 0.56930, Precision: 0.56776, Recall: 0.56918, F1: 0.56757, AUROC: 0.80814, AUPRC: 0.62632
Test results --- Loss: 1.04539, Accuracy: 0.56640, Precision: 0.56491, Recall: 0.56647 F1: 0.56410, AUROC: 0.80147, AUPRC: 0.61625
EarlyStopping counter: 1 out of 10
Updating learning rate to 0.0001963525491562421
Epoch: 17 cost time: 8.619647979736328
Epoch: 17, Steps: 62, | Train Loss: 0.95933
Validation results --- Loss: 1.02600, Accuracy: 0.57608, Precision: 0.57631, Recall: 0.57586, F1: 0.57519, AUROC: 0.80827, AUPRC: 0.62688
Test results --- Loss: 1.04637, Accuracy: 0.56470, Precision: 0.56321, Recall: 0.56467 F1: 0.56342, AUROC: 0.80162, AUPRC: 0.61784
EarlyStopping counter: 2 out of 10
Updating learning rate to 0.0001850168045783858
Epoch: 18 cost time: 8.633029222488403
Epoch: 18, Steps: 62, | Train Loss: 0.94651
Validation results --- Loss: 1.02816, Accuracy: 0.57777, Precision: 0.58840, Recall: 0.57758, F1: 0.57989, AUROC: 0.80807, AUPRC: 0.62652
Test results --- Loss: 1.04667, Accuracy: 0.56572, Precision: 0.57417, Recall: 0.56567 F1: 0.56742, AUROC: 0.80176, AUPRC: 0.61795
Metric score decreased (-0.579183 --> -0.579891).  Saving model ...

Updating learning rate to 0.00017346516975603462
Epoch: 19 cost time: 8.650617837905884
Epoch: 19, Steps: 62, | Train Loss: 0.94082
Validation results --- Loss: 1.03449, Accuracy: 0.57540, Precision: 0.58562, Recall: 0.57533, F1: 0.57836, AUROC: 0.80611, AUPRC: 0.62516
Test results --- Loss: 1.05692, Accuracy: 0.56809, Precision: 0.57793, Recall: 0.56814 F1: 0.57126, AUROC: 0.79985, AUPRC: 0.61616
EarlyStopping counter: 1 out of 10
Updating learning rate to 0.00016176886435917675
Epoch: 20 cost time: 8.658469200134277
Epoch: 20, Steps: 62, | Train Loss: 0.93397
Validation results --- Loss: 1.03579, Accuracy: 0.57540, Precision: 0.58417, Recall: 0.57525, F1: 0.57800, AUROC: 0.80603, AUPRC: 0.62495
Test results --- Loss: 1.05547, Accuracy: 0.56470, Precision: 0.57031, Recall: 0.56468 F1: 0.56674, AUROC: 0.80030, AUPRC: 0.61809
EarlyStopping counter: 2 out of 10
Updating learning rate to 0.00015
Epoch: 21 cost time: 8.637008428573608
Epoch: 21, Steps: 62, | Train Loss: 0.92207
Validation results --- Loss: 1.03700, Accuracy: 0.58489, Precision: 0.59210, Recall: 0.58466, F1: 0.58666, AUROC: 0.80818, AUPRC: 0.62786
Test results --- Loss: 1.06100, Accuracy: 0.56673, Precision: 0.57125, Recall: 0.56666 F1: 0.56831, AUROC: 0.80155, AUPRC: 0.61917
Metric score decreased (-0.579891 --> -0.586657).  Saving model ...

Updating learning rate to 0.00013823113564082325
Epoch: 22 cost time: 8.636565208435059
Epoch: 22, Steps: 62, | Train Loss: 0.91137
Validation results --- Loss: 1.04050, Accuracy: 0.57235, Precision: 0.56901, Recall: 0.57228, F1: 0.57005, AUROC: 0.80551, AUPRC: 0.62422
Test results --- Loss: 1.06529, Accuracy: 0.56673, Precision: 0.56357, Recall: 0.56687 F1: 0.56425, AUROC: 0.79917, AUPRC: 0.61647
EarlyStopping counter: 1 out of 10
Updating learning rate to 0.00012653483024396533
Epoch: 23 cost time: 8.623697280883789
Epoch: 23, Steps: 62, | Train Loss: 0.90750
Validation results --- Loss: 1.04460, Accuracy: 0.58285, Precision: 0.58230, Recall: 0.58274, F1: 0.58241, AUROC: 0.80638, AUPRC: 0.62601
Test results --- Loss: 1.06962, Accuracy: 0.57182, Precision: 0.57128, Recall: 0.57189 F1: 0.57139, AUROC: 0.80037, AUPRC: 0.61891
EarlyStopping counter: 2 out of 10
Updating learning rate to 0.00011498319542161423
Epoch: 24 cost time: 8.627537488937378
Epoch: 24, Steps: 62, | Train Loss: 0.89178
Validation results --- Loss: 1.05697, Accuracy: 0.57709, Precision: 0.57532, Recall: 0.57685, F1: 0.57425, AUROC: 0.80413, AUPRC: 0.62295
Test results --- Loss: 1.08100, Accuracy: 0.56199, Precision: 0.55978, Recall: 0.56191 F1: 0.55928, AUROC: 0.79772, AUPRC: 0.61395
EarlyStopping counter: 3 out of 10
Updating learning rate to 0.0001036474508437579
Epoch: 25 cost time: 8.633164405822754
Epoch: 25, Steps: 62, | Train Loss: 0.88333
Validation results --- Loss: 1.05437, Accuracy: 0.57709, Precision: 0.58290, Recall: 0.57688, F1: 0.57817, AUROC: 0.80375, AUPRC: 0.62279
Test results --- Loss: 1.07798, Accuracy: 0.56572, Precision: 0.56944, Recall: 0.56564 F1: 0.56690, AUROC: 0.79788, AUPRC: 0.61592
EarlyStopping counter: 4 out of 10
Updating learning rate to 9.259748514523653e-05
Epoch: 26 cost time: 8.6334547996521
Epoch: 26, Steps: 62, | Train Loss: 0.87862
Validation results --- Loss: 1.06066, Accuracy: 0.57506, Precision: 0.57696, Recall: 0.57500, F1: 0.57438, AUROC: 0.80365, AUPRC: 0.62282
Test results --- Loss: 1.08513, Accuracy: 0.56267, Precision: 0.56365, Recall: 0.56270 F1: 0.56127, AUROC: 0.79840, AUPRC: 0.61697
EarlyStopping counter: 5 out of 10
Updating learning rate to 8.190142503906798e-05
Epoch: 27 cost time: 8.646792888641357
Epoch: 27, Steps: 62, | Train Loss: 0.86931
Validation results --- Loss: 1.05756, Accuracy: 0.57540, Precision: 0.57888, Recall: 0.57521, F1: 0.57614, AUROC: 0.80177, AUPRC: 0.61943
Test results --- Loss: 1.08016, Accuracy: 0.56606, Precision: 0.56849, Recall: 0.56604 F1: 0.56706, AUROC: 0.79581, AUPRC: 0.61312
EarlyStopping counter: 6 out of 10
Updating learning rate to 7.162521529260767e-05
Epoch: 28 cost time: 8.623063325881958
Epoch: 28, Steps: 62, | Train Loss: 0.85888
Validation results --- Loss: 1.06840, Accuracy: 0.57946, Precision: 0.58526, Recall: 0.57936, F1: 0.58120, AUROC: 0.80413, AUPRC: 0.62333
Test results --- Loss: 1.09309, Accuracy: 0.57046, Precision: 0.57444, Recall: 0.57049 F1: 0.57194, AUROC: 0.79869, AUPRC: 0.61779
EarlyStopping counter: 7 out of 10
Updating learning rate to 6.183221215612904e-05
Epoch: 29 cost time: 8.627372741699219
Epoch: 29, Steps: 62, | Train Loss: 0.85372
Validation results --- Loss: 1.06999, Accuracy: 0.57675, Precision: 0.58400, Recall: 0.57664, F1: 0.57893, AUROC: 0.80187, AUPRC: 0.62066
Test results --- Loss: 1.09189, Accuracy: 0.56707, Precision: 0.57191, Recall: 0.56709 F1: 0.56878, AUROC: 0.79657, AUPRC: 0.61580
EarlyStopping counter: 8 out of 10
Updating learning rate to 5.2582792750472464e-05
Epoch: 30 cost time: 8.654346704483032
Epoch: 30, Steps: 62, | Train Loss: 0.84792
Validation results --- Loss: 1.07637, Accuracy: 0.56964, Precision: 0.57241, Recall: 0.56945, F1: 0.56901, AUROC: 0.80193, AUPRC: 0.61941
Test results --- Loss: 1.10095, Accuracy: 0.57215, Precision: 0.57335, Recall: 0.57212 F1: 0.57124, AUROC: 0.79593, AUPRC: 0.61312
EarlyStopping counter: 9 out of 10
Updating learning rate to 4.3933982822017876e-05
Epoch: 31 cost time: 8.59799075126648
Epoch: 31, Steps: 62, | Train Loss: 0.84426
Validation results --- Loss: 1.07360, Accuracy: 0.57404, Precision: 0.57373, Recall: 0.57399, F1: 0.57367, AUROC: 0.80148, AUPRC: 0.61939
Test results --- Loss: 1.09816, Accuracy: 0.56877, Precision: 0.56798, Recall: 0.56884 F1: 0.56822, AUROC: 0.79615, AUPRC: 0.61421
EarlyStopping counter: 10 out of 10
Early stopping
>>>>>>>testing : eeg_basis_mixer_v2_nobasis_Physionet_MI_seed_46_dm_192_dp_0.15_tl_5_bs_64_lr0.0003_aug_none_pl_32_cb32_kb16_tb20_pe192_ps8_ca0_cp1_gitnogit_20260501_225919<<<<<<<<<<<<<<<<<<<<<<<<<<<<<<<<<
Validation results --- Loss: 1.03700, Accuracy: 0.58489, Precision: 0.59210, Recall: 0.58466, F1: 0.58666, AUROC: 0.80818, AUPRC: 0.62786
Test results --- Loss: 1.06100, Accuracy: 0.56673, Precision: 0.57125, Recall: 0.56666, F1: 0.56831, AUROC: 0.80155, AUPRC: 0.61917

Validation results --- Loss: 1.03700, Accuracy: 0.58489, Precision: 0.59210, Recall: 0.58466, F1: 0.58666, AUROC: 0.80818, AUPRC: 0.62786
Test results --- Loss: 1.06100, Accuracy: 0.56673, Precision: 0.57125, Recall: 0.56666, F1: 0.56831, AUROC: 0.80155, AUPRC: 0.61917

[result] Saved experiment record to: results/runs/3632604_Physionet_MI_eeg_basis_mixer_v2_nobasis_seed46.yaml
Mean accuracy: 0.5549, precision: 0.5719,recall: 0.5549, f1: 0.5591, AUROC: 0.7974, AUPRC: 0.6132
Std accuracy: 0.0073, precision: 0.0028,recall: 0.0072, f1: 0.0059, AUROC: 0.0046, AUPRC: 0.0073
