[device] set CUDA_VISIBLE_DEVICES=0
[dataset_cfg] FACED_new root_path -> /work/bme-shenxk/data/FACED_new
[dataset_cfg] applied 30 params for FACED_new
Use GPU (single): visible=0 -> cuda:0
================================================================================
[Model] eeg_basis_mixer_v2_nobasis
[Model Params] Total: 75,094 (0.075 M)
[Model Params] Trainable: 75,094 (0.075 M)
[Model Params] Non-trainable: 0 (0.000 M)
[Model Size] Parameters: 0.29 MB
[Model Size] Buffers: 0.00 MB
[Model Size] Total estimated: 0.29 MB
================================================================================
>>>>>>>start training : eeg_basis_mixer_v2_nobasis_FACED_new_seed_42_dm_128_dp_0.1_tl_3_bs_64_lr0.0002_aug_none_pl_80_cb30_kb16_tb24_pe128_ps20_ca1_cp1_gitnogit_20260502_223846>>>>>>>>>>>>>>>>>>>>>>>>>>
(4116, 2000, 32)
(4116,)
(3108, 2000, 32)
(3108,)
(3108, 2000, 32)
(3108,)
Traceback (most recent call last):
  File "/work/bme-shenxk/xinke/TriDim_small/run.py", line 490, in <module>
    exp.train(setting)
  File "/work/bme-shenxk/xinke/TriDim_small/exp/exp_classification.py", line 220, in train
    outputs = self._forward_model(batch_x, padding_mask=padding_mask)
  File "/work/bme-shenxk/xinke/TriDim_small/exp/exp_classification.py", line 90, in _forward_model
    return self.model(batch_x, seq_mask=seq_mask)
  File "/work/bme-shenxk/conda_envs/eeg3dim/lib/python3.10/site-packages/torch/nn/modules/module.py", line 1736, in _wrapped_call_impl
    return self._call_impl(*args, **kwargs)
  File "/work/bme-shenxk/conda_envs/eeg3dim/lib/python3.10/site-packages/torch/nn/modules/module.py", line 1747, in _call_impl
    return forward_call(*args, **kwargs)
  File "/work/bme-shenxk/xinke/TriDim_small/models/eeg_basis_mixer_v2_nobasis.py", line 405, in forward
    x = self.channel_adapter(x, channel_coords=channel_coords, channel_mask=channel_mask)
  File "/work/bme-shenxk/conda_envs/eeg3dim/lib/python3.10/site-packages/torch/nn/modules/module.py", line 1736, in _wrapped_call_impl
    return self._call_impl(*args, **kwargs)
  File "/work/bme-shenxk/conda_envs/eeg3dim/lib/python3.10/site-packages/torch/nn/modules/module.py", line 1747, in _call_impl
    return forward_call(*args, **kwargs)
  File "/work/bme-shenxk/xinke/TriDim_small/models/eeg_basis_mixer_v2_nobasis.py", line 162, in forward
    raise ValueError("channel_coords is required when input channel count differs from canonical_channels")
ValueError: channel_coords is required when input channel count differs from canonical_channels
