[device] set CUDA_VISIBLE_DEVICES=0
[dataset_cfg] AD65 root_path -> /work/bme-shenxk/data/AD65_wsn
[dataset_cfg] applied 38 params for AD65
A total 12 CPUs are used, making sure that num_worker is small than the number of CPUs
Use GPU (single): visible=0 -> cuda:0
================================================================================
[Model] eeg_basis_mixer_v2_nobasis
[Model Params] Total: 54,199 (0.054 M)
[Model Params] Trainable: 54,199 (0.054 M)
[Model Params] Non-trainable: 0 (0.000 M)
[Model Size] Parameters: 0.21 MB
[Model Size] Buffers: 0.00 MB
[Model Size] Total estimated: 0.21 MB
================================================================================
>>>>>>>start training : eeg_basis_mixer_v2_nobasis_AD65_seed_42_dm_192_dp_0.1_tl_4_bs_128_lr0.0003_aug_none_pl_64_cb16_kb16_tb20_pe192_ps16_ca0_cp1_gitnogit_20260502_230310>>>>>>>>>>>>>>>>>>>>>>>>>>
(2775, 2000, 19)
(2775,)
(2081, 2000, 19)
(2081,)
(2082, 2000, 19)
(2082,)
Epoch: 1 cost time: 3.3010799884796143
Epoch: 1, Steps: 22, | Train Loss: 1.10720
Validation results --- Loss: 1.07772, Accuracy: 0.41711, Precision: 0.13904, Recall: 0.33333, F1: 0.19622, AUROC: 0.49812, AUPRC: 0.32683
Test results --- Loss: 1.07743, Accuracy: 0.41739, Precision: 0.13913, Recall: 0.33333 F1: 0.19632, AUROC: 0.49765, AUPRC: 0.32998
Metric score decreased (inf --> -0.417107).  Saving model ...

Updating learning rate to 0.00029953760005996916
Epoch: 2 cost time: 2.828508138656616
Epoch: 2, Steps: 22, | Train Loss: 1.07669
Validation results --- Loss: 1.07455, Accuracy: 0.41711, Precision: 0.13904, Recall: 0.33333, F1: 0.19622, AUROC: 0.49811, AUPRC: 0.33019
Test results --- Loss: 1.07427, Accuracy: 0.41739, Precision: 0.13913, Recall: 0.33333 F1: 0.19632, AUROC: 0.49952, AUPRC: 0.33497
EarlyStopping counter: 1 out of 10
Updating learning rate to 0.00029815325108927063
Epoch: 3 cost time: 2.860379219055176
Epoch: 3, Steps: 22, | Train Loss: 1.07490
Validation results --- Loss: 1.07221, Accuracy: 0.41711, Precision: 0.13904, Recall: 0.33333, F1: 0.19622, AUROC: 0.50488, AUPRC: 0.33592
Test results --- Loss: 1.07182, Accuracy: 0.41739, Precision: 0.13913, Recall: 0.33333 F1: 0.19632, AUROC: 0.50320, AUPRC: 0.33448
EarlyStopping counter: 2 out of 10
Updating learning rate to 0.0002958554880596515
Epoch: 4 cost time: 2.8969309329986572
Epoch: 4, Steps: 22, | Train Loss: 1.07367
Validation results --- Loss: 1.07242, Accuracy: 0.41711, Precision: 0.13904, Recall: 0.33333, F1: 0.19622, AUROC: 0.50791, AUPRC: 0.33585
Test results --- Loss: 1.07224, Accuracy: 0.41739, Precision: 0.13913, Recall: 0.33333 F1: 0.19632, AUROC: 0.50228, AUPRC: 0.33398
EarlyStopping counter: 3 out of 10
Updating learning rate to 0.00029265847744427303
Epoch: 5 cost time: 2.8609650135040283
Epoch: 5, Steps: 22, | Train Loss: 1.07256
Validation results --- Loss: 1.07322, Accuracy: 0.41711, Precision: 0.13904, Recall: 0.33333, F1: 0.19622, AUROC: 0.50634, AUPRC: 0.33419
Test results --- Loss: 1.07376, Accuracy: 0.41739, Precision: 0.13913, Recall: 0.33333 F1: 0.19632, AUROC: 0.50034, AUPRC: 0.33278
EarlyStopping counter: 4 out of 10
Updating learning rate to 0.000288581929876693
Epoch: 6 cost time: 2.8623361587524414
Epoch: 6, Steps: 22, | Train Loss: 1.07135
Validation results --- Loss: 1.07376, Accuracy: 0.41711, Precision: 0.13904, Recall: 0.33333, F1: 0.19622, AUROC: 0.50656, AUPRC: 0.33423
Test results --- Loss: 1.07381, Accuracy: 0.41739, Precision: 0.13913, Recall: 0.33333 F1: 0.19632, AUROC: 0.50362, AUPRC: 0.33599
EarlyStopping counter: 5 out of 10
Updating learning rate to 0.00028365097862825513
Epoch: 7 cost time: 2.859868049621582
Epoch: 7, Steps: 22, | Train Loss: 1.07208
Validation results --- Loss: 1.07685, Accuracy: 0.41326, Precision: 0.19379, Recall: 0.33084, F1: 0.19739, AUROC: 0.50762, AUPRC: 0.33423
Test results --- Loss: 1.07742, Accuracy: 0.41643, Precision: 0.19064, Recall: 0.33315 F1: 0.19891, AUROC: 0.50057, AUPRC: 0.33379
EarlyStopping counter: 6 out of 10
Updating learning rate to 0.0002778960246531138
Epoch: 8 cost time: 2.8874847888946533
Epoch: 8, Steps: 22, | Train Loss: 1.07410
Validation results --- Loss: 1.07486, Accuracy: 0.41711, Precision: 0.13904, Recall: 0.33333, F1: 0.19622, AUROC: 0.50737, AUPRC: 0.33409
Test results --- Loss: 1.07520, Accuracy: 0.41739, Precision: 0.13913, Recall: 0.33333 F1: 0.19632, AUROC: 0.50253, AUPRC: 0.33459
EarlyStopping counter: 7 out of 10
Updating learning rate to 0.0002713525491562421
Epoch: 9 cost time: 2.8736486434936523
Epoch: 9, Steps: 22, | Train Loss: 1.06810
Validation results --- Loss: 1.07559, Accuracy: 0.41567, Precision: 0.13876, Recall: 0.33218, F1: 0.19575, AUROC: 0.50801, AUPRC: 0.33441
Test results --- Loss: 1.07578, Accuracy: 0.41691, Precision: 0.13904, Recall: 0.33295 F1: 0.19616, AUROC: 0.50432, AUPRC: 0.33662
EarlyStopping counter: 8 out of 10
Updating learning rate to 0.00026406089484000466
Epoch: 10 cost time: 2.888019561767578
Epoch: 10, Steps: 22, | Train Loss: 1.06765
Validation results --- Loss: 1.07771, Accuracy: 0.40461, Precision: 0.19462, Recall: 0.32655, F1: 0.20517, AUROC: 0.50790, AUPRC: 0.33466
Test results --- Loss: 1.07768, Accuracy: 0.41162, Precision: 0.19888, Recall: 0.33164 F1: 0.20717, AUROC: 0.50386, AUPRC: 0.33583
EarlyStopping counter: 9 out of 10
Updating learning rate to 0.00025606601717798207
Epoch: 11 cost time: 2.8819923400878906
Epoch: 11, Steps: 22, | Train Loss: 1.06533
Validation results --- Loss: 1.07715, Accuracy: 0.40317, Precision: 0.19059, Recall: 0.32539, F1: 0.20496, AUROC: 0.50929, AUPRC: 0.33540
Test results --- Loss: 1.07647, Accuracy: 0.41354, Precision: 0.21866, Recall: 0.33434 F1: 0.21213, AUROC: 0.50794, AUPRC: 0.33987
EarlyStopping counter: 10 out of 10
Early stopping
>>>>>>>testing : eeg_basis_mixer_v2_nobasis_AD65_seed_42_dm_192_dp_0.1_tl_4_bs_128_lr0.0003_aug_none_pl_64_cb16_kb16_tb20_pe192_ps16_ca0_cp1_gitnogit_20260502_230310<<<<<<<<<<<<<<<<<<<<<<<<<<<<<<<<<
Validation results --- Loss: 1.07772, Accuracy: 0.41711, Precision: 0.13904, Recall: 0.33333, F1: 0.19622, AUROC: 0.49812, AUPRC: 0.32683
Test results --- Loss: 1.07743, Accuracy: 0.41739, Precision: 0.13913, Recall: 0.33333, F1: 0.19632, AUROC: 0.49765, AUPRC: 0.32998

Validation results --- Loss: 1.07772, Accuracy: 0.41711, Precision: 0.13904, Recall: 0.33333, F1: 0.19622, AUROC: 0.49812, AUPRC: 0.32683
Test results --- Loss: 1.07743, Accuracy: 0.41739, Precision: 0.13913, Recall: 0.33333, F1: 0.19632, AUROC: 0.49765, AUPRC: 0.32998

[result] Saved experiment record to: results/runs/3633150_AD65_eeg_basis_mixer_v2_nobasis_seed42.yaml
Use GPU (single): visible=0 -> cuda:0
================================================================================
[Model] eeg_basis_mixer_v2_nobasis
[Model Params] Total: 54,199 (0.054 M)
[Model Params] Trainable: 54,199 (0.054 M)
[Model Params] Non-trainable: 0 (0.000 M)
[Model Size] Parameters: 0.21 MB
[Model Size] Buffers: 0.00 MB
[Model Size] Total estimated: 0.21 MB
================================================================================
>>>>>>>start training : eeg_basis_mixer_v2_nobasis_AD65_seed_43_dm_192_dp_0.1_tl_4_bs_128_lr0.0003_aug_none_pl_64_cb16_kb16_tb20_pe192_ps16_ca0_cp1_gitnogit_20260502_230430>>>>>>>>>>>>>>>>>>>>>>>>>>
(2775, 2000, 19)
(2775,)
(2081, 2000, 19)
(2081,)
(2082, 2000, 19)
(2082,)
Epoch: 1 cost time: 2.893522024154663
Epoch: 1, Steps: 22, | Train Loss: 1.07922
Validation results --- Loss: 1.07385, Accuracy: 0.41711, Precision: 0.13904, Recall: 0.33333, F1: 0.19622, AUROC: 0.49651, AUPRC: 0.33464
Test results --- Loss: 1.07689, Accuracy: 0.41739, Precision: 0.13913, Recall: 0.33333 F1: 0.19632, AUROC: 0.50170, AUPRC: 0.33871
Metric score decreased (inf --> -0.417107).  Saving model ...

Updating learning rate to 0.00029953760005996916
Epoch: 2 cost time: 2.8837058544158936
Epoch: 2, Steps: 22, | Train Loss: 1.07461
Validation results --- Loss: 1.07302, Accuracy: 0.41663, Precision: 0.13894, Recall: 0.33295, F1: 0.19607, AUROC: 0.49671, AUPRC: 0.33497
Test results --- Loss: 1.07511, Accuracy: 0.41739, Precision: 0.13913, Recall: 0.33333 F1: 0.19632, AUROC: 0.50264, AUPRC: 0.33938
EarlyStopping counter: 1 out of 10
Updating learning rate to 0.00029815325108927063
Epoch: 3 cost time: 2.8652775287628174
Epoch: 3, Steps: 22, | Train Loss: 1.07208
Validation results --- Loss: 1.07483, Accuracy: 0.41663, Precision: 0.25019, Recall: 0.33335, F1: 0.20041, AUROC: 0.49667, AUPRC: 0.33511
Test results --- Loss: 1.07772, Accuracy: 0.41787, Precision: 0.30577, Recall: 0.33428 F1: 0.20226, AUROC: 0.50178, AUPRC: 0.33819
EarlyStopping counter: 2 out of 10
Updating learning rate to 0.0002958554880596515
Epoch: 4 cost time: 2.8969991207122803
Epoch: 4, Steps: 22, | Train Loss: 1.06929
Validation results --- Loss: 1.07492, Accuracy: 0.42624, Precision: 0.28602, Recall: 0.34700, F1: 0.25364, AUROC: 0.49763, AUPRC: 0.33631
Test results --- Loss: 1.07671, Accuracy: 0.41595, Precision: 0.26510, Recall: 0.33738 F1: 0.24080, AUROC: 0.50191, AUPRC: 0.33750
Metric score decreased (-0.417107 --> -0.426237).  Saving model ...

Updating learning rate to 0.00029265847744427303
Epoch: 5 cost time: 2.883983612060547
Epoch: 5, Steps: 22, | Train Loss: 1.06840
Validation results --- Loss: 1.07838, Accuracy: 0.40317, Precision: 0.26048, Recall: 0.33779, F1: 0.28176, AUROC: 0.50028, AUPRC: 0.33655
Test results --- Loss: 1.08030, Accuracy: 0.39721, Precision: 0.25314, Recall: 0.33211 F1: 0.27572, AUROC: 0.50218, AUPRC: 0.33705
EarlyStopping counter: 1 out of 10
Updating learning rate to 0.000288581929876693
Epoch: 6 cost time: 2.906306266784668
Epoch: 6, Steps: 22, | Train Loss: 1.06631
Validation results --- Loss: 1.07861, Accuracy: 0.40509, Precision: 0.26429, Recall: 0.34339, F1: 0.29296, AUROC: 0.50146, AUPRC: 0.33603
Test results --- Loss: 1.07871, Accuracy: 0.39193, Precision: 0.25205, Recall: 0.33093 F1: 0.28057, AUROC: 0.50477, AUPRC: 0.33881
EarlyStopping counter: 2 out of 10
Updating learning rate to 0.00028365097862825513
Epoch: 7 cost time: 2.9105780124664307
Epoch: 7, Steps: 22, | Train Loss: 1.06425
Validation results --- Loss: 1.08204, Accuracy: 0.39885, Precision: 0.26157, Recall: 0.34206, F1: 0.29514, AUROC: 0.50449, AUPRC: 0.33697
Test results --- Loss: 1.08189, Accuracy: 0.39769, Precision: 0.25932, Recall: 0.33961 F1: 0.29214, AUROC: 0.50495, AUPRC: 0.33816
EarlyStopping counter: 3 out of 10
Updating learning rate to 0.0002778960246531138
Epoch: 8 cost time: 2.88934326171875
Epoch: 8, Steps: 22, | Train Loss: 1.06156
Validation results --- Loss: 1.08225, Accuracy: 0.40029, Precision: 0.26325, Recall: 0.34393, F1: 0.29712, AUROC: 0.50499, AUPRC: 0.33736
Test results --- Loss: 1.08159, Accuracy: 0.39337, Precision: 0.25671, Recall: 0.33632 F1: 0.28958, AUROC: 0.50686, AUPRC: 0.33933
EarlyStopping counter: 4 out of 10
Updating learning rate to 0.0002713525491562421
Epoch: 9 cost time: 2.8912246227264404
Epoch: 9, Steps: 22, | Train Loss: 1.06422
Validation results --- Loss: 1.08423, Accuracy: 0.39212, Precision: 0.26113, Recall: 0.34249, F1: 0.29584, AUROC: 0.50862, AUPRC: 0.33912
Test results --- Loss: 1.08199, Accuracy: 0.39817, Precision: 0.26425, Recall: 0.34656 F1: 0.29972, AUROC: 0.50986, AUPRC: 0.34084
EarlyStopping counter: 5 out of 10
Updating learning rate to 0.00026406089484000466
Epoch: 10 cost time: 2.8813557624816895
Epoch: 10, Steps: 22, | Train Loss: 1.05534
Validation results --- Loss: 1.08286, Accuracy: 0.40413, Precision: 0.26828, Recall: 0.35193, F1: 0.30432, AUROC: 0.51233, AUPRC: 0.34189
Test results --- Loss: 1.07953, Accuracy: 0.39962, Precision: 0.26472, Recall: 0.34715 F1: 0.30037, AUROC: 0.51620, AUPRC: 0.34663
EarlyStopping counter: 6 out of 10
Updating learning rate to 0.00025606601717798207
Epoch: 11 cost time: 2.9064221382141113
Epoch: 11, Steps: 22, | Train Loss: 1.04959
Validation results --- Loss: 1.08204, Accuracy: 0.41903, Precision: 0.28219, Recall: 0.37052, F1: 0.31695, AUROC: 0.53065, AUPRC: 0.35681
Test results --- Loss: 1.07937, Accuracy: 0.41595, Precision: 0.27827, Recall: 0.36531 F1: 0.31448, AUROC: 0.53152, AUPRC: 0.35924
EarlyStopping counter: 7 out of 10
Updating learning rate to 0.0002474172072495275
Epoch: 12 cost time: 2.8957858085632324
Epoch: 12, Steps: 22, | Train Loss: 1.02766
Validation results --- Loss: 1.05624, Accuracy: 0.45939, Precision: 0.30611, Recall: 0.40254, F1: 0.34714, AUROC: 0.57335, AUPRC: 0.39827
Test results --- Loss: 1.05268, Accuracy: 0.46206, Precision: 0.30671, Recall: 0.40246 F1: 0.34804, AUROC: 0.57786, AUPRC: 0.40261
Metric score decreased (-0.426237 --> -0.459395).  Saving model ...

Updating learning rate to 0.00023816778784387094
Epoch: 13 cost time: 2.8360023498535156
Epoch: 13, Steps: 22, | Train Loss: 0.99721
Validation results --- Loss: 1.02758, Accuracy: 0.48967, Precision: 0.32765, Recall: 0.42116, F1: 0.36534, AUROC: 0.61370, AUPRC: 0.44067
Test results --- Loss: 1.03035, Accuracy: 0.48655, Precision: 0.32420, Recall: 0.41786 F1: 0.36198, AUROC: 0.61731, AUPRC: 0.44514
Metric score decreased (-0.459395 --> -0.489668).  Saving model ...

Updating learning rate to 0.0002283747847073923
Epoch: 14 cost time: 2.883084774017334
Epoch: 14, Steps: 22, | Train Loss: 0.96894
Validation results --- Loss: 1.00369, Accuracy: 0.51225, Precision: 0.34530, Recall: 0.45290, F1: 0.38750, AUROC: 0.65750, AUPRC: 0.47865
Test results --- Loss: 1.00079, Accuracy: 0.51633, Precision: 0.34878, Recall: 0.45684 F1: 0.39055, AUROC: 0.65689, AUPRC: 0.48180
Metric score decreased (-0.489668 --> -0.512254).  Saving model ...

Updating learning rate to 0.00021809857496093199
Epoch: 15 cost time: 2.8706154823303223
Epoch: 15, Steps: 22, | Train Loss: 0.93871
Validation results --- Loss: 0.96349, Accuracy: 0.54637, Precision: 0.36449, Recall: 0.47929, F1: 0.41356, AUROC: 0.69401, AUPRC: 0.52305
Test results --- Loss: 0.96353, Accuracy: 0.54803, Precision: 0.36520, Recall: 0.48056 F1: 0.41464, AUROC: 0.69176, AUPRC: 0.52268
Metric score decreased (-0.512254 --> -0.546372).  Saving model ...

Updating learning rate to 0.00020740251485476345
Epoch: 16 cost time: 2.8897361755371094
Epoch: 16, Steps: 22, | Train Loss: 0.90938
Validation results --- Loss: 0.94262, Accuracy: 0.55935, Precision: 0.47345, Recall: 0.49045, F1: 0.42716, AUROC: 0.71096, AUPRC: 0.54261
Test results --- Loss: 0.94297, Accuracy: 0.55476, Precision: 0.43201, Recall: 0.48587 F1: 0.42313, AUROC: 0.70696, AUPRC: 0.53684
Metric score decreased (-0.546372 --> -0.559346).  Saving model ...

Updating learning rate to 0.0001963525491562421
Epoch: 17 cost time: 2.877664804458618
Epoch: 17, Steps: 22, | Train Loss: 0.88157
Validation results --- Loss: 0.92715, Accuracy: 0.57376, Precision: 0.54944, Recall: 0.50115, F1: 0.43509, AUROC: 0.72361, AUPRC: 0.55902
Test results --- Loss: 0.92525, Accuracy: 0.57541, Precision: 0.38516, Recall: 0.50210 F1: 0.43570, AUROC: 0.72084, AUPRC: 0.54990
Metric score decreased (-0.559346 --> -0.573763).  Saving model ...

Updating learning rate to 0.0001850168045783858
Epoch: 18 cost time: 2.9057540893554688
Epoch: 18, Steps: 22, | Train Loss: 0.85578
Validation results --- Loss: 0.92084, Accuracy: 0.57665, Precision: 0.52771, Recall: 0.51084, F1: 0.46123, AUROC: 0.72949, AUPRC: 0.56539
Test results --- Loss: 0.91338, Accuracy: 0.56916, Precision: 0.47909, Recall: 0.50205 F1: 0.45007, AUROC: 0.73053, AUPRC: 0.56055
Metric score decreased (-0.573763 --> -0.576646).  Saving model ...

Updating learning rate to 0.00017346516975603462
Epoch: 19 cost time: 2.8786542415618896
Epoch: 19, Steps: 22, | Train Loss: 0.84343
Validation results --- Loss: 0.91621, Accuracy: 0.57905, Precision: 0.52519, Recall: 0.51580, F1: 0.47134, AUROC: 0.73587, AUPRC: 0.57378
Test results --- Loss: 0.90409, Accuracy: 0.58117, Precision: 0.52217, Recall: 0.51845 F1: 0.47742, AUROC: 0.73910, AUPRC: 0.57148
Metric score decreased (-0.576646 --> -0.579049).  Saving model ...

Updating learning rate to 0.00016176886435917675
Epoch: 20 cost time: 2.853360176086426
Epoch: 20, Steps: 22, | Train Loss: 0.81824
Validation results --- Loss: 0.90963, Accuracy: 0.59491, Precision: 0.55708, Recall: 0.52590, F1: 0.47824, AUROC: 0.74263, AUPRC: 0.58288
Test results --- Loss: 0.89636, Accuracy: 0.58261, Precision: 0.49685, Recall: 0.51138 F1: 0.45905, AUROC: 0.74549, AUPRC: 0.57782
Metric score decreased (-0.579049 --> -0.594906).  Saving model ...

Updating learning rate to 0.00015
Epoch: 21 cost time: 2.8720037937164307
Epoch: 21, Steps: 22, | Train Loss: 0.80329
Validation results --- Loss: 0.90580, Accuracy: 0.58770, Precision: 0.53194, Recall: 0.52742, F1: 0.49068, AUROC: 0.74641, AUPRC: 0.58567
Test results --- Loss: 0.88611, Accuracy: 0.59462, Precision: 0.54002, Recall: 0.53401 F1: 0.49894, AUROC: 0.75173, AUPRC: 0.58700
EarlyStopping counter: 1 out of 10
Updating learning rate to 0.00013823113564082325
Epoch: 22 cost time: 2.8893697261810303
Epoch: 22, Steps: 22, | Train Loss: 0.79224
Validation results --- Loss: 0.90585, Accuracy: 0.59298, Precision: 0.54337, Recall: 0.52702, F1: 0.49703, AUROC: 0.75150, AUPRC: 0.59326
Test results --- Loss: 0.89061, Accuracy: 0.58934, Precision: 0.54342, Recall: 0.52233 F1: 0.49294, AUROC: 0.75475, AUPRC: 0.59130
EarlyStopping counter: 2 out of 10
Updating learning rate to 0.00012653483024396533
Epoch: 23 cost time: 2.8715569972991943
Epoch: 23, Steps: 22, | Train Loss: 0.77772
Validation results --- Loss: 0.89477, Accuracy: 0.60308, Precision: 0.54873, Recall: 0.54272, F1: 0.51468, AUROC: 0.75486, AUPRC: 0.59538
Test results --- Loss: 0.87302, Accuracy: 0.59702, Precision: 0.54770, Recall: 0.53872 F1: 0.51403, AUROC: 0.76014, AUPRC: 0.59815
Metric score decreased (-0.594906 --> -0.603075).  Saving model ...

Updating learning rate to 0.00011498319542161423
Epoch: 24 cost time: 2.8884661197662354
Epoch: 24, Steps: 22, | Train Loss: 0.76099
Validation results --- Loss: 0.90173, Accuracy: 0.59827, Precision: 0.54018, Recall: 0.54022, F1: 0.51988, AUROC: 0.75627, AUPRC: 0.59667
Test results --- Loss: 0.87962, Accuracy: 0.60279, Precision: 0.55800, Recall: 0.54707 F1: 0.53161, AUROC: 0.76065, AUPRC: 0.59939
EarlyStopping counter: 1 out of 10
Updating learning rate to 0.0001036474508437579
Epoch: 25 cost time: 2.8692574501037598
Epoch: 25, Steps: 22, | Train Loss: 0.75336
Validation results --- Loss: 0.89377, Accuracy: 0.60836, Precision: 0.55961, Recall: 0.54924, F1: 0.52512, AUROC: 0.76122, AUPRC: 0.60215
Test results --- Loss: 0.86843, Accuracy: 0.60567, Precision: 0.56184, Recall: 0.54825 F1: 0.52692, AUROC: 0.76648, AUPRC: 0.60728
Metric score decreased (-0.603075 --> -0.608361).  Saving model ...

Updating learning rate to 9.259748514523653e-05
Epoch: 26 cost time: 2.850545883178711
Epoch: 26, Steps: 22, | Train Loss: 0.74328
Validation results --- Loss: 0.89201, Accuracy: 0.61124, Precision: 0.56848, Recall: 0.56045, F1: 0.54554, AUROC: 0.76308, AUPRC: 0.60488
Test results --- Loss: 0.86420, Accuracy: 0.60999, Precision: 0.57009, Recall: 0.55957 F1: 0.54507, AUROC: 0.76944, AUPRC: 0.61150
Metric score decreased (-0.608361 --> -0.611245).  Saving model ...

Updating learning rate to 8.190142503906798e-05
Epoch: 27 cost time: 2.8813726902008057
Epoch: 27, Steps: 22, | Train Loss: 0.73729
Validation results --- Loss: 0.89154, Accuracy: 0.60596, Precision: 0.55524, Recall: 0.54821, F1: 0.52686, AUROC: 0.76585, AUPRC: 0.60906
Test results --- Loss: 0.86486, Accuracy: 0.60855, Precision: 0.56712, Recall: 0.55256 F1: 0.53457, AUROC: 0.77131, AUPRC: 0.61456
EarlyStopping counter: 1 out of 10
Updating learning rate to 7.162521529260767e-05
Epoch: 28 cost time: 2.890415906906128
Epoch: 28, Steps: 22, | Train Loss: 0.72719
Validation results --- Loss: 0.88835, Accuracy: 0.61509, Precision: 0.57039, Recall: 0.56485, F1: 0.55090, AUROC: 0.76831, AUPRC: 0.61165
Test results --- Loss: 0.85930, Accuracy: 0.62056, Precision: 0.58388, Recall: 0.57304 F1: 0.56260, AUROC: 0.77420, AUPRC: 0.61812
Metric score decreased (-0.611245 --> -0.615089).  Saving model ...

Updating learning rate to 6.183221215612904e-05
Epoch: 29 cost time: 2.872512102127075
Epoch: 29, Steps: 22, | Train Loss: 0.71766
Validation results --- Loss: 0.89170, Accuracy: 0.61028, Precision: 0.56688, Recall: 0.56042, F1: 0.54913, AUROC: 0.76872, AUPRC: 0.61223
Test results --- Loss: 0.86237, Accuracy: 0.61912, Precision: 0.58298, Recall: 0.57177 F1: 0.56359, AUROC: 0.77445, AUPRC: 0.61852
EarlyStopping counter: 1 out of 10
Updating learning rate to 5.2582792750472464e-05
Epoch: 30 cost time: 2.8501133918762207
Epoch: 30, Steps: 22, | Train Loss: 0.72114
Validation results --- Loss: 0.88851, Accuracy: 0.61365, Precision: 0.57128, Recall: 0.56298, F1: 0.54972, AUROC: 0.77040, AUPRC: 0.61456
Test results --- Loss: 0.85780, Accuracy: 0.62200, Precision: 0.58776, Recall: 0.57358 F1: 0.56335, AUROC: 0.77678, AUPRC: 0.62226
EarlyStopping counter: 2 out of 10
Updating learning rate to 4.3933982822017876e-05
Epoch: 31 cost time: 2.890169620513916
Epoch: 31, Steps: 22, | Train Loss: 0.71256
Validation results --- Loss: 0.88928, Accuracy: 0.61701, Precision: 0.57813, Recall: 0.57066, F1: 0.56019, AUROC: 0.77040, AUPRC: 0.61485
Test results --- Loss: 0.85727, Accuracy: 0.61912, Precision: 0.58293, Recall: 0.57392 F1: 0.56469, AUROC: 0.77734, AUPRC: 0.62250
Metric score decreased (-0.615089 --> -0.617011).  Saving model ...

Updating learning rate to 3.593910515999536e-05
Epoch: 32 cost time: 2.89020037651062
Epoch: 32, Steps: 22, | Train Loss: 0.70814
Validation results --- Loss: 0.88888, Accuracy: 0.61605, Precision: 0.57511, Recall: 0.56598, F1: 0.55217, AUROC: 0.77163, AUPRC: 0.61670
Test results --- Loss: 0.85692, Accuracy: 0.62152, Precision: 0.58710, Recall: 0.57375 F1: 0.56275, AUROC: 0.77843, AUPRC: 0.62524
EarlyStopping counter: 1 out of 10
Updating learning rate to 2.8647450843757897e-05
Epoch: 33 cost time: 2.860539674758911
Epoch: 33, Steps: 22, | Train Loss: 0.70704
Validation results --- Loss: 0.88849, Accuracy: 0.61509, Precision: 0.57557, Recall: 0.56627, F1: 0.55561, AUROC: 0.77234, AUPRC: 0.61790
Test results --- Loss: 0.85694, Accuracy: 0.62344, Precision: 0.58807, Recall: 0.57703 F1: 0.56908, AUROC: 0.77889, AUPRC: 0.62652
EarlyStopping counter: 2 out of 10
Updating learning rate to 2.210397534688617e-05
Epoch: 34 cost time: 2.9034528732299805
Epoch: 34, Steps: 22, | Train Loss: 0.70154
Validation results --- Loss: 0.88795, Accuracy: 0.61989, Precision: 0.58078, Recall: 0.57106, F1: 0.55951, AUROC: 0.77322, AUPRC: 0.61899
Test results --- Loss: 0.85567, Accuracy: 0.62104, Precision: 0.58512, Recall: 0.57384 F1: 0.56400, AUROC: 0.77992, AUPRC: 0.62776
Metric score decreased (-0.617011 --> -0.619894).  Saving model ...

Updating learning rate to 1.634902137174483e-05
Epoch: 35 cost time: 2.8725337982177734
Epoch: 35, Steps: 22, | Train Loss: 0.69899
Validation results --- Loss: 0.88806, Accuracy: 0.61941, Precision: 0.58208, Recall: 0.57277, F1: 0.56317, AUROC: 0.77321, AUPRC: 0.61893
Test results --- Loss: 0.85549, Accuracy: 0.62536, Precision: 0.59244, Recall: 0.58063 F1: 0.57334, AUROC: 0.78004, AUPRC: 0.62809
EarlyStopping counter: 1 out of 10
Updating learning rate to 1.1418070123306989e-05
Epoch: 36 cost time: 2.893118381500244
Epoch: 36, Steps: 22, | Train Loss: 0.69695
Validation results --- Loss: 0.88825, Accuracy: 0.61845, Precision: 0.57954, Recall: 0.56946, F1: 0.55783, AUROC: 0.77386, AUPRC: 0.61986
Test results --- Loss: 0.85552, Accuracy: 0.62296, Precision: 0.58828, Recall: 0.57604 F1: 0.56666, AUROC: 0.78063, AUPRC: 0.62913
EarlyStopping counter: 2 out of 10
Updating learning rate to 7.34152255572697e-06
Epoch: 37 cost time: 2.8906280994415283
Epoch: 37, Steps: 22, | Train Loss: 0.69615
Validation results --- Loss: 0.88818, Accuracy: 0.61845, Precision: 0.57873, Recall: 0.56967, F1: 0.55844, AUROC: 0.77390, AUPRC: 0.61994
Test results --- Loss: 0.85559, Accuracy: 0.62392, Precision: 0.58992, Recall: 0.57773 F1: 0.56945, AUROC: 0.78065, AUPRC: 0.62915
EarlyStopping counter: 3 out of 10
Updating learning rate to 4.144511940348516e-06
Epoch: 38 cost time: 2.869372844696045
Epoch: 38, Steps: 22, | Train Loss: 0.69691
Validation results --- Loss: 0.88831, Accuracy: 0.61797, Precision: 0.57773, Recall: 0.56908, F1: 0.55756, AUROC: 0.77403, AUPRC: 0.62011
Test results --- Loss: 0.85554, Accuracy: 0.62296, Precision: 0.58845, Recall: 0.57667 F1: 0.56809, AUROC: 0.78079, AUPRC: 0.62940
EarlyStopping counter: 4 out of 10
Updating learning rate to 1.8467489107293509e-06
Epoch: 39 cost time: 2.8887410163879395
Epoch: 39, Steps: 22, | Train Loss: 0.69699
Validation results --- Loss: 0.88835, Accuracy: 0.61941, Precision: 0.58065, Recall: 0.57110, F1: 0.56026, AUROC: 0.77403, AUPRC: 0.62011
Test results --- Loss: 0.85555, Accuracy: 0.62296, Precision: 0.58851, Recall: 0.57667 F1: 0.56812, AUROC: 0.78080, AUPRC: 0.62940
EarlyStopping counter: 5 out of 10
Updating learning rate to 4.623999400308054e-07
Epoch: 40 cost time: 2.8682689666748047
Epoch: 40, Steps: 22, | Train Loss: 0.69529
Validation results --- Loss: 0.88835, Accuracy: 0.62037, Precision: 0.58250, Recall: 0.57245, F1: 0.56200, AUROC: 0.77404, AUPRC: 0.62012
Test results --- Loss: 0.85551, Accuracy: 0.62296, Precision: 0.58804, Recall: 0.57667 F1: 0.56806, AUROC: 0.78083, AUPRC: 0.62942
Metric score decreased (-0.619894 --> -0.620375).  Saving model ...

Updating learning rate to 0.0
>>>>>>>testing : eeg_basis_mixer_v2_nobasis_AD65_seed_43_dm_192_dp_0.1_tl_4_bs_128_lr0.0003_aug_none_pl_64_cb16_kb16_tb20_pe192_ps16_ca0_cp1_gitnogit_20260502_230430<<<<<<<<<<<<<<<<<<<<<<<<<<<<<<<<<
Validation results --- Loss: 0.88835, Accuracy: 0.62037, Precision: 0.58250, Recall: 0.57245, F1: 0.56200, AUROC: 0.77404, AUPRC: 0.62012
Test results --- Loss: 0.85551, Accuracy: 0.62296, Precision: 0.58804, Recall: 0.57667, F1: 0.56806, AUROC: 0.78083, AUPRC: 0.62942

Validation results --- Loss: 0.88835, Accuracy: 0.62037, Precision: 0.58250, Recall: 0.57245, F1: 0.56200, AUROC: 0.77404, AUPRC: 0.62012
Test results --- Loss: 0.85551, Accuracy: 0.62296, Precision: 0.58804, Recall: 0.57667, F1: 0.56806, AUROC: 0.78083, AUPRC: 0.62942

[result] Saved experiment record to: results/runs/3633150_AD65_eeg_basis_mixer_v2_nobasis_seed43.yaml
Use GPU (single): visible=0 -> cuda:0
================================================================================
[Model] eeg_basis_mixer_v2_nobasis
[Model Params] Total: 54,199 (0.054 M)
[Model Params] Trainable: 54,199 (0.054 M)
[Model Params] Non-trainable: 0 (0.000 M)
[Model Size] Parameters: 0.21 MB
[Model Size] Buffers: 0.00 MB
[Model Size] Total estimated: 0.21 MB
================================================================================
>>>>>>>start training : eeg_basis_mixer_v2_nobasis_AD65_seed_44_dm_192_dp_0.1_tl_4_bs_128_lr0.0003_aug_none_pl_64_cb16_kb16_tb20_pe192_ps16_ca0_cp1_gitnogit_20260502_230816>>>>>>>>>>>>>>>>>>>>>>>>>>
(2775, 2000, 19)
(2775,)
(2081, 2000, 19)
(2081,)
(2082, 2000, 19)
(2082,)
Epoch: 1 cost time: 2.9222192764282227
Epoch: 1, Steps: 22, | Train Loss: 1.09312
Validation results --- Loss: 1.07371, Accuracy: 0.41711, Precision: 0.13904, Recall: 0.33333, F1: 0.19622, AUROC: 0.49696, AUPRC: 0.33478
Test results --- Loss: 1.07037, Accuracy: 0.41739, Precision: 0.13913, Recall: 0.33333 F1: 0.19632, AUROC: 0.51069, AUPRC: 0.34516
Metric score decreased (inf --> -0.417107).  Saving model ...

Updating learning rate to 0.00029953760005996916
Epoch: 2 cost time: 2.909369468688965
Epoch: 2, Steps: 22, | Train Loss: 1.07556
Validation results --- Loss: 1.07501, Accuracy: 0.41711, Precision: 0.13904, Recall: 0.33333, F1: 0.19622, AUROC: 0.49489, AUPRC: 0.33292
Test results --- Loss: 1.07048, Accuracy: 0.41739, Precision: 0.13913, Recall: 0.33333 F1: 0.19632, AUROC: 0.50828, AUPRC: 0.34548
EarlyStopping counter: 1 out of 10
Updating learning rate to 0.00029815325108927063
Epoch: 3 cost time: 2.889768123626709
Epoch: 3, Steps: 22, | Train Loss: 1.07252
Validation results --- Loss: 1.07556, Accuracy: 0.41615, Precision: 0.26550, Recall: 0.33432, F1: 0.21350, AUROC: 0.49147, AUPRC: 0.33075
Test results --- Loss: 1.07125, Accuracy: 0.42027, Precision: 0.27681, Recall: 0.33764 F1: 0.21745, AUROC: 0.50444, AUPRC: 0.34373
EarlyStopping counter: 2 out of 10
Updating learning rate to 0.0002958554880596515
Epoch: 4 cost time: 2.8644397258758545
Epoch: 4, Steps: 22, | Train Loss: 1.07171
Validation results --- Loss: 1.07816, Accuracy: 0.39260, Precision: 0.24549, Recall: 0.32457, F1: 0.25912, AUROC: 0.49387, AUPRC: 0.33087
Test results --- Loss: 1.07243, Accuracy: 0.40202, Precision: 0.25314, Recall: 0.33218 F1: 0.26521, AUROC: 0.50311, AUPRC: 0.34155
EarlyStopping counter: 3 out of 10
Updating learning rate to 0.00029265847744427303
Epoch: 5 cost time: 2.90474009513855
Epoch: 5, Steps: 22, | Train Loss: 1.06858
Validation results --- Loss: 1.08111, Accuracy: 0.41470, Precision: 0.25576, Recall: 0.33523, F1: 0.23063, AUROC: 0.49728, AUPRC: 0.33530
Test results --- Loss: 1.07630, Accuracy: 0.40922, Precision: 0.24957, Recall: 0.33097 F1: 0.23044, AUROC: 0.50191, AUPRC: 0.33905
EarlyStopping counter: 4 out of 10
Updating learning rate to 0.000288581929876693
Epoch: 6 cost time: 2.8669352531433105
Epoch: 6, Steps: 22, | Train Loss: 1.06666
Validation results --- Loss: 1.08648, Accuracy: 0.39308, Precision: 0.25529, Recall: 0.33443, F1: 0.28646, AUROC: 0.49716, AUPRC: 0.33549
Test results --- Loss: 1.07958, Accuracy: 0.39145, Precision: 0.25336, Recall: 0.33207 F1: 0.28355, AUROC: 0.50114, AUPRC: 0.33850
EarlyStopping counter: 5 out of 10
Updating learning rate to 0.00028365097862825513
Epoch: 7 cost time: 2.921494722366333
Epoch: 7, Steps: 22, | Train Loss: 1.06461
Validation results --- Loss: 1.08042, Accuracy: 0.39212, Precision: 0.24829, Recall: 0.32745, F1: 0.27057, AUROC: 0.50127, AUPRC: 0.33805
Test results --- Loss: 1.07644, Accuracy: 0.39481, Precision: 0.25232, Recall: 0.32947 F1: 0.27216, AUROC: 0.50148, AUPRC: 0.33833
EarlyStopping counter: 6 out of 10
Updating learning rate to 0.0002778960246531138
Epoch: 8 cost time: 2.8758366107940674
Epoch: 8, Steps: 22, | Train Loss: 1.06022
Validation results --- Loss: 1.08317, Accuracy: 0.39692, Precision: 0.25298, Recall: 0.33129, F1: 0.27339, AUROC: 0.50208, AUPRC: 0.34040
Test results --- Loss: 1.07925, Accuracy: 0.39962, Precision: 0.25572, Recall: 0.33331 F1: 0.27495, AUROC: 0.50258, AUPRC: 0.33821
EarlyStopping counter: 7 out of 10
Updating learning rate to 0.0002713525491562421
Epoch: 9 cost time: 2.8869307041168213
Epoch: 9, Steps: 22, | Train Loss: 1.05727
Validation results --- Loss: 1.08367, Accuracy: 0.40173, Precision: 0.25396, Recall: 0.33266, F1: 0.26734, AUROC: 0.50412, AUPRC: 0.34057
Test results --- Loss: 1.08128, Accuracy: 0.40490, Precision: 0.25770, Recall: 0.33464 F1: 0.26748, AUROC: 0.50409, AUPRC: 0.33955
EarlyStopping counter: 8 out of 10
Updating learning rate to 0.00026406089484000466
Epoch: 10 cost time: 2.898042678833008
Epoch: 10, Steps: 22, | Train Loss: 1.05732
Validation results --- Loss: 1.08449, Accuracy: 0.40029, Precision: 0.25645, Recall: 0.33477, F1: 0.27785, AUROC: 0.50529, AUPRC: 0.34251
Test results --- Loss: 1.08128, Accuracy: 0.40106, Precision: 0.25900, Recall: 0.33558 F1: 0.27932, AUROC: 0.50666, AUPRC: 0.34175
EarlyStopping counter: 9 out of 10
Updating learning rate to 0.00025606601717798207
Epoch: 11 cost time: 2.8908567428588867
Epoch: 11, Steps: 22, | Train Loss: 1.04884
Validation results --- Loss: 1.08284, Accuracy: 0.39164, Precision: 0.25434, Recall: 0.33319, F1: 0.28540, AUROC: 0.51142, AUPRC: 0.34777
Test results --- Loss: 1.07802, Accuracy: 0.40106, Precision: 0.26209, Recall: 0.34134 F1: 0.29281, AUROC: 0.51392, AUPRC: 0.34680
EarlyStopping counter: 10 out of 10
Early stopping
>>>>>>>testing : eeg_basis_mixer_v2_nobasis_AD65_seed_44_dm_192_dp_0.1_tl_4_bs_128_lr0.0003_aug_none_pl_64_cb16_kb16_tb20_pe192_ps16_ca0_cp1_gitnogit_20260502_230816<<<<<<<<<<<<<<<<<<<<<<<<<<<<<<<<<
Validation results --- Loss: 1.07371, Accuracy: 0.41711, Precision: 0.13904, Recall: 0.33333, F1: 0.19622, AUROC: 0.49696, AUPRC: 0.33478
Test results --- Loss: 1.07037, Accuracy: 0.41739, Precision: 0.13913, Recall: 0.33333, F1: 0.19632, AUROC: 0.51069, AUPRC: 0.34516

Validation results --- Loss: 1.07371, Accuracy: 0.41711, Precision: 0.13904, Recall: 0.33333, F1: 0.19622, AUROC: 0.49696, AUPRC: 0.33478
Test results --- Loss: 1.07037, Accuracy: 0.41739, Precision: 0.13913, Recall: 0.33333, F1: 0.19632, AUROC: 0.51069, AUPRC: 0.34516

[result] Saved experiment record to: results/runs/3633150_AD65_eeg_basis_mixer_v2_nobasis_seed44.yaml
Use GPU (single): visible=0 -> cuda:0
================================================================================
[Model] eeg_basis_mixer_v2_nobasis
[Model Params] Total: 54,199 (0.054 M)
[Model Params] Trainable: 54,199 (0.054 M)
[Model Params] Non-trainable: 0 (0.000 M)
[Model Size] Parameters: 0.21 MB
[Model Size] Buffers: 0.00 MB
[Model Size] Total estimated: 0.21 MB
================================================================================
>>>>>>>start training : eeg_basis_mixer_v2_nobasis_AD65_seed_45_dm_192_dp_0.1_tl_4_bs_128_lr0.0003_aug_none_pl_64_cb16_kb16_tb20_pe192_ps16_ca0_cp1_gitnogit_20260502_230930>>>>>>>>>>>>>>>>>>>>>>>>>>
(2775, 2000, 19)
(2775,)
(2081, 2000, 19)
(2081,)
(2082, 2000, 19)
(2082,)
Epoch: 1 cost time: 2.9184069633483887
Epoch: 1, Steps: 22, | Train Loss: 1.09845
Validation results --- Loss: 1.07770, Accuracy: 0.40125, Precision: 0.22750, Recall: 0.32408, F1: 0.22190, AUROC: 0.49515, AUPRC: 0.32920
Test results --- Loss: 1.07882, Accuracy: 0.41018, Precision: 0.24140, Recall: 0.33118 F1: 0.22699, AUROC: 0.51477, AUPRC: 0.35188
Metric score decreased (inf --> -0.401249).  Saving model ...

Updating learning rate to 0.00029953760005996916
Epoch: 2 cost time: 2.8943564891815186
Epoch: 2, Steps: 22, | Train Loss: 1.07633
Validation results --- Loss: 1.07487, Accuracy: 0.41711, Precision: 0.27238, Recall: 0.33349, F1: 0.19795, AUROC: 0.49652, AUPRC: 0.33145
Test results --- Loss: 1.07536, Accuracy: 0.41595, Precision: 0.13885, Recall: 0.33218 F1: 0.19584, AUROC: 0.51612, AUPRC: 0.35310
Metric score decreased (-0.401249 --> -0.417107).  Saving model ...

Updating learning rate to 0.00029815325108927063
Epoch: 3 cost time: 2.8783929347991943
Epoch: 3, Steps: 22, | Train Loss: 1.07368
Validation results --- Loss: 1.07473, Accuracy: 0.41711, Precision: 0.13904, Recall: 0.33333, F1: 0.19622, AUROC: 0.49797, AUPRC: 0.33445
Test results --- Loss: 1.07374, Accuracy: 0.41739, Precision: 0.13913, Recall: 0.33333 F1: 0.19632, AUROC: 0.51544, AUPRC: 0.35187
EarlyStopping counter: 1 out of 10
Updating learning rate to 0.0002958554880596515
Epoch: 4 cost time: 2.8661177158355713
Epoch: 4, Steps: 22, | Train Loss: 1.07288
Validation results --- Loss: 1.07714, Accuracy: 0.40557, Precision: 0.23053, Recall: 0.32690, F1: 0.21866, AUROC: 0.50121, AUPRC: 0.33847
Test results --- Loss: 1.07449, Accuracy: 0.41354, Precision: 0.26127, Recall: 0.33371 F1: 0.22672, AUROC: 0.51437, AUPRC: 0.34829
EarlyStopping counter: 2 out of 10
Updating learning rate to 0.00029265847744427303
Epoch: 5 cost time: 2.8453760147094727
Epoch: 5, Steps: 22, | Train Loss: 1.07155
Validation results --- Loss: 1.07549, Accuracy: 0.40654, Precision: 0.25042, Recall: 0.33420, F1: 0.25999, AUROC: 0.50178, AUPRC: 0.34005
Test results --- Loss: 1.07364, Accuracy: 0.41451, Precision: 0.26830, Recall: 0.34192 F1: 0.27112, AUROC: 0.51746, AUPRC: 0.35014
EarlyStopping counter: 3 out of 10
Updating learning rate to 0.000288581929876693
Epoch: 6 cost time: 2.8792564868927
Epoch: 6, Steps: 22, | Train Loss: 1.07069
Validation results --- Loss: 1.08150, Accuracy: 0.41182, Precision: 0.23151, Recall: 0.33046, F1: 0.20844, AUROC: 0.50329, AUPRC: 0.34133
Test results --- Loss: 1.07785, Accuracy: 0.41835, Precision: 0.27409, Recall: 0.33594 F1: 0.21511, AUROC: 0.51692, AUPRC: 0.34982
EarlyStopping counter: 4 out of 10
Updating learning rate to 0.00028365097862825513
Epoch: 7 cost time: 2.872530460357666
Epoch: 7, Steps: 22, | Train Loss: 1.07232
Validation results --- Loss: 1.08146, Accuracy: 0.40894, Precision: 0.23667, Recall: 0.32959, F1: 0.22007, AUROC: 0.50204, AUPRC: 0.34117
Test results --- Loss: 1.07751, Accuracy: 0.41835, Precision: 0.27088, Recall: 0.33762 F1: 0.22950, AUROC: 0.51629, AUPRC: 0.34886
EarlyStopping counter: 5 out of 10
Updating learning rate to 0.0002778960246531138
Epoch: 8 cost time: 2.865609884262085
Epoch: 8, Steps: 22, | Train Loss: 1.07041
Validation results --- Loss: 1.07936, Accuracy: 0.41134, Precision: 0.24268, Recall: 0.33135, F1: 0.21966, AUROC: 0.50367, AUPRC: 0.34188
Test results --- Loss: 1.07623, Accuracy: 0.41787, Precision: 0.27059, Recall: 0.33708 F1: 0.22799, AUROC: 0.51660, AUPRC: 0.34852
EarlyStopping counter: 6 out of 10
Updating learning rate to 0.0002713525491562421
Epoch: 9 cost time: 2.8717992305755615
Epoch: 9, Steps: 22, | Train Loss: 1.06939
Validation results --- Loss: 1.08165, Accuracy: 0.39644, Precision: 0.25461, Recall: 0.33497, F1: 0.28407, AUROC: 0.50362, AUPRC: 0.34191
Test results --- Loss: 1.07865, Accuracy: 0.39769, Precision: 0.25803, Recall: 0.33697 F1: 0.28735, AUROC: 0.51642, AUPRC: 0.34857
EarlyStopping counter: 7 out of 10
Updating learning rate to 0.00026406089484000466
Epoch: 10 cost time: 2.861377477645874
Epoch: 10, Steps: 22, | Train Loss: 1.06722
Validation results --- Loss: 1.07897, Accuracy: 0.41134, Precision: 0.25445, Recall: 0.33541, F1: 0.24843, AUROC: 0.50338, AUPRC: 0.34167
Test results --- Loss: 1.07601, Accuracy: 0.41739, Precision: 0.27268, Recall: 0.34070 F1: 0.25500, AUROC: 0.51555, AUPRC: 0.34777
EarlyStopping counter: 8 out of 10
Updating learning rate to 0.00025606601717798207
Epoch: 11 cost time: 2.8773274421691895
Epoch: 11, Steps: 22, | Train Loss: 1.06579
Validation results --- Loss: 1.08195, Accuracy: 0.40894, Precision: 0.24542, Recall: 0.33142, F1: 0.23398, AUROC: 0.50391, AUPRC: 0.34150
Test results --- Loss: 1.07868, Accuracy: 0.41739, Precision: 0.27112, Recall: 0.33926 F1: 0.24621, AUROC: 0.51624, AUPRC: 0.34766
EarlyStopping counter: 9 out of 10
Updating learning rate to 0.0002474172072495275
Epoch: 12 cost time: 2.9103662967681885
Epoch: 12, Steps: 22, | Train Loss: 1.06468
Validation results --- Loss: 1.08204, Accuracy: 0.40173, Precision: 0.24916, Recall: 0.33123, F1: 0.26139, AUROC: 0.50374, AUPRC: 0.34163
Test results --- Loss: 1.07895, Accuracy: 0.41018, Precision: 0.26323, Recall: 0.33862 F1: 0.26941, AUROC: 0.51752, AUPRC: 0.34843
EarlyStopping counter: 10 out of 10
Early stopping
>>>>>>>testing : eeg_basis_mixer_v2_nobasis_AD65_seed_45_dm_192_dp_0.1_tl_4_bs_128_lr0.0003_aug_none_pl_64_cb16_kb16_tb20_pe192_ps16_ca0_cp1_gitnogit_20260502_230930<<<<<<<<<<<<<<<<<<<<<<<<<<<<<<<<<
Validation results --- Loss: 1.07487, Accuracy: 0.41711, Precision: 0.27238, Recall: 0.33349, F1: 0.19795, AUROC: 0.49652, AUPRC: 0.33145
Test results --- Loss: 1.07536, Accuracy: 0.41595, Precision: 0.13885, Recall: 0.33218, F1: 0.19584, AUROC: 0.51612, AUPRC: 0.35310

Validation results --- Loss: 1.07487, Accuracy: 0.41711, Precision: 0.27238, Recall: 0.33349, F1: 0.19795, AUROC: 0.49652, AUPRC: 0.33145
Test results --- Loss: 1.07536, Accuracy: 0.41595, Precision: 0.13885, Recall: 0.33218, F1: 0.19584, AUROC: 0.51612, AUPRC: 0.35310

[result] Saved experiment record to: results/runs/3633150_AD65_eeg_basis_mixer_v2_nobasis_seed45.yaml
Use GPU (single): visible=0 -> cuda:0
================================================================================
[Model] eeg_basis_mixer_v2_nobasis
[Model Params] Total: 54,199 (0.054 M)
[Model Params] Trainable: 54,199 (0.054 M)
[Model Params] Non-trainable: 0 (0.000 M)
[Model Size] Parameters: 0.21 MB
[Model Size] Buffers: 0.00 MB
[Model Size] Total estimated: 0.21 MB
================================================================================
>>>>>>>start training : eeg_basis_mixer_v2_nobasis_AD65_seed_46_dm_192_dp_0.1_tl_4_bs_128_lr0.0003_aug_none_pl_64_cb16_kb16_tb20_pe192_ps16_ca0_cp1_gitnogit_20260502_231050>>>>>>>>>>>>>>>>>>>>>>>>>>
(2775, 2000, 19)
(2775,)
(2081, 2000, 19)
(2081,)
(2082, 2000, 19)
(2082,)
Epoch: 1 cost time: 2.887267827987671
Epoch: 1, Steps: 22, | Train Loss: 1.09739
Validation results --- Loss: 1.07353, Accuracy: 0.41711, Precision: 0.13904, Recall: 0.33333, F1: 0.19622, AUROC: 0.48150, AUPRC: 0.32420
Test results --- Loss: 1.07224, Accuracy: 0.41739, Precision: 0.13913, Recall: 0.33333 F1: 0.19632, AUROC: 0.48768, AUPRC: 0.33119
Metric score decreased (inf --> -0.417107).  Saving model ...

Updating learning rate to 0.00029953760005996916
Epoch: 2 cost time: 2.867558240890503
Epoch: 2, Steps: 22, | Train Loss: 1.07330
Validation results --- Loss: 1.07349, Accuracy: 0.41711, Precision: 0.13904, Recall: 0.33333, F1: 0.19622, AUROC: 0.48290, AUPRC: 0.32554
Test results --- Loss: 1.07235, Accuracy: 0.41739, Precision: 0.13913, Recall: 0.33333 F1: 0.19632, AUROC: 0.48672, AUPRC: 0.33181
EarlyStopping counter: 1 out of 10
Updating learning rate to 0.00029815325108927063
Epoch: 3 cost time: 2.8901209831237793
Epoch: 3, Steps: 22, | Train Loss: 1.07213
Validation results --- Loss: 1.07539, Accuracy: 0.40461, Precision: 0.25475, Recall: 0.33099, F1: 0.25037, AUROC: 0.48394, AUPRC: 0.32766
Test results --- Loss: 1.07436, Accuracy: 0.39673, Precision: 0.24219, Recall: 0.32436 F1: 0.24555, AUROC: 0.48729, AUPRC: 0.33211
EarlyStopping counter: 2 out of 10
Updating learning rate to 0.0002958554880596515
Epoch: 4 cost time: 2.885319232940674
Epoch: 4, Steps: 22, | Train Loss: 1.07230
Validation results --- Loss: 1.07751, Accuracy: 0.41182, Precision: 0.23707, Recall: 0.33038, F1: 0.20747, AUROC: 0.48710, AUPRC: 0.32852
Test results --- Loss: 1.07617, Accuracy: 0.41306, Precision: 0.25128, Recall: 0.33172 F1: 0.21303, AUROC: 0.48810, AUPRC: 0.33196
EarlyStopping counter: 3 out of 10
Updating learning rate to 0.00029265847744427303
Epoch: 5 cost time: 2.890554904937744
Epoch: 5, Steps: 22, | Train Loss: 1.07109
Validation results --- Loss: 1.08148, Accuracy: 0.39981, Precision: 0.23856, Recall: 0.32428, F1: 0.23066, AUROC: 0.48865, AUPRC: 0.32948
Test results --- Loss: 1.08101, Accuracy: 0.40490, Precision: 0.24830, Recall: 0.32896 F1: 0.23826, AUROC: 0.48909, AUPRC: 0.33312
EarlyStopping counter: 4 out of 10
Updating learning rate to 0.000288581929876693
Epoch: 6 cost time: 2.8623533248901367
Epoch: 6, Steps: 22, | Train Loss: 1.06779
Validation results --- Loss: 1.08237, Accuracy: 0.40317, Precision: 0.23269, Recall: 0.32530, F1: 0.22001, AUROC: 0.49189, AUPRC: 0.33144
Test results --- Loss: 1.08446, Accuracy: 0.40730, Precision: 0.24327, Recall: 0.32904 F1: 0.22668, AUROC: 0.48907, AUPRC: 0.33212
EarlyStopping counter: 5 out of 10
Updating learning rate to 0.00028365097862825513
Epoch: 7 cost time: 2.8748691082000732
Epoch: 7, Steps: 22, | Train Loss: 1.06556
Validation results --- Loss: 1.08119, Accuracy: 0.38731, Precision: 0.25440, Recall: 0.33252, F1: 0.28712, AUROC: 0.49388, AUPRC: 0.33293
Test results --- Loss: 1.08463, Accuracy: 0.38665, Precision: 0.25358, Recall: 0.33215 F1: 0.28688, AUROC: 0.49091, AUPRC: 0.33309
EarlyStopping counter: 6 out of 10
Updating learning rate to 0.0002778960246531138
Epoch: 8 cost time: 2.8767142295837402
Epoch: 8, Steps: 22, | Train Loss: 1.06234
Validation results --- Loss: 1.08739, Accuracy: 0.40702, Precision: 0.25743, Recall: 0.33092, F1: 0.23966, AUROC: 0.49559, AUPRC: 0.33321
Test results --- Loss: 1.09141, Accuracy: 0.40394, Precision: 0.24524, Recall: 0.32811 F1: 0.23734, AUROC: 0.49240, AUPRC: 0.33356
EarlyStopping counter: 7 out of 10
Updating learning rate to 0.0002713525491562421
Epoch: 9 cost time: 2.8711905479431152
Epoch: 9, Steps: 22, | Train Loss: 1.06238
Validation results --- Loss: 1.08238, Accuracy: 0.38011, Precision: 0.24448, Recall: 0.32095, F1: 0.27191, AUROC: 0.49861, AUPRC: 0.33641
Test results --- Loss: 1.08823, Accuracy: 0.38617, Precision: 0.24976, Recall: 0.32705 F1: 0.27864, AUROC: 0.49314, AUPRC: 0.33492
EarlyStopping counter: 8 out of 10
Updating learning rate to 0.00026406089484000466
Epoch: 10 cost time: 2.8562488555908203
Epoch: 10, Steps: 22, | Train Loss: 1.06019
Validation results --- Loss: 1.08415, Accuracy: 0.40605, Precision: 0.25877, Recall: 0.33509, F1: 0.26547, AUROC: 0.50057, AUPRC: 0.33751
Test results --- Loss: 1.09232, Accuracy: 0.39721, Precision: 0.25063, Recall: 0.32795 F1: 0.26095, AUROC: 0.49322, AUPRC: 0.33513
EarlyStopping counter: 9 out of 10
Updating learning rate to 0.00025606601717798207
Epoch: 11 cost time: 2.8739840984344482
Epoch: 11, Steps: 22, | Train Loss: 1.06044
Validation results --- Loss: 1.08296, Accuracy: 0.39404, Precision: 0.25375, Recall: 0.33090, F1: 0.27740, AUROC: 0.50247, AUPRC: 0.33866
Test results --- Loss: 1.09113, Accuracy: 0.38617, Precision: 0.24734, Recall: 0.32441 F1: 0.27238, AUROC: 0.49778, AUPRC: 0.33857
EarlyStopping counter: 10 out of 10
Early stopping
>>>>>>>testing : eeg_basis_mixer_v2_nobasis_AD65_seed_46_dm_192_dp_0.1_tl_4_bs_128_lr0.0003_aug_none_pl_64_cb16_kb16_tb20_pe192_ps16_ca0_cp1_gitnogit_20260502_231050<<<<<<<<<<<<<<<<<<<<<<<<<<<<<<<<<
Validation results --- Loss: 1.07353, Accuracy: 0.41711, Precision: 0.13904, Recall: 0.33333, F1: 0.19622, AUROC: 0.48150, AUPRC: 0.32420
Test results --- Loss: 1.07224, Accuracy: 0.41739, Precision: 0.13913, Recall: 0.33333, F1: 0.19632, AUROC: 0.48768, AUPRC: 0.33119

Validation results --- Loss: 1.07353, Accuracy: 0.41711, Precision: 0.13904, Recall: 0.33333, F1: 0.19622, AUROC: 0.48150, AUPRC: 0.32420
Test results --- Loss: 1.07224, Accuracy: 0.41739, Precision: 0.13913, Recall: 0.33333, F1: 0.19632, AUROC: 0.48768, AUPRC: 0.33119

[result] Saved experiment record to: results/runs/3633150_AD65_eeg_basis_mixer_v2_nobasis_seed46.yaml
Mean accuracy: 0.4996, precision: 0.3187,recall: 0.4307, f1: 0.3450, AUROC: 0.6135, AUPRC: 0.4528
Std accuracy: 0.1007, precision: 0.2199,recall: 0.1192, f1: 0.1821, AUROC: 0.1367, AUPRC: 0.1443
