[device] set CUDA_VISIBLE_DEVICES=0
[dataset_cfg] Physionet_MI root_path -> /work/bme-shenxk/data/Physionet_MI_wsn
[dataset_cfg] applied 39 params for Physionet_MI
A total 12 CPUs are used, making sure that num_worker is small than the number of CPUs
Use GPU (single): visible=0 -> cuda:0
================================================================================
[Model] eeg_mixer_v3_tconv
[Model Params] Total: 114,933 (0.115 M)
[Model Params] Trainable: 114,933 (0.115 M)
[Model Params] Non-trainable: 0 (0.000 M)
[Model Size] Parameters: 0.44 MB
[Model Size] Buffers: 0.00 MB
[Model Size] Total estimated: 0.44 MB
================================================================================
>>>>>>>start training : eeg_mixer_v3_tconv_Physionet_MI_seed_42_dm_192_dp_0.15_tl_5_bs_64_lr0.0003_aug_none_pl_32_cb32_kb16_tb20_pe192_ps8_ca0_cp1_gitnogit_20260502_222102>>>>>>>>>>>>>>>>>>>>>>>>>>
(3934, 800, 64)
(3934,)
(2951, 800, 64)
(2951,)
(2952, 800, 64)
(2952,)
Epoch: 1 cost time: 10.397314071655273
Epoch: 1, Steps: 62, | Train Loss: 1.40049
Validation results --- Loss: 1.39483, Accuracy: 0.24941, Precision: 0.06235, Recall: 0.25000, F1: 0.09981, AUROC: 0.55297, AUPRC: 0.28423
Test results --- Loss: 1.39392, Accuracy: 0.24966, Precision: 0.06242, Recall: 0.25000 F1: 0.09989, AUROC: 0.57116, AUPRC: 0.29801
Metric score decreased (inf --> -0.099810).  Saving model ...

Updating learning rate to 0.00029953760005996916
Epoch: 2 cost time: 8.689049005508423
Epoch: 2, Steps: 62, | Train Loss: 1.38848
Validation results --- Loss: 1.38188, Accuracy: 0.30803, Precision: 0.16890, Recall: 0.30777, F1: 0.20120, AUROC: 0.64426, AUPRC: 0.38059
Test results --- Loss: 1.38210, Accuracy: 0.31572, Precision: 0.17082, Recall: 0.31525 F1: 0.20580, AUROC: 0.65407, AUPRC: 0.38950
Metric score decreased (-0.099810 --> -0.201202).  Saving model ...

Updating learning rate to 0.00029815325108927063
Epoch: 3 cost time: 8.650694608688354
Epoch: 3, Steps: 62, | Train Loss: 1.31882
Validation results --- Loss: 1.13751, Accuracy: 0.51101, Precision: 0.50554, Recall: 0.51107, F1: 0.50300, AUROC: 0.75828, AUPRC: 0.54727
Test results --- Loss: 1.15006, Accuracy: 0.50203, Precision: 0.50221, Recall: 0.50216 F1: 0.49892, AUROC: 0.75917, AUPRC: 0.54901
Metric score decreased (-0.201202 --> -0.503002).  Saving model ...

Updating learning rate to 0.0002958554880596515
Epoch: 4 cost time: 8.653808355331421
Epoch: 4, Steps: 62, | Train Loss: 1.11353
Validation results --- Loss: 1.08209, Accuracy: 0.54592, Precision: 0.55049, Recall: 0.54583, F1: 0.54019, AUROC: 0.78753, AUPRC: 0.58667
Test results --- Loss: 1.09134, Accuracy: 0.53930, Precision: 0.54391, Recall: 0.53931 F1: 0.53647, AUROC: 0.78782, AUPRC: 0.59814
Metric score decreased (-0.503002 --> -0.540187).  Saving model ...

Updating learning rate to 0.00029265847744427303
Epoch: 5 cost time: 8.692890167236328
Epoch: 5, Steps: 62, | Train Loss: 1.06000
Validation results --- Loss: 1.07826, Accuracy: 0.55168, Precision: 0.55464, Recall: 0.55125, F1: 0.54700, AUROC: 0.79276, AUPRC: 0.59566
Test results --- Loss: 1.07415, Accuracy: 0.55522, Precision: 0.55917, Recall: 0.55488 F1: 0.55291, AUROC: 0.79631, AUPRC: 0.61255
Metric score decreased (-0.540187 --> -0.547000).  Saving model ...

Updating learning rate to 0.000288581929876693
Epoch: 6 cost time: 8.708400964736938
Epoch: 6, Steps: 62, | Train Loss: 1.03828
Validation results --- Loss: 1.06821, Accuracy: 0.56320, Precision: 0.55971, Recall: 0.56317, F1: 0.55906, AUROC: 0.79574, AUPRC: 0.60080
Test results --- Loss: 1.06838, Accuracy: 0.55657, Precision: 0.55839, Recall: 0.55668 F1: 0.55436, AUROC: 0.80041, AUPRC: 0.61789
Metric score decreased (-0.547000 --> -0.559062).  Saving model ...

Updating learning rate to 0.00028365097862825513
Epoch: 7 cost time: 8.653261423110962
Epoch: 7, Steps: 62, | Train Loss: 1.01981
Validation results --- Loss: 1.05827, Accuracy: 0.56794, Precision: 0.56579, Recall: 0.56777, F1: 0.56485, AUROC: 0.79931, AUPRC: 0.60887
Test results --- Loss: 1.05347, Accuracy: 0.56775, Precision: 0.56695, Recall: 0.56770 F1: 0.56693, AUROC: 0.80300, AUPRC: 0.62378
Metric score decreased (-0.559062 --> -0.564852).  Saving model ...

Updating learning rate to 0.0002778960246531138
Epoch: 8 cost time: 8.71281385421753
Epoch: 8, Steps: 62, | Train Loss: 1.00822
Validation results --- Loss: 1.05400, Accuracy: 0.57303, Precision: 0.57061, Recall: 0.57284, F1: 0.57055, AUROC: 0.80024, AUPRC: 0.61142
Test results --- Loss: 1.05089, Accuracy: 0.56809, Precision: 0.57058, Recall: 0.56800 F1: 0.56750, AUROC: 0.80499, AUPRC: 0.62561
Metric score decreased (-0.564852 --> -0.570548).  Saving model ...

Updating learning rate to 0.0002713525491562421
Epoch: 9 cost time: 8.677169799804688
Epoch: 9, Steps: 62, | Train Loss: 0.99476
Validation results --- Loss: 1.07146, Accuracy: 0.56422, Precision: 0.57006, Recall: 0.56384, F1: 0.55963, AUROC: 0.79940, AUPRC: 0.61198
Test results --- Loss: 1.05987, Accuracy: 0.56572, Precision: 0.56924, Recall: 0.56544 F1: 0.56414, AUROC: 0.80433, AUPRC: 0.62648
EarlyStopping counter: 1 out of 10
Updating learning rate to 0.00026406089484000466
Epoch: 10 cost time: 8.66488790512085
Epoch: 10, Steps: 62, | Train Loss: 0.98666
Validation results --- Loss: 1.07293, Accuracy: 0.55676, Precision: 0.54823, Recall: 0.55659, F1: 0.54503, AUROC: 0.79966, AUPRC: 0.61116
Test results --- Loss: 1.06454, Accuracy: 0.55522, Precision: 0.55227, Recall: 0.55520 F1: 0.54815, AUROC: 0.80464, AUPRC: 0.63021
EarlyStopping counter: 2 out of 10
Updating learning rate to 0.00025606601717798207
Epoch: 11 cost time: 8.699316263198853
Epoch: 11, Steps: 62, | Train Loss: 0.97438
Validation results --- Loss: 1.05708, Accuracy: 0.57065, Precision: 0.56905, Recall: 0.57036, F1: 0.56583, AUROC: 0.80137, AUPRC: 0.61633
Test results --- Loss: 1.04096, Accuracy: 0.57249, Precision: 0.57116, Recall: 0.57234 F1: 0.57061, AUROC: 0.80787, AUPRC: 0.63678
EarlyStopping counter: 3 out of 10
Updating learning rate to 0.0002474172072495275
Epoch: 12 cost time: 8.639322519302368
Epoch: 12, Steps: 62, | Train Loss: 0.96624
Validation results --- Loss: 1.04355, Accuracy: 0.57641, Precision: 0.57482, Recall: 0.57627, F1: 0.57527, AUROC: 0.80160, AUPRC: 0.61799
Test results --- Loss: 1.02846, Accuracy: 0.57554, Precision: 0.57975, Recall: 0.57543 F1: 0.57670, AUROC: 0.80923, AUPRC: 0.63599
Metric score decreased (-0.570548 --> -0.575265).  Saving model ...

Updating learning rate to 0.00023816778784387094
Epoch: 13 cost time: 8.66010570526123
Epoch: 13, Steps: 62, | Train Loss: 0.95467
Validation results --- Loss: 1.05820, Accuracy: 0.55812, Precision: 0.55268, Recall: 0.55809, F1: 0.55283, AUROC: 0.79890, AUPRC: 0.61260
Test results --- Loss: 1.04432, Accuracy: 0.56606, Precision: 0.56535, Recall: 0.56617 F1: 0.56410, AUROC: 0.80657, AUPRC: 0.63095
EarlyStopping counter: 1 out of 10
Updating learning rate to 0.0002283747847073923
Epoch: 14 cost time: 8.721032619476318
Epoch: 14, Steps: 62, | Train Loss: 0.94644
Validation results --- Loss: 1.05102, Accuracy: 0.56591, Precision: 0.56305, Recall: 0.56581, F1: 0.56360, AUROC: 0.80159, AUPRC: 0.61608
Test results --- Loss: 1.03487, Accuracy: 0.56978, Precision: 0.57331, Recall: 0.56976 F1: 0.57029, AUROC: 0.80965, AUPRC: 0.63749
EarlyStopping counter: 2 out of 10
Updating learning rate to 0.00021809857496093199
Epoch: 15 cost time: 8.677159786224365
Epoch: 15, Steps: 62, | Train Loss: 0.93775
Validation results --- Loss: 1.04882, Accuracy: 0.57133, Precision: 0.56769, Recall: 0.57111, F1: 0.56811, AUROC: 0.80270, AUPRC: 0.62052
Test results --- Loss: 1.02933, Accuracy: 0.56741, Precision: 0.56631, Recall: 0.56728 F1: 0.56653, AUROC: 0.80997, AUPRC: 0.63720
EarlyStopping counter: 3 out of 10
Updating learning rate to 0.00020740251485476345
Epoch: 16 cost time: 8.686691522598267
Epoch: 16, Steps: 62, | Train Loss: 0.92789
Validation results --- Loss: 1.06619, Accuracy: 0.55947, Precision: 0.55228, Recall: 0.55948, F1: 0.55223, AUROC: 0.80100, AUPRC: 0.61698
Test results --- Loss: 1.04548, Accuracy: 0.56301, Precision: 0.56150, Recall: 0.56314 F1: 0.55989, AUROC: 0.80899, AUPRC: 0.63521
EarlyStopping counter: 4 out of 10
Updating learning rate to 0.0001963525491562421
Epoch: 17 cost time: 8.701069831848145
Epoch: 17, Steps: 62, | Train Loss: 0.92466
Validation results --- Loss: 1.06135, Accuracy: 0.55913, Precision: 0.55372, Recall: 0.55915, F1: 0.55303, AUROC: 0.80085, AUPRC: 0.61804
Test results --- Loss: 1.03824, Accuracy: 0.56470, Precision: 0.56487, Recall: 0.56483 F1: 0.56244, AUROC: 0.80938, AUPRC: 0.63743
EarlyStopping counter: 5 out of 10
Updating learning rate to 0.0001850168045783858
Epoch: 18 cost time: 8.710849046707153
Epoch: 18, Steps: 62, | Train Loss: 0.91267
Validation results --- Loss: 1.05820, Accuracy: 0.57540, Precision: 0.57362, Recall: 0.57516, F1: 0.57258, AUROC: 0.80485, AUPRC: 0.62271
Test results --- Loss: 1.02780, Accuracy: 0.57419, Precision: 0.57290, Recall: 0.57401 F1: 0.57281, AUROC: 0.81444, AUPRC: 0.64483
EarlyStopping counter: 6 out of 10
Updating learning rate to 0.00017346516975603462
Epoch: 19 cost time: 8.673943996429443
Epoch: 19, Steps: 62, | Train Loss: 0.91052
Validation results --- Loss: 1.06249, Accuracy: 0.56422, Precision: 0.56328, Recall: 0.56407, F1: 0.56358, AUROC: 0.79882, AUPRC: 0.61568
Test results --- Loss: 1.03699, Accuracy: 0.57182, Precision: 0.57464, Recall: 0.57177 F1: 0.57304, AUROC: 0.80830, AUPRC: 0.63411
EarlyStopping counter: 7 out of 10
Updating learning rate to 0.00016176886435917675
Epoch: 20 cost time: 8.649583339691162
Epoch: 20, Steps: 62, | Train Loss: 0.88908
Validation results --- Loss: 1.06300, Accuracy: 0.56388, Precision: 0.56767, Recall: 0.56383, F1: 0.56538, AUROC: 0.79874, AUPRC: 0.61678
Test results --- Loss: 1.04094, Accuracy: 0.57283, Precision: 0.58224, Recall: 0.57292 F1: 0.57593, AUROC: 0.80846, AUPRC: 0.63622
EarlyStopping counter: 8 out of 10
Updating learning rate to 0.00015
Epoch: 21 cost time: 8.652996301651001
Epoch: 21, Steps: 62, | Train Loss: 0.88780
Validation results --- Loss: 1.07886, Accuracy: 0.55981, Precision: 0.55572, Recall: 0.55964, F1: 0.55651, AUROC: 0.80132, AUPRC: 0.61856
Test results --- Loss: 1.04831, Accuracy: 0.56673, Precision: 0.56571, Recall: 0.56667 F1: 0.56575, AUROC: 0.81138, AUPRC: 0.63961
EarlyStopping counter: 9 out of 10
Updating learning rate to 0.00013823113564082325
Epoch: 22 cost time: 8.675676822662354
Epoch: 22, Steps: 62, | Train Loss: 0.87296
Validation results --- Loss: 1.07435, Accuracy: 0.56523, Precision: 0.56063, Recall: 0.56517, F1: 0.56195, AUROC: 0.80119, AUPRC: 0.61798
Test results --- Loss: 1.04331, Accuracy: 0.56978, Precision: 0.56850, Recall: 0.56986 F1: 0.56862, AUROC: 0.81144, AUPRC: 0.63964
EarlyStopping counter: 10 out of 10
Early stopping
>>>>>>>testing : eeg_mixer_v3_tconv_Physionet_MI_seed_42_dm_192_dp_0.15_tl_5_bs_64_lr0.0003_aug_none_pl_32_cb32_kb16_tb20_pe192_ps8_ca0_cp1_gitnogit_20260502_222102<<<<<<<<<<<<<<<<<<<<<<<<<<<<<<<<<
Validation results --- Loss: 1.04355, Accuracy: 0.57641, Precision: 0.57482, Recall: 0.57627, F1: 0.57527, AUROC: 0.80160, AUPRC: 0.61799
Test results --- Loss: 1.02846, Accuracy: 0.57554, Precision: 0.57975, Recall: 0.57543, F1: 0.57670, AUROC: 0.80923, AUPRC: 0.63599

Validation results --- Loss: 1.04355, Accuracy: 0.57641, Precision: 0.57482, Recall: 0.57627, F1: 0.57527, AUROC: 0.80160, AUPRC: 0.61799
Test results --- Loss: 1.02846, Accuracy: 0.57554, Precision: 0.57975, Recall: 0.57543, F1: 0.57670, AUROC: 0.80923, AUPRC: 0.63599

[result] Saved experiment record to: results/runs/3633139_Physionet_MI_eeg_mixer_v3_tconv_seed42.yaml
Use GPU (single): visible=0 -> cuda:0
================================================================================
[Model] eeg_mixer_v3_tconv
[Model Params] Total: 114,933 (0.115 M)
[Model Params] Trainable: 114,933 (0.115 M)
[Model Params] Non-trainable: 0 (0.000 M)
[Model Size] Parameters: 0.44 MB
[Model Size] Buffers: 0.00 MB
[Model Size] Total estimated: 0.44 MB
================================================================================
>>>>>>>start training : eeg_mixer_v3_tconv_Physionet_MI_seed_43_dm_192_dp_0.15_tl_5_bs_64_lr0.0003_aug_none_pl_32_cb32_kb16_tb20_pe192_ps8_ca0_cp1_gitnogit_20260502_222707>>>>>>>>>>>>>>>>>>>>>>>>>>
(3934, 800, 64)
(3934,)
(2951, 800, 64)
(2951,)
(2952, 800, 64)
(2952,)
Epoch: 1 cost time: 8.746585845947266
Epoch: 1, Steps: 62, | Train Loss: 1.40630
Validation results --- Loss: 1.38971, Accuracy: 0.25042, Precision: 0.06261, Recall: 0.25000, F1: 0.10014, AUROC: 0.51902, AUPRC: 0.26190
Test results --- Loss: 1.38978, Accuracy: 0.25068, Precision: 0.06267, Recall: 0.25000 F1: 0.10022, AUROC: 0.51470, AUPRC: 0.25969
Metric score decreased (inf --> -0.100136).  Saving model ...

Updating learning rate to 0.00029953760005996916
Epoch: 2 cost time: 8.724510669708252
Epoch: 2, Steps: 62, | Train Loss: 1.38998
Validation results --- Loss: 1.39253, Accuracy: 0.25212, Precision: 0.06303, Recall: 0.25000, F1: 0.10068, AUROC: 0.54033, AUPRC: 0.27850
Test results --- Loss: 1.39224, Accuracy: 0.25203, Precision: 0.06301, Recall: 0.25000 F1: 0.10065, AUROC: 0.54180, AUPRC: 0.27932
Metric score decreased (-0.100136 --> -0.100677).  Saving model ...

Updating learning rate to 0.00029815325108927063
Epoch: 3 cost time: 8.730700969696045
Epoch: 3, Steps: 62, | Train Loss: 1.39062
Validation results --- Loss: 1.39056, Accuracy: 0.25042, Precision: 0.06261, Recall: 0.25000, F1: 0.10014, AUROC: 0.56722, AUPRC: 0.30440
Test results --- Loss: 1.39037, Accuracy: 0.25068, Precision: 0.06267, Recall: 0.25000 F1: 0.10022, AUROC: 0.57213, AUPRC: 0.30922
EarlyStopping counter: 1 out of 10
Updating learning rate to 0.0002958554880596515
Epoch: 4 cost time: 8.69883394241333
Epoch: 4, Steps: 62, | Train Loss: 1.38848
Validation results --- Loss: 1.37861, Accuracy: 0.26567, Precision: 0.18606, Recall: 0.26364, F1: 0.13395, AUROC: 0.61986, AUPRC: 0.36265
Test results --- Loss: 1.37808, Accuracy: 0.26423, Precision: 0.27823, Recall: 0.26227 F1: 0.13519, AUROC: 0.62623, AUPRC: 0.36375
Metric score decreased (-0.100677 --> -0.133947).  Saving model ...

Updating learning rate to 0.00029265847744427303
Epoch: 5 cost time: 8.689270257949829
Epoch: 5, Steps: 62, | Train Loss: 1.22154
Validation results --- Loss: 1.12993, Accuracy: 0.49983, Precision: 0.49342, Recall: 0.49988, F1: 0.48812, AUROC: 0.76464, AUPRC: 0.54705
Test results --- Loss: 1.13723, Accuracy: 0.50305, Precision: 0.49987, Recall: 0.50325 F1: 0.49239, AUROC: 0.76313, AUPRC: 0.54938
Metric score decreased (-0.133947 --> -0.488123).  Saving model ...

Updating learning rate to 0.000288581929876693
Epoch: 6 cost time: 8.735589265823364
Epoch: 6, Steps: 62, | Train Loss: 1.09637
Validation results --- Loss: 1.08331, Accuracy: 0.54185, Precision: 0.54651, Recall: 0.54199, F1: 0.54250, AUROC: 0.78512, AUPRC: 0.58105
Test results --- Loss: 1.09932, Accuracy: 0.53523, Precision: 0.54098, Recall: 0.53538 F1: 0.53677, AUROC: 0.78053, AUPRC: 0.58038
Metric score decreased (-0.488123 --> -0.542496).  Saving model ...

Updating learning rate to 0.00028365097862825513
Epoch: 7 cost time: 8.73772382736206
Epoch: 7, Steps: 62, | Train Loss: 1.06186
Validation results --- Loss: 1.07228, Accuracy: 0.54016, Precision: 0.53795, Recall: 0.54015, F1: 0.53018, AUROC: 0.79189, AUPRC: 0.59468
Test results --- Loss: 1.08811, Accuracy: 0.52710, Precision: 0.52627, Recall: 0.52716 F1: 0.51867, AUROC: 0.78690, AUPRC: 0.59146
EarlyStopping counter: 1 out of 10
Updating learning rate to 0.0002778960246531138
Epoch: 8 cost time: 8.722764730453491
Epoch: 8, Steps: 62, | Train Loss: 1.03976
Validation results --- Loss: 1.05122, Accuracy: 0.55371, Precision: 0.58254, Recall: 0.55358, F1: 0.55985, AUROC: 0.79660, AUPRC: 0.60308
Test results --- Loss: 1.07233, Accuracy: 0.53930, Precision: 0.57243, Recall: 0.53910 F1: 0.54591, AUROC: 0.78884, AUPRC: 0.59836
Metric score decreased (-0.542496 --> -0.559853).  Saving model ...

Updating learning rate to 0.0002713525491562421
Epoch: 9 cost time: 8.755646467208862
Epoch: 9, Steps: 62, | Train Loss: 1.02381
Validation results --- Loss: 1.04503, Accuracy: 0.55540, Precision: 0.57482, Recall: 0.55516, F1: 0.55837, AUROC: 0.79774, AUPRC: 0.60386
Test results --- Loss: 1.06947, Accuracy: 0.54133, Precision: 0.56544, Recall: 0.54109 F1: 0.54569, AUROC: 0.78911, AUPRC: 0.59957
EarlyStopping counter: 1 out of 10
Updating learning rate to 0.00026406089484000466
Epoch: 10 cost time: 8.71064305305481
Epoch: 10, Steps: 62, | Train Loss: 1.00730
Validation results --- Loss: 1.03297, Accuracy: 0.55574, Precision: 0.55939, Recall: 0.55563, F1: 0.55571, AUROC: 0.80211, AUPRC: 0.61335
Test results --- Loss: 1.05814, Accuracy: 0.54709, Precision: 0.55368, Recall: 0.54698 F1: 0.54813, AUROC: 0.79408, AUPRC: 0.60726
EarlyStopping counter: 2 out of 10
Updating learning rate to 0.00025606601717798207
Epoch: 11 cost time: 8.700897455215454
Epoch: 11, Steps: 62, | Train Loss: 0.99499
Validation results --- Loss: 1.03994, Accuracy: 0.55879, Precision: 0.59131, Recall: 0.55854, F1: 0.56429, AUROC: 0.80314, AUPRC: 0.61566
Test results --- Loss: 1.07186, Accuracy: 0.54539, Precision: 0.58181, Recall: 0.54508 F1: 0.55135, AUROC: 0.79291, AUPRC: 0.60815
Metric score decreased (-0.559853 --> -0.564287).  Saving model ...

Updating learning rate to 0.0002474172072495275
Epoch: 12 cost time: 8.708403825759888
Epoch: 12, Steps: 62, | Train Loss: 0.98012
Validation results --- Loss: 1.02576, Accuracy: 0.56388, Precision: 0.57725, Recall: 0.56378, F1: 0.56780, AUROC: 0.80519, AUPRC: 0.62059
Test results --- Loss: 1.05607, Accuracy: 0.55725, Precision: 0.57224, Recall: 0.55710 F1: 0.56134, AUROC: 0.79584, AUPRC: 0.61335
Metric score decreased (-0.564287 --> -0.567799).  Saving model ...

Updating learning rate to 0.00023816778784387094
Epoch: 13 cost time: 8.849541187286377
Epoch: 13, Steps: 62, | Train Loss: 0.96784
Validation results --- Loss: 1.02410, Accuracy: 0.56557, Precision: 0.56924, Recall: 0.56561, F1: 0.56646, AUROC: 0.80614, AUPRC: 0.62145
Test results --- Loss: 1.05465, Accuracy: 0.55149, Precision: 0.55607, Recall: 0.55154 F1: 0.55268, AUROC: 0.79643, AUPRC: 0.61520
EarlyStopping counter: 1 out of 10
Updating learning rate to 0.0002283747847073923
Epoch: 14 cost time: 8.737143993377686
Epoch: 14, Steps: 62, | Train Loss: 0.95676
Validation results --- Loss: 1.02739, Accuracy: 0.57032, Precision: 0.59349, Recall: 0.57029, F1: 0.57609, AUROC: 0.80952, AUPRC: 0.62804
Test results --- Loss: 1.06945, Accuracy: 0.55623, Precision: 0.58025, Recall: 0.55617 F1: 0.56179, AUROC: 0.79690, AUPRC: 0.61706
Metric score decreased (-0.567799 --> -0.576092).  Saving model ...

Updating learning rate to 0.00021809857496093199
Epoch: 15 cost time: 8.746270656585693
Epoch: 15, Steps: 62, | Train Loss: 0.94970
Validation results --- Loss: 1.01807, Accuracy: 0.57099, Precision: 0.58745, Recall: 0.57094, F1: 0.57589, AUROC: 0.80961, AUPRC: 0.62966
Test results --- Loss: 1.05737, Accuracy: 0.55623, Precision: 0.57347, Recall: 0.55619 F1: 0.56110, AUROC: 0.79732, AUPRC: 0.61893
EarlyStopping counter: 1 out of 10
Updating learning rate to 0.00020740251485476345
Epoch: 16 cost time: 8.7366042137146
Epoch: 16, Steps: 62, | Train Loss: 0.93827
Validation results --- Loss: 1.03249, Accuracy: 0.56049, Precision: 0.57463, Recall: 0.56018, F1: 0.55855, AUROC: 0.80897, AUPRC: 0.63019
Test results --- Loss: 1.07230, Accuracy: 0.55386, Precision: 0.56981, Recall: 0.55355 F1: 0.55199, AUROC: 0.79598, AUPRC: 0.61757
EarlyStopping counter: 2 out of 10
Updating learning rate to 0.0001963525491562421
Epoch: 17 cost time: 8.645387649536133
Epoch: 17, Steps: 62, | Train Loss: 0.92777
Validation results --- Loss: 1.02474, Accuracy: 0.56252, Precision: 0.56331, Recall: 0.56254, F1: 0.56070, AUROC: 0.80946, AUPRC: 0.62954
Test results --- Loss: 1.06390, Accuracy: 0.55793, Precision: 0.56011, Recall: 0.55799 F1: 0.55686, AUROC: 0.79752, AUPRC: 0.61862
EarlyStopping counter: 3 out of 10
Updating learning rate to 0.0001850168045783858
Epoch: 18 cost time: 8.714077234268188
Epoch: 18, Steps: 62, | Train Loss: 0.91068
Validation results --- Loss: 1.03280, Accuracy: 0.56523, Precision: 0.57575, Recall: 0.56528, F1: 0.56813, AUROC: 0.80989, AUPRC: 0.63048
Test results --- Loss: 1.07531, Accuracy: 0.55285, Precision: 0.56533, Recall: 0.55295 F1: 0.55646, AUROC: 0.79767, AUPRC: 0.62019
EarlyStopping counter: 4 out of 10
Updating learning rate to 0.00017346516975603462
Epoch: 19 cost time: 8.683350324630737
Epoch: 19, Steps: 62, | Train Loss: 0.91235
Validation results --- Loss: 1.01706, Accuracy: 0.56591, Precision: 0.57740, Recall: 0.56590, F1: 0.56972, AUROC: 0.81095, AUPRC: 0.63283
Test results --- Loss: 1.06348, Accuracy: 0.55522, Precision: 0.56756, Recall: 0.55523 F1: 0.55900, AUROC: 0.79676, AUPRC: 0.62045
EarlyStopping counter: 5 out of 10
Updating learning rate to 0.00016176886435917675
Epoch: 20 cost time: 8.661980867385864
Epoch: 20, Steps: 62, | Train Loss: 0.89385
Validation results --- Loss: 1.02613, Accuracy: 0.56286, Precision: 0.56752, Recall: 0.56276, F1: 0.56308, AUROC: 0.81087, AUPRC: 0.63240
Test results --- Loss: 1.07028, Accuracy: 0.55860, Precision: 0.56279, Recall: 0.55854 F1: 0.55864, AUROC: 0.79761, AUPRC: 0.62188
EarlyStopping counter: 6 out of 10
Updating learning rate to 0.00015
Epoch: 21 cost time: 8.66552472114563
Epoch: 21, Steps: 62, | Train Loss: 0.88762
Validation results --- Loss: 1.03170, Accuracy: 0.56964, Precision: 0.58590, Recall: 0.56955, F1: 0.57419, AUROC: 0.81054, AUPRC: 0.63102
Test results --- Loss: 1.08439, Accuracy: 0.55352, Precision: 0.57273, Recall: 0.55341 F1: 0.55838, AUROC: 0.79628, AUPRC: 0.62053
EarlyStopping counter: 7 out of 10
Updating learning rate to 0.00013823113564082325
Epoch: 22 cost time: 8.669785976409912
Epoch: 22, Steps: 62, | Train Loss: 0.87313
Validation results --- Loss: 1.04376, Accuracy: 0.56117, Precision: 0.57098, Recall: 0.56113, F1: 0.56187, AUROC: 0.80850, AUPRC: 0.62958
Test results --- Loss: 1.08447, Accuracy: 0.55047, Precision: 0.56023, Recall: 0.55051 F1: 0.55193, AUROC: 0.79711, AUPRC: 0.62134
EarlyStopping counter: 8 out of 10
Updating learning rate to 0.00012653483024396533
Epoch: 23 cost time: 8.698722124099731
Epoch: 23, Steps: 62, | Train Loss: 0.86772
Validation results --- Loss: 1.04131, Accuracy: 0.55744, Precision: 0.55947, Recall: 0.55743, F1: 0.55689, AUROC: 0.80533, AUPRC: 0.62210
Test results --- Loss: 1.08928, Accuracy: 0.54438, Precision: 0.54786, Recall: 0.54438 F1: 0.54357, AUROC: 0.79205, AUPRC: 0.61345
EarlyStopping counter: 9 out of 10
Updating learning rate to 0.00011498319542161423
Epoch: 24 cost time: 8.73158597946167
Epoch: 24, Steps: 62, | Train Loss: 0.85881
Validation results --- Loss: 1.04035, Accuracy: 0.56286, Precision: 0.57216, Recall: 0.56279, F1: 0.56536, AUROC: 0.80887, AUPRC: 0.62912
Test results --- Loss: 1.08701, Accuracy: 0.54980, Precision: 0.55871, Recall: 0.54975 F1: 0.55245, AUROC: 0.79647, AUPRC: 0.62215
EarlyStopping counter: 10 out of 10
Early stopping
>>>>>>>testing : eeg_mixer_v3_tconv_Physionet_MI_seed_43_dm_192_dp_0.15_tl_5_bs_64_lr0.0003_aug_none_pl_32_cb32_kb16_tb20_pe192_ps8_ca0_cp1_gitnogit_20260502_222707<<<<<<<<<<<<<<<<<<<<<<<<<<<<<<<<<
Validation results --- Loss: 1.02739, Accuracy: 0.57032, Precision: 0.59349, Recall: 0.57029, F1: 0.57609, AUROC: 0.80952, AUPRC: 0.62804
Test results --- Loss: 1.06945, Accuracy: 0.55623, Precision: 0.58025, Recall: 0.55617, F1: 0.56179, AUROC: 0.79690, AUPRC: 0.61706

Validation results --- Loss: 1.02739, Accuracy: 0.57032, Precision: 0.59349, Recall: 0.57029, F1: 0.57609, AUROC: 0.80952, AUPRC: 0.62804
Test results --- Loss: 1.06945, Accuracy: 0.55623, Precision: 0.58025, Recall: 0.55617, F1: 0.56179, AUROC: 0.79690, AUPRC: 0.61706

[result] Saved experiment record to: results/runs/3633139_Physionet_MI_eeg_mixer_v3_tconv_seed43.yaml
Use GPU (single): visible=0 -> cuda:0
================================================================================
[Model] eeg_mixer_v3_tconv
[Model Params] Total: 114,933 (0.115 M)
[Model Params] Trainable: 114,933 (0.115 M)
[Model Params] Non-trainable: 0 (0.000 M)
[Model Size] Parameters: 0.44 MB
[Model Size] Buffers: 0.00 MB
[Model Size] Total estimated: 0.44 MB
================================================================================
>>>>>>>start training : eeg_mixer_v3_tconv_Physionet_MI_seed_44_dm_192_dp_0.15_tl_5_bs_64_lr0.0003_aug_none_pl_32_cb32_kb16_tb20_pe192_ps8_ca0_cp1_gitnogit_20260502_223318>>>>>>>>>>>>>>>>>>>>>>>>>>
(3934, 800, 64)
(3934,)
(2951, 800, 64)
(2951,)
(2952, 800, 64)
(2952,)
Epoch: 1 cost time: 8.697575807571411
Epoch: 1, Steps: 62, | Train Loss: 1.39039
Validation results --- Loss: 1.38550, Accuracy: 0.25686, Precision: 0.38590, Recall: 0.25484, F1: 0.13122, AUROC: 0.54072, AUPRC: 0.27645
Test results --- Loss: 1.38485, Accuracy: 0.25474, Precision: 0.11629, Recall: 0.25276 F1: 0.12390, AUROC: 0.55519, AUPRC: 0.28568
Metric score decreased (inf --> -0.131217).  Saving model ...

Updating learning rate to 0.00029953760005996916
Epoch: 2 cost time: 8.715697526931763
Epoch: 2, Steps: 62, | Train Loss: 1.39032
Validation results --- Loss: 1.38904, Accuracy: 0.25042, Precision: 0.06261, Recall: 0.25000, F1: 0.10014, AUROC: 0.58762, AUPRC: 0.31094
Test results --- Loss: 1.38695, Accuracy: 0.25068, Precision: 0.06267, Recall: 0.25000 F1: 0.10022, AUROC: 0.60537, AUPRC: 0.32842
EarlyStopping counter: 1 out of 10
Updating learning rate to 0.00029815325108927063
Epoch: 3 cost time: 8.661962509155273
Epoch: 3, Steps: 62, | Train Loss: 1.33128
Validation results --- Loss: 1.16347, Accuracy: 0.49543, Precision: 0.51305, Recall: 0.49518, F1: 0.49757, AUROC: 0.74675, AUPRC: 0.52468
Test results --- Loss: 1.14825, Accuracy: 0.51118, Precision: 0.52997, Recall: 0.51091 F1: 0.51403, AUROC: 0.75566, AUPRC: 0.54589
Metric score decreased (-0.131217 --> -0.497571).  Saving model ...

Updating learning rate to 0.0002958554880596515
Epoch: 4 cost time: 8.69127869606018
Epoch: 4, Steps: 62, | Train Loss: 1.12338
Validation results --- Loss: 1.11638, Accuracy: 0.53541, Precision: 0.53794, Recall: 0.53541, F1: 0.53417, AUROC: 0.77728, AUPRC: 0.56984
Test results --- Loss: 1.08584, Accuracy: 0.54438, Precision: 0.54229, Recall: 0.54439 F1: 0.54225, AUROC: 0.78832, AUPRC: 0.59907
Metric score decreased (-0.497571 --> -0.534169).  Saving model ...

Updating learning rate to 0.00029265847744427303
Epoch: 5 cost time: 8.685693979263306
Epoch: 5, Steps: 62, | Train Loss: 1.09371
Validation results --- Loss: 1.10164, Accuracy: 0.54321, Precision: 0.54031, Recall: 0.54303, F1: 0.53992, AUROC: 0.78552, AUPRC: 0.58683
Test results --- Loss: 1.07742, Accuracy: 0.55081, Precision: 0.54863, Recall: 0.55060 F1: 0.54551, AUROC: 0.79507, AUPRC: 0.61388
Metric score decreased (-0.534169 --> -0.539920).  Saving model ...

Updating learning rate to 0.000288581929876693
Epoch: 6 cost time: 8.683875560760498
Epoch: 6, Steps: 62, | Train Loss: 1.07543
Validation results --- Loss: 1.10474, Accuracy: 0.54016, Precision: 0.55256, Recall: 0.54037, F1: 0.54183, AUROC: 0.78566, AUPRC: 0.58825
Test results --- Loss: 1.06898, Accuracy: 0.55928, Precision: 0.56727, Recall: 0.55949 F1: 0.56104, AUROC: 0.79672, AUPRC: 0.61810
Metric score decreased (-0.539920 --> -0.541831).  Saving model ...

Updating learning rate to 0.00028365097862825513
Epoch: 7 cost time: 8.679607152938843
Epoch: 7, Steps: 62, | Train Loss: 1.06237
Validation results --- Loss: 1.09335, Accuracy: 0.54964, Precision: 0.56254, Recall: 0.54968, F1: 0.55222, AUROC: 0.78891, AUPRC: 0.59423
Test results --- Loss: 1.05966, Accuracy: 0.56572, Precision: 0.57481, Recall: 0.56570 F1: 0.56767, AUROC: 0.80028, AUPRC: 0.62226
Metric score decreased (-0.541831 --> -0.552219).  Saving model ...

Updating learning rate to 0.0002778960246531138
Epoch: 8 cost time: 8.675333261489868
Epoch: 8, Steps: 62, | Train Loss: 1.06004
Validation results --- Loss: 1.10338, Accuracy: 0.53575, Precision: 0.53671, Recall: 0.53536, F1: 0.52936, AUROC: 0.79120, AUPRC: 0.59757
Test results --- Loss: 1.07441, Accuracy: 0.55522, Precision: 0.56075, Recall: 0.55489 F1: 0.55044, AUROC: 0.80167, AUPRC: 0.62551
EarlyStopping counter: 1 out of 10
Updating learning rate to 0.0002713525491562421
Epoch: 9 cost time: 8.744261980056763
Epoch: 9, Steps: 62, | Train Loss: 1.04579
Validation results --- Loss: 1.07899, Accuracy: 0.54897, Precision: 0.54839, Recall: 0.54880, F1: 0.54822, AUROC: 0.79361, AUPRC: 0.60503
Test results --- Loss: 1.04851, Accuracy: 0.56707, Precision: 0.56894, Recall: 0.56690 F1: 0.56643, AUROC: 0.80495, AUPRC: 0.62984
EarlyStopping counter: 2 out of 10
Updating learning rate to 0.00026406089484000466
Epoch: 10 cost time: 8.719690322875977
Epoch: 10, Steps: 62, | Train Loss: 1.03117
Validation results --- Loss: 1.08215, Accuracy: 0.54388, Precision: 0.55390, Recall: 0.54390, F1: 0.54424, AUROC: 0.79208, AUPRC: 0.60492
Test results --- Loss: 1.04342, Accuracy: 0.57182, Precision: 0.58372, Recall: 0.57180 F1: 0.57246, AUROC: 0.80572, AUPRC: 0.62956
EarlyStopping counter: 3 out of 10
Updating learning rate to 0.00025606601717798207
Epoch: 11 cost time: 8.702347993850708
Epoch: 11, Steps: 62, | Train Loss: 1.02009
Validation results --- Loss: 1.06649, Accuracy: 0.55303, Precision: 0.56044, Recall: 0.55278, F1: 0.55440, AUROC: 0.79598, AUPRC: 0.61132
Test results --- Loss: 1.03637, Accuracy: 0.57757, Precision: 0.58594, Recall: 0.57733 F1: 0.57828, AUROC: 0.80799, AUPRC: 0.63547
Metric score decreased (-0.552219 --> -0.554398).  Saving model ...

Updating learning rate to 0.0002474172072495275
Epoch: 12 cost time: 8.69808292388916
Epoch: 12, Steps: 62, | Train Loss: 1.00952
Validation results --- Loss: 1.06623, Accuracy: 0.56015, Precision: 0.57518, Recall: 0.56011, F1: 0.56206, AUROC: 0.79924, AUPRC: 0.61451
Test results --- Loss: 1.03319, Accuracy: 0.57148, Precision: 0.58495, Recall: 0.57135 F1: 0.57202, AUROC: 0.81200, AUPRC: 0.63834
Metric score decreased (-0.554398 --> -0.562064).  Saving model ...

Updating learning rate to 0.00023816778784387094
Epoch: 13 cost time: 8.693408727645874
Epoch: 13, Steps: 62, | Train Loss: 0.99574
Validation results --- Loss: 1.06380, Accuracy: 0.55202, Precision: 0.55101, Recall: 0.55186, F1: 0.54835, AUROC: 0.79905, AUPRC: 0.61670
Test results --- Loss: 1.03200, Accuracy: 0.56911, Precision: 0.57324, Recall: 0.56893 F1: 0.56674, AUROC: 0.81064, AUPRC: 0.64060
EarlyStopping counter: 1 out of 10
Updating learning rate to 0.0002283747847073923
Epoch: 14 cost time: 8.754173278808594
Epoch: 14, Steps: 62, | Train Loss: 0.98701
Validation results --- Loss: 1.06632, Accuracy: 0.55303, Precision: 0.58078, Recall: 0.55302, F1: 0.55909, AUROC: 0.80186, AUPRC: 0.61946
Test results --- Loss: 1.03065, Accuracy: 0.57724, Precision: 0.59942, Recall: 0.57710 F1: 0.58146, AUROC: 0.81421, AUPRC: 0.64284
EarlyStopping counter: 2 out of 10
Updating learning rate to 0.00021809857496093199
Epoch: 15 cost time: 8.681718826293945
Epoch: 15, Steps: 62, | Train Loss: 0.97806
Validation results --- Loss: 1.05562, Accuracy: 0.55100, Precision: 0.57634, Recall: 0.55106, F1: 0.55651, AUROC: 0.80201, AUPRC: 0.62123
Test results --- Loss: 1.02054, Accuracy: 0.57825, Precision: 0.59793, Recall: 0.57820 F1: 0.58238, AUROC: 0.81458, AUPRC: 0.64419
EarlyStopping counter: 3 out of 10
Updating learning rate to 0.00020740251485476345
Epoch: 16 cost time: 8.669909000396729
Epoch: 16, Steps: 62, | Train Loss: 0.96259
Validation results --- Loss: 1.06141, Accuracy: 0.55473, Precision: 0.55242, Recall: 0.55448, F1: 0.55032, AUROC: 0.80214, AUPRC: 0.62204
Test results --- Loss: 1.03167, Accuracy: 0.57622, Precision: 0.57807, Recall: 0.57602 F1: 0.57281, AUROC: 0.81363, AUPRC: 0.64515
EarlyStopping counter: 4 out of 10
Updating learning rate to 0.0001963525491562421
Epoch: 17 cost time: 8.678683280944824
Epoch: 17, Steps: 62, | Train Loss: 0.96183
Validation results --- Loss: 1.06974, Accuracy: 0.54693, Precision: 0.57115, Recall: 0.54691, F1: 0.54561, AUROC: 0.80228, AUPRC: 0.62162
Test results --- Loss: 1.03993, Accuracy: 0.56335, Precision: 0.58995, Recall: 0.56321 F1: 0.56181, AUROC: 0.81272, AUPRC: 0.64187
EarlyStopping counter: 5 out of 10
Updating learning rate to 0.0001850168045783858
Epoch: 18 cost time: 8.690295457839966
Epoch: 18, Steps: 62, | Train Loss: 0.94804
Validation results --- Loss: 1.05606, Accuracy: 0.55981, Precision: 0.56546, Recall: 0.55974, F1: 0.55822, AUROC: 0.80370, AUPRC: 0.62368
Test results --- Loss: 1.02439, Accuracy: 0.57419, Precision: 0.58089, Recall: 0.57405 F1: 0.57278, AUROC: 0.81549, AUPRC: 0.64657
EarlyStopping counter: 6 out of 10
Updating learning rate to 0.00017346516975603462
Epoch: 19 cost time: 8.722399950027466
Epoch: 19, Steps: 62, | Train Loss: 0.93391
Validation results --- Loss: 1.06003, Accuracy: 0.55608, Precision: 0.57543, Recall: 0.55605, F1: 0.55935, AUROC: 0.80395, AUPRC: 0.62501
Test results --- Loss: 1.03161, Accuracy: 0.57791, Precision: 0.59614, Recall: 0.57776 F1: 0.58008, AUROC: 0.81427, AUPRC: 0.64392
EarlyStopping counter: 7 out of 10
Updating learning rate to 0.00016176886435917675
Epoch: 20 cost time: 8.701258420944214
Epoch: 20, Steps: 62, | Train Loss: 0.92913
Validation results --- Loss: 1.05555, Accuracy: 0.56760, Precision: 0.56933, Recall: 0.56756, F1: 0.56795, AUROC: 0.80455, AUPRC: 0.62556
Test results --- Loss: 1.02117, Accuracy: 0.58367, Precision: 0.58570, Recall: 0.58353 F1: 0.58372, AUROC: 0.81647, AUPRC: 0.64659
Metric score decreased (-0.562064 --> -0.567950).  Saving model ...

Updating learning rate to 0.00015
Epoch: 21 cost time: 8.69585394859314
Epoch: 21, Steps: 62, | Train Loss: 0.91393
Validation results --- Loss: 1.05726, Accuracy: 0.55879, Precision: 0.56509, Recall: 0.55868, F1: 0.56095, AUROC: 0.80313, AUPRC: 0.62347
Test results --- Loss: 1.02273, Accuracy: 0.58096, Precision: 0.58707, Recall: 0.58076 F1: 0.58195, AUROC: 0.81526, AUPRC: 0.64497
EarlyStopping counter: 1 out of 10
Updating learning rate to 0.00013823113564082325
Epoch: 22 cost time: 8.664360284805298
Epoch: 22, Steps: 62, | Train Loss: 0.91033
Validation results --- Loss: 1.05484, Accuracy: 0.56252, Precision: 0.56389, Recall: 0.56250, F1: 0.56265, AUROC: 0.80514, AUPRC: 0.62553
Test results --- Loss: 1.02385, Accuracy: 0.58232, Precision: 0.58409, Recall: 0.58216 F1: 0.58187, AUROC: 0.81641, AUPRC: 0.64655
EarlyStopping counter: 2 out of 10
Updating learning rate to 0.00012653483024396533
Epoch: 23 cost time: 8.774746417999268
Epoch: 23, Steps: 62, | Train Loss: 0.91456
Validation results --- Loss: 1.05914, Accuracy: 0.56591, Precision: 0.58084, Recall: 0.56588, F1: 0.57005, AUROC: 0.80647, AUPRC: 0.62805
Test results --- Loss: 1.02271, Accuracy: 0.58198, Precision: 0.59598, Recall: 0.58180 F1: 0.58512, AUROC: 0.81824, AUPRC: 0.64888
Metric score decreased (-0.567950 --> -0.570047).  Saving model ...

Updating learning rate to 0.00011498319542161423
Epoch: 24 cost time: 8.788584470748901
Epoch: 24, Steps: 62, | Train Loss: 0.89973
Validation results --- Loss: 1.06038, Accuracy: 0.56150, Precision: 0.56636, Recall: 0.56132, F1: 0.56194, AUROC: 0.80481, AUPRC: 0.62711
Test results --- Loss: 1.03133, Accuracy: 0.58130, Precision: 0.58956, Recall: 0.58101 F1: 0.58109, AUROC: 0.81578, AUPRC: 0.64689
EarlyStopping counter: 1 out of 10
Updating learning rate to 0.0001036474508437579
Epoch: 25 cost time: 8.779859066009521
Epoch: 25, Steps: 62, | Train Loss: 0.89667
Validation results --- Loss: 1.07998, Accuracy: 0.55439, Precision: 0.57731, Recall: 0.55438, F1: 0.55818, AUROC: 0.80480, AUPRC: 0.62504
Test results --- Loss: 1.04089, Accuracy: 0.57927, Precision: 0.60137, Recall: 0.57909 F1: 0.58206, AUROC: 0.81673, AUPRC: 0.64608
EarlyStopping counter: 2 out of 10
Updating learning rate to 9.259748514523653e-05
Epoch: 26 cost time: 8.714168548583984
Epoch: 26, Steps: 62, | Train Loss: 0.89292
Validation results --- Loss: 1.06810, Accuracy: 0.56557, Precision: 0.57419, Recall: 0.56550, F1: 0.56733, AUROC: 0.80567, AUPRC: 0.62687
Test results --- Loss: 1.03333, Accuracy: 0.58469, Precision: 0.59282, Recall: 0.58447 F1: 0.58552, AUROC: 0.81741, AUPRC: 0.64773
EarlyStopping counter: 3 out of 10
Updating learning rate to 8.190142503906798e-05
Epoch: 27 cost time: 8.660879373550415
Epoch: 27, Steps: 62, | Train Loss: 0.88854
Validation results --- Loss: 1.06633, Accuracy: 0.56794, Precision: 0.57060, Recall: 0.56794, F1: 0.56866, AUROC: 0.80579, AUPRC: 0.62741
Test results --- Loss: 1.02738, Accuracy: 0.58232, Precision: 0.58350, Recall: 0.58217 F1: 0.58208, AUROC: 0.81786, AUPRC: 0.64857
EarlyStopping counter: 4 out of 10
Updating learning rate to 7.162521529260767e-05
Epoch: 28 cost time: 8.691332340240479
Epoch: 28, Steps: 62, | Train Loss: 0.87840
Validation results --- Loss: 1.06792, Accuracy: 0.57133, Precision: 0.57426, Recall: 0.57128, F1: 0.57119, AUROC: 0.80607, AUPRC: 0.62785
Test results --- Loss: 1.03410, Accuracy: 0.58164, Precision: 0.58528, Recall: 0.58143 F1: 0.58071, AUROC: 0.81762, AUPRC: 0.64832
Metric score decreased (-0.570047 --> -0.571188).  Saving model ...

Updating learning rate to 6.183221215612904e-05
Epoch: 29 cost time: 8.684025049209595
Epoch: 29, Steps: 62, | Train Loss: 0.87698
Validation results --- Loss: 1.07395, Accuracy: 0.56523, Precision: 0.57129, Recall: 0.56506, F1: 0.56515, AUROC: 0.80514, AUPRC: 0.62689
Test results --- Loss: 1.04518, Accuracy: 0.57961, Precision: 0.58817, Recall: 0.57932 F1: 0.57895, AUROC: 0.81598, AUPRC: 0.64594
EarlyStopping counter: 1 out of 10
Updating learning rate to 5.2582792750472464e-05
Epoch: 30 cost time: 8.70785403251648
Epoch: 30, Steps: 62, | Train Loss: 0.86941
Validation results --- Loss: 1.07024, Accuracy: 0.57235, Precision: 0.57587, Recall: 0.57235, F1: 0.57262, AUROC: 0.80580, AUPRC: 0.62666
Test results --- Loss: 1.03394, Accuracy: 0.57961, Precision: 0.58395, Recall: 0.57944 F1: 0.57968, AUROC: 0.81734, AUPRC: 0.64711
Metric score decreased (-0.571188 --> -0.572621).  Saving model ...

Updating learning rate to 4.3933982822017876e-05
Epoch: 31 cost time: 8.766749858856201
Epoch: 31, Steps: 62, | Train Loss: 0.87159
Validation results --- Loss: 1.07484, Accuracy: 0.56794, Precision: 0.57594, Recall: 0.56797, F1: 0.57008, AUROC: 0.80498, AUPRC: 0.62553
Test results --- Loss: 1.03649, Accuracy: 0.57995, Precision: 0.58574, Recall: 0.57979 F1: 0.58101, AUROC: 0.81684, AUPRC: 0.64560
EarlyStopping counter: 1 out of 10
Updating learning rate to 3.593910515999536e-05
Epoch: 32 cost time: 8.70164966583252
Epoch: 32, Steps: 62, | Train Loss: 0.86312
Validation results --- Loss: 1.07569, Accuracy: 0.56862, Precision: 0.57344, Recall: 0.56862, F1: 0.56906, AUROC: 0.80529, AUPRC: 0.62614
Test results --- Loss: 1.03940, Accuracy: 0.57554, Precision: 0.58081, Recall: 0.57538 F1: 0.57579, AUROC: 0.81690, AUPRC: 0.64612
EarlyStopping counter: 2 out of 10
Updating learning rate to 2.8647450843757897e-05
Epoch: 33 cost time: 8.69316816329956
Epoch: 33, Steps: 62, | Train Loss: 0.86015
Validation results --- Loss: 1.07570, Accuracy: 0.56727, Precision: 0.56969, Recall: 0.56715, F1: 0.56715, AUROC: 0.80532, AUPRC: 0.62707
Test results --- Loss: 1.04430, Accuracy: 0.58198, Precision: 0.58581, Recall: 0.58168 F1: 0.58061, AUROC: 0.81623, AUPRC: 0.64614
EarlyStopping counter: 3 out of 10
Updating learning rate to 2.210397534688617e-05
Epoch: 34 cost time: 8.70212435722351
Epoch: 34, Steps: 62, | Train Loss: 0.85634
Validation results --- Loss: 1.08067, Accuracy: 0.56794, Precision: 0.57500, Recall: 0.56786, F1: 0.56792, AUROC: 0.80504, AUPRC: 0.62604
Test results --- Loss: 1.04662, Accuracy: 0.57520, Precision: 0.58398, Recall: 0.57498 F1: 0.57492, AUROC: 0.81639, AUPRC: 0.64556
EarlyStopping counter: 4 out of 10
Updating learning rate to 1.634902137174483e-05
Epoch: 35 cost time: 8.688597679138184
Epoch: 35, Steps: 62, | Train Loss: 0.85775
Validation results --- Loss: 1.08319, Accuracy: 0.56659, Precision: 0.57397, Recall: 0.56647, F1: 0.56652, AUROC: 0.80482, AUPRC: 0.62597
Test results --- Loss: 1.05108, Accuracy: 0.57825, Precision: 0.58772, Recall: 0.57799 F1: 0.57756, AUROC: 0.81596, AUPRC: 0.64521
EarlyStopping counter: 5 out of 10
Updating learning rate to 1.1418070123306989e-05
Epoch: 36 cost time: 8.778812170028687
Epoch: 36, Steps: 62, | Train Loss: 0.85517
Validation results --- Loss: 1.07812, Accuracy: 0.56896, Precision: 0.57204, Recall: 0.56888, F1: 0.56901, AUROC: 0.80517, AUPRC: 0.62624
Test results --- Loss: 1.04392, Accuracy: 0.58130, Precision: 0.58561, Recall: 0.58106 F1: 0.58048, AUROC: 0.81654, AUPRC: 0.64597
EarlyStopping counter: 6 out of 10
Updating learning rate to 7.34152255572697e-06
Epoch: 37 cost time: 8.699265718460083
Epoch: 37, Steps: 62, | Train Loss: 0.85062
Validation results --- Loss: 1.08006, Accuracy: 0.56760, Precision: 0.57280, Recall: 0.56752, F1: 0.56786, AUROC: 0.80502, AUPRC: 0.62611
Test results --- Loss: 1.04628, Accuracy: 0.57791, Precision: 0.58426, Recall: 0.57767 F1: 0.57732, AUROC: 0.81636, AUPRC: 0.64564
EarlyStopping counter: 7 out of 10
Updating learning rate to 4.144511940348516e-06
