[device] set CUDA_VISIBLE_DEVICES=0
[dataset_cfg] AD65 root_path -> /work/bme-shenxk/data/AD65_wsn
[dataset_cfg] applied 38 params for AD65
A total 12 CPUs are used, making sure that num_worker is small than the number of CPUs
Use GPU (single): visible=0 -> cuda:0
================================================================================
[Model] eeg_mixer_v3_tconv
[Model Params] Total: 51,765 (0.052 M)
[Model Params] Trainable: 51,765 (0.052 M)
[Model Params] Non-trainable: 0 (0.000 M)
[Model Size] Parameters: 0.20 MB
[Model Size] Buffers: 0.00 MB
[Model Size] Total estimated: 0.20 MB
================================================================================
>>>>>>>start training : eeg_mixer_v3_tconv_AD65_seed_42_dm_192_dp_0.1_tl_4_bs_128_lr0.0003_aug_none_pl_64_cb16_kb16_tb20_pe192_ps16_ca0_cp1_gitnogit_20260502_231211>>>>>>>>>>>>>>>>>>>>>>>>>>
(2775, 2000, 19)
(2775,)
(2081, 2000, 19)
(2081,)
(2082, 2000, 19)
(2082,)
Epoch: 1 cost time: 3.2210891246795654
Epoch: 1, Steps: 22, | Train Loss: 1.11049
Validation results --- Loss: 1.08143, Accuracy: 0.41711, Precision: 0.13904, Recall: 0.33333, F1: 0.19622, AUROC: 0.49676, AUPRC: 0.33867
Test results --- Loss: 1.08196, Accuracy: 0.41739, Precision: 0.13913, Recall: 0.33333 F1: 0.19632, AUROC: 0.50272, AUPRC: 0.33590
Metric score decreased (inf --> -0.417107).  Saving model ...

Updating learning rate to 0.00029953760005996916
Epoch: 2 cost time: 2.8934614658355713
Epoch: 2, Steps: 22, | Train Loss: 1.07673
Validation results --- Loss: 1.07245, Accuracy: 0.41711, Precision: 0.13904, Recall: 0.33333, F1: 0.19622, AUROC: 0.50051, AUPRC: 0.34332
Test results --- Loss: 1.07221, Accuracy: 0.41739, Precision: 0.13913, Recall: 0.33333 F1: 0.19632, AUROC: 0.50854, AUPRC: 0.34178
EarlyStopping counter: 1 out of 10
Updating learning rate to 0.00029815325108927063
Epoch: 3 cost time: 2.8760435581207275
Epoch: 3, Steps: 22, | Train Loss: 1.07490
Validation results --- Loss: 1.07211, Accuracy: 0.41711, Precision: 0.13904, Recall: 0.33333, F1: 0.19622, AUROC: 0.50942, AUPRC: 0.35180
Test results --- Loss: 1.07188, Accuracy: 0.41739, Precision: 0.13913, Recall: 0.33333 F1: 0.19632, AUROC: 0.51841, AUPRC: 0.35159
EarlyStopping counter: 2 out of 10
Updating learning rate to 0.0002958554880596515
Epoch: 4 cost time: 2.8644979000091553
Epoch: 4, Steps: 22, | Train Loss: 1.07425
Validation results --- Loss: 1.07167, Accuracy: 0.41711, Precision: 0.13904, Recall: 0.33333, F1: 0.19622, AUROC: 0.52427, AUPRC: 0.36505
Test results --- Loss: 1.07170, Accuracy: 0.41739, Precision: 0.13913, Recall: 0.33333 F1: 0.19632, AUROC: 0.53353, AUPRC: 0.36671
EarlyStopping counter: 3 out of 10
Updating learning rate to 0.00029265847744427303
Epoch: 5 cost time: 2.880732297897339
Epoch: 5, Steps: 22, | Train Loss: 1.07358
Validation results --- Loss: 1.07295, Accuracy: 0.41711, Precision: 0.13904, Recall: 0.33333, F1: 0.19622, AUROC: 0.54253, AUPRC: 0.38242
Test results --- Loss: 1.07255, Accuracy: 0.41739, Precision: 0.13913, Recall: 0.33333 F1: 0.19632, AUROC: 0.55266, AUPRC: 0.38588
EarlyStopping counter: 4 out of 10
Updating learning rate to 0.000288581929876693
Epoch: 6 cost time: 2.8582820892333984
Epoch: 6, Steps: 22, | Train Loss: 1.07351
Validation results --- Loss: 1.07192, Accuracy: 0.42047, Precision: 0.43578, Recall: 0.33666, F1: 0.20392, AUROC: 0.56692, AUPRC: 0.40522
Test results --- Loss: 1.07218, Accuracy: 0.42171, Precision: 0.43980, Recall: 0.33751 F1: 0.20522, AUROC: 0.57805, AUPRC: 0.40965
Metric score decreased (-0.417107 --> -0.420471).  Saving model ...

Updating learning rate to 0.00028365097862825513
Epoch: 7 cost time: 2.8942577838897705
Epoch: 7, Steps: 22, | Train Loss: 1.07305
Validation results --- Loss: 1.06790, Accuracy: 0.41855, Precision: 0.40588, Recall: 0.33480, F1: 0.20001, AUROC: 0.59059, AUPRC: 0.42728
Test results --- Loss: 1.06800, Accuracy: 0.42027, Precision: 0.47286, Recall: 0.33611 F1: 0.20223, AUROC: 0.60475, AUPRC: 0.43322
EarlyStopping counter: 1 out of 10
Updating learning rate to 0.0002778960246531138
Epoch: 8 cost time: 2.8910305500030518
Epoch: 8, Steps: 22, | Train Loss: 1.06609
Validation results --- Loss: 1.05546, Accuracy: 0.51994, Precision: 0.38862, Recall: 0.43883, F1: 0.37915, AUROC: 0.61067, AUPRC: 0.44261
Test results --- Loss: 1.05585, Accuracy: 0.51921, Precision: 0.38841, Recall: 0.43714 F1: 0.37588, AUROC: 0.62614, AUPRC: 0.45164
Metric score decreased (-0.420471 --> -0.519942).  Saving model ...

Updating learning rate to 0.0002713525491562421
Epoch: 9 cost time: 2.916978597640991
Epoch: 9, Steps: 22, | Train Loss: 1.03590
Validation results --- Loss: 0.98908, Accuracy: 0.54829, Precision: 0.38240, Recall: 0.47032, F1: 0.41136, AUROC: 0.66486, AUPRC: 0.47517
Test results --- Loss: 0.98584, Accuracy: 0.54755, Precision: 0.38188, Recall: 0.46857 F1: 0.40910, AUROC: 0.67341, AUPRC: 0.48713
Metric score decreased (-0.519942 --> -0.548294).  Saving model ...

Updating learning rate to 0.00026406089484000466
Epoch: 10 cost time: 2.91687273979187
Epoch: 10, Steps: 22, | Train Loss: 0.96989
Validation results --- Loss: 0.99135, Accuracy: 0.56079, Precision: 0.38378, Recall: 0.48333, F1: 0.42207, AUROC: 0.67825, AUPRC: 0.48824
Test results --- Loss: 0.98090, Accuracy: 0.56004, Precision: 0.38282, Recall: 0.48191 F1: 0.42047, AUROC: 0.68627, AUPRC: 0.50206
Metric score decreased (-0.548294 --> -0.560788).  Saving model ...

Updating learning rate to 0.00025606601717798207
Epoch: 11 cost time: 2.898261547088623
Epoch: 11, Steps: 22, | Train Loss: 0.96313
Validation results --- Loss: 0.95920, Accuracy: 0.56223, Precision: 0.37722, Recall: 0.48807, F1: 0.42435, AUROC: 0.67664, AUPRC: 0.49702
Test results --- Loss: 0.95197, Accuracy: 0.56820, Precision: 0.38035, Recall: 0.49355 F1: 0.42879, AUROC: 0.67968, AUPRC: 0.50095
Metric score decreased (-0.560788 --> -0.562230).  Saving model ...

Updating learning rate to 0.0002474172072495275
Epoch: 12 cost time: 2.895930051803589
Epoch: 12, Steps: 22, | Train Loss: 0.94976
Validation results --- Loss: 0.95098, Accuracy: 0.56607, Precision: 0.37988, Recall: 0.49177, F1: 0.42757, AUROC: 0.68540, AUPRC: 0.51101
Test results --- Loss: 0.94327, Accuracy: 0.57109, Precision: 0.38253, Recall: 0.49601 F1: 0.43103, AUROC: 0.68890, AUPRC: 0.51723
Metric score decreased (-0.562230 --> -0.566074).  Saving model ...

Updating learning rate to 0.00023816778784387094
Epoch: 13 cost time: 2.875577211380005
Epoch: 13, Steps: 22, | Train Loss: 0.94466
Validation results --- Loss: 0.94630, Accuracy: 0.57184, Precision: 0.38996, Recall: 0.49376, F1: 0.43109, AUROC: 0.69454, AUPRC: 0.52120
Test results --- Loss: 0.93833, Accuracy: 0.57589, Precision: 0.39289, Recall: 0.49745 F1: 0.43451, AUROC: 0.70506, AUPRC: 0.53534
Metric score decreased (-0.566074 --> -0.571840).  Saving model ...

Updating learning rate to 0.0002283747847073923
Epoch: 14 cost time: 2.9099788665771484
Epoch: 14, Steps: 22, | Train Loss: 0.93744
Validation results --- Loss: 0.95274, Accuracy: 0.57040, Precision: 0.38019, Recall: 0.49802, F1: 0.43119, AUROC: 0.69622, AUPRC: 0.52747
Test results --- Loss: 0.94527, Accuracy: 0.57445, Precision: 0.38247, Recall: 0.50142 F1: 0.43394, AUROC: 0.70129, AUPRC: 0.53663
EarlyStopping counter: 1 out of 10
Updating learning rate to 0.00021809857496093199
Epoch: 15 cost time: 2.8689584732055664
Epoch: 15, Steps: 22, | Train Loss: 0.93885
Validation results --- Loss: 0.93663, Accuracy: 0.57376, Precision: 0.38509, Recall: 0.49903, F1: 0.43384, AUROC: 0.70039, AUPRC: 0.53087
Test results --- Loss: 0.92893, Accuracy: 0.57925, Precision: 0.38772, Recall: 0.50349 F1: 0.43736, AUROC: 0.70625, AUPRC: 0.54063
Metric score decreased (-0.571840 --> -0.573763).  Saving model ...

Updating learning rate to 0.00020740251485476345
Epoch: 16 cost time: 2.8936774730682373
Epoch: 16, Steps: 22, | Train Loss: 0.93077
Validation results --- Loss: 0.93336, Accuracy: 0.58001, Precision: 0.39290, Recall: 0.50259, F1: 0.43831, AUROC: 0.70413, AUPRC: 0.53539
Test results --- Loss: 0.92473, Accuracy: 0.57733, Precision: 0.39033, Recall: 0.50028 F1: 0.43609, AUROC: 0.71414, AUPRC: 0.54925
Metric score decreased (-0.573763 --> -0.580010).  Saving model ...

Updating learning rate to 0.0001963525491562421
Epoch: 17 cost time: 2.845848798751831
Epoch: 17, Steps: 22, | Train Loss: 0.92478
Validation results --- Loss: 0.93034, Accuracy: 0.57713, Precision: 0.38708, Recall: 0.50228, F1: 0.43650, AUROC: 0.70463, AUPRC: 0.53657
Test results --- Loss: 0.92262, Accuracy: 0.57973, Precision: 0.38752, Recall: 0.50396 F1: 0.43755, AUROC: 0.70935, AUPRC: 0.54774
EarlyStopping counter: 1 out of 10
Updating learning rate to 0.0001850168045783858
Epoch: 18 cost time: 2.8866264820098877
Epoch: 18, Steps: 22, | Train Loss: 0.92615
Validation results --- Loss: 0.93315, Accuracy: 0.57953, Precision: 0.38659, Recall: 0.50611, F1: 0.43832, AUROC: 0.70662, AUPRC: 0.53922
Test results --- Loss: 0.92561, Accuracy: 0.57973, Precision: 0.38614, Recall: 0.50620 F1: 0.43809, AUROC: 0.71198, AUPRC: 0.55216
EarlyStopping counter: 2 out of 10
Updating learning rate to 0.00017346516975603462
Epoch: 19 cost time: 2.8832409381866455
Epoch: 19, Steps: 22, | Train Loss: 0.92041
Validation results --- Loss: 0.92395, Accuracy: 0.58049, Precision: 0.38897, Recall: 0.50544, F1: 0.43905, AUROC: 0.70986, AUPRC: 0.54195
Test results --- Loss: 0.91538, Accuracy: 0.58453, Precision: 0.39043, Recall: 0.50867 F1: 0.44140, AUROC: 0.71554, AUPRC: 0.55421
Metric score decreased (-0.580010 --> -0.580490).  Saving model ...

Updating learning rate to 0.00016176886435917675
Epoch: 20 cost time: 2.8797600269317627
Epoch: 20, Steps: 22, | Train Loss: 0.91692
Validation results --- Loss: 0.93267, Accuracy: 0.58097, Precision: 0.38687, Recall: 0.50861, F1: 0.43933, AUROC: 0.71025, AUPRC: 0.54195
Test results --- Loss: 0.92462, Accuracy: 0.57973, Precision: 0.38588, Recall: 0.50716 F1: 0.43814, AUROC: 0.71671, AUPRC: 0.55679
Metric score decreased (-0.580490 --> -0.580971).  Saving model ...

Updating learning rate to 0.00015
Epoch: 21 cost time: 2.8620195388793945
Epoch: 21, Steps: 22, | Train Loss: 0.91758
Validation results --- Loss: 0.93828, Accuracy: 0.57857, Precision: 0.38549, Recall: 0.50773, F1: 0.43757, AUROC: 0.71166, AUPRC: 0.54286
Test results --- Loss: 0.93039, Accuracy: 0.57589, Precision: 0.38365, Recall: 0.50489 F1: 0.43532, AUROC: 0.71809, AUPRC: 0.55892
EarlyStopping counter: 1 out of 10
Updating learning rate to 0.00013823113564082325
Epoch: 22 cost time: 2.8815460205078125
Epoch: 22, Steps: 22, | Train Loss: 0.90385
Validation results --- Loss: 0.91205, Accuracy: 0.59395, Precision: 0.39913, Recall: 0.51604, F1: 0.44888, AUROC: 0.71642, AUPRC: 0.54389
Test results --- Loss: 0.90237, Accuracy: 0.58886, Precision: 0.39462, Recall: 0.51156 F1: 0.44460, AUROC: 0.72362, AUPRC: 0.55990
Metric score decreased (-0.580971 --> -0.593945).  Saving model ...

Updating learning rate to 0.00012653483024396533
Epoch: 23 cost time: 2.8786232471466064
Epoch: 23, Steps: 22, | Train Loss: 0.90596
Validation results --- Loss: 0.90871, Accuracy: 0.59395, Precision: 0.40065, Recall: 0.51524, F1: 0.44883, AUROC: 0.71955, AUPRC: 0.54572
Test results --- Loss: 0.89850, Accuracy: 0.59174, Precision: 0.39887, Recall: 0.51291 F1: 0.44674, AUROC: 0.72727, AUPRC: 0.56294
EarlyStopping counter: 1 out of 10
Updating learning rate to 0.00011498319542161423
Epoch: 24 cost time: 2.891453981399536
Epoch: 24, Steps: 22, | Train Loss: 0.90232
Validation results --- Loss: 0.91348, Accuracy: 0.59731, Precision: 0.39855, Recall: 0.52135, F1: 0.45171, AUROC: 0.71779, AUPRC: 0.54368
Test results --- Loss: 0.90331, Accuracy: 0.58982, Precision: 0.39306, Recall: 0.51425 F1: 0.44550, AUROC: 0.72657, AUPRC: 0.56256
Metric score decreased (-0.593945 --> -0.597309).  Saving model ...

Updating learning rate to 0.0001036474508437579
Epoch: 25 cost time: 2.8761744499206543
Epoch: 25, Steps: 22, | Train Loss: 0.89343
Validation results --- Loss: 0.91387, Accuracy: 0.59731, Precision: 0.39820, Recall: 0.52191, F1: 0.45174, AUROC: 0.71921, AUPRC: 0.54459
Test results --- Loss: 0.90379, Accuracy: 0.59126, Precision: 0.39403, Recall: 0.51604 F1: 0.44686, AUROC: 0.72821, AUPRC: 0.56402
EarlyStopping counter: 1 out of 10
Updating learning rate to 9.259748514523653e-05
Epoch: 26 cost time: 2.8867290019989014
Epoch: 26, Steps: 22, | Train Loss: 0.89013
Validation results --- Loss: 0.91426, Accuracy: 0.59731, Precision: 0.39814, Recall: 0.52191, F1: 0.45170, AUROC: 0.72074, AUPRC: 0.54578
Test results --- Loss: 0.90344, Accuracy: 0.59126, Precision: 0.39383, Recall: 0.51596 F1: 0.44670, AUROC: 0.72974, AUPRC: 0.56561
EarlyStopping counter: 2 out of 10
Updating learning rate to 8.190142503906798e-05
Epoch: 27 cost time: 2.891305685043335
Epoch: 27, Steps: 22, | Train Loss: 0.89062
Validation results --- Loss: 0.89858, Accuracy: 0.60067, Precision: 0.40405, Recall: 0.52197, F1: 0.45437, AUROC: 0.72759, AUPRC: 0.55016
Test results --- Loss: 0.88710, Accuracy: 0.59750, Precision: 0.40126, Recall: 0.51887 F1: 0.45145, AUROC: 0.73351, AUPRC: 0.56844
Metric score decreased (-0.597309 --> -0.600673).  Saving model ...

Updating learning rate to 7.162521529260767e-05
Epoch: 28 cost time: 2.8591508865356445
Epoch: 28, Steps: 22, | Train Loss: 0.88685
Validation results --- Loss: 0.90676, Accuracy: 0.60115, Precision: 0.40076, Recall: 0.52538, F1: 0.45467, AUROC: 0.72502, AUPRC: 0.54849
Test results --- Loss: 0.89593, Accuracy: 0.59510, Precision: 0.39729, Recall: 0.51935 F1: 0.45019, AUROC: 0.73296, AUPRC: 0.56837
Metric score decreased (-0.600673 --> -0.601153).  Saving model ...

Updating learning rate to 6.183221215612904e-05
Epoch: 29 cost time: 2.8833768367767334
Epoch: 29, Steps: 22, | Train Loss: 0.88807
Validation results --- Loss: 0.90416, Accuracy: 0.60163, Precision: 0.40109, Recall: 0.52560, F1: 0.45498, AUROC: 0.72673, AUPRC: 0.54983
Test results --- Loss: 0.89307, Accuracy: 0.59846, Precision: 0.44737, Recall: 0.52241 F1: 0.45398, AUROC: 0.73442, AUPRC: 0.56944
Metric score decreased (-0.601153 --> -0.601634).  Saving model ...

Updating learning rate to 5.2582792750472464e-05
Epoch: 30 cost time: 2.9056308269500732
Epoch: 30, Steps: 22, | Train Loss: 0.88160
Validation results --- Loss: 0.90014, Accuracy: 0.60211, Precision: 0.40247, Recall: 0.52543, F1: 0.45577, AUROC: 0.72919, AUPRC: 0.55211
Test results --- Loss: 0.88883, Accuracy: 0.59846, Precision: 0.39996, Recall: 0.52172 F1: 0.45273, AUROC: 0.73623, AUPRC: 0.57115
Metric score decreased (-0.601634 --> -0.602114).  Saving model ...

Updating learning rate to 4.3933982822017876e-05
Epoch: 31 cost time: 2.896757125854492
Epoch: 31, Steps: 22, | Train Loss: 0.88042
Validation results --- Loss: 0.89787, Accuracy: 0.60404, Precision: 0.40399, Recall: 0.52673, F1: 0.45717, AUROC: 0.73033, AUPRC: 0.55333
Test results --- Loss: 0.88652, Accuracy: 0.60038, Precision: 0.40159, Recall: 0.52301 F1: 0.45416, AUROC: 0.73700, AUPRC: 0.57203
Metric score decreased (-0.602114 --> -0.604037).  Saving model ...

Updating learning rate to 3.593910515999536e-05
Epoch: 32 cost time: 2.8837649822235107
Epoch: 32, Steps: 22, | Train Loss: 0.87800
Validation results --- Loss: 0.90076, Accuracy: 0.60452, Precision: 0.40383, Recall: 0.52823, F1: 0.45773, AUROC: 0.73018, AUPRC: 0.55348
Test results --- Loss: 0.88935, Accuracy: 0.60134, Precision: 0.40139, Recall: 0.52458 F1: 0.45477, AUROC: 0.73727, AUPRC: 0.57251
Metric score decreased (-0.604037 --> -0.604517).  Saving model ...

Updating learning rate to 2.8647450843757897e-05
Epoch: 33 cost time: 2.883669137954712
Epoch: 33, Steps: 22, | Train Loss: 0.87956
Validation results --- Loss: 0.89997, Accuracy: 0.60452, Precision: 0.40387, Recall: 0.52815, F1: 0.45772, AUROC: 0.73073, AUPRC: 0.55416
Test results --- Loss: 0.88835, Accuracy: 0.60231, Precision: 0.40251, Recall: 0.52543 F1: 0.45580, AUROC: 0.73766, AUPRC: 0.57305
EarlyStopping counter: 1 out of 10
Updating learning rate to 2.210397534688617e-05
Epoch: 34 cost time: 2.8862369060516357
Epoch: 34, Steps: 22, | Train Loss: 0.87566
Validation results --- Loss: 0.89686, Accuracy: 0.60500, Precision: 0.40437, Recall: 0.52781, F1: 0.45788, AUROC: 0.73200, AUPRC: 0.55532
Test results --- Loss: 0.88518, Accuracy: 0.60183, Precision: 0.40215, Recall: 0.52472 F1: 0.45526, AUROC: 0.73843, AUPRC: 0.57380
Metric score decreased (-0.604517 --> -0.604998).  Saving model ...

Updating learning rate to 1.634902137174483e-05
Epoch: 35 cost time: 2.843104124069214
Epoch: 35, Steps: 22, | Train Loss: 0.87377
Validation results --- Loss: 0.89857, Accuracy: 0.60452, Precision: 0.40385, Recall: 0.52799, F1: 0.45765, AUROC: 0.73167, AUPRC: 0.55510
Test results --- Loss: 0.88688, Accuracy: 0.60231, Precision: 0.40234, Recall: 0.52543 F1: 0.45569, AUROC: 0.73845, AUPRC: 0.57397
EarlyStopping counter: 1 out of 10
Updating learning rate to 1.1418070123306989e-05
Epoch: 36 cost time: 2.8856163024902344
Epoch: 36, Steps: 22, | Train Loss: 0.87633
Validation results --- Loss: 0.89820, Accuracy: 0.60356, Precision: 0.40316, Recall: 0.52722, F1: 0.45692, AUROC: 0.73194, AUPRC: 0.55539
Test results --- Loss: 0.88649, Accuracy: 0.60279, Precision: 0.40283, Recall: 0.52589 F1: 0.45618, AUROC: 0.73868, AUPRC: 0.57432
EarlyStopping counter: 2 out of 10
Updating learning rate to 7.34152255572697e-06
Epoch: 37 cost time: 2.860935926437378
Epoch: 37, Steps: 22, | Train Loss: 0.87278
Validation results --- Loss: 0.89706, Accuracy: 0.60644, Precision: 0.40525, Recall: 0.52944, F1: 0.45909, AUROC: 0.73239, AUPRC: 0.55582
Test results --- Loss: 0.88531, Accuracy: 0.60279, Precision: 0.40276, Recall: 0.52581 F1: 0.45609, AUROC: 0.73895, AUPRC: 0.57458
Metric score decreased (-0.604998 --> -0.606439).  Saving model ...

Updating learning rate to 4.144511940348516e-06
Epoch: 38 cost time: 2.915802001953125
Epoch: 38, Steps: 22, | Train Loss: 0.87899
Validation results --- Loss: 0.89709, Accuracy: 0.60596, Precision: 0.40492, Recall: 0.52906, F1: 0.45873, AUROC: 0.73242, AUPRC: 0.55585
Test results --- Loss: 0.88533, Accuracy: 0.60327, Precision: 0.45853, Recall: 0.52648 F1: 0.45756, AUROC: 0.73900, AUPRC: 0.57465
EarlyStopping counter: 1 out of 10
Updating learning rate to 1.8467489107293509e-06
Epoch: 39 cost time: 2.8824262619018555
Epoch: 39, Steps: 22, | Train Loss: 0.87321
Validation results --- Loss: 0.89694, Accuracy: 0.60644, Precision: 0.40525, Recall: 0.52944, F1: 0.45909, AUROC: 0.73248, AUPRC: 0.55592
Test results --- Loss: 0.88517, Accuracy: 0.60327, Precision: 0.45853, Recall: 0.52648 F1: 0.45756, AUROC: 0.73907, AUPRC: 0.57472
EarlyStopping counter: 2 out of 10
Updating learning rate to 4.623999400308054e-07
Epoch: 40 cost time: 2.8660051822662354
Epoch: 40, Steps: 22, | Train Loss: 0.87592
Validation results --- Loss: 0.89690, Accuracy: 0.60644, Precision: 0.40525, Recall: 0.52944, F1: 0.45909, AUROC: 0.73251, AUPRC: 0.55595
Test results --- Loss: 0.88513, Accuracy: 0.60327, Precision: 0.45853, Recall: 0.52648 F1: 0.45756, AUROC: 0.73907, AUPRC: 0.57472
EarlyStopping counter: 3 out of 10
Updating learning rate to 0.0
>>>>>>>testing : eeg_mixer_v3_tconv_AD65_seed_42_dm_192_dp_0.1_tl_4_bs_128_lr0.0003_aug_none_pl_64_cb16_kb16_tb20_pe192_ps16_ca0_cp1_gitnogit_20260502_231211<<<<<<<<<<<<<<<<<<<<<<<<<<<<<<<<<
Validation results --- Loss: 0.89706, Accuracy: 0.60644, Precision: 0.40525, Recall: 0.52944, F1: 0.45909, AUROC: 0.73239, AUPRC: 0.55582
Test results --- Loss: 0.88531, Accuracy: 0.60279, Precision: 0.40276, Recall: 0.52581, F1: 0.45609, AUROC: 0.73895, AUPRC: 0.57458

Validation results --- Loss: 0.89706, Accuracy: 0.60644, Precision: 0.40525, Recall: 0.52944, F1: 0.45909, AUROC: 0.73239, AUPRC: 0.55582
Test results --- Loss: 0.88531, Accuracy: 0.60279, Precision: 0.40276, Recall: 0.52581, F1: 0.45609, AUROC: 0.73895, AUPRC: 0.57458

[result] Saved experiment record to: results/runs/3633150_AD65_eeg_mixer_v3_tconv_seed42.yaml
Use GPU (single): visible=0 -> cuda:0
================================================================================
[Model] eeg_mixer_v3_tconv
[Model Params] Total: 51,765 (0.052 M)
[Model Params] Trainable: 51,765 (0.052 M)
[Model Params] Non-trainable: 0 (0.000 M)
[Model Size] Parameters: 0.20 MB
[Model Size] Buffers: 0.00 MB
[Model Size] Total estimated: 0.20 MB
================================================================================
>>>>>>>start training : eeg_mixer_v3_tconv_AD65_seed_43_dm_192_dp_0.1_tl_4_bs_128_lr0.0003_aug_none_pl_64_cb16_kb16_tb20_pe192_ps16_ca0_cp1_gitnogit_20260502_231600>>>>>>>>>>>>>>>>>>>>>>>>>>
(2775, 2000, 19)
(2775,)
(2081, 2000, 19)
(2081,)
(2082, 2000, 19)
(2082,)
Epoch: 1 cost time: 2.9146783351898193
Epoch: 1, Steps: 22, | Train Loss: 1.07542
Validation results --- Loss: 1.07207, Accuracy: 0.41711, Precision: 0.13904, Recall: 0.33333, F1: 0.19622, AUROC: 0.54523, AUPRC: 0.37838
Test results --- Loss: 1.07430, Accuracy: 0.41739, Precision: 0.13913, Recall: 0.33333 F1: 0.19632, AUROC: 0.54491, AUPRC: 0.38059
Metric score decreased (inf --> -0.417107).  Saving model ...

Updating learning rate to 0.00029953760005996916
Epoch: 2 cost time: 2.8760461807250977
Epoch: 2, Steps: 22, | Train Loss: 1.07484
Validation results --- Loss: 1.07152, Accuracy: 0.41711, Precision: 0.13904, Recall: 0.33333, F1: 0.19622, AUROC: 0.58903, AUPRC: 0.42367
Test results --- Loss: 1.07354, Accuracy: 0.41739, Precision: 0.13913, Recall: 0.33333 F1: 0.19632, AUROC: 0.58744, AUPRC: 0.42942
EarlyStopping counter: 1 out of 10
Updating learning rate to 0.00029815325108927063
Epoch: 3 cost time: 2.883328676223755
Epoch: 3, Steps: 22, | Train Loss: 1.07363
Validation results --- Loss: 1.07162, Accuracy: 0.41711, Precision: 0.13904, Recall: 0.33333, F1: 0.19622, AUROC: 0.63495, AUPRC: 0.46690
Test results --- Loss: 1.07391, Accuracy: 0.41739, Precision: 0.13913, Recall: 0.33333 F1: 0.19632, AUROC: 0.63612, AUPRC: 0.47408
EarlyStopping counter: 2 out of 10
Updating learning rate to 0.0002958554880596515
Epoch: 4 cost time: 2.9224205017089844
Epoch: 4, Steps: 22, | Train Loss: 1.07241
Validation results --- Loss: 1.06476, Accuracy: 0.44161, Precision: 0.41584, Recall: 0.35761, F1: 0.24901, AUROC: 0.64921, AUPRC: 0.48037
Test results --- Loss: 1.06581, Accuracy: 0.44236, Precision: 0.42585, Recall: 0.35776 F1: 0.24744, AUROC: 0.65759, AUPRC: 0.49137
Metric score decreased (-0.417107 --> -0.441615).  Saving model ...

Updating learning rate to 0.00029265847744427303
Epoch: 5 cost time: 2.896435022354126
Epoch: 5, Steps: 22, | Train Loss: 1.05348
Validation results --- Loss: 1.01816, Accuracy: 0.53388, Precision: 0.35570, Recall: 0.46748, F1: 0.40328, AUROC: 0.65342, AUPRC: 0.48450
Test results --- Loss: 1.01459, Accuracy: 0.52786, Precision: 0.35152, Recall: 0.46261 F1: 0.39912, AUROC: 0.66394, AUPRC: 0.49994
Metric score decreased (-0.441615 --> -0.533878).  Saving model ...

Updating learning rate to 0.000288581929876693
Epoch: 6 cost time: 2.899498701095581
Epoch: 6, Steps: 22, | Train Loss: 0.98526
Validation results --- Loss: 1.06876, Accuracy: 0.49640, Precision: 0.34441, Recall: 0.44381, F1: 0.37424, AUROC: 0.66583, AUPRC: 0.49117
Test results --- Loss: 1.05343, Accuracy: 0.50000, Precision: 0.34373, Recall: 0.44708 F1: 0.37663, AUROC: 0.67321, AUPRC: 0.49378
EarlyStopping counter: 1 out of 10
Updating learning rate to 0.00028365097862825513
Epoch: 7 cost time: 2.8786487579345703
Epoch: 7, Steps: 22, | Train Loss: 0.96237
Validation results --- Loss: 1.01446, Accuracy: 0.51273, Precision: 0.42502, Recall: 0.45649, F1: 0.39485, AUROC: 0.67628, AUPRC: 0.49952
Test results --- Loss: 1.00329, Accuracy: 0.51585, Precision: 0.41569, Recall: 0.46032 F1: 0.39693, AUROC: 0.68391, AUPRC: 0.49572
EarlyStopping counter: 2 out of 10
Updating learning rate to 0.0002778960246531138
Epoch: 8 cost time: 2.905519723892212
Epoch: 8, Steps: 22, | Train Loss: 0.94569
Validation results --- Loss: 1.01260, Accuracy: 0.51273, Precision: 0.45320, Recall: 0.46149, F1: 0.41093, AUROC: 0.68614, AUPRC: 0.51422
Test results --- Loss: 0.99644, Accuracy: 0.51729, Precision: 0.45590, Recall: 0.46640 F1: 0.41369, AUROC: 0.69443, AUPRC: 0.51897
EarlyStopping counter: 3 out of 10
Updating learning rate to 0.0002713525491562421
Epoch: 9 cost time: 2.8781068325042725
Epoch: 9, Steps: 22, | Train Loss: 0.93322
Validation results --- Loss: 0.97923, Accuracy: 0.52235, Precision: 0.46591, Recall: 0.47823, F1: 0.45081, AUROC: 0.69775, AUPRC: 0.52692
Test results --- Loss: 0.96197, Accuracy: 0.53746, Precision: 0.48665, Recall: 0.49334 F1: 0.46758, AUROC: 0.70655, AUPRC: 0.53500
EarlyStopping counter: 4 out of 10
Updating learning rate to 0.00026406089484000466
Epoch: 10 cost time: 2.8689661026000977
Epoch: 10, Steps: 22, | Train Loss: 0.92241
Validation results --- Loss: 0.95888, Accuracy: 0.55790, Precision: 0.51959, Recall: 0.51016, F1: 0.48547, AUROC: 0.71203, AUPRC: 0.54517
Test results --- Loss: 0.93879, Accuracy: 0.57205, Precision: 0.55754, Recall: 0.52819 F1: 0.50963, AUROC: 0.72042, AUPRC: 0.55726
Metric score decreased (-0.533878 --> -0.557905).  Saving model ...

Updating learning rate to 0.00025606601717798207
Epoch: 11 cost time: 2.878573179244995
Epoch: 11, Steps: 22, | Train Loss: 0.90468
Validation results --- Loss: 0.94085, Accuracy: 0.58385, Precision: 0.56644, Recall: 0.53338, F1: 0.51287, AUROC: 0.72206, AUPRC: 0.55597
Test results --- Loss: 0.91700, Accuracy: 0.59414, Precision: 0.58808, Recall: 0.54699 F1: 0.53171, AUROC: 0.73017, AUPRC: 0.56958
Metric score decreased (-0.557905 --> -0.583854).  Saving model ...

Updating learning rate to 0.0002474172072495275
Epoch: 12 cost time: 2.8894336223602295
Epoch: 12, Steps: 22, | Train Loss: 0.89829
Validation results --- Loss: 0.93926, Accuracy: 0.57136, Precision: 0.53278, Recall: 0.53193, F1: 0.52002, AUROC: 0.72516, AUPRC: 0.56117
Test results --- Loss: 0.91240, Accuracy: 0.59126, Precision: 0.56683, Recall: 0.55422 F1: 0.54539, AUROC: 0.73494, AUPRC: 0.57567
EarlyStopping counter: 1 out of 10
Updating learning rate to 0.00023816778784387094
Epoch: 13 cost time: 2.9068291187286377
Epoch: 13, Steps: 22, | Train Loss: 0.89422
Validation results --- Loss: 0.92156, Accuracy: 0.59491, Precision: 0.56056, Recall: 0.54776, F1: 0.53414, AUROC: 0.73302, AUPRC: 0.57326
Test results --- Loss: 0.89677, Accuracy: 0.61095, Precision: 0.59884, Recall: 0.56689 F1: 0.55845, AUROC: 0.74052, AUPRC: 0.58537
Metric score decreased (-0.583854 --> -0.594906).  Saving model ...

Updating learning rate to 0.0002283747847073923
Epoch: 14 cost time: 2.8977560997009277
Epoch: 14, Steps: 22, | Train Loss: 0.89125
Validation results --- Loss: 0.90496, Accuracy: 0.60308, Precision: 0.56655, Recall: 0.55438, F1: 0.54669, AUROC: 0.73796, AUPRC: 0.58304
Test results --- Loss: 0.88600, Accuracy: 0.61431, Precision: 0.59506, Recall: 0.56904 F1: 0.56581, AUROC: 0.74530, AUPRC: 0.59454
Metric score decreased (-0.594906 --> -0.603075).  Saving model ...

Updating learning rate to 0.00021809857496093199
Epoch: 15 cost time: 2.9017748832702637
Epoch: 15, Steps: 22, | Train Loss: 0.88338
Validation results --- Loss: 0.89566, Accuracy: 0.61365, Precision: 0.58498, Recall: 0.55974, F1: 0.54906, AUROC: 0.74362, AUPRC: 0.59082
Test results --- Loss: 0.87621, Accuracy: 0.61864, Precision: 0.61210, Recall: 0.56842 F1: 0.56313, AUROC: 0.75068, AUPRC: 0.60162
Metric score decreased (-0.603075 --> -0.613647).  Saving model ...

Updating learning rate to 0.00020740251485476345
Epoch: 16 cost time: 2.870070219039917
Epoch: 16, Steps: 22, | Train Loss: 0.87358
Validation results --- Loss: 0.90222, Accuracy: 0.60211, Precision: 0.56557, Recall: 0.55521, F1: 0.54251, AUROC: 0.74523, AUPRC: 0.59215
Test results --- Loss: 0.87606, Accuracy: 0.61816, Precision: 0.60106, Recall: 0.57683 F1: 0.57024, AUROC: 0.75395, AUPRC: 0.60442
EarlyStopping counter: 1 out of 10
Updating learning rate to 0.0001963525491562421
Epoch: 17 cost time: 2.9091897010803223
Epoch: 17, Steps: 22, | Train Loss: 0.86877
Validation results --- Loss: 0.89838, Accuracy: 0.59971, Precision: 0.56249, Recall: 0.55248, F1: 0.53794, AUROC: 0.75053, AUPRC: 0.59945
Test results --- Loss: 0.87069, Accuracy: 0.61912, Precision: 0.60320, Recall: 0.57774 F1: 0.57025, AUROC: 0.75919, AUPRC: 0.61248
EarlyStopping counter: 2 out of 10
Updating learning rate to 0.0001850168045783858
Epoch: 18 cost time: 2.874263048171997
Epoch: 18, Steps: 22, | Train Loss: 0.85887
Validation results --- Loss: 0.88661, Accuracy: 0.61413, Precision: 0.58248, Recall: 0.56601, F1: 0.55383, AUROC: 0.75707, AUPRC: 0.60887
Test results --- Loss: 0.86049, Accuracy: 0.62248, Precision: 0.60966, Recall: 0.58037 F1: 0.57415, AUROC: 0.76443, AUPRC: 0.62160
Metric score decreased (-0.613647 --> -0.614128).  Saving model ...

Updating learning rate to 0.00017346516975603462
Epoch: 19 cost time: 2.8996734619140625
Epoch: 19, Steps: 22, | Train Loss: 0.84994
Validation results --- Loss: 0.88382, Accuracy: 0.61653, Precision: 0.58803, Recall: 0.56819, F1: 0.55526, AUROC: 0.76062, AUPRC: 0.61413
Test results --- Loss: 0.85700, Accuracy: 0.62008, Precision: 0.60895, Recall: 0.57789 F1: 0.57091, AUROC: 0.76825, AUPRC: 0.62833
Metric score decreased (-0.614128 --> -0.616531).  Saving model ...

Updating learning rate to 0.00016176886435917675
Epoch: 20 cost time: 2.896512031555176
Epoch: 20, Steps: 22, | Train Loss: 0.84318
Validation results --- Loss: 0.87123, Accuracy: 0.62037, Precision: 0.59197, Recall: 0.57881, F1: 0.57641, AUROC: 0.76336, AUPRC: 0.61929
Test results --- Loss: 0.84920, Accuracy: 0.62440, Precision: 0.60165, Recall: 0.58627 F1: 0.58547, AUROC: 0.77107, AUPRC: 0.63315
Metric score decreased (-0.616531 --> -0.620375).  Saving model ...

Updating learning rate to 0.00015
Epoch: 21 cost time: 2.897258758544922
Epoch: 21, Steps: 22, | Train Loss: 0.84632
Validation results --- Loss: 0.86260, Accuracy: 0.62470, Precision: 0.59343, Recall: 0.58415, F1: 0.58077, AUROC: 0.76895, AUPRC: 0.62599
Test results --- Loss: 0.84204, Accuracy: 0.62536, Precision: 0.60234, Recall: 0.58787 F1: 0.58612, AUROC: 0.77515, AUPRC: 0.63896
Metric score decreased (-0.620375 --> -0.624700).  Saving model ...

Updating learning rate to 0.00013823113564082325
Epoch: 22 cost time: 2.916715621948242
Epoch: 22, Steps: 22, | Train Loss: 0.84165
Validation results --- Loss: 0.85740, Accuracy: 0.63383, Precision: 0.60823, Recall: 0.58914, F1: 0.58476, AUROC: 0.77210, AUPRC: 0.63161
Test results --- Loss: 0.83610, Accuracy: 0.62920, Precision: 0.61104, Recall: 0.58871 F1: 0.58622, AUROC: 0.77843, AUPRC: 0.64461
Metric score decreased (-0.624700 --> -0.633830).  Saving model ...

Updating learning rate to 0.00012653483024396533
Epoch: 23 cost time: 2.8983242511749268
Epoch: 23, Steps: 22, | Train Loss: 0.83746
Validation results --- Loss: 0.85163, Accuracy: 0.63431, Precision: 0.61202, Recall: 0.58781, F1: 0.58336, AUROC: 0.77498, AUPRC: 0.63659
Test results --- Loss: 0.83115, Accuracy: 0.63593, Precision: 0.62113, Recall: 0.59376 F1: 0.59190, AUROC: 0.78094, AUPRC: 0.64864
Metric score decreased (-0.633830 --> -0.634310).  Saving model ...

Updating learning rate to 0.00011498319542161423
Epoch: 24 cost time: 2.9071149826049805
Epoch: 24, Steps: 22, | Train Loss: 0.82606
Validation results --- Loss: 0.84878, Accuracy: 0.63767, Precision: 0.61803, Recall: 0.58965, F1: 0.58327, AUROC: 0.77876, AUPRC: 0.64103
Test results --- Loss: 0.82712, Accuracy: 0.63929, Precision: 0.62934, Recall: 0.59622 F1: 0.59277, AUROC: 0.78434, AUPRC: 0.65272
Metric score decreased (-0.634310 --> -0.637674).  Saving model ...

Updating learning rate to 0.0001036474508437579
Epoch: 25 cost time: 2.893476724624634
Epoch: 25, Steps: 22, | Train Loss: 0.82361
Validation results --- Loss: 0.85073, Accuracy: 0.63431, Precision: 0.60795, Recall: 0.59341, F1: 0.59023, AUROC: 0.77778, AUPRC: 0.64148
Test results --- Loss: 0.82885, Accuracy: 0.63208, Precision: 0.61284, Recall: 0.59743 F1: 0.59611, AUROC: 0.78427, AUPRC: 0.65512
EarlyStopping counter: 1 out of 10
Updating learning rate to 9.259748514523653e-05
Epoch: 26 cost time: 2.89985990524292
Epoch: 26, Steps: 22, | Train Loss: 0.82136
Validation results --- Loss: 0.84422, Accuracy: 0.63719, Precision: 0.61616, Recall: 0.59186, F1: 0.58636, AUROC: 0.78231, AUPRC: 0.64642
Test results --- Loss: 0.82266, Accuracy: 0.63545, Precision: 0.62065, Recall: 0.59543 F1: 0.59235, AUROC: 0.78764, AUPRC: 0.66021
EarlyStopping counter: 2 out of 10
Updating learning rate to 8.190142503906798e-05
Epoch: 27 cost time: 2.9119303226470947
Epoch: 27, Steps: 22, | Train Loss: 0.81554
Validation results --- Loss: 0.84905, Accuracy: 0.62902, Precision: 0.60141, Recall: 0.59437, F1: 0.59210, AUROC: 0.78077, AUPRC: 0.64543
Test results --- Loss: 0.82638, Accuracy: 0.63305, Precision: 0.61241, Recall: 0.60312 F1: 0.60162, AUROC: 0.78744, AUPRC: 0.66070
EarlyStopping counter: 3 out of 10
Updating learning rate to 7.162521529260767e-05
Epoch: 28 cost time: 2.9204421043395996
Epoch: 28, Steps: 22, | Train Loss: 0.80917
Validation results --- Loss: 0.83856, Accuracy: 0.64200, Precision: 0.62511, Recall: 0.59549, F1: 0.58990, AUROC: 0.78576, AUPRC: 0.65140
Test results --- Loss: 0.81672, Accuracy: 0.64121, Precision: 0.63217, Recall: 0.60065 F1: 0.59800, AUROC: 0.79078, AUPRC: 0.66521
Metric score decreased (-0.637674 --> -0.641999).  Saving model ...

Updating learning rate to 6.183221215612904e-05
Epoch: 29 cost time: 2.912320852279663
Epoch: 29, Steps: 22, | Train Loss: 0.81701
Validation results --- Loss: 0.84206, Accuracy: 0.63383, Precision: 0.61293, Recall: 0.59113, F1: 0.58551, AUROC: 0.78568, AUPRC: 0.65145
Test results --- Loss: 0.81944, Accuracy: 0.63833, Precision: 0.62401, Recall: 0.60193 F1: 0.59888, AUROC: 0.79161, AUPRC: 0.66686
EarlyStopping counter: 1 out of 10
Updating learning rate to 5.2582792750472464e-05
Epoch: 30 cost time: 2.8932714462280273
Epoch: 30, Steps: 22, | Train Loss: 0.81548
Validation results --- Loss: 0.83480, Accuracy: 0.63575, Precision: 0.61078, Recall: 0.59314, F1: 0.58927, AUROC: 0.78639, AUPRC: 0.65301
Test results --- Loss: 0.81420, Accuracy: 0.63929, Precision: 0.62410, Recall: 0.60205 F1: 0.60067, AUROC: 0.79225, AUPRC: 0.66839
EarlyStopping counter: 2 out of 10
Updating learning rate to 4.3933982822017876e-05
Epoch: 31 cost time: 2.8979310989379883
Epoch: 31, Steps: 22, | Train Loss: 0.80766
Validation results --- Loss: 0.83244, Accuracy: 0.63912, Precision: 0.61993, Recall: 0.59464, F1: 0.58985, AUROC: 0.78857, AUPRC: 0.65541
Test results --- Loss: 0.81180, Accuracy: 0.64313, Precision: 0.63359, Recall: 0.60406 F1: 0.60243, AUROC: 0.79364, AUPRC: 0.66991
EarlyStopping counter: 3 out of 10
Updating learning rate to 3.593910515999536e-05
Epoch: 32 cost time: 2.9118902683258057
Epoch: 32, Steps: 22, | Train Loss: 0.80759
Validation results --- Loss: 0.83161, Accuracy: 0.63960, Precision: 0.61962, Recall: 0.59635, F1: 0.59202, AUROC: 0.78909, AUPRC: 0.65606
Test results --- Loss: 0.81169, Accuracy: 0.64073, Precision: 0.62761, Recall: 0.60296 F1: 0.60101, AUROC: 0.79410, AUPRC: 0.67042
EarlyStopping counter: 4 out of 10
Updating learning rate to 2.8647450843757897e-05
Epoch: 33 cost time: 2.904662847518921
Epoch: 33, Steps: 22, | Train Loss: 0.80188
Validation results --- Loss: 0.82985, Accuracy: 0.64152, Precision: 0.62160, Recall: 0.59802, F1: 0.59400, AUROC: 0.78947, AUPRC: 0.65671
Test results --- Loss: 0.81016, Accuracy: 0.64217, Precision: 0.62922, Recall: 0.60387 F1: 0.60219, AUROC: 0.79447, AUPRC: 0.67131
EarlyStopping counter: 5 out of 10
Updating learning rate to 2.210397534688617e-05
Epoch: 34 cost time: 2.8761191368103027
Epoch: 34, Steps: 22, | Train Loss: 0.80858
Validation results --- Loss: 0.82921, Accuracy: 0.64104, Precision: 0.61972, Recall: 0.59747, F1: 0.59340, AUROC: 0.78999, AUPRC: 0.65741
Test results --- Loss: 0.80953, Accuracy: 0.64265, Precision: 0.62960, Recall: 0.60426 F1: 0.60258, AUROC: 0.79498, AUPRC: 0.67205
EarlyStopping counter: 6 out of 10
Updating learning rate to 1.634902137174483e-05
Epoch: 35 cost time: 2.859583616256714
Epoch: 35, Steps: 22, | Train Loss: 0.80258
Validation results --- Loss: 0.82793, Accuracy: 0.64344, Precision: 0.62353, Recall: 0.59939, F1: 0.59548, AUROC: 0.79059, AUPRC: 0.65818
Test results --- Loss: 0.80855, Accuracy: 0.64361, Precision: 0.63192, Recall: 0.60465 F1: 0.60310, AUROC: 0.79532, AUPRC: 0.67257
Metric score decreased (-0.641999 --> -0.643441).  Saving model ...

Updating learning rate to 1.1418070123306989e-05
Epoch: 36 cost time: 2.893918991088867
Epoch: 36, Steps: 22, | Train Loss: 0.80022
Validation results --- Loss: 0.82822, Accuracy: 0.64104, Precision: 0.61772, Recall: 0.59848, F1: 0.59500, AUROC: 0.79019, AUPRC: 0.65776
Test results --- Loss: 0.80887, Accuracy: 0.64409, Precision: 0.62973, Recall: 0.60684 F1: 0.60589, AUROC: 0.79528, AUPRC: 0.67264
EarlyStopping counter: 1 out of 10
Updating learning rate to 7.34152255572697e-06
Epoch: 37 cost time: 2.8944573402404785
Epoch: 37, Steps: 22, | Train Loss: 0.80120
Validation results --- Loss: 0.82816, Accuracy: 0.64056, Precision: 0.61943, Recall: 0.59738, F1: 0.59351, AUROC: 0.79045, AUPRC: 0.65814
Test results --- Loss: 0.80861, Accuracy: 0.64217, Precision: 0.62840, Recall: 0.60350 F1: 0.60170, AUROC: 0.79552, AUPRC: 0.67293
EarlyStopping counter: 2 out of 10
Updating learning rate to 4.144511940348516e-06
Epoch: 38 cost time: 2.883002519607544
Epoch: 38, Steps: 22, | Train Loss: 0.79874
Validation results --- Loss: 0.82798, Accuracy: 0.64056, Precision: 0.61943, Recall: 0.59738, F1: 0.59351, AUROC: 0.79061, AUPRC: 0.65834
Test results --- Loss: 0.80848, Accuracy: 0.64217, Precision: 0.62832, Recall: 0.60371 F1: 0.60207, AUROC: 0.79564, AUPRC: 0.67308
EarlyStopping counter: 3 out of 10
Updating learning rate to 1.8467489107293509e-06
Epoch: 39 cost time: 2.8996219635009766
Epoch: 39, Steps: 22, | Train Loss: 0.81274
Validation results --- Loss: 0.82793, Accuracy: 0.64104, Precision: 0.62024, Recall: 0.59776, F1: 0.59392, AUROC: 0.79067, AUPRC: 0.65846
Test results --- Loss: 0.80841, Accuracy: 0.64265, Precision: 0.62877, Recall: 0.60397 F1: 0.60210, AUROC: 0.79570, AUPRC: 0.67317
EarlyStopping counter: 4 out of 10
Updating learning rate to 4.623999400308054e-07
Epoch: 40 cost time: 2.8897459506988525
Epoch: 40, Steps: 22, | Train Loss: 0.80269
Validation results --- Loss: 0.82793, Accuracy: 0.64056, Precision: 0.61942, Recall: 0.59709, F1: 0.59306, AUROC: 0.79069, AUPRC: 0.65849
Test results --- Loss: 0.80841, Accuracy: 0.64265, Precision: 0.62877, Recall: 0.60397 F1: 0.60210, AUROC: 0.79571, AUPRC: 0.67318
EarlyStopping counter: 5 out of 10
Updating learning rate to 0.0
>>>>>>>testing : eeg_mixer_v3_tconv_AD65_seed_43_dm_192_dp_0.1_tl_4_bs_128_lr0.0003_aug_none_pl_64_cb16_kb16_tb20_pe192_ps16_ca0_cp1_gitnogit_20260502_231600<<<<<<<<<<<<<<<<<<<<<<<<<<<<<<<<<
Validation results --- Loss: 0.82793, Accuracy: 0.64344, Precision: 0.62353, Recall: 0.59939, F1: 0.59548, AUROC: 0.79059, AUPRC: 0.65818
Test results --- Loss: 0.80855, Accuracy: 0.64361, Precision: 0.63192, Recall: 0.60465, F1: 0.60310, AUROC: 0.79532, AUPRC: 0.67257

Validation results --- Loss: 0.82793, Accuracy: 0.64344, Precision: 0.62353, Recall: 0.59939, F1: 0.59548, AUROC: 0.79059, AUPRC: 0.65818
Test results --- Loss: 0.80855, Accuracy: 0.64361, Precision: 0.63192, Recall: 0.60465, F1: 0.60310, AUROC: 0.79532, AUPRC: 0.67257

[result] Saved experiment record to: results/runs/3633150_AD65_eeg_mixer_v3_tconv_seed43.yaml
Use GPU (single): visible=0 -> cuda:0
================================================================================
[Model] eeg_mixer_v3_tconv
[Model Params] Total: 51,765 (0.052 M)
[Model Params] Trainable: 51,765 (0.052 M)
[Model Params] Non-trainable: 0 (0.000 M)
[Model Size] Parameters: 0.20 MB
[Model Size] Buffers: 0.00 MB
[Model Size] Total estimated: 0.20 MB
================================================================================
>>>>>>>start training : eeg_mixer_v3_tconv_AD65_seed_44_dm_192_dp_0.1_tl_4_bs_128_lr0.0003_aug_none_pl_64_cb16_kb16_tb20_pe192_ps16_ca0_cp1_gitnogit_20260502_231947>>>>>>>>>>>>>>>>>>>>>>>>>>
(2775, 2000, 19)
(2775,)
(2081, 2000, 19)
(2081,)
(2082, 2000, 19)
(2082,)
Epoch: 1 cost time: 2.910590887069702
Epoch: 1, Steps: 22, | Train Loss: 1.08608
Validation results --- Loss: 1.07612, Accuracy: 0.41711, Precision: 0.13904, Recall: 0.33333, F1: 0.19622, AUROC: 0.51084, AUPRC: 0.34300
Test results --- Loss: 1.07241, Accuracy: 0.41739, Precision: 0.13913, Recall: 0.33333 F1: 0.19632, AUROC: 0.48403, AUPRC: 0.32725
Metric score decreased (inf --> -0.417107).  Saving model ...

Updating learning rate to 0.00029953760005996916
Epoch: 2 cost time: 2.8855772018432617
Epoch: 2, Steps: 22, | Train Loss: 1.07553
Validation results --- Loss: 1.07455, Accuracy: 0.41711, Precision: 0.13904, Recall: 0.33333, F1: 0.19622, AUROC: 0.51989, AUPRC: 0.34696
Test results --- Loss: 1.07208, Accuracy: 0.41739, Precision: 0.13913, Recall: 0.33333 F1: 0.19632, AUROC: 0.49139, AUPRC: 0.33113
EarlyStopping counter: 1 out of 10
Updating learning rate to 0.00029815325108927063
Epoch: 3 cost time: 2.9116299152374268
Epoch: 3, Steps: 22, | Train Loss: 1.07663
Validation results --- Loss: 1.07785, Accuracy: 0.41711, Precision: 0.13904, Recall: 0.33333, F1: 0.19622, AUROC: 0.52796, AUPRC: 0.35144
Test results --- Loss: 1.07543, Accuracy: 0.41739, Precision: 0.13913, Recall: 0.33333 F1: 0.19632, AUROC: 0.49902, AUPRC: 0.33560
EarlyStopping counter: 2 out of 10
Updating learning rate to 0.0002958554880596515
Epoch: 4 cost time: 2.9124202728271484
Epoch: 4, Steps: 22, | Train Loss: 1.07473
Validation results --- Loss: 1.07415, Accuracy: 0.41711, Precision: 0.13904, Recall: 0.33333, F1: 0.19622, AUROC: 0.53679, AUPRC: 0.35801
Test results --- Loss: 1.07059, Accuracy: 0.41739, Precision: 0.13913, Recall: 0.33333 F1: 0.19632, AUROC: 0.50998, AUPRC: 0.34261
EarlyStopping counter: 3 out of 10
Updating learning rate to 0.00029265847744427303
Epoch: 5 cost time: 2.9156088829040527
Epoch: 5, Steps: 22, | Train Loss: 1.07452
Validation results --- Loss: 1.07419, Accuracy: 0.41711, Precision: 0.13904, Recall: 0.33333, F1: 0.19622, AUROC: 0.54062, AUPRC: 0.36122
Test results --- Loss: 1.07050, Accuracy: 0.41739, Precision: 0.13913, Recall: 0.33333 F1: 0.19632, AUROC: 0.51610, AUPRC: 0.34687
EarlyStopping counter: 4 out of 10
Updating learning rate to 0.000288581929876693
Epoch: 6 cost time: 2.911043167114258
Epoch: 6, Steps: 22, | Train Loss: 1.07428
Validation results --- Loss: 1.07605, Accuracy: 0.41711, Precision: 0.13904, Recall: 0.33333, F1: 0.19622, AUROC: 0.54346, AUPRC: 0.36477
Test results --- Loss: 1.07399, Accuracy: 0.41739, Precision: 0.13913, Recall: 0.33333 F1: 0.19632, AUROC: 0.52253, AUPRC: 0.35114
EarlyStopping counter: 5 out of 10
Updating learning rate to 0.00028365097862825513
Epoch: 7 cost time: 2.896125078201294
Epoch: 7, Steps: 22, | Train Loss: 1.07493
Validation results --- Loss: 1.07782, Accuracy: 0.41711, Precision: 0.13904, Recall: 0.33333, F1: 0.19622, AUROC: 0.54719, AUPRC: 0.37097
Test results --- Loss: 1.07504, Accuracy: 0.41739, Precision: 0.13913, Recall: 0.33333 F1: 0.19632, AUROC: 0.53471, AUPRC: 0.36158
EarlyStopping counter: 6 out of 10
Updating learning rate to 0.0002778960246531138
Epoch: 8 cost time: 2.8856921195983887
Epoch: 8, Steps: 22, | Train Loss: 1.07889
Validation results --- Loss: 1.07646, Accuracy: 0.41711, Precision: 0.13904, Recall: 0.33333, F1: 0.19622, AUROC: 0.55881, AUPRC: 0.38393
Test results --- Loss: 1.07150, Accuracy: 0.41739, Precision: 0.13913, Recall: 0.33333 F1: 0.19632, AUROC: 0.55147, AUPRC: 0.37838
EarlyStopping counter: 7 out of 10
Updating learning rate to 0.0002713525491562421
Epoch: 9 cost time: 2.9421846866607666
Epoch: 9, Steps: 22, | Train Loss: 1.07275
Validation results --- Loss: 1.07271, Accuracy: 0.41711, Precision: 0.13904, Recall: 0.33333, F1: 0.19622, AUROC: 0.58228, AUPRC: 0.40772
Test results --- Loss: 1.06915, Accuracy: 0.41739, Precision: 0.13913, Recall: 0.33333 F1: 0.19632, AUROC: 0.58094, AUPRC: 0.40368
EarlyStopping counter: 8 out of 10
Updating learning rate to 0.00026406089484000466
Epoch: 10 cost time: 2.943755865097046
Epoch: 10, Steps: 22, | Train Loss: 1.07201
Validation results --- Loss: 1.07042, Accuracy: 0.41711, Precision: 0.13917, Recall: 0.33333, F1: 0.19636, AUROC: 0.62973, AUPRC: 0.44504
Test results --- Loss: 1.06527, Accuracy: 0.41883, Precision: 0.38940, Recall: 0.33472 F1: 0.19935, AUROC: 0.63122, AUPRC: 0.44906
EarlyStopping counter: 9 out of 10
Updating learning rate to 0.00025606601717798207
Epoch: 11 cost time: 2.9068872928619385
Epoch: 11, Steps: 22, | Train Loss: 1.05533
Validation results --- Loss: 1.03576, Accuracy: 0.52138, Precision: 0.34700, Recall: 0.45479, F1: 0.39365, AUROC: 0.64057, AUPRC: 0.45295
Test results --- Loss: 1.03066, Accuracy: 0.52161, Precision: 0.34745, Recall: 0.45466 F1: 0.39384, AUROC: 0.64416, AUPRC: 0.45534
Metric score decreased (-0.417107 --> -0.521384).  Saving model ...

Updating learning rate to 0.0002474172072495275
Epoch: 12 cost time: 2.901221990585327
Epoch: 12, Steps: 22, | Train Loss: 0.98291
Validation results --- Loss: 1.03641, Accuracy: 0.52331, Precision: 0.34923, Recall: 0.45919, F1: 0.39570, AUROC: 0.65011, AUPRC: 0.46796
Test results --- Loss: 1.02912, Accuracy: 0.52113, Precision: 0.34755, Recall: 0.45820 F1: 0.39424, AUROC: 0.65078, AUPRC: 0.46701
Metric score decreased (-0.521384 --> -0.523306).  Saving model ...

Updating learning rate to 0.00023816778784387094
Epoch: 13 cost time: 2.8947787284851074
Epoch: 13, Steps: 22, | Train Loss: 0.96045
Validation results --- Loss: 1.00113, Accuracy: 0.53580, Precision: 0.35756, Recall: 0.47021, F1: 0.40517, AUROC: 0.66516, AUPRC: 0.48644
Test results --- Loss: 0.99365, Accuracy: 0.53506, Precision: 0.35674, Recall: 0.46996 F1: 0.40467, AUROC: 0.66711, AUPRC: 0.48691
Metric score decreased (-0.523306 --> -0.535800).  Saving model ...

Updating learning rate to 0.0002283747847073923
Epoch: 14 cost time: 2.882645845413208
Epoch: 14, Steps: 22, | Train Loss: 0.94918
Validation results --- Loss: 1.01912, Accuracy: 0.52955, Precision: 0.49427, Recall: 0.47833, F1: 0.44260, AUROC: 0.67503, AUPRC: 0.50909
Test results --- Loss: 1.01257, Accuracy: 0.52738, Precision: 0.47630, Recall: 0.47597 F1: 0.43516, AUROC: 0.67786, AUPRC: 0.50839
EarlyStopping counter: 1 out of 10
Updating learning rate to 0.00021809857496093199
Epoch: 15 cost time: 2.881695032119751
Epoch: 15, Steps: 22, | Train Loss: 0.93864
Validation results --- Loss: 0.98650, Accuracy: 0.55118, Precision: 0.62607, Recall: 0.48752, F1: 0.43189, AUROC: 0.68569, AUPRC: 0.52837
Test results --- Loss: 0.97967, Accuracy: 0.55331, Precision: 0.64566, Recall: 0.49075 F1: 0.43466, AUROC: 0.68637, AUPRC: 0.52855
Metric score decreased (-0.535800 --> -0.551177).  Saving model ...

Updating learning rate to 0.00020740251485476345
Epoch: 16 cost time: 2.8664047718048096
Epoch: 16, Steps: 22, | Train Loss: 0.92820
Validation results --- Loss: 0.96949, Accuracy: 0.56607, Precision: 0.68404, Recall: 0.50323, F1: 0.45486, AUROC: 0.70108, AUPRC: 0.55023
Test results --- Loss: 0.96394, Accuracy: 0.56628, Precision: 0.69341, Recall: 0.50357 F1: 0.45041, AUROC: 0.69952, AUPRC: 0.54533
Metric score decreased (-0.551177 --> -0.566074).  Saving model ...

Updating learning rate to 0.0001963525491562421
Epoch: 17 cost time: 2.90464448928833
Epoch: 17, Steps: 22, | Train Loss: 0.91331
Validation results --- Loss: 0.92657, Accuracy: 0.58097, Precision: 0.59895, Recall: 0.51870, F1: 0.48069, AUROC: 0.72077, AUPRC: 0.57259
Test results --- Loss: 0.92638, Accuracy: 0.58213, Precision: 0.61669, Recall: 0.51932 F1: 0.47748, AUROC: 0.71317, AUPRC: 0.56054
Metric score decreased (-0.566074 --> -0.580971).  Saving model ...

Updating learning rate to 0.0001850168045783858
Epoch: 18 cost time: 2.902033567428589
Epoch: 18, Steps: 22, | Train Loss: 0.88947
Validation results --- Loss: 0.91824, Accuracy: 0.58530, Precision: 0.58539, Recall: 0.52423, F1: 0.48692, AUROC: 0.73052, AUPRC: 0.58547
Test results --- Loss: 0.92112, Accuracy: 0.58790, Precision: 0.60416, Recall: 0.52666 F1: 0.48665, AUROC: 0.72340, AUPRC: 0.57093
Metric score decreased (-0.580971 --> -0.585296).  Saving model ...

Updating learning rate to 0.00017346516975603462
Epoch: 19 cost time: 2.9085066318511963
Epoch: 19, Steps: 22, | Train Loss: 0.87788
Validation results --- Loss: 0.88451, Accuracy: 0.59587, Precision: 0.59116, Recall: 0.53182, F1: 0.49646, AUROC: 0.74373, AUPRC: 0.59570
Test results --- Loss: 0.89617, Accuracy: 0.60038, Precision: 0.59445, Recall: 0.53654 F1: 0.50146, AUROC: 0.72859, AUPRC: 0.57857
Metric score decreased (-0.585296 --> -0.595867).  Saving model ...

Updating learning rate to 0.00016176886435917675
Epoch: 20 cost time: 2.904161214828491
Epoch: 20, Steps: 22, | Train Loss: 0.85799
Validation results --- Loss: 0.88362, Accuracy: 0.60115, Precision: 0.62268, Recall: 0.53587, F1: 0.49599, AUROC: 0.75153, AUPRC: 0.60594
Test results --- Loss: 0.89611, Accuracy: 0.60615, Precision: 0.65817, Recall: 0.54147 F1: 0.50280, AUROC: 0.73706, AUPRC: 0.59017
Metric score decreased (-0.595867 --> -0.601153).  Saving model ...

Updating learning rate to 0.00015
Epoch: 21 cost time: 2.90800142288208
Epoch: 21, Steps: 22, | Train Loss: 0.85815
Validation results --- Loss: 0.86828, Accuracy: 0.60548, Precision: 0.59153, Recall: 0.54041, F1: 0.50312, AUROC: 0.75726, AUPRC: 0.61373
Test results --- Loss: 0.88363, Accuracy: 0.60519, Precision: 0.60352, Recall: 0.54099 F1: 0.50351, AUROC: 0.74246, AUPRC: 0.59739
Metric score decreased (-0.601153 --> -0.605478).  Saving model ...

Updating learning rate to 0.00013823113564082325
Epoch: 22 cost time: 2.915567636489868
Epoch: 22, Steps: 22, | Train Loss: 0.83884
Validation results --- Loss: 0.85438, Accuracy: 0.60356, Precision: 0.57537, Recall: 0.54079, F1: 0.51090, AUROC: 0.76335, AUPRC: 0.62080
Test results --- Loss: 0.87120, Accuracy: 0.60471, Precision: 0.59037, Recall: 0.54356 F1: 0.51681, AUROC: 0.74581, AUPRC: 0.60292
EarlyStopping counter: 1 out of 10
Updating learning rate to 0.00012653483024396533
Epoch: 23 cost time: 2.894169569015503
Epoch: 23, Steps: 22, | Train Loss: 0.83612
Validation results --- Loss: 0.84981, Accuracy: 0.60884, Precision: 0.60809, Recall: 0.54278, F1: 0.50547, AUROC: 0.76955, AUPRC: 0.62892
Test results --- Loss: 0.86807, Accuracy: 0.61191, Precision: 0.63209, Recall: 0.54691 F1: 0.51095, AUROC: 0.75057, AUPRC: 0.60998
Metric score decreased (-0.605478 --> -0.608842).  Saving model ...

Updating learning rate to 0.00011498319542161423
Epoch: 24 cost time: 2.9090936183929443
Epoch: 24, Steps: 22, | Train Loss: 0.82783
Validation results --- Loss: 0.84230, Accuracy: 0.61076, Precision: 0.60874, Recall: 0.54529, F1: 0.51352, AUROC: 0.77290, AUPRC: 0.63406
Test results --- Loss: 0.85945, Accuracy: 0.60855, Precision: 0.62129, Recall: 0.54414 F1: 0.51359, AUROC: 0.75375, AUPRC: 0.61582
Metric score decreased (-0.608842 --> -0.610764).  Saving model ...

Updating learning rate to 0.0001036474508437579
Epoch: 25 cost time: 2.8887813091278076
Epoch: 25, Steps: 22, | Train Loss: 0.81983
Validation results --- Loss: 0.83592, Accuracy: 0.61269, Precision: 0.60292, Recall: 0.54833, F1: 0.51969, AUROC: 0.77645, AUPRC: 0.63874
Test results --- Loss: 0.85488, Accuracy: 0.60951, Precision: 0.61522, Recall: 0.54620 F1: 0.51830, AUROC: 0.75598, AUPRC: 0.61869
Metric score decreased (-0.610764 --> -0.612686).  Saving model ...

Updating learning rate to 9.259748514523653e-05
Epoch: 26 cost time: 2.885169267654419
Epoch: 26, Steps: 22, | Train Loss: 0.81344
Validation results --- Loss: 0.83677, Accuracy: 0.61605, Precision: 0.62134, Recall: 0.55155, F1: 0.51850, AUROC: 0.77887, AUPRC: 0.64253
Test results --- Loss: 0.85601, Accuracy: 0.61575, Precision: 0.62925, Recall: 0.55213 F1: 0.51915, AUROC: 0.76047, AUPRC: 0.62387
Metric score decreased (-0.612686 --> -0.616050).  Saving model ...

Updating learning rate to 8.190142503906798e-05
Epoch: 27 cost time: 2.866121768951416
Epoch: 27, Steps: 22, | Train Loss: 0.81513
Validation results --- Loss: 0.83475, Accuracy: 0.62037, Precision: 0.61746, Recall: 0.55731, F1: 0.52459, AUROC: 0.78089, AUPRC: 0.64528
Test results --- Loss: 0.85437, Accuracy: 0.61816, Precision: 0.62947, Recall: 0.55654 F1: 0.52509, AUROC: 0.76276, AUPRC: 0.62669
Metric score decreased (-0.616050 --> -0.620375).  Saving model ...

Updating learning rate to 7.162521529260767e-05
Epoch: 28 cost time: 2.902265787124634
Epoch: 28, Steps: 22, | Train Loss: 0.80735
Validation results --- Loss: 0.82751, Accuracy: 0.61509, Precision: 0.59880, Recall: 0.55311, F1: 0.52649, AUROC: 0.78286, AUPRC: 0.64814
Test results --- Loss: 0.84697, Accuracy: 0.61671, Precision: 0.62237, Recall: 0.55556 F1: 0.53006, AUROC: 0.76385, AUPRC: 0.62925
EarlyStopping counter: 1 out of 10
Updating learning rate to 6.183221215612904e-05
Epoch: 29 cost time: 2.883263349533081
Epoch: 29, Steps: 22, | Train Loss: 0.80158
Validation results --- Loss: 0.82747, Accuracy: 0.62086, Precision: 0.61059, Recall: 0.55769, F1: 0.52731, AUROC: 0.78458, AUPRC: 0.65057
Test results --- Loss: 0.84686, Accuracy: 0.62344, Precision: 0.63379, Recall: 0.56179 F1: 0.53382, AUROC: 0.76636, AUPRC: 0.63234
Metric score decreased (-0.620375 --> -0.620855).  Saving model ...

Updating learning rate to 5.2582792750472464e-05
Epoch: 30 cost time: 2.8896472454071045
Epoch: 30, Steps: 22, | Train Loss: 0.80255
Validation results --- Loss: 0.82376, Accuracy: 0.62134, Precision: 0.60626, Recall: 0.56000, F1: 0.53370, AUROC: 0.78587, AUPRC: 0.65222
Test results --- Loss: 0.84314, Accuracy: 0.62296, Precision: 0.62526, Recall: 0.56342 F1: 0.53937, AUROC: 0.76770, AUPRC: 0.63438
Metric score decreased (-0.620855 --> -0.621336).  Saving model ...

Updating learning rate to 4.3933982822017876e-05
Epoch: 31 cost time: 2.898167610168457
Epoch: 31, Steps: 22, | Train Loss: 0.80628
Validation results --- Loss: 0.82288, Accuracy: 0.62278, Precision: 0.60890, Recall: 0.56134, F1: 0.53411, AUROC: 0.78684, AUPRC: 0.65344
Test results --- Loss: 0.84240, Accuracy: 0.62296, Precision: 0.62758, Recall: 0.56337 F1: 0.53873, AUROC: 0.76888, AUPRC: 0.63583
Metric score decreased (-0.621336 --> -0.622778).  Saving model ...

Updating learning rate to 3.593910515999536e-05
Epoch: 32 cost time: 2.884263038635254
Epoch: 32, Steps: 22, | Train Loss: 0.79349
Validation results --- Loss: 0.82309, Accuracy: 0.62326, Precision: 0.61081, Recall: 0.56144, F1: 0.53165, AUROC: 0.78777, AUPRC: 0.65456
Test results --- Loss: 0.84286, Accuracy: 0.62392, Precision: 0.63030, Recall: 0.56464 F1: 0.53870, AUROC: 0.76979, AUPRC: 0.63700
Metric score decreased (-0.622778 --> -0.623258).  Saving model ...

Updating learning rate to 2.8647450843757897e-05
Epoch: 33 cost time: 2.8878445625305176
Epoch: 33, Steps: 22, | Train Loss: 0.79672
Validation results --- Loss: 0.82073, Accuracy: 0.62086, Precision: 0.60676, Recall: 0.55923, F1: 0.53113, AUROC: 0.78862, AUPRC: 0.65575
Test results --- Loss: 0.84083, Accuracy: 0.62440, Precision: 0.63016, Recall: 0.56500 F1: 0.53992, AUROC: 0.77008, AUPRC: 0.63771
EarlyStopping counter: 1 out of 10
Updating learning rate to 2.210397534688617e-05
Epoch: 34 cost time: 2.911693572998047
Epoch: 34, Steps: 22, | Train Loss: 0.79917
Validation results --- Loss: 0.81996, Accuracy: 0.61893, Precision: 0.60286, Recall: 0.55716, F1: 0.52892, AUROC: 0.78912, AUPRC: 0.65662
Test results --- Loss: 0.83981, Accuracy: 0.62632, Precision: 0.63593, Recall: 0.56608 F1: 0.54061, AUROC: 0.77068, AUPRC: 0.63869
EarlyStopping counter: 2 out of 10
Updating learning rate to 1.634902137174483e-05
Epoch: 35 cost time: 2.906324863433838
Epoch: 35, Steps: 22, | Train Loss: 0.78936
Validation results --- Loss: 0.81949, Accuracy: 0.62134, Precision: 0.60424, Recall: 0.55977, F1: 0.53161, AUROC: 0.78949, AUPRC: 0.65704
Test results --- Loss: 0.83948, Accuracy: 0.62632, Precision: 0.63408, Recall: 0.56682 F1: 0.54206, AUROC: 0.77115, AUPRC: 0.63926
EarlyStopping counter: 3 out of 10
Updating learning rate to 1.1418070123306989e-05
Epoch: 36 cost time: 2.9294967651367188
Epoch: 36, Steps: 22, | Train Loss: 0.79057
Validation results --- Loss: 0.81890, Accuracy: 0.61989, Precision: 0.60179, Recall: 0.55830, F1: 0.53041, AUROC: 0.78980, AUPRC: 0.65759
Test results --- Loss: 0.83875, Accuracy: 0.62632, Precision: 0.63505, Recall: 0.56703 F1: 0.54281, AUROC: 0.77154, AUPRC: 0.63982
EarlyStopping counter: 4 out of 10
Updating learning rate to 7.34152255572697e-06
Epoch: 37 cost time: 2.8641679286956787
Epoch: 37, Steps: 22, | Train Loss: 0.79545
Validation results --- Loss: 0.81895, Accuracy: 0.61941, Precision: 0.60172, Recall: 0.55770, F1: 0.52932, AUROC: 0.79003, AUPRC: 0.65788
Test results --- Loss: 0.83869, Accuracy: 0.62776, Precision: 0.64045, Recall: 0.56797 F1: 0.54316, AUROC: 0.77186, AUPRC: 0.64014
EarlyStopping counter: 5 out of 10
Updating learning rate to 4.144511940348516e-06
Epoch: 38 cost time: 2.8787190914154053
Epoch: 38, Steps: 22, | Train Loss: 0.79561
Validation results --- Loss: 0.81878, Accuracy: 0.62230, Precision: 0.60325, Recall: 0.56099, F1: 0.53315, AUROC: 0.78996, AUPRC: 0.65781
Test results --- Loss: 0.83854, Accuracy: 0.62680, Precision: 0.63611, Recall: 0.56779 F1: 0.54382, AUROC: 0.77194, AUPRC: 0.64023
EarlyStopping counter: 6 out of 10
Updating learning rate to 1.8467489107293509e-06
Epoch: 39 cost time: 2.908470630645752
Epoch: 39, Steps: 22, | Train Loss: 0.79340
Validation results --- Loss: 0.81881, Accuracy: 0.62230, Precision: 0.60325, Recall: 0.56099, F1: 0.53315, AUROC: 0.78998, AUPRC: 0.65783
Test results --- Loss: 0.83854, Accuracy: 0.62680, Precision: 0.63608, Recall: 0.56779 F1: 0.54380, AUROC: 0.77201, AUPRC: 0.64030
EarlyStopping counter: 7 out of 10
Updating learning rate to 4.623999400308054e-07
Epoch: 40 cost time: 2.9446961879730225
Epoch: 40, Steps: 22, | Train Loss: 0.79759
Validation results --- Loss: 0.81879, Accuracy: 0.62230, Precision: 0.60325, Recall: 0.56099, F1: 0.53315, AUROC: 0.78999, AUPRC: 0.65785
Test results --- Loss: 0.83851, Accuracy: 0.62680, Precision: 0.63611, Recall: 0.56779 F1: 0.54382, AUROC: 0.77202, AUPRC: 0.64032
EarlyStopping counter: 8 out of 10
Updating learning rate to 0.0
>>>>>>>testing : eeg_mixer_v3_tconv_AD65_seed_44_dm_192_dp_0.1_tl_4_bs_128_lr0.0003_aug_none_pl_64_cb16_kb16_tb20_pe192_ps16_ca0_cp1_gitnogit_20260502_231947<<<<<<<<<<<<<<<<<<<<<<<<<<<<<<<<<
Validation results --- Loss: 0.82309, Accuracy: 0.62326, Precision: 0.61081, Recall: 0.56144, F1: 0.53165, AUROC: 0.78777, AUPRC: 0.65456
Test results --- Loss: 0.84286, Accuracy: 0.62392, Precision: 0.63030, Recall: 0.56464, F1: 0.53870, AUROC: 0.76979, AUPRC: 0.63700

Validation results --- Loss: 0.82309, Accuracy: 0.62326, Precision: 0.61081, Recall: 0.56144, F1: 0.53165, AUROC: 0.78777, AUPRC: 0.65456
Test results --- Loss: 0.84286, Accuracy: 0.62392, Precision: 0.63030, Recall: 0.56464, F1: 0.53870, AUROC: 0.76979, AUPRC: 0.63700

[result] Saved experiment record to: results/runs/3633150_AD65_eeg_mixer_v3_tconv_seed44.yaml
Use GPU (single): visible=0 -> cuda:0
================================================================================
[Model] eeg_mixer_v3_tconv
[Model Params] Total: 51,765 (0.052 M)
[Model Params] Trainable: 51,765 (0.052 M)
[Model Params] Non-trainable: 0 (0.000 M)
[Model Size] Parameters: 0.20 MB
[Model Size] Buffers: 0.00 MB
[Model Size] Total estimated: 0.20 MB
================================================================================
>>>>>>>start training : eeg_mixer_v3_tconv_AD65_seed_45_dm_192_dp_0.1_tl_4_bs_128_lr0.0003_aug_none_pl_64_cb16_kb16_tb20_pe192_ps16_ca0_cp1_gitnogit_20260502_232334>>>>>>>>>>>>>>>>>>>>>>>>>>
(2775, 2000, 19)
(2775,)
(2081, 2000, 19)
(2081,)
(2082, 2000, 19)
(2082,)
Epoch: 1 cost time: 2.9585835933685303
Epoch: 1, Steps: 22, | Train Loss: 1.07863
Validation results --- Loss: 1.08132, Accuracy: 0.41711, Precision: 0.13904, Recall: 0.33333, F1: 0.19622, AUROC: 0.49758, AUPRC: 0.33563
Test results --- Loss: 1.08163, Accuracy: 0.41739, Precision: 0.13913, Recall: 0.33333 F1: 0.19632, AUROC: 0.49508, AUPRC: 0.33609
Metric score decreased (inf --> -0.417107).  Saving model ...

Updating learning rate to 0.00029953760005996916
Epoch: 2 cost time: 2.907409906387329
Epoch: 2, Steps: 22, | Train Loss: 1.07663
Validation results --- Loss: 1.07385, Accuracy: 0.41711, Precision: 0.13904, Recall: 0.33333, F1: 0.19622, AUROC: 0.51484, AUPRC: 0.34967
Test results --- Loss: 1.07457, Accuracy: 0.41739, Precision: 0.13913, Recall: 0.33333 F1: 0.19632, AUROC: 0.50995, AUPRC: 0.34758
EarlyStopping counter: 1 out of 10
Updating learning rate to 0.00029815325108927063
Epoch: 3 cost time: 2.8944754600524902
Epoch: 3, Steps: 22, | Train Loss: 1.07447
Validation results --- Loss: 1.07621, Accuracy: 0.41711, Precision: 0.13904, Recall: 0.33333, F1: 0.19622, AUROC: 0.53511, AUPRC: 0.36541
Test results --- Loss: 1.07679, Accuracy: 0.41739, Precision: 0.13913, Recall: 0.33333 F1: 0.19632, AUROC: 0.52899, AUPRC: 0.36410
EarlyStopping counter: 2 out of 10
Updating learning rate to 0.0002958554880596515
Epoch: 4 cost time: 2.8976125717163086
Epoch: 4, Steps: 22, | Train Loss: 1.07429
Validation results --- Loss: 1.07439, Accuracy: 0.41711, Precision: 0.13904, Recall: 0.33333, F1: 0.19622, AUROC: 0.55808, AUPRC: 0.38344
Test results --- Loss: 1.07534, Accuracy: 0.41739, Precision: 0.13913, Recall: 0.33333 F1: 0.19632, AUROC: 0.55026, AUPRC: 0.38115
EarlyStopping counter: 3 out of 10
Updating learning rate to 0.00029265847744427303
Epoch: 5 cost time: 2.9125893115997314
Epoch: 5, Steps: 22, | Train Loss: 1.07482
Validation results --- Loss: 1.07275, Accuracy: 0.41711, Precision: 0.13904, Recall: 0.33333, F1: 0.19622, AUROC: 0.57783, AUPRC: 0.40270
Test results --- Loss: 1.07344, Accuracy: 0.41739, Precision: 0.13913, Recall: 0.33333 F1: 0.19632, AUROC: 0.57109, AUPRC: 0.39865
EarlyStopping counter: 4 out of 10
Updating learning rate to 0.000288581929876693
Epoch: 6 cost time: 2.9051365852355957
Epoch: 6, Steps: 22, | Train Loss: 1.07327
Validation results --- Loss: 1.07442, Accuracy: 0.41711, Precision: 0.13904, Recall: 0.33333, F1: 0.19622, AUROC: 0.60284, AUPRC: 0.42695
Test results --- Loss: 1.07449, Accuracy: 0.41739, Precision: 0.13913, Recall: 0.33333 F1: 0.19632, AUROC: 0.59697, AUPRC: 0.42220
EarlyStopping counter: 5 out of 10
Updating learning rate to 0.00028365097862825513
Epoch: 7 cost time: 2.8952605724334717
Epoch: 7, Steps: 22, | Train Loss: 1.07324
Validation results --- Loss: 1.07290, Accuracy: 0.41711, Precision: 0.13904, Recall: 0.33333, F1: 0.19622, AUROC: 0.61945, AUPRC: 0.44345
Test results --- Loss: 1.07319, Accuracy: 0.41739, Precision: 0.13913, Recall: 0.33333 F1: 0.19632, AUROC: 0.61495, AUPRC: 0.44050
EarlyStopping counter: 6 out of 10
Updating learning rate to 0.0002778960246531138
Epoch: 8 cost time: 2.8833582401275635
Epoch: 8, Steps: 22, | Train Loss: 1.06785
Validation results --- Loss: 1.06462, Accuracy: 0.41711, Precision: 0.13904, Recall: 0.33333, F1: 0.19622, AUROC: 0.63860, AUPRC: 0.46319
Test results --- Loss: 1.06582, Accuracy: 0.41739, Precision: 0.13913, Recall: 0.33333 F1: 0.19632, AUROC: 0.63028, AUPRC: 0.45774
EarlyStopping counter: 7 out of 10
Updating learning rate to 0.0002713525491562421
Epoch: 9 cost time: 2.9112777709960938
Epoch: 9, Steps: 22, | Train Loss: 1.05799
Validation results --- Loss: 1.05381, Accuracy: 0.41807, Precision: 0.33921, Recall: 0.33434, F1: 0.19909, AUROC: 0.63344, AUPRC: 0.46276
Test results --- Loss: 1.05379, Accuracy: 0.41883, Precision: 0.65784, Recall: 0.33518 F1: 0.20223, AUROC: 0.62779, AUPRC: 0.46169
Metric score decreased (-0.417107 --> -0.418068).  Saving model ...

Updating learning rate to 0.00026406089484000466
Epoch: 10 cost time: 2.9130537509918213
Epoch: 10, Steps: 22, | Train Loss: 1.03749
Validation results --- Loss: 1.03746, Accuracy: 0.47093, Precision: 0.70823, Recall: 0.38997, F1: 0.31517, AUROC: 0.64002, AUPRC: 0.47240
Test results --- Loss: 1.03790, Accuracy: 0.45629, Precision: 0.62820, Recall: 0.37814 F1: 0.30545, AUROC: 0.63354, AUPRC: 0.46848
Metric score decreased (-0.418068 --> -0.470927).  Saving model ...

Updating learning rate to 0.00025606601717798207
Epoch: 11 cost time: 2.878037929534912
Epoch: 11, Steps: 22, | Train Loss: 1.01970
Validation results --- Loss: 1.02124, Accuracy: 0.47045, Precision: 0.67052, Recall: 0.42945, F1: 0.36019, AUROC: 0.66084, AUPRC: 0.49700
Test results --- Loss: 1.02932, Accuracy: 0.46542, Precision: 0.61774, Recall: 0.42568 F1: 0.35660, AUROC: 0.65888, AUPRC: 0.49098
EarlyStopping counter: 1 out of 10
Updating learning rate to 0.0002474172072495275
Epoch: 12 cost time: 2.8472373485565186
Epoch: 12, Steps: 22, | Train Loss: 0.99717
Validation results --- Loss: 1.01033, Accuracy: 0.49640, Precision: 0.72678, Recall: 0.41592, F1: 0.35447, AUROC: 0.68136, AUPRC: 0.51857
Test results --- Loss: 1.01420, Accuracy: 0.48031, Precision: 0.68062, Recall: 0.40177 F1: 0.34007, AUROC: 0.67735, AUPRC: 0.51101
Metric score decreased (-0.470927 --> -0.496396).  Saving model ...

Updating learning rate to 0.00023816778784387094
Epoch: 13 cost time: 2.9088311195373535
Epoch: 13, Steps: 22, | Train Loss: 0.98389
Validation results --- Loss: 0.98130, Accuracy: 0.53340, Precision: 0.64819, Recall: 0.46700, F1: 0.41791, AUROC: 0.68299, AUPRC: 0.52957
Test results --- Loss: 0.98853, Accuracy: 0.52305, Precision: 0.61815, Recall: 0.45768 F1: 0.40817, AUROC: 0.68090, AUPRC: 0.52231
Metric score decreased (-0.496396 --> -0.533397).  Saving model ...

Updating learning rate to 0.0002283747847073923
Epoch: 14 cost time: 2.895092487335205
Epoch: 14, Steps: 22, | Train Loss: 0.97198
Validation results --- Loss: 0.99282, Accuracy: 0.54397, Precision: 0.69357, Recall: 0.47866, F1: 0.42594, AUROC: 0.68378, AUPRC: 0.53407
Test results --- Loss: 1.00048, Accuracy: 0.53410, Precision: 0.66346, Recall: 0.47026 F1: 0.41765, AUROC: 0.68304, AUPRC: 0.52782
Metric score decreased (-0.533397 --> -0.543969).  Saving model ...

Updating learning rate to 0.00021809857496093199
Epoch: 15 cost time: 2.9031670093536377
Epoch: 15, Steps: 22, | Train Loss: 0.96192
Validation results --- Loss: 0.97191, Accuracy: 0.53868, Precision: 0.65232, Recall: 0.47074, F1: 0.42147, AUROC: 0.68901, AUPRC: 0.54064
Test results --- Loss: 0.97857, Accuracy: 0.53554, Precision: 0.60279, Recall: 0.46778 F1: 0.41850, AUROC: 0.68729, AUPRC: 0.53589
EarlyStopping counter: 1 out of 10
Updating learning rate to 0.00020740251485476345
Epoch: 16 cost time: 2.9052257537841797
Epoch: 16, Steps: 22, | Train Loss: 0.95389
Validation results --- Loss: 0.96679, Accuracy: 0.54157, Precision: 0.59485, Recall: 0.46829, F1: 0.42589, AUROC: 0.70043, AUPRC: 0.55244
Test results --- Loss: 0.97170, Accuracy: 0.54899, Precision: 0.62197, Recall: 0.47512 F1: 0.43198, AUROC: 0.69920, AUPRC: 0.54627
EarlyStopping counter: 2 out of 10
Updating learning rate to 0.0001963525491562421
Epoch: 17 cost time: 2.8889918327331543
Epoch: 17, Steps: 22, | Train Loss: 0.95066
Validation results --- Loss: 0.97317, Accuracy: 0.54829, Precision: 0.62823, Recall: 0.48739, F1: 0.43499, AUROC: 0.69761, AUPRC: 0.55128
Test results --- Loss: 0.98160, Accuracy: 0.53218, Precision: 0.60732, Recall: 0.47392 F1: 0.42279, AUROC: 0.69742, AUPRC: 0.54724
Metric score decreased (-0.543969 --> -0.548294).  Saving model ...

Updating learning rate to 0.0001850168045783858
Epoch: 18 cost time: 2.8871781826019287
Epoch: 18, Steps: 22, | Train Loss: 0.94212
Validation results --- Loss: 0.95376, Accuracy: 0.54926, Precision: 0.60302, Recall: 0.48407, F1: 0.45273, AUROC: 0.70912, AUPRC: 0.56069
Test results --- Loss: 0.95814, Accuracy: 0.56052, Precision: 0.60842, Recall: 0.49449 F1: 0.46404, AUROC: 0.70843, AUPRC: 0.55593
Metric score decreased (-0.548294 --> -0.549255).  Saving model ...

Updating learning rate to 0.00017346516975603462
Epoch: 19 cost time: 2.903872013092041
Epoch: 19, Steps: 22, | Train Loss: 0.94009
Validation results --- Loss: 0.97447, Accuracy: 0.53340, Precision: 0.61961, Recall: 0.46137, F1: 0.43030, AUROC: 0.71717, AUPRC: 0.56619
Test results --- Loss: 0.97509, Accuracy: 0.53602, Precision: 0.60410, Recall: 0.46484 F1: 0.43588, AUROC: 0.71522, AUPRC: 0.56012
EarlyStopping counter: 1 out of 10
Updating learning rate to 0.00016176886435917675
Epoch: 20 cost time: 2.8807754516601562
Epoch: 20, Steps: 22, | Train Loss: 0.93417
Validation results --- Loss: 0.94744, Accuracy: 0.55598, Precision: 0.59491, Recall: 0.49472, F1: 0.46629, AUROC: 0.71318, AUPRC: 0.56479
Test results --- Loss: 0.95180, Accuracy: 0.56196, Precision: 0.59402, Recall: 0.50080 F1: 0.47450, AUROC: 0.71265, AUPRC: 0.56110
Metric score decreased (-0.549255 --> -0.555983).  Saving model ...

Updating learning rate to 0.00015
Epoch: 21 cost time: 3.3367831707000732
Epoch: 21, Steps: 22, | Train Loss: 0.93122
Validation results --- Loss: 0.94763, Accuracy: 0.56031, Precision: 0.60063, Recall: 0.50460, F1: 0.47180, AUROC: 0.71303, AUPRC: 0.56518
Test results --- Loss: 0.95351, Accuracy: 0.55235, Precision: 0.58877, Recall: 0.49907 F1: 0.47047, AUROC: 0.71286, AUPRC: 0.56277
Metric score decreased (-0.555983 --> -0.560308).  Saving model ...

Updating learning rate to 0.00013823113564082325
Epoch: 22 cost time: 2.9207522869110107
Epoch: 22, Steps: 22, | Train Loss: 0.92740
Validation results --- Loss: 0.94214, Accuracy: 0.56127, Precision: 0.58121, Recall: 0.50222, F1: 0.47929, AUROC: 0.72062, AUPRC: 0.57014
Test results --- Loss: 0.94507, Accuracy: 0.56772, Precision: 0.58398, Recall: 0.51001 F1: 0.49065, AUROC: 0.71964, AUPRC: 0.56744
Metric score decreased (-0.560308 --> -0.561269).  Saving model ...

Updating learning rate to 0.00012653483024396533
Epoch: 23 cost time: 2.9081907272338867
Epoch: 23, Steps: 22, | Train Loss: 0.92357
Validation results --- Loss: 0.95690, Accuracy: 0.54685, Precision: 0.60347, Recall: 0.48056, F1: 0.46139, AUROC: 0.72914, AUPRC: 0.57603
Test results --- Loss: 0.95695, Accuracy: 0.55283, Precision: 0.59434, Recall: 0.48856 F1: 0.47273, AUROC: 0.72713, AUPRC: 0.57135
EarlyStopping counter: 1 out of 10
Updating learning rate to 0.00011498319542161423
Epoch: 24 cost time: 2.903428554534912
Epoch: 24, Steps: 22, | Train Loss: 0.92086
Validation results --- Loss: 0.95782, Accuracy: 0.55839, Precision: 0.56592, Recall: 0.50232, F1: 0.49545, AUROC: 0.73021, AUPRC: 0.57723
Test results --- Loss: 0.95802, Accuracy: 0.56724, Precision: 0.57617, Recall: 0.51483 F1: 0.51213, AUROC: 0.72847, AUPRC: 0.57258
EarlyStopping counter: 2 out of 10
Updating learning rate to 0.0001036474508437579
Epoch: 25 cost time: 2.8977723121643066
Epoch: 25, Steps: 22, | Train Loss: 0.92598
Validation results --- Loss: 0.94191, Accuracy: 0.56271, Precision: 0.60075, Recall: 0.49548, F1: 0.47078, AUROC: 0.72848, AUPRC: 0.57849
Test results --- Loss: 0.94397, Accuracy: 0.56388, Precision: 0.59854, Recall: 0.49784 F1: 0.47524, AUROC: 0.72678, AUPRC: 0.57447
Metric score decreased (-0.561269 --> -0.562710).  Saving model ...

Updating learning rate to 9.259748514523653e-05
Epoch: 26 cost time: 2.879321336746216
Epoch: 26, Steps: 22, | Train Loss: 0.91766
Validation results --- Loss: 0.93947, Accuracy: 0.56127, Precision: 0.59386, Recall: 0.49993, F1: 0.47010, AUROC: 0.72505, AUPRC: 0.57662
Test results --- Loss: 0.94422, Accuracy: 0.56964, Precision: 0.60112, Recall: 0.50888 F1: 0.48247, AUROC: 0.72405, AUPRC: 0.57424
EarlyStopping counter: 1 out of 10
Updating learning rate to 8.190142503906798e-05
Epoch: 27 cost time: 2.894418716430664
Epoch: 27, Steps: 22, | Train Loss: 0.91674
Validation results --- Loss: 0.93312, Accuracy: 0.56896, Precision: 0.58664, Recall: 0.51123, F1: 0.48604, AUROC: 0.72710, AUPRC: 0.57825
Test results --- Loss: 0.93762, Accuracy: 0.56868, Precision: 0.59268, Recall: 0.51288 F1: 0.49155, AUROC: 0.72614, AUPRC: 0.57549
Metric score decreased (-0.562710 --> -0.568957).  Saving model ...

Updating learning rate to 7.162521529260767e-05
Epoch: 28 cost time: 2.9232277870178223
Epoch: 28, Steps: 22, | Train Loss: 0.91454
Validation results --- Loss: 0.93449, Accuracy: 0.56511, Precision: 0.57450, Recall: 0.51631, F1: 0.49513, AUROC: 0.72735, AUPRC: 0.57748
Test results --- Loss: 0.93963, Accuracy: 0.56196, Precision: 0.57058, Recall: 0.51521 F1: 0.49776, AUROC: 0.72647, AUPRC: 0.57599
EarlyStopping counter: 1 out of 10
Updating learning rate to 6.183221215612904e-05
Epoch: 29 cost time: 2.8920140266418457
Epoch: 29, Steps: 22, | Train Loss: 0.91351
Validation results --- Loss: 0.93265, Accuracy: 0.56752, Precision: 0.58393, Recall: 0.51500, F1: 0.49202, AUROC: 0.72807, AUPRC: 0.57868
Test results --- Loss: 0.93755, Accuracy: 0.56340, Precision: 0.57677, Recall: 0.51220 F1: 0.49155, AUROC: 0.72717, AUPRC: 0.57710
EarlyStopping counter: 2 out of 10
Updating learning rate to 5.2582792750472464e-05
Epoch: 30 cost time: 2.883197784423828
Epoch: 30, Steps: 22, | Train Loss: 0.91322
Validation results --- Loss: 0.93087, Accuracy: 0.56944, Precision: 0.58052, Recall: 0.51278, F1: 0.48963, AUROC: 0.72949, AUPRC: 0.58016
Test results --- Loss: 0.93491, Accuracy: 0.56916, Precision: 0.58892, Recall: 0.51472 F1: 0.49561, AUROC: 0.72834, AUPRC: 0.57850
Metric score decreased (-0.568957 --> -0.569438).  Saving model ...

Updating learning rate to 4.3933982822017876e-05
Epoch: 31 cost time: 2.8930649757385254
Epoch: 31, Steps: 22, | Train Loss: 0.90271
Validation results --- Loss: 0.93220, Accuracy: 0.56511, Precision: 0.58439, Recall: 0.50243, F1: 0.48290, AUROC: 0.73281, AUPRC: 0.58299
Test results --- Loss: 0.93415, Accuracy: 0.57012, Precision: 0.59233, Recall: 0.50896 F1: 0.49270, AUROC: 0.73138, AUPRC: 0.58042
EarlyStopping counter: 1 out of 10
Updating learning rate to 3.593910515999536e-05
Epoch: 32 cost time: 2.913900852203369
Epoch: 32, Steps: 22, | Train Loss: 0.90319
Validation results --- Loss: 0.92868, Accuracy: 0.56896, Precision: 0.57905, Recall: 0.51133, F1: 0.48970, AUROC: 0.73144, AUPRC: 0.58214
Test results --- Loss: 0.93249, Accuracy: 0.57205, Precision: 0.58855, Recall: 0.51550 F1: 0.49716, AUROC: 0.73026, AUPRC: 0.58020
EarlyStopping counter: 2 out of 10
Updating learning rate to 2.8647450843757897e-05
Epoch: 33 cost time: 2.9027183055877686
Epoch: 33, Steps: 22, | Train Loss: 0.90486
Validation results --- Loss: 0.92914, Accuracy: 0.57184, Precision: 0.58037, Recall: 0.51711, F1: 0.49527, AUROC: 0.73068, AUPRC: 0.58165
Test results --- Loss: 0.93362, Accuracy: 0.57012, Precision: 0.58020, Recall: 0.51703 F1: 0.49793, AUROC: 0.72971, AUPRC: 0.57992
Metric score decreased (-0.569438 --> -0.571840).  Saving model ...

Updating learning rate to 2.210397534688617e-05
Epoch: 34 cost time: 2.902336597442627
Epoch: 34, Steps: 22, | Train Loss: 0.90644
Validation results --- Loss: 0.93006, Accuracy: 0.56463, Precision: 0.57984, Recall: 0.50345, F1: 0.48213, AUROC: 0.73245, AUPRC: 0.58384
Test results --- Loss: 0.93296, Accuracy: 0.57301, Precision: 0.59953, Recall: 0.51276 F1: 0.49466, AUROC: 0.73120, AUPRC: 0.58133
EarlyStopping counter: 1 out of 10
Updating learning rate to 1.634902137174483e-05
Epoch: 35 cost time: 2.898876428604126
Epoch: 35, Steps: 22, | Train Loss: 0.90568
Validation results --- Loss: 0.92855, Accuracy: 0.56655, Precision: 0.57881, Recall: 0.50723, F1: 0.48952, AUROC: 0.73312, AUPRC: 0.58405
Test results --- Loss: 0.93108, Accuracy: 0.57349, Precision: 0.58703, Recall: 0.51510 F1: 0.49985, AUROC: 0.73199, AUPRC: 0.58184
EarlyStopping counter: 2 out of 10
Updating learning rate to 1.1418070123306989e-05
Epoch: 36 cost time: 2.9281046390533447
Epoch: 36, Steps: 22, | Train Loss: 0.90653
Validation results --- Loss: 0.92749, Accuracy: 0.56848, Precision: 0.57822, Recall: 0.51142, F1: 0.49319, AUROC: 0.73252, AUPRC: 0.58351
Test results --- Loss: 0.93072, Accuracy: 0.57445, Precision: 0.58278, Recall: 0.51803 F1: 0.50153, AUROC: 0.73148, AUPRC: 0.58161
EarlyStopping counter: 3 out of 10
Updating learning rate to 7.34152255572697e-06
Epoch: 37 cost time: 2.9125001430511475
Epoch: 37, Steps: 22, | Train Loss: 0.90582
Validation results --- Loss: 0.92738, Accuracy: 0.56896, Precision: 0.58079, Recall: 0.51220, F1: 0.49555, AUROC: 0.73299, AUPRC: 0.58386
Test results --- Loss: 0.93033, Accuracy: 0.57301, Precision: 0.57937, Recall: 0.51661 F1: 0.50092, AUROC: 0.73189, AUPRC: 0.58184
EarlyStopping counter: 4 out of 10
Updating learning rate to 4.144511940348516e-06
Epoch: 38 cost time: 2.8773717880249023
Epoch: 38, Steps: 22, | Train Loss: 0.90224
Validation results --- Loss: 0.92710, Accuracy: 0.56992, Precision: 0.58070, Recall: 0.51352, F1: 0.49648, AUROC: 0.73288, AUPRC: 0.58361
Test results --- Loss: 0.93027, Accuracy: 0.57445, Precision: 0.58103, Recall: 0.51832 F1: 0.50223, AUROC: 0.73180, AUPRC: 0.58179
EarlyStopping counter: 5 out of 10
Updating learning rate to 1.8467489107293509e-06
Epoch: 39 cost time: 2.9076082706451416
Epoch: 39, Steps: 22, | Train Loss: 0.89635
Validation results --- Loss: 0.92725, Accuracy: 0.56800, Precision: 0.57894, Recall: 0.51114, F1: 0.49407, AUROC: 0.73305, AUPRC: 0.58394
Test results --- Loss: 0.93029, Accuracy: 0.57301, Precision: 0.58080, Recall: 0.51647 F1: 0.50028, AUROC: 0.73190, AUPRC: 0.58188
EarlyStopping counter: 6 out of 10
Updating learning rate to 4.623999400308054e-07
Epoch: 40 cost time: 2.864016532897949
Epoch: 40, Steps: 22, | Train Loss: 0.90714
Validation results --- Loss: 0.92726, Accuracy: 0.56800, Precision: 0.57894, Recall: 0.51114, F1: 0.49407, AUROC: 0.73304, AUPRC: 0.58393
Test results --- Loss: 0.93029, Accuracy: 0.57301, Precision: 0.58080, Recall: 0.51647 F1: 0.50028, AUROC: 0.73190, AUPRC: 0.58189
EarlyStopping counter: 7 out of 10
Updating learning rate to 0.0
>>>>>>>testing : eeg_mixer_v3_tconv_AD65_seed_45_dm_192_dp_0.1_tl_4_bs_128_lr0.0003_aug_none_pl_64_cb16_kb16_tb20_pe192_ps16_ca0_cp1_gitnogit_20260502_232334<<<<<<<<<<<<<<<<<<<<<<<<<<<<<<<<<
Validation results --- Loss: 0.92914, Accuracy: 0.57184, Precision: 0.58037, Recall: 0.51711, F1: 0.49527, AUROC: 0.73068, AUPRC: 0.58165
Test results --- Loss: 0.93362, Accuracy: 0.57012, Precision: 0.58020, Recall: 0.51703, F1: 0.49793, AUROC: 0.72971, AUPRC: 0.57992

Validation results --- Loss: 0.92914, Accuracy: 0.57184, Precision: 0.58037, Recall: 0.51711, F1: 0.49527, AUROC: 0.73068, AUPRC: 0.58165
Test results --- Loss: 0.93362, Accuracy: 0.57012, Precision: 0.58020, Recall: 0.51703, F1: 0.49793, AUROC: 0.72971, AUPRC: 0.57992

[result] Saved experiment record to: results/runs/3633150_AD65_eeg_mixer_v3_tconv_seed45.yaml
Use GPU (single): visible=0 -> cuda:0
================================================================================
[Model] eeg_mixer_v3_tconv
[Model Params] Total: 51,765 (0.052 M)
[Model Params] Trainable: 51,765 (0.052 M)
[Model Params] Non-trainable: 0 (0.000 M)
[Model Size] Parameters: 0.20 MB
[Model Size] Buffers: 0.00 MB
[Model Size] Total estimated: 0.20 MB
================================================================================
>>>>>>>start training : eeg_mixer_v3_tconv_AD65_seed_46_dm_192_dp_0.1_tl_4_bs_128_lr0.0003_aug_none_pl_64_cb16_kb16_tb20_pe192_ps16_ca0_cp1_gitnogit_20260502_232722>>>>>>>>>>>>>>>>>>>>>>>>>>
(2775, 2000, 19)
(2775,)
(2081, 2000, 19)
(2081,)
(2082, 2000, 19)
(2082,)
Epoch: 1 cost time: 2.9475653171539307
Epoch: 1, Steps: 22, | Train Loss: 1.09539
Validation results --- Loss: 1.07369, Accuracy: 0.41855, Precision: 0.22820, Recall: 0.33528, F1: 0.20599, AUROC: 0.48877, AUPRC: 0.33793
Test results --- Loss: 1.07292, Accuracy: 0.41691, Precision: 0.22306, Recall: 0.33351 F1: 0.20262, AUROC: 0.48553, AUPRC: 0.32919
Metric score decreased (inf --> -0.418549).  Saving model ...

Updating learning rate to 0.00029953760005996916
Epoch: 2 cost time: 2.8739798069000244
Epoch: 2, Steps: 22, | Train Loss: 1.07551
Validation results --- Loss: 1.07213, Accuracy: 0.41711, Precision: 0.13904, Recall: 0.33333, F1: 0.19622, AUROC: 0.49287, AUPRC: 0.34196
Test results --- Loss: 1.07163, Accuracy: 0.41739, Precision: 0.13913, Recall: 0.33333 F1: 0.19632, AUROC: 0.48821, AUPRC: 0.33196
EarlyStopping counter: 1 out of 10
Updating learning rate to 0.00029815325108927063
Epoch: 3 cost time: 2.8927812576293945
Epoch: 3, Steps: 22, | Train Loss: 1.07329
Validation results --- Loss: 1.07303, Accuracy: 0.41999, Precision: 0.23600, Recall: 0.33643, F1: 0.20651, AUROC: 0.50092, AUPRC: 0.34801
Test results --- Loss: 1.07254, Accuracy: 0.41787, Precision: 0.22328, Recall: 0.33420 F1: 0.20217, AUROC: 0.49425, AUPRC: 0.33657
Metric score decreased (-0.418549 --> -0.419990).  Saving model ...

Updating learning rate to 0.0002958554880596515
Epoch: 4 cost time: 2.9115333557128906
Epoch: 4, Steps: 22, | Train Loss: 1.07384
Validation results --- Loss: 1.07184, Accuracy: 0.41711, Precision: 0.13904, Recall: 0.33333, F1: 0.19622, AUROC: 0.50568, AUPRC: 0.35186
Test results --- Loss: 1.07140, Accuracy: 0.41739, Precision: 0.13913, Recall: 0.33333 F1: 0.19632, AUROC: 0.49792, AUPRC: 0.33992
EarlyStopping counter: 1 out of 10
Updating learning rate to 0.00029265847744427303
Epoch: 5 cost time: 2.894394874572754
Epoch: 5, Steps: 22, | Train Loss: 1.07584
Validation results --- Loss: 1.07869, Accuracy: 0.41711, Precision: 0.13904, Recall: 0.33333, F1: 0.19622, AUROC: 0.51131, AUPRC: 0.35539
Test results --- Loss: 1.07797, Accuracy: 0.41739, Precision: 0.13913, Recall: 0.33333 F1: 0.19632, AUROC: 0.50238, AUPRC: 0.34349
EarlyStopping counter: 2 out of 10
Updating learning rate to 0.000288581929876693
Epoch: 6 cost time: 2.9100759029388428
Epoch: 6, Steps: 22, | Train Loss: 1.07482
Validation results --- Loss: 1.07757, Accuracy: 0.41711, Precision: 0.13904, Recall: 0.33333, F1: 0.19622, AUROC: 0.52093, AUPRC: 0.36438
Test results --- Loss: 1.07743, Accuracy: 0.41739, Precision: 0.13913, Recall: 0.33333 F1: 0.19632, AUROC: 0.50948, AUPRC: 0.35148
EarlyStopping counter: 3 out of 10
Updating learning rate to 0.00028365097862825513
Epoch: 7 cost time: 2.871161937713623
Epoch: 7, Steps: 22, | Train Loss: 1.07539
Validation results --- Loss: 1.07074, Accuracy: 0.41759, Precision: 0.22264, Recall: 0.33380, F1: 0.19741, AUROC: 0.53295, AUPRC: 0.37464
Test results --- Loss: 1.07044, Accuracy: 0.41835, Precision: 0.27280, Recall: 0.33426 F1: 0.19849, AUROC: 0.51891, AUPRC: 0.36028
EarlyStopping counter: 4 out of 10
Updating learning rate to 0.0002778960246531138
Epoch: 8 cost time: 2.905250310897827
Epoch: 8, Steps: 22, | Train Loss: 1.07358
Validation results --- Loss: 1.07358, Accuracy: 0.42432, Precision: 0.28532, Recall: 0.34061, F1: 0.21488, AUROC: 0.55019, AUPRC: 0.38969
Test results --- Loss: 1.07352, Accuracy: 0.42123, Precision: 0.27838, Recall: 0.33736 F1: 0.20805, AUROC: 0.53370, AUPRC: 0.37447
Metric score decreased (-0.419990 --> -0.424315).  Saving model ...

Updating learning rate to 0.0002713525491562421
Epoch: 9 cost time: 2.9012351036071777
Epoch: 9, Steps: 22, | Train Loss: 1.07234
Validation results --- Loss: 1.07063, Accuracy: 0.41807, Precision: 0.27270, Recall: 0.33426, F1: 0.19840, AUROC: 0.55582, AUPRC: 0.39339
Test results --- Loss: 1.07064, Accuracy: 0.41787, Precision: 0.25048, Recall: 0.33388 F1: 0.19833, AUROC: 0.53870, AUPRC: 0.37880
EarlyStopping counter: 1 out of 10
Updating learning rate to 0.00026406089484000466
Epoch: 10 cost time: 2.9079673290252686
Epoch: 10, Steps: 22, | Train Loss: 1.07172
Validation results --- Loss: 1.07016, Accuracy: 0.41999, Precision: 0.23742, Recall: 0.33635, F1: 0.20562, AUROC: 0.56891, AUPRC: 0.40281
Test results --- Loss: 1.07019, Accuracy: 0.41979, Precision: 0.25138, Recall: 0.33589 F1: 0.20442, AUROC: 0.55063, AUPRC: 0.38750
EarlyStopping counter: 2 out of 10
Updating learning rate to 0.00025606601717798207
Epoch: 11 cost time: 2.9357333183288574
Epoch: 11, Steps: 22, | Train Loss: 1.07094
Validation results --- Loss: 1.07067, Accuracy: 0.42383, Precision: 0.28650, Recall: 0.34006, F1: 0.21312, AUROC: 0.58424, AUPRC: 0.41504
Test results --- Loss: 1.07125, Accuracy: 0.42027, Precision: 0.26033, Recall: 0.33636 F1: 0.20538, AUROC: 0.56439, AUPRC: 0.39947
EarlyStopping counter: 3 out of 10
Updating learning rate to 0.0002474172072495275
Epoch: 12 cost time: 2.8922033309936523
Epoch: 12, Steps: 22, | Train Loss: 1.07045
Validation results --- Loss: 1.06745, Accuracy: 0.42191, Precision: 0.26588, Recall: 0.33813, F1: 0.20857, AUROC: 0.59103, AUPRC: 0.41998
Test results --- Loss: 1.06846, Accuracy: 0.41979, Precision: 0.26134, Recall: 0.33589 F1: 0.20431, AUROC: 0.57180, AUPRC: 0.40509
EarlyStopping counter: 4 out of 10
Updating learning rate to 0.00023816778784387094
Epoch: 13 cost time: 2.90559720993042
Epoch: 13, Steps: 22, | Train Loss: 1.06769
Validation results --- Loss: 1.06150, Accuracy: 0.45074, Precision: 0.36530, Recall: 0.36698, F1: 0.26848, AUROC: 0.60777, AUPRC: 0.43136
Test results --- Loss: 1.06308, Accuracy: 0.45005, Precision: 0.36759, Recall: 0.36614 F1: 0.26757, AUROC: 0.58872, AUPRC: 0.41676
Metric score decreased (-0.424315 --> -0.450745).  Saving model ...

Updating learning rate to 0.0002283747847073923
Epoch: 14 cost time: 2.8953065872192383
Epoch: 14, Steps: 22, | Train Loss: 1.05046
Validation results --- Loss: 1.03721, Accuracy: 0.50457, Precision: 0.36719, Recall: 0.42304, F1: 0.35794, AUROC: 0.63256, AUPRC: 0.45001
Test results --- Loss: 1.03988, Accuracy: 0.50144, Precision: 0.35802, Recall: 0.42103 F1: 0.35723, AUROC: 0.61627, AUPRC: 0.43615
Metric score decreased (-0.450745 --> -0.504565).  Saving model ...

Updating learning rate to 0.00021809857496093199
Epoch: 15 cost time: 2.9319775104522705
Epoch: 15, Steps: 22, | Train Loss: 1.00444
Validation results --- Loss: 0.99617, Accuracy: 0.54637, Precision: 0.38145, Recall: 0.46616, F1: 0.40562, AUROC: 0.65052, AUPRC: 0.46931
Test results --- Loss: 1.00045, Accuracy: 0.53890, Precision: 0.37590, Recall: 0.45903 F1: 0.39874, AUROC: 0.64038, AUPRC: 0.45822
Metric score decreased (-0.504565 --> -0.546372).  Saving model ...

Updating learning rate to 0.00020740251485476345
Epoch: 16 cost time: 2.88531756401062
Epoch: 16, Steps: 22, | Train Loss: 0.97022
Validation results --- Loss: 0.96511, Accuracy: 0.55983, Precision: 0.37941, Recall: 0.48296, F1: 0.42087, AUROC: 0.68266, AUPRC: 0.50294
Test results --- Loss: 0.96826, Accuracy: 0.56484, Precision: 0.38418, Recall: 0.48582 F1: 0.42325, AUROC: 0.67065, AUPRC: 0.48503
Metric score decreased (-0.546372 --> -0.559827).  Saving model ...

Updating learning rate to 0.0001963525491562421
Epoch: 17 cost time: 2.9101881980895996
Epoch: 17, Steps: 22, | Train Loss: 0.95350
Validation results --- Loss: 0.94394, Accuracy: 0.57280, Precision: 0.39041, Recall: 0.49365, F1: 0.43066, AUROC: 0.70073, AUPRC: 0.53022
Test results --- Loss: 0.94601, Accuracy: 0.56964, Precision: 0.38832, Recall: 0.48998 F1: 0.42713, AUROC: 0.69369, AUPRC: 0.51836
Metric score decreased (-0.559827 --> -0.572802).  Saving model ...

Updating learning rate to 0.0001850168045783858
Epoch: 18 cost time: 2.9435744285583496
Epoch: 18, Steps: 22, | Train Loss: 0.93801
Validation results --- Loss: 0.92212, Accuracy: 0.58578, Precision: 0.70721, Recall: 0.51463, F1: 0.46486, AUROC: 0.71762, AUPRC: 0.55235
Test results --- Loss: 0.92286, Accuracy: 0.58886, Precision: 0.66621, Recall: 0.51412 F1: 0.45840, AUROC: 0.71215, AUPRC: 0.54769
Metric score decreased (-0.572802 --> -0.585776).  Saving model ...

Updating learning rate to 0.00017346516975603462
Epoch: 19 cost time: 2.9007728099823
Epoch: 19, Steps: 22, | Train Loss: 0.91920
Validation results --- Loss: 0.91815, Accuracy: 0.59875, Precision: 0.71760, Recall: 0.52627, F1: 0.47750, AUROC: 0.72493, AUPRC: 0.56220
Test results --- Loss: 0.91559, Accuracy: 0.59414, Precision: 0.72743, Recall: 0.52046 F1: 0.46934, AUROC: 0.72607, AUPRC: 0.56601
Metric score decreased (-0.585776 --> -0.598751).  Saving model ...

Updating learning rate to 0.00016176886435917675
Epoch: 20 cost time: 2.870142936706543
Epoch: 20, Steps: 22, | Train Loss: 0.90878
Validation results --- Loss: 0.91183, Accuracy: 0.60500, Precision: 0.72174, Recall: 0.53418, F1: 0.48655, AUROC: 0.73364, AUPRC: 0.57362
Test results --- Loss: 0.90922, Accuracy: 0.59510, Precision: 0.70017, Recall: 0.52309 F1: 0.47258, AUROC: 0.73311, AUPRC: 0.57674
Metric score decreased (-0.598751 --> -0.604998).  Saving model ...

Updating learning rate to 0.00015
Epoch: 21 cost time: 2.936143159866333
Epoch: 21, Steps: 22, | Train Loss: 0.90434
Validation results --- Loss: 0.89229, Accuracy: 0.60500, Precision: 0.69961, Recall: 0.53279, F1: 0.48978, AUROC: 0.74324, AUPRC: 0.58445
Test results --- Loss: 0.89174, Accuracy: 0.59942, Precision: 0.67735, Recall: 0.52512 F1: 0.47726, AUROC: 0.74023, AUPRC: 0.58441
EarlyStopping counter: 1 out of 10
Updating learning rate to 0.00013823113564082325
Epoch: 22 cost time: 2.9210591316223145
Epoch: 22, Steps: 22, | Train Loss: 0.89033
Validation results --- Loss: 0.88699, Accuracy: 0.60692, Precision: 0.70844, Recall: 0.53473, F1: 0.49124, AUROC: 0.74844, AUPRC: 0.59149
Test results --- Loss: 0.88586, Accuracy: 0.59702, Precision: 0.65819, Recall: 0.52352 F1: 0.47582, AUROC: 0.74560, AUPRC: 0.59118
Metric score decreased (-0.604998 --> -0.606920).  Saving model ...

Updating learning rate to 0.00012653483024396533
Epoch: 23 cost time: 2.921590805053711
Epoch: 23, Steps: 22, | Train Loss: 0.88223
Validation results --- Loss: 0.87645, Accuracy: 0.61028, Precision: 0.68275, Recall: 0.53738, F1: 0.50002, AUROC: 0.75568, AUPRC: 0.60361
Test results --- Loss: 0.87763, Accuracy: 0.60183, Precision: 0.61570, Recall: 0.52745 F1: 0.48692, AUROC: 0.75073, AUPRC: 0.59865
Metric score decreased (-0.606920 --> -0.610284).  Saving model ...

Updating learning rate to 0.00011498319542161423
Epoch: 24 cost time: 2.866826057434082
Epoch: 24, Steps: 22, | Train Loss: 0.87811
Validation results --- Loss: 0.87065, Accuracy: 0.60500, Precision: 0.63056, Recall: 0.53475, F1: 0.49691, AUROC: 0.76040, AUPRC: 0.60962
Test results --- Loss: 0.87163, Accuracy: 0.60327, Precision: 0.60141, Recall: 0.53073 F1: 0.48993, AUROC: 0.75476, AUPRC: 0.60275
EarlyStopping counter: 1 out of 10
Updating learning rate to 0.0001036474508437579
Epoch: 25 cost time: 2.8873226642608643
Epoch: 25, Steps: 22, | Train Loss: 0.87225
Validation results --- Loss: 0.87464, Accuracy: 0.61557, Precision: 0.67541, Recall: 0.54588, F1: 0.50596, AUROC: 0.76102, AUPRC: 0.61025
Test results --- Loss: 0.87326, Accuracy: 0.60567, Precision: 0.63056, Recall: 0.53423 F1: 0.49031, AUROC: 0.75733, AUPRC: 0.60660
Metric score decreased (-0.610284 --> -0.615569).  Saving model ...

Updating learning rate to 9.259748514523653e-05
Epoch: 26 cost time: 2.9083030223846436
Epoch: 26, Steps: 22, | Train Loss: 0.86315
Validation results --- Loss: 0.87513, Accuracy: 0.61221, Precision: 0.70712, Recall: 0.54080, F1: 0.49992, AUROC: 0.76374, AUPRC: 0.61681
Test results --- Loss: 0.87344, Accuracy: 0.60471, Precision: 0.65136, Recall: 0.53139 F1: 0.48594, AUROC: 0.76056, AUPRC: 0.61234
EarlyStopping counter: 1 out of 10
Updating learning rate to 8.190142503906798e-05
Epoch: 27 cost time: 2.9136359691619873
Epoch: 27, Steps: 22, | Train Loss: 0.86142
Validation results --- Loss: 0.87108, Accuracy: 0.61701, Precision: 0.66936, Recall: 0.54777, F1: 0.50905, AUROC: 0.76608, AUPRC: 0.62041
Test results --- Loss: 0.86924, Accuracy: 0.61095, Precision: 0.64119, Recall: 0.53914 F1: 0.49536, AUROC: 0.76341, AUPRC: 0.61560
Metric score decreased (-0.615569 --> -0.617011).  Saving model ...

Updating learning rate to 7.162521529260767e-05
Epoch: 28 cost time: 2.8964622020721436
Epoch: 28, Steps: 22, | Train Loss: 0.85718
Validation results --- Loss: 0.85899, Accuracy: 0.60980, Precision: 0.64650, Recall: 0.54041, F1: 0.50570, AUROC: 0.76947, AUPRC: 0.62497
Test results --- Loss: 0.85923, Accuracy: 0.61191, Precision: 0.63459, Recall: 0.54039 F1: 0.50298, AUROC: 0.76474, AUPRC: 0.61713
EarlyStopping counter: 1 out of 10
Updating learning rate to 6.183221215612904e-05
Epoch: 29 cost time: 2.903900146484375
Epoch: 29, Steps: 22, | Train Loss: 0.85444
Validation results --- Loss: 0.85803, Accuracy: 0.61749, Precision: 0.60763, Recall: 0.55439, F1: 0.53000, AUROC: 0.77048, AUPRC: 0.62593
Test results --- Loss: 0.85909, Accuracy: 0.60951, Precision: 0.58133, Recall: 0.54256 F1: 0.51160, AUROC: 0.76474, AUPRC: 0.61704
Metric score decreased (-0.617011 --> -0.617492).  Saving model ...

Updating learning rate to 5.2582792750472464e-05
Epoch: 30 cost time: 2.920196533203125
Epoch: 30, Steps: 22, | Train Loss: 0.84961
Validation results --- Loss: 0.86327, Accuracy: 0.61461, Precision: 0.66463, Recall: 0.54442, F1: 0.50684, AUROC: 0.77133, AUPRC: 0.62882
Test results --- Loss: 0.86254, Accuracy: 0.61095, Precision: 0.63538, Recall: 0.53789 F1: 0.49404, AUROC: 0.76733, AUPRC: 0.62182
EarlyStopping counter: 1 out of 10
Updating learning rate to 4.3933982822017876e-05
Epoch: 31 cost time: 2.885106325149536
Epoch: 31, Steps: 22, | Train Loss: 0.84915
Validation results --- Loss: 0.85261, Accuracy: 0.61317, Precision: 0.62114, Recall: 0.54812, F1: 0.52267, AUROC: 0.77292, AUPRC: 0.63082
Test results --- Loss: 0.85343, Accuracy: 0.61335, Precision: 0.60568, Recall: 0.54533 F1: 0.51577, AUROC: 0.76790, AUPRC: 0.62214
EarlyStopping counter: 2 out of 10
Updating learning rate to 3.593910515999536e-05
Epoch: 32 cost time: 2.929525852203369
Epoch: 32, Steps: 22, | Train Loss: 0.84590
Validation results --- Loss: 0.85306, Accuracy: 0.61653, Precision: 0.64163, Recall: 0.55068, F1: 0.52445, AUROC: 0.77260, AUPRC: 0.63138
Test results --- Loss: 0.85265, Accuracy: 0.61383, Precision: 0.61022, Recall: 0.54463 F1: 0.51281, AUROC: 0.76885, AUPRC: 0.62387
EarlyStopping counter: 3 out of 10
Updating learning rate to 2.8647450843757897e-05
Epoch: 33 cost time: 2.8712668418884277
Epoch: 33, Steps: 22, | Train Loss: 0.84380
Validation results --- Loss: 0.85362, Accuracy: 0.61605, Precision: 0.64756, Recall: 0.54879, F1: 0.51931, AUROC: 0.77334, AUPRC: 0.63224
Test results --- Loss: 0.85315, Accuracy: 0.61720, Precision: 0.63654, Recall: 0.54663 F1: 0.51181, AUROC: 0.76934, AUPRC: 0.62451
EarlyStopping counter: 4 out of 10
Updating learning rate to 2.210397534688617e-05
Epoch: 34 cost time: 2.9075567722320557
Epoch: 34, Steps: 22, | Train Loss: 0.84315
Validation results --- Loss: 0.85120, Accuracy: 0.61653, Precision: 0.63712, Recall: 0.55118, F1: 0.52605, AUROC: 0.77393, AUPRC: 0.63321
Test results --- Loss: 0.85130, Accuracy: 0.61527, Precision: 0.61227, Recall: 0.54644 F1: 0.51566, AUROC: 0.76966, AUPRC: 0.62499
EarlyStopping counter: 5 out of 10
Updating learning rate to 1.634902137174483e-05
Epoch: 35 cost time: 2.92755389213562
Epoch: 35, Steps: 22, | Train Loss: 0.84119
Validation results --- Loss: 0.85261, Accuracy: 0.61941, Precision: 0.64437, Recall: 0.55333, F1: 0.52603, AUROC: 0.77390, AUPRC: 0.63302
Test results --- Loss: 0.85209, Accuracy: 0.61479, Precision: 0.61752, Recall: 0.54559 F1: 0.51273, AUROC: 0.76998, AUPRC: 0.62533
Metric score decreased (-0.617492 --> -0.619414).  Saving model ...

Updating learning rate to 1.1418070123306989e-05
Epoch: 36 cost time: 2.9172234535217285
Epoch: 36, Steps: 22, | Train Loss: 0.84660
Validation results --- Loss: 0.85236, Accuracy: 0.61941, Precision: 0.64521, Recall: 0.55362, F1: 0.52677, AUROC: 0.77416, AUPRC: 0.63345
Test results --- Loss: 0.85196, Accuracy: 0.61575, Precision: 0.61501, Recall: 0.54680 F1: 0.51442, AUROC: 0.77021, AUPRC: 0.62559
EarlyStopping counter: 1 out of 10
Updating learning rate to 7.34152255572697e-06
Epoch: 37 cost time: 2.9135615825653076
Epoch: 37, Steps: 22, | Train Loss: 0.83970
Validation results --- Loss: 0.85239, Accuracy: 0.61989, Precision: 0.65230, Recall: 0.55371, F1: 0.52637, AUROC: 0.77429, AUPRC: 0.63380
Test results --- Loss: 0.85195, Accuracy: 0.61864, Precision: 0.63165, Recall: 0.54911 F1: 0.51639, AUROC: 0.77030, AUPRC: 0.62584
Metric score decreased (-0.619414 --> -0.619894).  Saving model ...

Updating learning rate to 4.144511940348516e-06
Epoch: 38 cost time: 2.895249128341675
Epoch: 38, Steps: 22, | Train Loss: 0.83769
Validation results --- Loss: 0.85132, Accuracy: 0.61749, Precision: 0.64858, Recall: 0.55132, F1: 0.52444, AUROC: 0.77446, AUPRC: 0.63406
Test results --- Loss: 0.85106, Accuracy: 0.61864, Precision: 0.63258, Recall: 0.54937 F1: 0.51806, AUROC: 0.77037, AUPRC: 0.62591
EarlyStopping counter: 1 out of 10
Updating learning rate to 1.8467489107293509e-06
Epoch: 39 cost time: 2.907036066055298
Epoch: 39, Steps: 22, | Train Loss: 0.83662
Validation results --- Loss: 0.85111, Accuracy: 0.61845, Precision: 0.65122, Recall: 0.55267, F1: 0.52675, AUROC: 0.77449, AUPRC: 0.63410
Test results --- Loss: 0.85088, Accuracy: 0.61768, Precision: 0.62948, Recall: 0.54852 F1: 0.51734, AUROC: 0.77038, AUPRC: 0.62588
EarlyStopping counter: 2 out of 10
Updating learning rate to 4.623999400308054e-07
Epoch: 40 cost time: 2.912332534790039
Epoch: 40, Steps: 22, | Train Loss: 0.84130
Validation results --- Loss: 0.85107, Accuracy: 0.61845, Precision: 0.65122, Recall: 0.55267, F1: 0.52675, AUROC: 0.77452, AUPRC: 0.63412
Test results --- Loss: 0.85086, Accuracy: 0.61864, Precision: 0.63006, Recall: 0.54937 F1: 0.51807, AUROC: 0.77039, AUPRC: 0.62590
EarlyStopping counter: 3 out of 10
Updating learning rate to 0.0
>>>>>>>testing : eeg_mixer_v3_tconv_AD65_seed_46_dm_192_dp_0.1_tl_4_bs_128_lr0.0003_aug_none_pl_64_cb16_kb16_tb20_pe192_ps16_ca0_cp1_gitnogit_20260502_232722<<<<<<<<<<<<<<<<<<<<<<<<<<<<<<<<<
Validation results --- Loss: 0.85239, Accuracy: 0.61989, Precision: 0.65230, Recall: 0.55371, F1: 0.52637, AUROC: 0.77429, AUPRC: 0.63380
Test results --- Loss: 0.85195, Accuracy: 0.61864, Precision: 0.63165, Recall: 0.54911, F1: 0.51639, AUROC: 0.77030, AUPRC: 0.62584

Validation results --- Loss: 0.85239, Accuracy: 0.61989, Precision: 0.65230, Recall: 0.55371, F1: 0.52637, AUROC: 0.77429, AUPRC: 0.63380
Test results --- Loss: 0.85195, Accuracy: 0.61864, Precision: 0.63165, Recall: 0.54911, F1: 0.51639, AUROC: 0.77030, AUPRC: 0.62584

[result] Saved experiment record to: results/runs/3633150_AD65_eeg_mixer_v3_tconv_seed46.yaml
Mean accuracy: 0.6233, precision: 0.5399,recall: 0.5651, f1: 0.5314, AUROC: 0.7677, AUPRC: 0.6263
Std accuracy: 0.0183, precision: 0.1120,recall: 0.0353, f1: 0.0658, AUROC: 0.0252, AUPRC: 0.0441
