[device] set CUDA_VISIBLE_DEVICES=0
[dataset_cfg] FACED_new root_path -> /work/bme-shenxk/data/FACED_new
[dataset_cfg] applied 30 params for FACED_new
A total 12 CPUs are used, making sure that num_worker is small than the number of CPUs
Use GPU (single): visible=0 -> cuda:0
================================================================================
[Model] eeg_mixer_v4_outAttentionPoolingFusion
[Model Params] Total: 302,625 (0.303 M)
[Model Params] Trainable: 302,625 (0.303 M)
[Model Params] Non-trainable: 0 (0.000 M)
[Model Size] Parameters: 1.15 MB
[Model Size] Buffers: 0.00 MB
[Model Size] Total estimated: 1.15 MB
================================================================================
>>>>>>>start training : eeg_mixer_v4_outAttentionPoolingFusion_FACED_new_seed_42_dm_128_dp_0.1_tl_4_bs_128_lr0.0002_aug_none_pl_80_cb32_kb16_tb16_pe128_ps20_ca0_cp1_git555de6c_20260503_110333>>>>>>>>>>>>>>>>>>>>>>>>>>
(4116, 2000, 32)
(4116,)
(3108, 2000, 32)
(3108,)
(3108, 2000, 32)
(3108,)
Epoch: 1 cost time: 6.935002565383911
Epoch: 1, Steps: 33, | Train Loss: 2.22926
Validation results --- Loss: 2.19809, Accuracy: 0.13900, Precision: 0.05924, Recall: 0.13697, F1: 0.06812, AUROC: 0.57448, AUPRC: 0.14518
Test results --- Loss: 2.20142, Accuracy: 0.12773, Precision: 0.05375, Recall: 0.12671 F1: 0.06064, AUROC: 0.55670, AUPRC: 0.13278
Metric score decreased (inf --> -0.068118).  Saving model ...

Updating learning rate to 0.00019995065603657316
Epoch: 2 cost time: 6.6439208984375
Epoch: 2, Steps: 33, | Train Loss: 2.17634
Validation results --- Loss: 2.15424, Accuracy: 0.18018, Precision: 0.22351, Recall: 0.17409, F1: 0.13524, AUROC: 0.62266, AUPRC: 0.17291
Test results --- Loss: 2.16591, Accuracy: 0.16088, Precision: 0.26481, Recall: 0.15582 F1: 0.12096, AUROC: 0.59779, AUPRC: 0.15382
Metric score decreased (-0.068118 --> -0.135238).  Saving model ...

Updating learning rate to 0.00019980267284282717
Epoch: 3 cost time: 6.626789093017578
Epoch: 3, Steps: 33, | Train Loss: 2.07983
Validation results --- Loss: 2.07716, Accuracy: 0.23552, Precision: 0.27581, Recall: 0.23090, F1: 0.19475, AUROC: 0.67905, AUPRC: 0.22620
Test results --- Loss: 2.14041, Accuracy: 0.20849, Precision: 0.20421, Recall: 0.20462 F1: 0.16765, AUROC: 0.64327, AUPRC: 0.19200
Metric score decreased (-0.135238 --> -0.194746).  Saving model ...

Updating learning rate to 0.00019955619646030802
Epoch: 4 cost time: 6.593778371810913
Epoch: 4, Steps: 33, | Train Loss: 1.89409
Validation results --- Loss: 1.97968, Accuracy: 0.28958, Precision: 0.31475, Recall: 0.29630, F1: 0.27868, AUROC: 0.72445, AUPRC: 0.28328
Test results --- Loss: 2.09351, Accuracy: 0.24389, Precision: 0.26469, Recall: 0.24983 F1: 0.23248, AUROC: 0.68252, AUPRC: 0.22881
Metric score decreased (-0.194746 --> -0.278682).  Saving model ...

Updating learning rate to 0.0001992114701314478
Epoch: 5 cost time: 6.647315502166748
Epoch: 5, Steps: 33, | Train Loss: 1.74369
Validation results --- Loss: 1.89485, Accuracy: 0.31918, Precision: 0.33086, Recall: 0.31373, F1: 0.31466, AUROC: 0.74204, AUPRC: 0.30965
Test results --- Loss: 2.02034, Accuracy: 0.26577, Precision: 0.26426, Recall: 0.26151 F1: 0.25940, AUROC: 0.69647, AUPRC: 0.24460
Metric score decreased (-0.278682 --> -0.314662).  Saving model ...

Updating learning rate to 0.00019876883405951377
Epoch: 6 cost time: 6.649812459945679
Epoch: 6, Steps: 33, | Train Loss: 1.64429
Validation results --- Loss: 1.86499, Accuracy: 0.32979, Precision: 0.34261, Recall: 0.32549, F1: 0.32565, AUROC: 0.75362, AUPRC: 0.32790
Test results --- Loss: 2.00739, Accuracy: 0.27799, Precision: 0.28408, Recall: 0.27411 F1: 0.27091, AUROC: 0.70637, AUPRC: 0.25877
Metric score decreased (-0.314662 --> -0.325649).  Saving model ...

Updating learning rate to 0.0001982287250728689
Epoch: 7 cost time: 6.620033502578735
Epoch: 7, Steps: 33, | Train Loss: 1.57691
Validation results --- Loss: 1.85075, Accuracy: 0.34170, Precision: 0.35642, Recall: 0.34017, F1: 0.33576, AUROC: 0.76027, AUPRC: 0.33654
Test results --- Loss: 2.00219, Accuracy: 0.29151, Precision: 0.29645, Recall: 0.28987 F1: 0.28399, AUROC: 0.71378, AUPRC: 0.26766
Metric score decreased (-0.325649 --> -0.335764).  Saving model ...

Updating learning rate to 0.00019759167619387476
Epoch: 8 cost time: 6.621584177017212
Epoch: 8, Steps: 33, | Train Loss: 1.53566
Validation results --- Loss: 1.84296, Accuracy: 0.34781, Precision: 0.36709, Recall: 0.34726, F1: 0.34669, AUROC: 0.76614, AUPRC: 0.34658
Test results --- Loss: 2.00965, Accuracy: 0.29086, Precision: 0.30475, Recall: 0.29054 F1: 0.28678, AUROC: 0.71740, AUPRC: 0.27543
Metric score decreased (-0.335764 --> -0.346686).  Saving model ...

Updating learning rate to 0.0001968583161128631
Epoch: 9 cost time: 6.6437153816223145
Epoch: 9, Steps: 33, | Train Loss: 1.48718
Validation results --- Loss: 1.82154, Accuracy: 0.35232, Precision: 0.36608, Recall: 0.35085, F1: 0.34990, AUROC: 0.77127, AUPRC: 0.35720
Test results --- Loss: 1.99392, Accuracy: 0.30148, Precision: 0.31008, Recall: 0.30047 F1: 0.29965, AUROC: 0.72139, AUPRC: 0.27954
Metric score decreased (-0.346686 --> -0.349896).  Saving model ...

Updating learning rate to 0.0001960293685676943
Epoch: 10 cost time: 6.60711145401001
Epoch: 10, Steps: 33, | Train Loss: 1.42722
Validation results --- Loss: 1.80632, Accuracy: 0.36165, Precision: 0.36888, Recall: 0.36028, F1: 0.35975, AUROC: 0.77456, AUPRC: 0.36265
Test results --- Loss: 1.99383, Accuracy: 0.30180, Precision: 0.30683, Recall: 0.30063 F1: 0.29859, AUROC: 0.72479, AUPRC: 0.28447
Metric score decreased (-0.349896 --> -0.359748).  Saving model ...

Updating learning rate to 0.00019510565162951537
Epoch: 11 cost time: 6.6574931144714355
Epoch: 11, Steps: 33, | Train Loss: 1.36636
Validation results --- Loss: 1.79755, Accuracy: 0.36969, Precision: 0.37445, Recall: 0.37137, F1: 0.36953, AUROC: 0.77870, AUPRC: 0.37139
Test results --- Loss: 1.99467, Accuracy: 0.30920, Precision: 0.31367, Recall: 0.31081 F1: 0.30730, AUROC: 0.72903, AUPRC: 0.29019
Metric score decreased (-0.359748 --> -0.369530).  Saving model ...

Updating learning rate to 0.00019408807689542257
Epoch: 12 cost time: 6.642499208450317
Epoch: 12, Steps: 33, | Train Loss: 1.33900
Validation results --- Loss: 1.79733, Accuracy: 0.37677, Precision: 0.38177, Recall: 0.37921, F1: 0.37705, AUROC: 0.78094, AUPRC: 0.37473
Test results --- Loss: 2.00594, Accuracy: 0.30888, Precision: 0.31089, Recall: 0.31106 F1: 0.30631, AUROC: 0.73043, AUPRC: 0.29275
Metric score decreased (-0.369530 --> -0.377047).  Saving model ...

Updating learning rate to 0.00019297764858882514
Epoch: 13 cost time: 6.64010214805603
Epoch: 13, Steps: 33, | Train Loss: 1.28437
Validation results --- Loss: 1.80384, Accuracy: 0.37098, Precision: 0.37804, Recall: 0.37254, F1: 0.36956, AUROC: 0.78296, AUPRC: 0.37913
Test results --- Loss: 2.00932, Accuracy: 0.31499, Precision: 0.31749, Recall: 0.31698 F1: 0.31311, AUROC: 0.73274, AUPRC: 0.29817
EarlyStopping counter: 1 out of 20
Updating learning rate to 0.00019177546256839812
Epoch: 14 cost time: 6.655373573303223
Epoch: 14, Steps: 33, | Train Loss: 1.25218
Validation results --- Loss: 1.80575, Accuracy: 0.38031, Precision: 0.38568, Recall: 0.38388, F1: 0.37901, AUROC: 0.78501, AUPRC: 0.38432
Test results --- Loss: 2.01407, Accuracy: 0.32111, Precision: 0.32563, Recall: 0.32541 F1: 0.32034, AUROC: 0.73638, AUPRC: 0.30343
Metric score decreased (-0.377047 --> -0.379012).  Saving model ...

Updating learning rate to 0.00019048270524660196
Epoch: 15 cost time: 6.6244285106658936
Epoch: 15, Steps: 33, | Train Loss: 1.20348
Validation results --- Loss: 1.81088, Accuracy: 0.38546, Precision: 0.38956, Recall: 0.38922, F1: 0.38384, AUROC: 0.78625, AUPRC: 0.38570
Test results --- Loss: 2.04103, Accuracy: 0.31725, Precision: 0.31831, Recall: 0.32090 F1: 0.31221, AUROC: 0.73698, AUPRC: 0.30475
Metric score decreased (-0.379012 --> -0.383843).  Saving model ...

Updating learning rate to 0.0001891006524188368
Epoch: 16 cost time: 6.599975824356079
Epoch: 16, Steps: 33, | Train Loss: 1.15108
Validation results --- Loss: 1.80557, Accuracy: 0.38674, Precision: 0.40083, Recall: 0.38680, F1: 0.38824, AUROC: 0.78812, AUPRC: 0.39160
Test results --- Loss: 2.03926, Accuracy: 0.32079, Precision: 0.33228, Recall: 0.32174 F1: 0.31907, AUROC: 0.73804, AUPRC: 0.30837
Metric score decreased (-0.383843 --> -0.388244).  Saving model ...

Updating learning rate to 0.00018763066800438636
Epoch: 17 cost time: 6.613211631774902
Epoch: 17, Steps: 33, | Train Loss: 1.13535
Validation results --- Loss: 1.80808, Accuracy: 0.38320, Precision: 0.39333, Recall: 0.38413, F1: 0.38262, AUROC: 0.78970, AUPRC: 0.39403
Test results --- Loss: 2.05172, Accuracy: 0.32658, Precision: 0.32984, Recall: 0.32783 F1: 0.32172, AUROC: 0.74055, AUPRC: 0.31122
EarlyStopping counter: 1 out of 20
Updating learning rate to 0.0001860742027003944
Epoch: 18 cost time: 6.628363370895386
Epoch: 18, Steps: 33, | Train Loss: 1.08611
Validation results --- Loss: 1.82424, Accuracy: 0.38320, Precision: 0.39976, Recall: 0.38288, F1: 0.38223, AUROC: 0.79005, AUPRC: 0.39691
Test results --- Loss: 2.07462, Accuracy: 0.32754, Precision: 0.33817, Recall: 0.32749 F1: 0.32224, AUROC: 0.74093, AUPRC: 0.31310
EarlyStopping counter: 2 out of 20
Updating learning rate to 0.00018443279255020152
Epoch: 19 cost time: 6.632826089859009
Epoch: 19, Steps: 33, | Train Loss: 1.02395
Validation results --- Loss: 1.81885, Accuracy: 0.38803, Precision: 0.39732, Recall: 0.38872, F1: 0.38964, AUROC: 0.79079, AUPRC: 0.39718
Test results --- Loss: 2.06465, Accuracy: 0.33172, Precision: 0.33562, Recall: 0.33342 F1: 0.33137, AUROC: 0.74142, AUPRC: 0.31376
Metric score decreased (-0.388244 --> -0.389637).  Saving model ...

Updating learning rate to 0.00018270805742745617
Epoch: 20 cost time: 6.633854627609253
Epoch: 20, Steps: 33, | Train Loss: 0.98112
Validation results --- Loss: 1.84351, Accuracy: 0.39125, Precision: 0.40379, Recall: 0.39281, F1: 0.39056, AUROC: 0.79159, AUPRC: 0.39991
Test results --- Loss: 2.09988, Accuracy: 0.32754, Precision: 0.33073, Recall: 0.32900 F1: 0.32468, AUROC: 0.74182, AUPRC: 0.31516
Metric score decreased (-0.389637 --> -0.390560).  Saving model ...

Updating learning rate to 0.00018090169943749476
Epoch: 21 cost time: 6.652288436889648
Epoch: 21, Steps: 33, | Train Loss: 0.95386
Validation results --- Loss: 1.85035, Accuracy: 0.39447, Precision: 0.40711, Recall: 0.39548, F1: 0.39520, AUROC: 0.79274, AUPRC: 0.40249
Test results --- Loss: 2.10436, Accuracy: 0.33012, Precision: 0.33506, Recall: 0.33175 F1: 0.33014, AUROC: 0.74335, AUPRC: 0.32012
Metric score decreased (-0.390560 --> -0.395204).  Saving model ...

Updating learning rate to 0.00017901550123756906
Epoch: 22 cost time: 6.627554893493652
Epoch: 22, Steps: 33, | Train Loss: 0.92780
Validation results --- Loss: 1.85918, Accuracy: 0.38900, Precision: 0.40508, Recall: 0.38655, F1: 0.38991, AUROC: 0.79222, AUPRC: 0.40149
Test results --- Loss: 2.13125, Accuracy: 0.32658, Precision: 0.33321, Recall: 0.32549 F1: 0.32393, AUROC: 0.74243, AUPRC: 0.31713
EarlyStopping counter: 1 out of 20
Updating learning rate to 0.00017705132427757895
Epoch: 23 cost time: 6.602834701538086
Epoch: 23, Steps: 33, | Train Loss: 0.89231
Validation results --- Loss: 1.86703, Accuracy: 0.39801, Precision: 0.40473, Recall: 0.40023, F1: 0.40065, AUROC: 0.79298, AUPRC: 0.40243
Test results --- Loss: 2.14052, Accuracy: 0.33462, Precision: 0.33456, Recall: 0.33692 F1: 0.33477, AUROC: 0.74345, AUPRC: 0.31826
Metric score decreased (-0.395204 --> -0.400650).  Saving model ...

Updating learning rate to 0.00017501110696304596
Epoch: 24 cost time: 6.661756277084351
Epoch: 24, Steps: 33, | Train Loss: 0.83628
Validation results --- Loss: 1.90888, Accuracy: 0.38707, Precision: 0.41303, Recall: 0.38572, F1: 0.38877, AUROC: 0.79254, AUPRC: 0.40200
Test results --- Loss: 2.17730, Accuracy: 0.33430, Precision: 0.34619, Recall: 0.33400 F1: 0.33479, AUROC: 0.74216, AUPRC: 0.31847
EarlyStopping counter: 1 out of 20
Updating learning rate to 0.00017289686274214118
Epoch: 25 cost time: 6.634989023208618
Epoch: 25, Steps: 33, | Train Loss: 0.81760
Validation results --- Loss: 1.89845, Accuracy: 0.39865, Precision: 0.40718, Recall: 0.39990, F1: 0.40068, AUROC: 0.79369, AUPRC: 0.40448
Test results --- Loss: 2.19996, Accuracy: 0.32722, Precision: 0.32851, Recall: 0.32883 F1: 0.32554, AUROC: 0.74260, AUPRC: 0.31803
Metric score decreased (-0.400650 --> -0.400675).  Saving model ...

Updating learning rate to 0.00017071067811865476
Epoch: 26 cost time: 6.63030743598938
Epoch: 26, Steps: 33, | Train Loss: 0.79275
Validation results --- Loss: 1.93200, Accuracy: 0.39704, Precision: 0.40896, Recall: 0.39982, F1: 0.39810, AUROC: 0.79336, AUPRC: 0.40439
Test results --- Loss: 2.23724, Accuracy: 0.33108, Precision: 0.33634, Recall: 0.33367 F1: 0.32970, AUROC: 0.74353, AUPRC: 0.32008
EarlyStopping counter: 1 out of 20
Updating learning rate to 0.00016845471059286887
Epoch: 27 cost time: 6.611151218414307
Epoch: 27, Steps: 33, | Train Loss: 0.76452
Validation results --- Loss: 1.93762, Accuracy: 0.39318, Precision: 0.40552, Recall: 0.39181, F1: 0.39573, AUROC: 0.79325, AUPRC: 0.40207
Test results --- Loss: 2.23463, Accuracy: 0.33108, Precision: 0.33363, Recall: 0.33192 F1: 0.33180, AUROC: 0.74282, AUPRC: 0.31856
EarlyStopping counter: 2 out of 20
Updating learning rate to 0.00016613118653236518
Epoch: 28 cost time: 6.644403457641602
Epoch: 28, Steps: 33, | Train Loss: 0.73920
Validation results --- Loss: 1.95765, Accuracy: 0.40090, Precision: 0.40670, Recall: 0.40415, F1: 0.40153, AUROC: 0.79457, AUPRC: 0.40547
Test results --- Loss: 2.28101, Accuracy: 0.33945, Precision: 0.34267, Recall: 0.34326 F1: 0.33861, AUROC: 0.74342, AUPRC: 0.31955
Metric score decreased (-0.400675 --> -0.401533).  Saving model ...

Updating learning rate to 0.000163742398974869
Epoch: 29 cost time: 6.6395649909973145
Epoch: 29, Steps: 33, | Train Loss: 0.69788
Validation results --- Loss: 1.99488, Accuracy: 0.39479, Precision: 0.41226, Recall: 0.39339, F1: 0.39437, AUROC: 0.79174, AUPRC: 0.40083
Test results --- Loss: 2.29419, Accuracy: 0.33848, Precision: 0.34130, Recall: 0.33817 F1: 0.33545, AUROC: 0.74247, AUPRC: 0.31753
EarlyStopping counter: 1 out of 20
Updating learning rate to 0.00016129070536529766
Epoch: 30 cost time: 6.58560585975647
Epoch: 30, Steps: 33, | Train Loss: 0.68080
Validation results --- Loss: 1.99651, Accuracy: 0.39897, Precision: 0.40503, Recall: 0.40065, F1: 0.39989, AUROC: 0.79280, AUPRC: 0.40227
Test results --- Loss: 2.32179, Accuracy: 0.33333, Precision: 0.33561, Recall: 0.33567 F1: 0.33228, AUROC: 0.74375, AUPRC: 0.32020
EarlyStopping counter: 2 out of 20
Updating learning rate to 0.00015877852522924732
Epoch: 31 cost time: 6.615370512008667
Epoch: 31, Steps: 33, | Train Loss: 0.65513
Validation results --- Loss: 2.01578, Accuracy: 0.40187, Precision: 0.41159, Recall: 0.40190, F1: 0.40254, AUROC: 0.79263, AUPRC: 0.40228
Test results --- Loss: 2.34661, Accuracy: 0.33816, Precision: 0.34038, Recall: 0.33951 F1: 0.33548, AUROC: 0.74261, AUPRC: 0.31884
Metric score decreased (-0.401533 --> -0.402536).  Saving model ...

Updating learning rate to 0.00015620833778521307
Epoch: 32 cost time: 6.584429979324341
Epoch: 32, Steps: 33, | Train Loss: 0.63090
Validation results --- Loss: 2.04744, Accuracy: 0.39511, Precision: 0.41182, Recall: 0.39298, F1: 0.39434, AUROC: 0.79174, AUPRC: 0.40104
Test results --- Loss: 2.38996, Accuracy: 0.33848, Precision: 0.34502, Recall: 0.33775 F1: 0.33333, AUROC: 0.74258, AUPRC: 0.31865
EarlyStopping counter: 1 out of 20
Updating learning rate to 0.00015358267949789966
Epoch: 33 cost time: 6.604361057281494
Epoch: 33, Steps: 33, | Train Loss: 0.59722
Validation results --- Loss: 2.06168, Accuracy: 0.40154, Precision: 0.41531, Recall: 0.40090, F1: 0.40395, AUROC: 0.79092, AUPRC: 0.39852
Test results --- Loss: 2.39439, Accuracy: 0.33719, Precision: 0.34090, Recall: 0.33775 F1: 0.33594, AUROC: 0.74169, AUPRC: 0.31618
Metric score decreased (-0.402536 --> -0.403950).  Saving model ...

Updating learning rate to 0.00015090414157503714
Epoch: 34 cost time: 6.625849723815918
Epoch: 34, Steps: 33, | Train Loss: 0.57485
Validation results --- Loss: 2.06935, Accuracy: 0.39157, Precision: 0.39939, Recall: 0.39131, F1: 0.39392, AUROC: 0.79149, AUPRC: 0.39946
Test results --- Loss: 2.41877, Accuracy: 0.34299, Precision: 0.34731, Recall: 0.34426 F1: 0.34276, AUROC: 0.74186, AUPRC: 0.31902
EarlyStopping counter: 1 out of 20
Updating learning rate to 0.00014817536741017152
Epoch: 35 cost time: 6.61550760269165
Epoch: 35, Steps: 33, | Train Loss: 0.56133
Validation results --- Loss: 2.10824, Accuracy: 0.39640, Precision: 0.40390, Recall: 0.39890, F1: 0.39699, AUROC: 0.79156, AUPRC: 0.39998
Test results --- Loss: 2.46526, Accuracy: 0.33526, Precision: 0.33799, Recall: 0.33876 F1: 0.33289, AUROC: 0.74207, AUPRC: 0.31617
EarlyStopping counter: 2 out of 20
Updating learning rate to 0.00014539904997395468
Epoch: 36 cost time: 6.63142728805542
Epoch: 36, Steps: 33, | Train Loss: 0.54398
Validation results --- Loss: 2.13057, Accuracy: 0.40122, Precision: 0.40889, Recall: 0.40207, F1: 0.40070, AUROC: 0.79115, AUPRC: 0.39904
Test results --- Loss: 2.48203, Accuracy: 0.33945, Precision: 0.33873, Recall: 0.34151 F1: 0.33656, AUROC: 0.74159, AUPRC: 0.31741
EarlyStopping counter: 3 out of 20
Updating learning rate to 0.00014257792915650728
Epoch: 37 cost time: 6.609647274017334
Epoch: 37, Steps: 33, | Train Loss: 0.52540
Validation results --- Loss: 2.14904, Accuracy: 0.39414, Precision: 0.40703, Recall: 0.39314, F1: 0.39446, AUROC: 0.78944, AUPRC: 0.39322
Test results --- Loss: 2.50098, Accuracy: 0.34331, Precision: 0.34529, Recall: 0.34384 F1: 0.34116, AUROC: 0.74027, AUPRC: 0.31509
EarlyStopping counter: 4 out of 20
Updating learning rate to 0.00013971478906347806
Epoch: 38 cost time: 6.503072023391724
Epoch: 38, Steps: 33, | Train Loss: 0.49823
Validation results --- Loss: 2.16388, Accuracy: 0.39447, Precision: 0.40305, Recall: 0.39448, F1: 0.39559, AUROC: 0.78936, AUPRC: 0.39382
Test results --- Loss: 2.50362, Accuracy: 0.33687, Precision: 0.33737, Recall: 0.33809 F1: 0.33678, AUROC: 0.74129, AUPRC: 0.31584
EarlyStopping counter: 5 out of 20
Updating learning rate to 0.00013681245526846783
Epoch: 39 cost time: 6.676156997680664
Epoch: 39, Steps: 33, | Train Loss: 0.49217
Validation results --- Loss: 2.18554, Accuracy: 0.39897, Precision: 0.40655, Recall: 0.39923, F1: 0.39993, AUROC: 0.78840, AUPRC: 0.39220
Test results --- Loss: 2.56974, Accuracy: 0.33848, Precision: 0.34235, Recall: 0.34059 F1: 0.33595, AUROC: 0.74036, AUPRC: 0.31499
EarlyStopping counter: 6 out of 20
Updating learning rate to 0.00013387379202452917
Epoch: 40 cost time: 6.6624534130096436
Epoch: 40, Steps: 33, | Train Loss: 0.46900
Validation results --- Loss: 2.20101, Accuracy: 0.39607, Precision: 0.40504, Recall: 0.39590, F1: 0.39769, AUROC: 0.78914, AUPRC: 0.39380
Test results --- Loss: 2.57508, Accuracy: 0.34106, Precision: 0.34402, Recall: 0.34234 F1: 0.34037, AUROC: 0.73997, AUPRC: 0.31492
EarlyStopping counter: 7 out of 20
Updating learning rate to 0.00013090169943749476
Epoch: 41 cost time: 6.652106761932373
Epoch: 41, Steps: 33, | Train Loss: 0.45581
Validation results --- Loss: 2.22357, Accuracy: 0.39414, Precision: 0.39858, Recall: 0.39439, F1: 0.39457, AUROC: 0.78851, AUPRC: 0.39227
Test results --- Loss: 2.59085, Accuracy: 0.34234, Precision: 0.34220, Recall: 0.34443 F1: 0.34173, AUROC: 0.74039, AUPRC: 0.31604
EarlyStopping counter: 8 out of 20
Updating learning rate to 0.00012789911060392294
Epoch: 42 cost time: 6.617912769317627
Epoch: 42, Steps: 33, | Train Loss: 0.43733
Validation results --- Loss: 2.22228, Accuracy: 0.40026, Precision: 0.40452, Recall: 0.40040, F1: 0.40124, AUROC: 0.78965, AUPRC: 0.39634
Test results --- Loss: 2.62539, Accuracy: 0.33977, Precision: 0.34238, Recall: 0.34184 F1: 0.33838, AUROC: 0.74047, AUPRC: 0.31436
EarlyStopping counter: 9 out of 20
Updating learning rate to 0.0001248689887164855
Epoch: 43 cost time: 6.602853298187256
Epoch: 43, Steps: 33, | Train Loss: 0.42854
Validation results --- Loss: 2.24792, Accuracy: 0.39801, Precision: 0.40376, Recall: 0.39806, F1: 0.39992, AUROC: 0.78817, AUPRC: 0.39271
Test results --- Loss: 2.63465, Accuracy: 0.33784, Precision: 0.33877, Recall: 0.33917 F1: 0.33733, AUROC: 0.73948, AUPRC: 0.31240
EarlyStopping counter: 10 out of 20
Updating learning rate to 0.00012181432413965428
Epoch: 44 cost time: 6.6217546463012695
Epoch: 44, Steps: 33, | Train Loss: 0.40334
Validation results --- Loss: 2.27204, Accuracy: 0.39125, Precision: 0.39695, Recall: 0.39122, F1: 0.39224, AUROC: 0.78745, AUPRC: 0.39104
Test results --- Loss: 2.67293, Accuracy: 0.34073, Precision: 0.34357, Recall: 0.34259 F1: 0.33942, AUROC: 0.73927, AUPRC: 0.31363
EarlyStopping counter: 11 out of 20
Updating learning rate to 0.00011873813145857249
Epoch: 45 cost time: 6.610597133636475
Epoch: 45, Steps: 33, | Train Loss: 0.40154
Validation results --- Loss: 2.29514, Accuracy: 0.39897, Precision: 0.40522, Recall: 0.40040, F1: 0.40060, AUROC: 0.78792, AUPRC: 0.39196
Test results --- Loss: 2.68743, Accuracy: 0.33912, Precision: 0.33914, Recall: 0.34159 F1: 0.33787, AUROC: 0.74011, AUPRC: 0.31477
EarlyStopping counter: 12 out of 20
Updating learning rate to 0.0001156434465040231
Epoch: 46 cost time: 6.597534418106079
Traceback (most recent call last):
  File "/work/bme-shenxk/xinke/TriDim_small/run.py", line 490, in <module>
    exp.train(setting)
  File "/work/bme-shenxk/xinke/TriDim_small/exp/exp_classification.py", line 238, in train
    vali_loss, val_metrics_dict = self.vali(vali_data, vali_loader, criterion)
  File "/work/bme-shenxk/xinke/TriDim_small/exp/exp_classification.py", line 113, in vali
    outputs = self._forward_model(batch_x, padding_mask=padding_mask)
  File "/work/bme-shenxk/xinke/TriDim_small/exp/exp_classification.py", line 90, in _forward_model
    return self.model(batch_x, seq_mask=seq_mask)
  File "/work/bme-shenxk/conda_envs/eeg3dim/lib/python3.10/site-packages/torch/nn/modules/module.py", line 1736, in _wrapped_call_impl
    return self._call_impl(*args, **kwargs)
  File "/work/bme-shenxk/conda_envs/eeg3dim/lib/python3.10/site-packages/torch/nn/modules/module.py", line 1747, in _call_impl
    return forward_call(*args, **kwargs)
  File "/work/bme-shenxk/xinke/TriDim_small/models/eeg_mixer_v4_outAttentionPoolingFusion.py", line 755, in forward
    # Tri-axis encoder.
  File "/work/bme-shenxk/conda_envs/eeg3dim/lib/python3.10/site-packages/torch/nn/modules/module.py", line 1736, in _wrapped_call_impl
    return self._call_impl(*args, **kwargs)
  File "/work/bme-shenxk/conda_envs/eeg3dim/lib/python3.10/site-packages/torch/nn/modules/module.py", line 1747, in _call_impl
    return forward_call(*args, **kwargs)
  File "/work/bme-shenxk/xinke/TriDim_small/models/eeg_mixer_v4_outAttentionPoolingFusion.py", line 489, in forward
    x = layer(x)
  File "/work/bme-shenxk/conda_envs/eeg3dim/lib/python3.10/site-packages/torch/nn/modules/module.py", line 1736, in _wrapped_call_impl
    return self._call_impl(*args, **kwargs)
  File "/work/bme-shenxk/conda_envs/eeg3dim/lib/python3.10/site-packages/torch/nn/modules/module.py", line 1747, in _call_impl
    return forward_call(*args, **kwargs)
  File "/work/bme-shenxk/xinke/TriDim_small/models/eeg_mixer_v4_outAttentionPoolingFusion.py", line 473, in forward
    channel_branch = 0.5 * (self.attn_k_for_c(channel_branch, attend_dim=2, embed_axis=1) + self.attn_t_for_c(channel_branch, attend_dim=3, embed_axis=1))
  File "/work/bme-shenxk/conda_envs/eeg3dim/lib/python3.10/site-packages/torch/nn/modules/module.py", line 1736, in _wrapped_call_impl
    return self._call_impl(*args, **kwargs)
  File "/work/bme-shenxk/conda_envs/eeg3dim/lib/python3.10/site-packages/torch/nn/modules/module.py", line 1747, in _call_impl
    return forward_call(*args, **kwargs)
  File "/work/bme-shenxk/xinke/TriDim_small/models/eeg_mixer_v4_outAttentionPoolingFusion.py", line 440, in forward
    return self._attention(x.permute(0, 3, 2, 1).reshape(batch * t_dim, k_dim, c_dim)).reshape(batch, t_dim, k_dim, c_dim).permute(0, 3, 2, 1)
  File "/work/bme-shenxk/xinke/TriDim_small/models/eeg_mixer_v4_outAttentionPoolingFusion.py", line 431, in _attention
    qkv = self.qkv_proj(x).reshape(batch, seq_len, 3, self.n_heads, self.head_dim).permute(2, 0, 3, 1, 4)
  File "/work/bme-shenxk/conda_envs/eeg3dim/lib/python3.10/site-packages/torch/nn/modules/module.py", line 1736, in _wrapped_call_impl
    return self._call_impl(*args, **kwargs)
  File "/work/bme-shenxk/conda_envs/eeg3dim/lib/python3.10/site-packages/torch/nn/modules/module.py", line 1747, in _call_impl
    return forward_call(*args, **kwargs)
  File "/work/bme-shenxk/conda_envs/eeg3dim/lib/python3.10/site-packages/torch/nn/modules/linear.py", line 125, in forward
    return F.linear(input, self.weight, self.bias)
KeyboardInterrupt
