Job started at:
Sun May  3 13:53:43 CST 2026
Job ID: 3634726
Running on host:
b07u10g
Working directory:
/work/bme-shenxk/xinke/TriDim_small/scripts/bsub
Python:
/work/bme-shenxk/conda_envs/eeg3dim/bin/python
Python 3.10.20
CUDA_VISIBLE_DEVICES=
Sun May  3 13:53:44 2026       
+-----------------------------------------------------------------------------------------+
| NVIDIA-SMI 560.28.03              Driver Version: 560.28.03      CUDA Version: 12.6     |
|-----------------------------------------+------------------------+----------------------+
| GPU  Name                 Persistence-M | Bus-Id          Disp.A | Volatile Uncorr. ECC |
| Fan  Temp   Perf          Pwr:Usage/Cap |           Memory-Usage | GPU-Util  Compute M. |
|                                         |                        |               MIG M. |
|=========================================+========================+======================|
|   0  Tesla V100-PCIE-16GB           On  |   00000000:03:00.0 Off |                    0 |
| N/A   26C    P0             25W /  250W |       1MiB /  16384MiB |      0%   E. Process |
|                                         |                        |                  N/A |
+-----------------------------------------+------------------------+----------------------+
                                                                                         
+-----------------------------------------------------------------------------------------+
| Processes:                                                                              |
|  GPU   GI   CI        PID   Type   Process name                              GPU Memory |
|        ID   ID                                                               Usage      |
|=========================================================================================|
|  No running processes found                                                             |
+-----------------------------------------------------------------------------------------+
============================================================
[RUN] dataset=FACED_new
[RUN] model=eeg_mixer_v4_outAttentionPoolingFusion
[RUN] yaml=./configs/datasets/FACED_new.yaml
[RUN] log=logs/3634726_FACED_new_eeg_mixer_v4_outAttentionPoolingFusion.train.log
[RUN] start time:
Sun May  3 13:53:44 CST 2026
============================================================
