[device] set CUDA_VISIBLE_DEVICES=0
[dataset_cfg] SEED root_path -> /work/bme-shenxk/data/SEED
[dataset_cfg] applied 34 params for SEED
A total 12 CPUs are used, making sure that num_worker is small than the number of CPUs
Use GPU (single): visible=0 -> cuda:0
================================================================================
[Model] eeg_mixer_v4_outAttentionPoolingFusion
[Model Params] Total: 914,643 (0.915 M)
[Model Params] Trainable: 914,643 (0.915 M)
[Model Params] Non-trainable: 0 (0.000 M)
[Model Size] Parameters: 3.49 MB
[Model Size] Buffers: 0.00 MB
[Model Size] Total estimated: 3.49 MB
================================================================================
>>>>>>>start training : eeg_mixer_v4_outAttentionPoolingFusion_SEED_seed_42_dm_192_dp_0.1_tl_4_bs_64_lr0.0002_aug_none_pl_80_cb62_kb16_tb24_pe192_ps20_ca0_cp1_gitnogit_20260503_150336>>>>>>>>>>>>>>>>>>>>>>>>>>
(5958, 2000, 62)
(5958,)
(3972, 2000, 62)
(3972,)
(4965, 2000, 62)
(4965,)
Epoch: 1 cost time: 27.894104957580566
Epoch: 1, Steps: 94, | Train Loss: 1.11996
Validation results --- Loss: 1.11482, Accuracy: 0.36833, Precision: 0.45026, Recall: 0.37047, F1: 0.27542, AUROC: 0.59569, AUPRC: 0.41807
Test results --- Loss: 1.09771, Accuracy: 0.36415, Precision: 0.50406, Recall: 0.36651 F1: 0.26875, AUROC: 0.63580, AUPRC: 0.45530
Metric score decreased (inf --> -0.275420).  Saving model ...

Updating learning rate to 0.0
>>>>>>>testing : eeg_mixer_v4_outAttentionPoolingFusion_SEED_seed_42_dm_192_dp_0.1_tl_4_bs_64_lr0.0002_aug_none_pl_80_cb62_kb16_tb24_pe192_ps20_ca0_cp1_gitnogit_20260503_150336<<<<<<<<<<<<<<<<<<<<<<<<<<<<<<<<<
Validation results --- Loss: 1.11482, Accuracy: 0.36833, Precision: 0.45026, Recall: 0.37047, F1: 0.27542, AUROC: 0.59569, AUPRC: 0.41807
Test results --- Loss: 1.09771, Accuracy: 0.36415, Precision: 0.50406, Recall: 0.36651, F1: 0.26875, AUROC: 0.63580, AUPRC: 0.45530

Validation results --- Loss: 1.11482, Accuracy: 0.36833, Precision: 0.45026, Recall: 0.37047, F1: 0.27542, AUROC: 0.59569, AUPRC: 0.41807
Test results --- Loss: 1.09771, Accuracy: 0.36415, Precision: 0.50406, Recall: 0.36651, F1: 0.26875, AUROC: 0.63580, AUPRC: 0.45530

[result] Saved experiment record to: results/runs/3634969_SEED_eeg_mixer_v4_outAttentionPoolingFusion_seed42.yaml
Mean accuracy: 0.3641, precision: 0.5041,recall: 0.3665, f1: 0.2687, AUROC: 0.6358, AUPRC: 0.4553
Std accuracy: 0.0000, precision: 0.0000,recall: 0.0000, f1: 0.0000, AUROC: 0.0000, AUPRC: 0.0000
