[device] set CUDA_VISIBLE_DEVICES=0
[dataset_cfg] AD65 root_path -> /work/bme-shenxk/data/AD65_wsn
[dataset_cfg] applied 32 params for AD65
A total 12 CPUs are used, making sure that num_worker is small than the number of CPUs
Use GPU (single): visible=0 -> cuda:0
================================================================================
[Model] eeg_mixer_v4_outAttentionPoolingFusion
[Model Params] Total: 302,459 (0.302 M)
[Model Params] Trainable: 302,459 (0.302 M)
[Model Params] Non-trainable: 0 (0.000 M)
[Model Size] Parameters: 1.15 MB
[Model Size] Buffers: 0.00 MB
[Model Size] Total estimated: 1.15 MB
================================================================================
>>>>>>>start training : eeg_mixer_v4_outAttentionPoolingFusion_AD65_seed_42_dm_128_dp_0.1_tl_4_bs_128_lr0.0002_aug_none_pl_80_cb32_kb16_tb16_pe128_ps20_ca0_cp1_gitnogit_20260503_135942>>>>>>>>>>>>>>>>>>>>>>>>>>
(2701, 2000, 19)
(2701,)
(2128, 2000, 19)
(2128,)
(2109, 2000, 19)
(2109,)
Epoch: 1 cost time: 8.993025541305542
Epoch: 1, Steps: 22, | Train Loss: 1.13080
Validation results --- Loss: 1.11845, Accuracy: 0.29652, Precision: 0.09884, Recall: 0.33333, F1: 0.15247, AUROC: 0.50232, AUPRC: 0.33680
Test results --- Loss: 1.10260, Accuracy: 0.34471, Precision: 0.11490, Recall: 0.33333 F1: 0.17090, AUROC: 0.51363, AUPRC: 0.34176
Metric score decreased (inf --> -0.152471).  Saving model ...

Updating learning rate to 0.0
>>>>>>>testing : eeg_mixer_v4_outAttentionPoolingFusion_AD65_seed_42_dm_128_dp_0.1_tl_4_bs_128_lr0.0002_aug_none_pl_80_cb32_kb16_tb16_pe128_ps20_ca0_cp1_gitnogit_20260503_135942<<<<<<<<<<<<<<<<<<<<<<<<<<<<<<<<<
Validation results --- Loss: 1.11845, Accuracy: 0.29652, Precision: 0.09884, Recall: 0.33333, F1: 0.15247, AUROC: 0.50232, AUPRC: 0.33680
Test results --- Loss: 1.10260, Accuracy: 0.34471, Precision: 0.11490, Recall: 0.33333, F1: 0.17090, AUROC: 0.51363, AUPRC: 0.34176

Validation results --- Loss: 1.11845, Accuracy: 0.29652, Precision: 0.09884, Recall: 0.33333, F1: 0.15247, AUROC: 0.50232, AUPRC: 0.33680
Test results --- Loss: 1.10260, Accuracy: 0.34471, Precision: 0.11490, Recall: 0.33333, F1: 0.17090, AUROC: 0.51363, AUPRC: 0.34176

[result] Saved experiment record to: results/runs/3634749_AD65_eeg_mixer_v4_outAttentionPoolingFusion_seed42.yaml
Mean accuracy: 0.3447, precision: 0.1149,recall: 0.3333, f1: 0.1709, AUROC: 0.5136, AUPRC: 0.3418
Std accuracy: 0.0000, precision: 0.0000,recall: 0.0000, f1: 0.0000, AUROC: 0.0000, AUPRC: 0.0000
