[device] set CUDA_VISIBLE_DEVICES=0
[dataset_cfg] BCIC2A root_path -> /work/bme-shenxk/data/BCIC2A_wsn
[dataset_cfg] applied 31 params for BCIC2A
A total 12 CPUs are used, making sure that num_worker is small than the number of CPUs
Use GPU (single): visible=0 -> cuda:0
================================================================================
[Model] eeg_mixer_v4_outAttentionPoolingFusion
[Model Params] Total: 273,677 (0.274 M)
[Model Params] Trainable: 273,677 (0.274 M)
[Model Params] Non-trainable: 0 (0.000 M)
[Model Size] Parameters: 1.04 MB
[Model Size] Buffers: 0.00 MB
[Model Size] Total estimated: 1.04 MB
================================================================================
>>>>>>>start training : eeg_mixer_v4_outAttentionPoolingFusion_BCIC2A_seed_42_dm_128_dp_0.1_tl_3_bs_16_lr0.0002_aug_none_pl_80_cb22_kb16_tb24_pe128_ps20_ca1_cp1_gitnogit_20260503_150227>>>>>>>>>>>>>>>>>>>>>>>>>>
(2304, 800, 22)
(2304,)
(1152, 800, 22)
(1152,)
(1728, 800, 22)
(1728,)
Epoch: 1 cost time: 29.775426626205444
Epoch: 1, Steps: 144, | Train Loss: 1.41626
Validation results --- Loss: 1.38051, Accuracy: 0.28559, Precision: 0.29698, Recall: 0.28559, F1: 0.23544, AUROC: 0.56037, AUPRC: 0.28669
Test results --- Loss: 1.37589, Accuracy: 0.29803, Precision: 0.32409, Recall: 0.29803 F1: 0.23899, AUROC: 0.57463, AUPRC: 0.30425
Metric score decreased (inf --> -0.235440).  Saving model ...

Updating learning rate to 0.0
>>>>>>>testing : eeg_mixer_v4_outAttentionPoolingFusion_BCIC2A_seed_42_dm_128_dp_0.1_tl_3_bs_16_lr0.0002_aug_none_pl_80_cb22_kb16_tb24_pe128_ps20_ca1_cp1_gitnogit_20260503_150227<<<<<<<<<<<<<<<<<<<<<<<<<<<<<<<<<
Validation results --- Loss: 1.38051, Accuracy: 0.28559, Precision: 0.29698, Recall: 0.28559, F1: 0.23544, AUROC: 0.56037, AUPRC: 0.28669
Test results --- Loss: 1.37589, Accuracy: 0.29803, Precision: 0.32409, Recall: 0.29803, F1: 0.23899, AUROC: 0.57463, AUPRC: 0.30425

Validation results --- Loss: 1.38051, Accuracy: 0.28559, Precision: 0.29698, Recall: 0.28559, F1: 0.23544, AUROC: 0.56037, AUPRC: 0.28669
Test results --- Loss: 1.37589, Accuracy: 0.29803, Precision: 0.32409, Recall: 0.29803, F1: 0.23899, AUROC: 0.57463, AUPRC: 0.30425

[result] Saved experiment record to: results/runs/3634969_BCIC2A_eeg_mixer_v4_outAttentionPoolingFusion_seed42.yaml
Mean accuracy: 0.2980, precision: 0.3241,recall: 0.2980, f1: 0.2390, AUROC: 0.5746, AUPRC: 0.3043
Std accuracy: 0.0000, precision: 0.0000,recall: 0.0000, f1: 0.0000, AUROC: 0.0000, AUPRC: 0.0000
