[device] set CUDA_VISIBLE_DEVICES=0
[dataset_cfg] FACED_new root_path -> /work/bme-shenxk/data/FACED_new
[dataset_cfg] applied 31 params for FACED_new
A total 12 CPUs are used, making sure that num_worker is small than the number of CPUs
Use GPU (single): visible=0 -> cuda:0
Traceback (most recent call last):
  File "/work/bme-shenxk/xinke/TriDim_small/run.py", line 488, in <module>
    exp = Exp(args)
  File "/work/bme-shenxk/xinke/TriDim_small/exp/exp_classification.py", line 25, in __init__
    super().__init__(args)
  File "/work/bme-shenxk/xinke/TriDim_small/exp/exp_basic.py", line 18, in __init__
    self.model = self._build_model().to(self.device)
  File "/work/bme-shenxk/xinke/TriDim_small/exp/exp_classification.py", line 54, in _build_model
    test_data, test_loader = self._get_data(flag="TEST")
  File "/work/bme-shenxk/xinke/TriDim_small/exp/exp_classification.py", line 70, in _get_data
    data_set, data_loader = data_provider(self.args, flag)
  File "/work/bme-shenxk/xinke/TriDim_small/data_provider/data_factory.py", line 56, in data_provider
    data_set = Data(
  File "/work/bme-shenxk/xinke/TriDim_small/data_provider/data_loader.py", line 364, in __init__
    self.X, self.y = self.load_adhd_zarr(flag=flag)
  File "/work/bme-shenxk/xinke/TriDim_small/data_provider/data_loader.py", line 927, in load_adhd_zarr
    target_ids = set(self.test_ids)
AttributeError: 'ADHDLoader' object has no attribute 'test_ids'
