[device] set CUDA_VISIBLE_DEVICES=0
[dataset_cfg] ADFTD root_path -> /work/bme-shenxk/data/ADFTD/ADFD
[dataset_cfg] applied 32 params for ADFTD
A total 12 CPUs are used, making sure that num_worker is small than the number of CPUs
Use GPU (single): visible=0 -> cuda:0
================================================================================
[Model] eeg_mixer_v4_outAttentionPoolingFusion
[Model Params] Total: 302,459 (0.302 M)
[Model Params] Trainable: 302,459 (0.302 M)
[Model Params] Non-trainable: 0 (0.000 M)
[Model Size] Parameters: 1.15 MB
[Model Size] Buffers: 0.00 MB
[Model Size] Total estimated: 1.15 MB
================================================================================
>>>>>>>start training : eeg_mixer_v4_outAttentionPoolingFusion_ADFTD_seed_42_dm_128_dp_0.1_tl_4_bs_128_lr0.002_aug_none_pl_80_cb32_kb16_tb16_pe128_ps20_ca0_cp1_gitnogit_20260503_172306>>>>>>>>>>>>>>>>>>>>>>>>>>
(40446, 256, 19)
(40446,)
(14658, 256, 19)
(14658,)
(14648, 256, 19)
(14648,)
Epoch: 1 cost time: 102.85185194015503
Epoch: 1, Steps: 316, | Train Loss: 1.04138
Validation results --- Loss: 0.97687, Accuracy: 0.53964, Precision: 0.44219, Recall: 0.50374, F1: 0.43540, AUROC: 0.71628, AUPRC: 0.54415
Test results --- Loss: 0.97695, Accuracy: 0.53093, Precision: 0.39558, Recall: 0.44447 F1: 0.40411, AUROC: 0.64393, AUPRC: 0.48295
Metric score decreased (inf --> -0.435396).  Saving model ...

Updating learning rate to 0.0019995065603657315
Epoch: 2 cost time: 101.73559594154358
Epoch: 2, Steps: 316, | Train Loss: 0.76219
Validation results --- Loss: 1.09149, Accuracy: 0.55287, Precision: 0.50151, Recall: 0.52528, F1: 0.49287, AUROC: 0.73096, AUPRC: 0.56665
Test results --- Loss: 1.17053, Accuracy: 0.53318, Precision: 0.44613, Recall: 0.46608 F1: 0.44798, AUROC: 0.66449, AUPRC: 0.47024
Metric score decreased (-0.435396 --> -0.492873).  Saving model ...

Updating learning rate to 0.0019980267284282717
Epoch: 3 cost time: 101.50325798988342
Epoch: 3, Steps: 316, | Train Loss: 0.52374
Validation results --- Loss: 1.10865, Accuracy: 0.60847, Precision: 0.60514, Recall: 0.60006, F1: 0.60162, AUROC: 0.78554, AUPRC: 0.65625
Test results --- Loss: 1.47482, Accuracy: 0.47017, Precision: 0.46442, Recall: 0.44943 F1: 0.44991, AUROC: 0.66712, AUPRC: 0.48005
Metric score decreased (-0.492873 --> -0.601624).  Saving model ...

Updating learning rate to 0.00199556196460308
Epoch: 4 cost time: 101.32344365119934
Epoch: 4, Steps: 316, | Train Loss: 0.33061
Validation results --- Loss: 1.62760, Accuracy: 0.56140, Precision: 0.55661, Recall: 0.55412, F1: 0.55458, AUROC: 0.71142, AUPRC: 0.56728
Test results --- Loss: 1.49814, Accuracy: 0.51748, Precision: 0.50947, Recall: 0.51473 F1: 0.50656, AUROC: 0.70502, AUPRC: 0.52590
EarlyStopping counter: 1 out of 20
Updating learning rate to 0.001992114701314478
Epoch: 5 cost time: 101.44371032714844
Epoch: 5, Steps: 316, | Train Loss: 0.22626
Validation results --- Loss: 2.07779, Accuracy: 0.57095, Precision: 0.55181, Recall: 0.55309, F1: 0.54924, AUROC: 0.70950, AUPRC: 0.59128
Test results --- Loss: 1.53620, Accuracy: 0.56363, Precision: 0.54606, Recall: 0.55030 F1: 0.54625, AUROC: 0.75108, AUPRC: 0.57355
EarlyStopping counter: 2 out of 20
Updating learning rate to 0.0019876883405951376
Epoch: 6 cost time: 101.43615221977234
Epoch: 6, Steps: 316, | Train Loss: 0.17747
Validation results --- Loss: 2.17542, Accuracy: 0.54980, Precision: 0.53751, Recall: 0.53757, F1: 0.53725, AUROC: 0.69661, AUPRC: 0.57617
Test results --- Loss: 1.53253, Accuracy: 0.54683, Precision: 0.53799, Recall: 0.55279 F1: 0.53824, AUROC: 0.75076, AUPRC: 0.58288
EarlyStopping counter: 3 out of 20
Updating learning rate to 0.001982287250728689
Epoch: 7 cost time: 101.42279362678528
Epoch: 7, Steps: 316, | Train Loss: 0.15030
Validation results --- Loss: 2.31915, Accuracy: 0.57777, Precision: 0.55728, Recall: 0.55902, F1: 0.55356, AUROC: 0.70142, AUPRC: 0.58907
Test results --- Loss: 1.58752, Accuracy: 0.55025, Precision: 0.53614, Recall: 0.54386 F1: 0.53819, AUROC: 0.75440, AUPRC: 0.58407
EarlyStopping counter: 4 out of 20
Updating learning rate to 0.0019759167619387476
Epoch: 8 cost time: 101.46723294258118
Epoch: 8, Steps: 316, | Train Loss: 0.12363
Validation results --- Loss: 2.57422, Accuracy: 0.57000, Precision: 0.55641, Recall: 0.55074, F1: 0.54588, AUROC: 0.69799, AUPRC: 0.58747
Test results --- Loss: 1.72445, Accuracy: 0.54315, Precision: 0.52353, Recall: 0.52409 F1: 0.52374, AUROC: 0.74234, AUPRC: 0.56157
EarlyStopping counter: 5 out of 20
Updating learning rate to 0.001968583161128631
Epoch: 9 cost time: 101.4903256893158
Epoch: 9, Steps: 316, | Train Loss: 0.10864
Validation results --- Loss: 2.41598, Accuracy: 0.59531, Precision: 0.58306, Recall: 0.57540, F1: 0.56874, AUROC: 0.71844, AUPRC: 0.60681
Test results --- Loss: 1.75685, Accuracy: 0.53489, Precision: 0.51702, Recall: 0.51999 F1: 0.51760, AUROC: 0.74520, AUPRC: 0.56668
EarlyStopping counter: 6 out of 20
Updating learning rate to 0.0019602936856769433
Epoch: 10 cost time: 101.37710404396057
Epoch: 10, Steps: 316, | Train Loss: 0.09229
Validation results --- Loss: 2.44907, Accuracy: 0.58432, Precision: 0.56763, Recall: 0.56950, F1: 0.56622, AUROC: 0.71331, AUPRC: 0.58982
Test results --- Loss: 2.02432, Accuracy: 0.53093, Precision: 0.53210, Recall: 0.54270 F1: 0.52476, AUROC: 0.74810, AUPRC: 0.56891
EarlyStopping counter: 7 out of 20
Updating learning rate to 0.0019510565162951536
Epoch: 11 cost time: 101.57784938812256
Epoch: 11, Steps: 316, | Train Loss: 0.08312
Validation results --- Loss: 2.40725, Accuracy: 0.57566, Precision: 0.55814, Recall: 0.56196, F1: 0.55786, AUROC: 0.70563, AUPRC: 0.57865
Test results --- Loss: 1.90965, Accuracy: 0.52110, Precision: 0.52194, Recall: 0.53107 F1: 0.51564, AUROC: 0.73080, AUPRC: 0.54949
EarlyStopping counter: 8 out of 20
Updating learning rate to 0.0019408807689542257
Epoch: 12 cost time: 101.6117594242096
Epoch: 12, Steps: 316, | Train Loss: 0.07409
Validation results --- Loss: 2.68984, Accuracy: 0.54353, Precision: 0.54502, Recall: 0.54170, F1: 0.53807, AUROC: 0.69415, AUPRC: 0.55589
Test results --- Loss: 2.40551, Accuracy: 0.50389, Precision: 0.51443, Recall: 0.53102 F1: 0.50339, AUROC: 0.71998, AUPRC: 0.53949
EarlyStopping counter: 9 out of 20
Updating learning rate to 0.0019297764858882513
Epoch: 13 cost time: 101.3874659538269
Epoch: 13, Steps: 316, | Train Loss: 0.06939
Validation results --- Loss: 2.96675, Accuracy: 0.57259, Precision: 0.55783, Recall: 0.55946, F1: 0.55743, AUROC: 0.70332, AUPRC: 0.57814
Test results --- Loss: 2.21558, Accuracy: 0.53960, Precision: 0.54420, Recall: 0.56052 F1: 0.53700, AUROC: 0.75439, AUPRC: 0.58778
EarlyStopping counter: 10 out of 20
Updating learning rate to 0.001917754625683981
Epoch: 14 cost time: 101.54696893692017
Epoch: 14, Steps: 316, | Train Loss: 0.06253
Validation results --- Loss: 2.59031, Accuracy: 0.56508, Precision: 0.55571, Recall: 0.55635, F1: 0.55412, AUROC: 0.72590, AUPRC: 0.60734
Test results --- Loss: 2.58228, Accuracy: 0.51604, Precision: 0.52360, Recall: 0.53687 F1: 0.51411, AUROC: 0.72035, AUPRC: 0.53500
EarlyStopping counter: 11 out of 20
Updating learning rate to 0.0019048270524660196
Epoch: 15 cost time: 101.63694620132446
Epoch: 15, Steps: 316, | Train Loss: 0.05773
Validation results --- Loss: 3.05652, Accuracy: 0.54052, Precision: 0.53133, Recall: 0.52809, F1: 0.52855, AUROC: 0.67797, AUPRC: 0.54844
Test results --- Loss: 2.35731, Accuracy: 0.50594, Precision: 0.50605, Recall: 0.52105 F1: 0.50077, AUROC: 0.72852, AUPRC: 0.55555
EarlyStopping counter: 12 out of 20
Updating learning rate to 0.0018910065241883678
Epoch: 16 cost time: 101.44489479064941
Epoch: 16, Steps: 316, | Train Loss: 0.05299
Validation results --- Loss: 2.75378, Accuracy: 0.58030, Precision: 0.55780, Recall: 0.56263, F1: 0.55593, AUROC: 0.70997, AUPRC: 0.58715
Test results --- Loss: 1.90037, Accuracy: 0.56649, Precision: 0.55281, Recall: 0.55849 F1: 0.55251, AUROC: 0.76592, AUPRC: 0.58862
EarlyStopping counter: 13 out of 20
Updating learning rate to 0.0018763066800438636
Epoch: 17 cost time: 101.45829391479492
Epoch: 17, Steps: 316, | Train Loss: 0.04966
Validation results --- Loss: 3.20028, Accuracy: 0.56952, Precision: 0.54704, Recall: 0.54971, F1: 0.54234, AUROC: 0.70975, AUPRC: 0.58787
Test results --- Loss: 2.27081, Accuracy: 0.55434, Precision: 0.54528, Recall: 0.55762 F1: 0.54814, AUROC: 0.75702, AUPRC: 0.59525
EarlyStopping counter: 14 out of 20
Updating learning rate to 0.0018607420270039437
Epoch: 18 cost time: 101.550288438797
Epoch: 18, Steps: 316, | Train Loss: 0.04888
Validation results --- Loss: 3.45891, Accuracy: 0.47599, Precision: 0.47673, Recall: 0.46960, F1: 0.47124, AUROC: 0.64550, AUPRC: 0.51174
Test results --- Loss: 2.81314, Accuracy: 0.50853, Precision: 0.51646, Recall: 0.53276 F1: 0.50670, AUROC: 0.70293, AUPRC: 0.51168
EarlyStopping counter: 15 out of 20
Updating learning rate to 0.001844327925502015
Epoch: 19 cost time: 101.67851185798645
Epoch: 19, Steps: 316, | Train Loss: 0.04616
Validation results --- Loss: 3.11277, Accuracy: 0.54878, Precision: 0.53359, Recall: 0.53149, F1: 0.52658, AUROC: 0.67838, AUPRC: 0.55393
Test results --- Loss: 2.27350, Accuracy: 0.53058, Precision: 0.51962, Recall: 0.52520 F1: 0.51973, AUROC: 0.72727, AUPRC: 0.54137
EarlyStopping counter: 16 out of 20
Updating learning rate to 0.0018270805742745617
Epoch: 20 cost time: 101.50738978385925
Epoch: 20, Steps: 316, | Train Loss: 0.04358
Validation results --- Loss: 3.32414, Accuracy: 0.55581, Precision: 0.53881, Recall: 0.53786, F1: 0.53556, AUROC: 0.69216, AUPRC: 0.57705
Test results --- Loss: 2.48498, Accuracy: 0.55325, Precision: 0.54504, Recall: 0.55674 F1: 0.54184, AUROC: 0.74422, AUPRC: 0.57047
EarlyStopping counter: 17 out of 20
Updating learning rate to 0.0018090169943749475
Epoch: 21 cost time: 101.57734799385071
Epoch: 21, Steps: 316, | Train Loss: 0.04221
Validation results --- Loss: 2.95047, Accuracy: 0.54830, Precision: 0.53959, Recall: 0.53340, F1: 0.53295, AUROC: 0.68163, AUPRC: 0.55899
Test results --- Loss: 2.21030, Accuracy: 0.53796, Precision: 0.52146, Recall: 0.53161 F1: 0.52002, AUROC: 0.72888, AUPRC: 0.54748
EarlyStopping counter: 18 out of 20
Updating learning rate to 0.0017901550123756904
Epoch: 22 cost time: 101.58430576324463
Epoch: 22, Steps: 316, | Train Loss: 0.03439
Validation results --- Loss: 3.02986, Accuracy: 0.59244, Precision: 0.57927, Recall: 0.58011, F1: 0.57787, AUROC: 0.73115, AUPRC: 0.63946
Test results --- Loss: 2.57963, Accuracy: 0.51099, Precision: 0.50248, Recall: 0.50727 F1: 0.50025, AUROC: 0.71112, AUPRC: 0.51831
EarlyStopping counter: 19 out of 20
Updating learning rate to 0.0017705132427757893
Epoch: 23 cost time: 101.71861124038696
Epoch: 23, Steps: 316, | Train Loss: 0.03568
Validation results --- Loss: 3.34693, Accuracy: 0.54537, Precision: 0.52944, Recall: 0.52771, F1: 0.52238, AUROC: 0.68420, AUPRC: 0.52558
Test results --- Loss: 2.63075, Accuracy: 0.52553, Precision: 0.50915, Recall: 0.51514 F1: 0.51066, AUROC: 0.71399, AUPRC: 0.52820
EarlyStopping counter: 20 out of 20
Early stopping
>>>>>>>testing : eeg_mixer_v4_outAttentionPoolingFusion_ADFTD_seed_42_dm_128_dp_0.1_tl_4_bs_128_lr0.002_aug_none_pl_80_cb32_kb16_tb16_pe128_ps20_ca0_cp1_gitnogit_20260503_172306<<<<<<<<<<<<<<<<<<<<<<<<<<<<<<<<<
Validation results --- Loss: 1.10865, Accuracy: 0.60847, Precision: 0.60514, Recall: 0.60006, F1: 0.60162, AUROC: 0.78554, AUPRC: 0.65625
Test results --- Loss: 1.47482, Accuracy: 0.47017, Precision: 0.46442, Recall: 0.44943, F1: 0.44991, AUROC: 0.66712, AUPRC: 0.48005

Validation results --- Loss: 1.10865, Accuracy: 0.60847, Precision: 0.60514, Recall: 0.60006, F1: 0.60162, AUROC: 0.78554, AUPRC: 0.65625
Test results --- Loss: 1.47482, Accuracy: 0.47017, Precision: 0.46442, Recall: 0.44943, F1: 0.44991, AUROC: 0.66712, AUPRC: 0.48005

[result] Saved experiment record to: results/runs/3635104_ADFTD_eeg_mixer_v4_outAttentionPoolingFusion_seed42.yaml
Use GPU (single): visible=0 -> cuda:0
================================================================================
[Model] eeg_mixer_v4_outAttentionPoolingFusion
[Model Params] Total: 302,459 (0.302 M)
[Model Params] Trainable: 302,459 (0.302 M)
[Model Params] Non-trainable: 0 (0.000 M)
[Model Size] Parameters: 1.15 MB
[Model Size] Buffers: 0.00 MB
[Model Size] Total estimated: 1.15 MB
================================================================================
>>>>>>>start training : eeg_mixer_v4_outAttentionPoolingFusion_ADFTD_seed_43_dm_128_dp_0.1_tl_4_bs_128_lr0.002_aug_none_pl_80_cb32_kb16_tb16_pe128_ps20_ca0_cp1_gitnogit_20260503_180652>>>>>>>>>>>>>>>>>>>>>>>>>>
(40446, 256, 19)
(40446,)
(14658, 256, 19)
(14658,)
(14648, 256, 19)
(14648,)
Epoch: 1 cost time: 101.56129837036133
Epoch: 1, Steps: 316, | Train Loss: 1.07596
Validation results --- Loss: 1.17076, Accuracy: 0.48765, Precision: 0.37722, Recall: 0.45664, F1: 0.38097, AUROC: 0.59156, AUPRC: 0.39457
Test results --- Loss: 1.01054, Accuracy: 0.55543, Precision: 0.42610, Recall: 0.47096 F1: 0.41476, AUROC: 0.65573, AUPRC: 0.46821
Metric score decreased (inf --> -0.380968).  Saving model ...

Updating learning rate to 0.0019995065603657315
Epoch: 2 cost time: 101.44999408721924
Epoch: 2, Steps: 316, | Train Loss: 0.64834
Validation results --- Loss: 1.33272, Accuracy: 0.58548, Precision: 0.57362, Recall: 0.56320, F1: 0.55587, AUROC: 0.72623, AUPRC: 0.55328
Test results --- Loss: 1.55778, Accuracy: 0.49229, Precision: 0.47178, Recall: 0.44566 F1: 0.44869, AUROC: 0.65482, AUPRC: 0.46013
Metric score decreased (-0.380968 --> -0.555871).  Saving model ...

Updating learning rate to 0.0019980267284282717
Epoch: 3 cost time: 101.55878400802612
Epoch: 3, Steps: 316, | Train Loss: 0.36170
Validation results --- Loss: 1.84342, Accuracy: 0.54141, Precision: 0.51556, Recall: 0.52046, F1: 0.51361, AUROC: 0.67506, AUPRC: 0.52854
Test results --- Loss: 1.76316, Accuracy: 0.49290, Precision: 0.48309, Recall: 0.45601 F1: 0.45986, AUROC: 0.67193, AUPRC: 0.49055
EarlyStopping counter: 1 out of 20
Updating learning rate to 0.00199556196460308
Epoch: 4 cost time: 101.52716565132141
Epoch: 4, Steps: 316, | Train Loss: 0.23764
Validation results --- Loss: 2.13400, Accuracy: 0.57996, Precision: 0.56114, Recall: 0.56449, F1: 0.56124, AUROC: 0.70230, AUPRC: 0.57801
Test results --- Loss: 1.75572, Accuracy: 0.50184, Precision: 0.49204, Recall: 0.49593 F1: 0.49376, AUROC: 0.70168, AUPRC: 0.53681
Metric score decreased (-0.555871 --> -0.561243).  Saving model ...

Updating learning rate to 0.001992114701314478
Epoch: 5 cost time: 101.52744245529175
Epoch: 5, Steps: 316, | Train Loss: 0.15576
Validation results --- Loss: 2.61250, Accuracy: 0.56645, Precision: 0.55110, Recall: 0.54994, F1: 0.54760, AUROC: 0.69051, AUPRC: 0.54740
Test results --- Loss: 2.26294, Accuracy: 0.48136, Precision: 0.45716, Recall: 0.45556 F1: 0.45380, AUROC: 0.67531, AUPRC: 0.49377
EarlyStopping counter: 1 out of 20
Updating learning rate to 0.0019876883405951376
Epoch: 6 cost time: 101.44857358932495
Epoch: 6, Steps: 316, | Train Loss: 0.11371
Validation results --- Loss: 2.69626, Accuracy: 0.55833, Precision: 0.55490, Recall: 0.55088, F1: 0.54865, AUROC: 0.67960, AUPRC: 0.55762
Test results --- Loss: 1.72602, Accuracy: 0.54711, Precision: 0.53990, Recall: 0.54746 F1: 0.53684, AUROC: 0.74380, AUPRC: 0.55701
EarlyStopping counter: 2 out of 20
Updating learning rate to 0.001982287250728689
Epoch: 7 cost time: 101.4483413696289
Epoch: 7, Steps: 316, | Train Loss: 0.07887
Validation results --- Loss: 2.76458, Accuracy: 0.59715, Precision: 0.58643, Recall: 0.58681, F1: 0.58543, AUROC: 0.71405, AUPRC: 0.59175
Test results --- Loss: 2.13873, Accuracy: 0.53359, Precision: 0.51907, Recall: 0.52652 F1: 0.51995, AUROC: 0.73189, AUPRC: 0.55130
Metric score decreased (-0.561243 --> -0.585429).  Saving model ...

Updating learning rate to 0.0019759167619387476
Epoch: 8 cost time: 101.5510048866272
Epoch: 8, Steps: 316, | Train Loss: 0.06617
Validation results --- Loss: 2.72003, Accuracy: 0.59169, Precision: 0.58103, Recall: 0.58006, F1: 0.57880, AUROC: 0.71386, AUPRC: 0.63000
Test results --- Loss: 2.20528, Accuracy: 0.51618, Precision: 0.50214, Recall: 0.51007 F1: 0.50351, AUROC: 0.69956, AUPRC: 0.50317
EarlyStopping counter: 1 out of 20
Updating learning rate to 0.001968583161128631
Epoch: 9 cost time: 101.53808093070984
Epoch: 9, Steps: 316, | Train Loss: 0.05204
Validation results --- Loss: 3.36072, Accuracy: 0.54434, Precision: 0.53370, Recall: 0.53478, F1: 0.53406, AUROC: 0.65940, AUPRC: 0.53354
Test results --- Loss: 2.41183, Accuracy: 0.52396, Precision: 0.51032, Recall: 0.51903 F1: 0.50884, AUROC: 0.70907, AUPRC: 0.52092
EarlyStopping counter: 2 out of 20
Updating learning rate to 0.0019602936856769433
Epoch: 10 cost time: 101.53453040122986
Epoch: 10, Steps: 316, | Train Loss: 0.04291
Validation results --- Loss: 2.41326, Accuracy: 0.61570, Precision: 0.61304, Recall: 0.60850, F1: 0.60582, AUROC: 0.75528, AUPRC: 0.66482
Test results --- Loss: 2.31308, Accuracy: 0.51775, Precision: 0.50275, Recall: 0.50224 F1: 0.50125, AUROC: 0.71088, AUPRC: 0.52070
Metric score decreased (-0.585429 --> -0.605824).  Saving model ...

Updating learning rate to 0.0019510565162951536
Epoch: 11 cost time: 101.58139705657959
Epoch: 11, Steps: 316, | Train Loss: 0.04155
Validation results --- Loss: 3.07960, Accuracy: 0.51876, Precision: 0.51956, Recall: 0.51021, F1: 0.51195, AUROC: 0.66628, AUPRC: 0.53030
Test results --- Loss: 2.92287, Accuracy: 0.47535, Precision: 0.45729, Recall: 0.46822 F1: 0.45708, AUROC: 0.65265, AUPRC: 0.46431
EarlyStopping counter: 1 out of 20
Updating learning rate to 0.0019408807689542257
Epoch: 12 cost time: 101.5391275882721
Epoch: 12, Steps: 316, | Train Loss: 0.03276
Validation results --- Loss: 3.06354, Accuracy: 0.57927, Precision: 0.57045, Recall: 0.56740, F1: 0.56777, AUROC: 0.70983, AUPRC: 0.60380
Test results --- Loss: 2.78414, Accuracy: 0.50771, Precision: 0.49144, Recall: 0.49621 F1: 0.49059, AUROC: 0.69735, AUPRC: 0.52647
EarlyStopping counter: 2 out of 20
Updating learning rate to 0.0019297764858882513
Epoch: 13 cost time: 101.50011801719666
Epoch: 13, Steps: 316, | Train Loss: 0.02845
Validation results --- Loss: 3.45995, Accuracy: 0.53909, Precision: 0.55640, Recall: 0.52538, F1: 0.52910, AUROC: 0.65084, AUPRC: 0.52737
Test results --- Loss: 2.86006, Accuracy: 0.49857, Precision: 0.48706, Recall: 0.47417 F1: 0.47645, AUROC: 0.67746, AUPRC: 0.48855
EarlyStopping counter: 3 out of 20
Updating learning rate to 0.001917754625683981
Epoch: 14 cost time: 101.48068976402283
Epoch: 14, Steps: 316, | Train Loss: 0.02836
Validation results --- Loss: 3.31215, Accuracy: 0.55594, Precision: 0.55083, Recall: 0.54984, F1: 0.54850, AUROC: 0.69967, AUPRC: 0.59624
Test results --- Loss: 2.96358, Accuracy: 0.49522, Precision: 0.48399, Recall: 0.49004 F1: 0.48625, AUROC: 0.68834, AUPRC: 0.49400
EarlyStopping counter: 4 out of 20
Updating learning rate to 0.0019048270524660196
Epoch: 15 cost time: 101.5001573562622
Epoch: 15, Steps: 316, | Train Loss: 0.02489
Validation results --- Loss: 3.51351, Accuracy: 0.54066, Precision: 0.53696, Recall: 0.53353, F1: 0.53460, AUROC: 0.68310, AUPRC: 0.57076
Test results --- Loss: 2.88279, Accuracy: 0.52048, Precision: 0.50869, Recall: 0.51961 F1: 0.50924, AUROC: 0.70276, AUPRC: 0.52059
EarlyStopping counter: 5 out of 20
Updating learning rate to 0.0018910065241883678
Epoch: 16 cost time: 101.49533462524414
Epoch: 16, Steps: 316, | Train Loss: 0.02262
Validation results --- Loss: 3.71937, Accuracy: 0.49898, Precision: 0.50056, Recall: 0.49741, F1: 0.49709, AUROC: 0.66359, AUPRC: 0.55157
Test results --- Loss: 3.09151, Accuracy: 0.52703, Precision: 0.52161, Recall: 0.53258 F1: 0.51624, AUROC: 0.70100, AUPRC: 0.51158
EarlyStopping counter: 6 out of 20
Updating learning rate to 0.0018763066800438636
Epoch: 17 cost time: 101.42838883399963
Epoch: 17, Steps: 316, | Train Loss: 0.02647
Validation results --- Loss: 2.80782, Accuracy: 0.58807, Precision: 0.57957, Recall: 0.57887, F1: 0.57857, AUROC: 0.73381, AUPRC: 0.63522
Test results --- Loss: 2.77573, Accuracy: 0.52239, Precision: 0.50538, Recall: 0.50485 F1: 0.50178, AUROC: 0.69542, AUPRC: 0.51628
EarlyStopping counter: 7 out of 20
Updating learning rate to 0.0018607420270039437
Epoch: 18 cost time: 101.60867142677307
Epoch: 18, Steps: 316, | Train Loss: 0.02018
Validation results --- Loss: 3.23827, Accuracy: 0.58391, Precision: 0.57964, Recall: 0.57478, F1: 0.57178, AUROC: 0.72244, AUPRC: 0.60825
Test results --- Loss: 3.38278, Accuracy: 0.48833, Precision: 0.47649, Recall: 0.48407 F1: 0.47903, AUROC: 0.66181, AUPRC: 0.48415
EarlyStopping counter: 8 out of 20
Updating learning rate to 0.001844327925502015
Epoch: 19 cost time: 101.48866105079651
Epoch: 19, Steps: 316, | Train Loss: 0.01806
Validation results --- Loss: 3.16472, Accuracy: 0.58344, Precision: 0.57721, Recall: 0.57630, F1: 0.57457, AUROC: 0.71195, AUPRC: 0.63839
Test results --- Loss: 3.16746, Accuracy: 0.51789, Precision: 0.50621, Recall: 0.51656 F1: 0.50804, AUROC: 0.68147, AUPRC: 0.49651
EarlyStopping counter: 9 out of 20
Updating learning rate to 0.0018270805742745617
Epoch: 20 cost time: 101.46641182899475
Epoch: 20, Steps: 316, | Train Loss: 0.01728
Validation results --- Loss: 3.49122, Accuracy: 0.53718, Precision: 0.55539, Recall: 0.53256, F1: 0.53750, AUROC: 0.69035, AUPRC: 0.59817
Test results --- Loss: 3.58387, Accuracy: 0.51795, Precision: 0.51176, Recall: 0.50852 F1: 0.48963, AUROC: 0.67293, AUPRC: 0.49827
EarlyStopping counter: 10 out of 20
Updating learning rate to 0.0018090169943749475
Epoch: 21 cost time: 101.46425366401672
Epoch: 21, Steps: 316, | Train Loss: 0.01550
Validation results --- Loss: 3.05391, Accuracy: 0.60281, Precision: 0.59643, Recall: 0.58895, F1: 0.57756, AUROC: 0.74431, AUPRC: 0.65123
Test results --- Loss: 3.31271, Accuracy: 0.47856, Precision: 0.46126, Recall: 0.45779 F1: 0.45885, AUROC: 0.66300, AUPRC: 0.48034
EarlyStopping counter: 11 out of 20
Updating learning rate to 0.0017901550123756904
Epoch: 22 cost time: 101.47274971008301
Epoch: 22, Steps: 316, | Train Loss: 0.02116
Validation results --- Loss: 3.65362, Accuracy: 0.55758, Precision: 0.54963, Recall: 0.55166, F1: 0.54548, AUROC: 0.67445, AUPRC: 0.58108
Test results --- Loss: 3.54869, Accuracy: 0.43637, Precision: 0.43848, Recall: 0.44169 F1: 0.43347, AUROC: 0.62875, AUPRC: 0.43817
EarlyStopping counter: 12 out of 20
Updating learning rate to 0.0017705132427757893
Epoch: 23 cost time: 101.48769664764404
Epoch: 23, Steps: 316, | Train Loss: 0.02051
Validation results --- Loss: 3.37334, Accuracy: 0.55533, Precision: 0.54583, Recall: 0.54741, F1: 0.54544, AUROC: 0.68386, AUPRC: 0.56546
Test results --- Loss: 3.28658, Accuracy: 0.48218, Precision: 0.46473, Recall: 0.47327 F1: 0.46545, AUROC: 0.65337, AUPRC: 0.47315
EarlyStopping counter: 13 out of 20
Updating learning rate to 0.0017501110696304595
Epoch: 24 cost time: 101.44956612586975
Epoch: 24, Steps: 316, | Train Loss: 0.01254
Validation results --- Loss: 3.34348, Accuracy: 0.58917, Precision: 0.58161, Recall: 0.58328, F1: 0.58215, AUROC: 0.72468, AUPRC: 0.63607
Test results --- Loss: 3.96448, Accuracy: 0.45057, Precision: 0.44017, Recall: 0.44420 F1: 0.43820, AUROC: 0.61965, AUPRC: 0.43422
EarlyStopping counter: 14 out of 20
Updating learning rate to 0.0017289686274214115
Epoch: 25 cost time: 101.44683837890625
Epoch: 25, Steps: 316, | Train Loss: 0.01227
Validation results --- Loss: 3.26002, Accuracy: 0.59688, Precision: 0.60034, Recall: 0.58755, F1: 0.58347, AUROC: 0.72813, AUPRC: 0.65424
Test results --- Loss: 3.86936, Accuracy: 0.41275, Precision: 0.40750, Recall: 0.40563 F1: 0.39885, AUROC: 0.60596, AUPRC: 0.41040
EarlyStopping counter: 15 out of 20
Updating learning rate to 0.0017071067811865474
Epoch: 26 cost time: 101.42249751091003
Epoch: 26, Steps: 316, | Train Loss: 0.01236
Validation results --- Loss: 3.66017, Accuracy: 0.59735, Precision: 0.59515, Recall: 0.58485, F1: 0.58282, AUROC: 0.70445, AUPRC: 0.61209
Test results --- Loss: 3.78146, Accuracy: 0.48580, Precision: 0.46970, Recall: 0.47302 F1: 0.47105, AUROC: 0.65172, AUPRC: 0.45834
EarlyStopping counter: 16 out of 20
Updating learning rate to 0.0016845471059286888
Epoch: 27 cost time: 101.53586959838867
Epoch: 27, Steps: 316, | Train Loss: 0.01094
Validation results --- Loss: 3.73083, Accuracy: 0.61298, Precision: 0.60612, Recall: 0.60103, F1: 0.60085, AUROC: 0.73479, AUPRC: 0.65423
Test results --- Loss: 3.67645, Accuracy: 0.50601, Precision: 0.48651, Recall: 0.49152 F1: 0.48662, AUROC: 0.66842, AUPRC: 0.49417
EarlyStopping counter: 17 out of 20
Updating learning rate to 0.0016613118653236519
Epoch: 28 cost time: 101.52329897880554
Epoch: 28, Steps: 316, | Train Loss: 0.01109
Validation results --- Loss: 3.58434, Accuracy: 0.59299, Precision: 0.58757, Recall: 0.58109, F1: 0.56907, AUROC: 0.72788, AUPRC: 0.62591
Test results --- Loss: 3.47731, Accuracy: 0.46361, Precision: 0.45345, Recall: 0.45219 F1: 0.44710, AUROC: 0.67083, AUPRC: 0.48107
EarlyStopping counter: 18 out of 20
Updating learning rate to 0.0016374239897486897
Epoch: 29 cost time: 101.59585380554199
Epoch: 29, Steps: 316, | Train Loss: 0.01323
Validation results --- Loss: 3.61441, Accuracy: 0.60363, Precision: 0.63449, Recall: 0.58955, F1: 0.59380, AUROC: 0.72326, AUPRC: 0.64521
Test results --- Loss: 3.96971, Accuracy: 0.46948, Precision: 0.44788, Recall: 0.44431 F1: 0.44540, AUROC: 0.62102, AUPRC: 0.41928
EarlyStopping counter: 19 out of 20
Updating learning rate to 0.0016129070536529766
Epoch: 30 cost time: 101.45455408096313
Epoch: 30, Steps: 316, | Train Loss: 0.01087
Validation results --- Loss: 3.80345, Accuracy: 0.55328, Precision: 0.54270, Recall: 0.54502, F1: 0.54266, AUROC: 0.68155, AUPRC: 0.58991
Test results --- Loss: 3.42353, Accuracy: 0.48136, Precision: 0.47038, Recall: 0.47619 F1: 0.46807, AUROC: 0.65230, AUPRC: 0.45385
EarlyStopping counter: 20 out of 20
Early stopping
>>>>>>>testing : eeg_mixer_v4_outAttentionPoolingFusion_ADFTD_seed_43_dm_128_dp_0.1_tl_4_bs_128_lr0.002_aug_none_pl_80_cb32_kb16_tb16_pe128_ps20_ca0_cp1_gitnogit_20260503_180652<<<<<<<<<<<<<<<<<<<<<<<<<<<<<<<<<
Validation results --- Loss: 2.41326, Accuracy: 0.61570, Precision: 0.61304, Recall: 0.60850, F1: 0.60582, AUROC: 0.75528, AUPRC: 0.66482
Test results --- Loss: 2.31308, Accuracy: 0.51775, Precision: 0.50275, Recall: 0.50224, F1: 0.50125, AUROC: 0.71088, AUPRC: 0.52070

Validation results --- Loss: 2.41326, Accuracy: 0.61570, Precision: 0.61304, Recall: 0.60850, F1: 0.60582, AUROC: 0.75528, AUPRC: 0.66482
Test results --- Loss: 2.31308, Accuracy: 0.51775, Precision: 0.50275, Recall: 0.50224, F1: 0.50125, AUROC: 0.71088, AUPRC: 0.52070

[result] Saved experiment record to: results/runs/3635104_ADFTD_eeg_mixer_v4_outAttentionPoolingFusion_seed43.yaml
Use GPU (single): visible=0 -> cuda:0
================================================================================
[Model] eeg_mixer_v4_outAttentionPoolingFusion
[Model Params] Total: 302,459 (0.302 M)
[Model Params] Trainable: 302,459 (0.302 M)
[Model Params] Non-trainable: 0 (0.000 M)
[Model Size] Parameters: 1.15 MB
[Model Size] Buffers: 0.00 MB
[Model Size] Total estimated: 1.15 MB
================================================================================
>>>>>>>start training : eeg_mixer_v4_outAttentionPoolingFusion_ADFTD_seed_44_dm_128_dp_0.1_tl_4_bs_128_lr0.002_aug_none_pl_80_cb32_kb16_tb16_pe128_ps20_ca0_cp1_gitnogit_20260503_190317>>>>>>>>>>>>>>>>>>>>>>>>>>
(40446, 256, 19)
(40446,)
(14658, 256, 19)
(14658,)
(14648, 256, 19)
(14648,)
Epoch: 1 cost time: 101.36852478981018
Epoch: 1, Steps: 316, | Train Loss: 1.01748
Validation results --- Loss: 0.92741, Accuracy: 0.56379, Precision: 0.47432, Recall: 0.52619, F1: 0.44979, AUROC: 0.75125, AUPRC: 0.59220
Test results --- Loss: 1.05715, Accuracy: 0.53591, Precision: 0.40981, Recall: 0.45783 F1: 0.41469, AUROC: 0.65080, AUPRC: 0.46399
Metric score decreased (inf --> -0.449786).  Saving model ...

Updating learning rate to 0.0019995065603657315
Epoch: 2 cost time: 100.97155022621155
Epoch: 2, Steps: 316, | Train Loss: 0.62411
Validation results --- Loss: 1.10615, Accuracy: 0.62553, Precision: 0.60070, Recall: 0.60128, F1: 0.58231, AUROC: 0.76940, AUPRC: 0.62389
Test results --- Loss: 1.51855, Accuracy: 0.47276, Precision: 0.38871, Recall: 0.40661 F1: 0.38967, AUROC: 0.61169, AUPRC: 0.41471
Metric score decreased (-0.449786 --> -0.582305).  Saving model ...

Updating learning rate to 0.0019980267284282717
Epoch: 3 cost time: 101.03953909873962
Epoch: 3, Steps: 316, | Train Loss: 0.35800
Validation results --- Loss: 1.67253, Accuracy: 0.58514, Precision: 0.57406, Recall: 0.57072, F1: 0.57043, AUROC: 0.70288, AUPRC: 0.56347
Test results --- Loss: 1.82120, Accuracy: 0.49693, Precision: 0.47345, Recall: 0.48344 F1: 0.47356, AUROC: 0.66033, AUPRC: 0.45963
EarlyStopping counter: 1 out of 20
Updating learning rate to 0.00199556196460308
Epoch: 4 cost time: 100.95078039169312
Epoch: 4, Steps: 316, | Train Loss: 0.22691
Validation results --- Loss: 2.32369, Accuracy: 0.54298, Precision: 0.52752, Recall: 0.52770, F1: 0.52612, AUROC: 0.65524, AUPRC: 0.52837
Test results --- Loss: 1.80834, Accuracy: 0.51188, Precision: 0.50220, Recall: 0.52229 F1: 0.50425, AUROC: 0.69600, AUPRC: 0.49585
EarlyStopping counter: 2 out of 20
Updating learning rate to 0.001992114701314478
Epoch: 5 cost time: 100.96504187583923
Epoch: 5, Steps: 316, | Train Loss: 0.17082
Validation results --- Loss: 2.39600, Accuracy: 0.56276, Precision: 0.55684, Recall: 0.55611, F1: 0.55581, AUROC: 0.69119, AUPRC: 0.56160
Test results --- Loss: 2.04034, Accuracy: 0.52683, Precision: 0.53047, Recall: 0.55021 F1: 0.52370, AUROC: 0.72136, AUPRC: 0.52270
EarlyStopping counter: 3 out of 20
Updating learning rate to 0.0019876883405951376
Epoch: 6 cost time: 101.06760048866272
Epoch: 6, Steps: 316, | Train Loss: 0.13673
Validation results --- Loss: 2.54585, Accuracy: 0.59913, Precision: 0.59335, Recall: 0.58782, F1: 0.58466, AUROC: 0.70685, AUPRC: 0.60512
Test results --- Loss: 1.91440, Accuracy: 0.53407, Precision: 0.53569, Recall: 0.54017 F1: 0.52846, AUROC: 0.74100, AUPRC: 0.54759
Metric score decreased (-0.582305 --> -0.584659).  Saving model ...

Updating learning rate to 0.001982287250728689
Epoch: 7 cost time: 101.0260603427887
Epoch: 7, Steps: 316, | Train Loss: 0.11093
Validation results --- Loss: 2.36584, Accuracy: 0.53179, Precision: 0.53826, Recall: 0.53141, F1: 0.53008, AUROC: 0.68834, AUPRC: 0.53758
Test results --- Loss: 2.17327, Accuracy: 0.48382, Precision: 0.49874, Recall: 0.51722 F1: 0.48369, AUROC: 0.69565, AUPRC: 0.48964
EarlyStopping counter: 1 out of 20
Updating learning rate to 0.0019759167619387476
Traceback (most recent call last):
  File "/work/bme-shenxk/xinke/TriDim_small/run.py", line 490, in <module>
    exp.train(setting)
  File "/work/bme-shenxk/xinke/TriDim_small/exp/exp_classification.py", line 220, in train
    outputs = self._forward_model(batch_x, padding_mask=padding_mask)
  File "/work/bme-shenxk/xinke/TriDim_small/exp/exp_classification.py", line 90, in _forward_model
    return self.model(batch_x, seq_mask=seq_mask)
  File "/work/bme-shenxk/conda_envs/eeg3dim/lib/python3.10/site-packages/torch/nn/modules/module.py", line 1736, in _wrapped_call_impl
    return self._call_impl(*args, **kwargs)
  File "/work/bme-shenxk/conda_envs/eeg3dim/lib/python3.10/site-packages/torch/nn/modules/module.py", line 1747, in _call_impl
    return forward_call(*args, **kwargs)
  File "/work/bme-shenxk/xinke/TriDim_small/models/eeg_mixer_v4_outAttentionPoolingFusion.py", line 756, in forward
    x = self.encoder(x)        # [B, C', K', T']
  File "/work/bme-shenxk/conda_envs/eeg3dim/lib/python3.10/site-packages/torch/nn/modules/module.py", line 1736, in _wrapped_call_impl
    return self._call_impl(*args, **kwargs)
  File "/work/bme-shenxk/conda_envs/eeg3dim/lib/python3.10/site-packages/torch/nn/modules/module.py", line 1747, in _call_impl
    return forward_call(*args, **kwargs)
  File "/work/bme-shenxk/xinke/TriDim_small/models/eeg_mixer_v4_outAttentionPoolingFusion.py", line 489, in forward
    x = layer(x)
  File "/work/bme-shenxk/conda_envs/eeg3dim/lib/python3.10/site-packages/torch/nn/modules/module.py", line 1736, in _wrapped_call_impl
    return self._call_impl(*args, **kwargs)
  File "/work/bme-shenxk/conda_envs/eeg3dim/lib/python3.10/site-packages/torch/nn/modules/module.py", line 1747, in _call_impl
    return forward_call(*args, **kwargs)
  File "/work/bme-shenxk/xinke/TriDim_small/models/eeg_mixer_v4_outAttentionPoolingFusion.py", line 476, in forward
    t_branch = self.t_mlp(x_norm, dim=3)
  File "/work/bme-shenxk/conda_envs/eeg3dim/lib/python3.10/site-packages/torch/nn/modules/module.py", line 1918, in __getattr__
    def __getattr__(self, name: str) -> Any:
KeyboardInterrupt
