[device] set CUDA_VISIBLE_DEVICES=0
[dataset_cfg] APAVA root_path -> /work/bme-shenxk/data/APAVA
[dataset_cfg] applied 31 params for APAVA
A total 12 CPUs are used, making sure that num_worker is small than the number of CPUs
Use GPU (single): visible=0 -> cuda:0
================================================================================
[Model] eeg_mixer_v4_outAttentionPoolingFusion
[Model Params] Total: 302,234 (0.302 M)
[Model Params] Trainable: 302,234 (0.302 M)
[Model Params] Non-trainable: 0 (0.000 M)
[Model Size] Parameters: 1.15 MB
[Model Size] Buffers: 0.00 MB
[Model Size] Total estimated: 1.15 MB
================================================================================
>>>>>>>start training : eeg_mixer_v4_outAttentionPoolingFusion_APAVA_seed_42_dm_128_dp_0.1_tl_4_bs_128_lr0.002_aug_none_pl_80_cb32_kb16_tb16_pe128_ps20_ca0_cp1_gitbb97162_20260503_192031>>>>>>>>>>>>>>>>>>>>>>>>>>
(3060, 256, 16)
(3060,)
(1287, 256, 16)
(1287,)
(1620, 256, 16)
(1620,)
Epoch: 1 cost time: 7.248650550842285
Epoch: 1, Steps: 24, | Train Loss: 1.07211
Validation results --- Loss: 0.70199, Accuracy: 0.52448, Precision: 0.26224, Recall: 0.50000, F1: 0.34404, AUROC: 0.76276, AUPRC: 0.75106
Test results --- Loss: 0.64222, Accuracy: 0.68889, Precision: 0.34444, Recall: 0.50000 F1: 0.40789, AUROC: 0.61368, AUPRC: 0.59059
Metric score decreased (inf --> -0.344037).  Saving model ...

Updating learning rate to 0.0
>>>>>>>testing : eeg_mixer_v4_outAttentionPoolingFusion_APAVA_seed_42_dm_128_dp_0.1_tl_4_bs_128_lr0.002_aug_none_pl_80_cb32_kb16_tb16_pe128_ps20_ca0_cp1_gitbb97162_20260503_192031<<<<<<<<<<<<<<<<<<<<<<<<<<<<<<<<<
Validation results --- Loss: 0.70199, Accuracy: 0.52448, Precision: 0.26224, Recall: 0.50000, F1: 0.34404, AUROC: 0.76276, AUPRC: 0.75106
Test results --- Loss: 0.64222, Accuracy: 0.68889, Precision: 0.34444, Recall: 0.50000, F1: 0.40789, AUROC: 0.61368, AUPRC: 0.59059

Validation results --- Loss: 0.70199, Accuracy: 0.52448, Precision: 0.26224, Recall: 0.50000, F1: 0.34404, AUROC: 0.76276, AUPRC: 0.75106
Test results --- Loss: 0.64222, Accuracy: 0.68889, Precision: 0.34444, Recall: 0.50000, F1: 0.40789, AUROC: 0.61368, AUPRC: 0.59059

[result] Saved experiment record to: results/runs/3635354_APAVA_eeg_mixer_v4_outAttentionPoolingFusion_seed42.yaml
Mean accuracy: 0.6889, precision: 0.3444,recall: 0.5000, f1: 0.4079, AUROC: 0.6137, AUPRC: 0.5906
Std accuracy: 0.0000, precision: 0.0000,recall: 0.0000, f1: 0.0000, AUROC: 0.0000, AUPRC: 0.0000
