Job started at:
Sun May  3 16:18:16 CST 2026
Job ID: 3635086
Running on host:
b07u10g
Working directory:
/work/bme-shenxk/xinke/TriDim_small/scripts/bsub
Python:
/work/bme-shenxk/conda_envs/eeg3dim/bin/python
Python 3.10.20
CUDA_VISIBLE_DEVICES=
Sun May  3 16:18:18 2026       
+-----------------------------------------------------------------------------------------+
| NVIDIA-SMI 560.28.03              Driver Version: 560.28.03      CUDA Version: 12.6     |
|-----------------------------------------+------------------------+----------------------+
| GPU  Name                 Persistence-M | Bus-Id          Disp.A | Volatile Uncorr. ECC |
| Fan  Temp   Perf          Pwr:Usage/Cap |           Memory-Usage | GPU-Util  Compute M. |
|                                         |                        |               MIG M. |
|=========================================+========================+======================|
|   0  Tesla V100-PCIE-16GB           On  |   00000000:03:00.0 Off |                    0 |
| N/A   26C    P0             25W /  250W |       1MiB /  16384MiB |      0%   E. Process |
|                                         |                        |                  N/A |
+-----------------------------------------+------------------------+----------------------+
                                                                                         
+-----------------------------------------------------------------------------------------+
| Processes:                                                                              |
|  GPU   GI   CI        PID   Type   Process name                              GPU Memory |
|        ID   ID                                                               Usage      |
|=========================================================================================|
|  No running processes found                                                             |
+-----------------------------------------------------------------------------------------+
============================================================
[RUN] dataset=AD65
[RUN] model=eeg_mixer_v4_outAttentionPoolingFusion
[RUN] yaml=./configs/datasets/AD65.yaml
[RUN] log=logs/3635086_AD65_eeg_mixer_v4_outAttentionPoolingFusion.train.log
[RUN] start time:
Sun May  3 16:18:18 CST 2026
============================================================
[OK] AD65 eeg_mixer_v4_outAttentionPoolingFusion
[DONE] dataset=AD65, model=eeg_mixer_v4_outAttentionPoolingFusion
[DONE] end time:
Sun May  3 16:55:43 CST 2026
============================================================
[RUN] dataset=BCIC2A
[RUN] model=eeg_mixer_v4_outAttentionPoolingFusion
[RUN] yaml=./configs/datasets/BCIC2A.yaml
[RUN] log=logs/3635086_BCIC2A_eeg_mixer_v4_outAttentionPoolingFusion.train.log
[RUN] start time:
Sun May  3 16:55:43 CST 2026
============================================================
[OK] BCIC2A eeg_mixer_v4_outAttentionPoolingFusion
[DONE] dataset=BCIC2A, model=eeg_mixer_v4_outAttentionPoolingFusion
[DONE] end time:
Sun May  3 17:18:42 CST 2026
============================================================
[RUN] dataset=Physionet_MI
[RUN] model=eeg_mixer_v4_outAttentionPoolingFusion
[RUN] yaml=./configs/datasets/Physionet_MI.yaml
[RUN] log=logs/3635086_Physionet_MI_eeg_mixer_v4_outAttentionPoolingFusion.train.log
[RUN] start time:
Sun May  3 17:18:42 CST 2026
============================================================
[OK] Physionet_MI eeg_mixer_v4_outAttentionPoolingFusion
[DONE] dataset=Physionet_MI, model=eeg_mixer_v4_outAttentionPoolingFusion
[DONE] end time:
Sun May  3 17:44:30 CST 2026
============================================================
Batch run finished
Summary file: logs/3635086_batch_summary.tsv
dataset	model	status	exit_code	log_file
AD65	eeg_mixer_v4_outAttentionPoolingFusion	OK	0	logs/3635086_AD65_eeg_mixer_v4_outAttentionPoolingFusion.train.log
BCIC2A	eeg_mixer_v4_outAttentionPoolingFusion	OK	0	logs/3635086_BCIC2A_eeg_mixer_v4_outAttentionPoolingFusion.train.log
Physionet_MI	eeg_mixer_v4_outAttentionPoolingFusion	OK	0	logs/3635086_Physionet_MI_eeg_mixer_v4_outAttentionPoolingFusion.train.log
Sun May  3 17:44:30 CST 2026
============================================================

------------------------------------------------------------
Sender: LSF System <lsfadmin@b07u10g>
Subject: Job 3635086: <tridim_batch_3data_2model> in cluster <qmhpc> Done

Job <tridim_batch_3data_2model> was submitted from host <b04u17l> by user <bme-shenxk> in cluster <qmhpc> at Sun May  3 16:18:10 2026
Job was executed on host(s) <4*b07u10g>, in queue <4v100-16-e5>, as user <bme-shenxk> in cluster <qmhpc> at Sun May  3 16:18:10 2026
</work/bme-shenxk> was used as the home directory.
</work/bme-shenxk/xinke/TriDim_small/scripts/bsub> was used as the working directory.
Started at Sun May  3 16:18:10 2026
Terminated at Sun May  3 17:44:34 2026
Results reported at Sun May  3 17:44:34 2026

Your job looked like:

------------------------------------------------------------
# LSBATCH: User input
#!/bin/bash
#BSUB -J tridim_batch_3data_2model
#BSUB -q 4v100-16-e5
#BSUB -n 4
#BSUB -gpu "num=1"
#BSUB -R "span[ptile=4]"
#BSUB -e /work/bme-shenxk/xinke/TriDim_small/logs/%J.err
#BSUB -o /work/bme-shenxk/xinke/TriDim_small/logs/%J.out

set -e

echo "Job started at:"
date
echo "Job ID: ${LSB_JOBID}"
echo "Running on host:"
hostname
echo "Working directory:"
pwd

cd ~/xinke/TriDim_small

mkdir -p logs

module load python/anaconda3/2022.10
source activate
conda activate ~/conda_envs/eeg3dim

echo "Python:"
which python
python -V

echo "CUDA_VISIBLE_DEVICES=${CUDA_VISIBLE_DEVICES}"
nvidia-smi || true

DATASETS=(
  "AD65"
  "BCIC2A"
  "Physionet_MI"
)

MODELS=(
  "eeg_mixer_v4_outAttentionPoolingFusion"
)

SUMMARY_FILE="logs/${LSB_JOBID}_batch_summary.tsv"

echo -e "dataset\tmodel\tstatus\texit_code\tlog_file" > ${SUMMARY_FILE}

for dataset in "${DATASETS[@]}"
do

(... more ...)
------------------------------------------------------------

Successfully completed.

Resource usage summary:

    CPU time :                                   7323.00 sec.
    Max Memory :                                 9093 MB
    Average Memory :                             5073.09 MB
    Total Requested Memory :                     -
    Delta Memory :                               -
    Max Swap :                                   2 MB
    Max Processes :                              12
    Max Threads :                                73
    Run time :                                   5180 sec.
    Turnaround time :                            5184 sec.

The output (if any) is above this job summary.



PS:

Read file </work/bme-shenxk/xinke/TriDim_small/logs/3635086.err> for stderr output of this job.

