Job started at:
Sun May  3 19:43:43 CST 2026
Job ID: 3635360
Running on host:
b05u28g
Working directory:
/work/bme-shenxk/xinke/TriDim_small/scripts/bsub
Python:
/work/bme-shenxk/conda_envs/eeg3dim/bin/python
Python 3.10.20
CUDA_VISIBLE_DEVICES=
Sun May  3 19:43:44 2026       
+-----------------------------------------------------------------------------------------+
| NVIDIA-SMI 550.54.15              Driver Version: 550.54.15      CUDA Version: 12.4     |
|-----------------------------------------+------------------------+----------------------+
| GPU  Name                 Persistence-M | Bus-Id          Disp.A | Volatile Uncorr. ECC |
| Fan  Temp   Perf          Pwr:Usage/Cap |           Memory-Usage | GPU-Util  Compute M. |
|                                         |                        |               MIG M. |
|=========================================+========================+======================|
|   0  Tesla V100-PCIE-16GB           On  |   00000000:3E:00.0 Off |                    0 |
| N/A   25C    P0             23W /  250W |       0MiB /  16384MiB |      0%   E. Process |
|                                         |                        |                  N/A |
+-----------------------------------------+------------------------+----------------------+
                                                                                         
+-----------------------------------------------------------------------------------------+
| Processes:                                                                              |
|  GPU   GI   CI        PID   Type   Process name                              GPU Memory |
|        ID   ID                                                               Usage      |
|=========================================================================================|
|  No running processes found                                                             |
+-----------------------------------------------------------------------------------------+
============================================================
[RUN] dataset=ADFTD
[RUN] model=eeg_mixer_v4_outAttentionPoolingFusion
[RUN] yaml=./configs/datasets/ADFTD.yaml
[RUN] log=logs/3635360_ADFTD_eeg_mixer_v4_outAttentionPoolingFusion.train.log
[RUN] start time:
Sun May  3 19:43:44 CST 2026
============================================================
