Job started at:
Sun May  3 16:18:16 CST 2026
Job ID: 3635087
Running on host:
b07u10g
Working directory:
/work/bme-shenxk/xinke/TriDim_small/scripts/bsub
Python:
/work/bme-shenxk/conda_envs/eeg3dim/bin/python
Python 3.10.20
CUDA_VISIBLE_DEVICES=
Sun May  3 16:18:18 2026       
+-----------------------------------------------------------------------------------------+
| NVIDIA-SMI 560.28.03              Driver Version: 560.28.03      CUDA Version: 12.6     |
|-----------------------------------------+------------------------+----------------------+
| GPU  Name                 Persistence-M | Bus-Id          Disp.A | Volatile Uncorr. ECC |
| Fan  Temp   Perf          Pwr:Usage/Cap |           Memory-Usage | GPU-Util  Compute M. |
|                                         |                        |               MIG M. |
|=========================================+========================+======================|
|   0  Tesla V100-PCIE-16GB           On  |   00000000:04:00.0 Off |                    0 |
| N/A   25C    P0             24W /  250W |       1MiB /  16384MiB |      0%   E. Process |
|                                         |                        |                  N/A |
+-----------------------------------------+------------------------+----------------------+
                                                                                         
+-----------------------------------------------------------------------------------------+
| Processes:                                                                              |
|  GPU   GI   CI        PID   Type   Process name                              GPU Memory |
|        ID   ID                                                               Usage      |
|=========================================================================================|
|  No running processes found                                                             |
+-----------------------------------------------------------------------------------------+
============================================================
[RUN] dataset=SEED
[RUN] model=eeg_mixer_v4_outAttentionPoolingFusion
[RUN] yaml=./configs/datasets/SEED.yaml
[RUN] log=logs/3635087_SEED_eeg_mixer_v4_outAttentionPoolingFusion.train.log
[RUN] start time:
Sun May  3 16:18:18 CST 2026
============================================================
[OK] SEED eeg_mixer_v4_outAttentionPoolingFusion
[DONE] dataset=SEED, model=eeg_mixer_v4_outAttentionPoolingFusion
[DONE] end time:
Sun May  3 17:25:12 CST 2026
============================================================
[RUN] dataset=SEED_V
[RUN] model=eeg_mixer_v4_outAttentionPoolingFusion
[RUN] yaml=./configs/datasets/SEED_V.yaml
[RUN] log=logs/3635087_SEED_V_eeg_mixer_v4_outAttentionPoolingFusion.train.log
[RUN] start time:
Sun May  3 17:25:12 CST 2026
============================================================
[OK] SEED_V eeg_mixer_v4_outAttentionPoolingFusion
[DONE] dataset=SEED_V, model=eeg_mixer_v4_outAttentionPoolingFusion
[DONE] end time:
Sun May  3 18:16:22 CST 2026
============================================================
[RUN] dataset=SHU
[RUN] model=eeg_mixer_v4_outAttentionPoolingFusion
[RUN] yaml=./configs/datasets/SHU.yaml
[RUN] log=logs/3635087_SHU_eeg_mixer_v4_outAttentionPoolingFusion.train.log
[RUN] start time:
Sun May  3 18:16:22 CST 2026
============================================================
[OK] SHU eeg_mixer_v4_outAttentionPoolingFusion
[DONE] dataset=SHU, model=eeg_mixer_v4_outAttentionPoolingFusion
[DONE] end time:
Sun May  3 18:50:02 CST 2026
============================================================
Batch run finished
Summary file: logs/3635087_batch_summary.tsv
dataset	model	status	exit_code	log_file
SEED	eeg_mixer_v4_outAttentionPoolingFusion	OK	0	logs/3635087_SEED_eeg_mixer_v4_outAttentionPoolingFusion.train.log
SEED_V	eeg_mixer_v4_outAttentionPoolingFusion	OK	0	logs/3635087_SEED_V_eeg_mixer_v4_outAttentionPoolingFusion.train.log
SHU	eeg_mixer_v4_outAttentionPoolingFusion	OK	0	logs/3635087_SHU_eeg_mixer_v4_outAttentionPoolingFusion.train.log
Sun May  3 18:50:02 CST 2026
============================================================

------------------------------------------------------------
Sender: LSF System <lsfadmin@b07u10g>
Subject: Job 3635087: <tridim_batch_3data_2model> in cluster <qmhpc> Done

Job <tridim_batch_3data_2model> was submitted from host <b04u17l> by user <bme-shenxk> in cluster <qmhpc> at Sun May  3 16:18:13 2026
Job was executed on host(s) <4*b07u10g>, in queue <4v100-16-e5>, as user <bme-shenxk> in cluster <qmhpc> at Sun May  3 16:18:15 2026
</work/bme-shenxk> was used as the home directory.
</work/bme-shenxk/xinke/TriDim_small/scripts/bsub> was used as the working directory.
Started at Sun May  3 16:18:15 2026
Terminated at Sun May  3 18:50:06 2026
Results reported at Sun May  3 18:50:06 2026

Your job looked like:

------------------------------------------------------------
# LSBATCH: User input
#!/bin/bash
#BSUB -J tridim_batch_3data_2model
#BSUB -q 4v100-16-e5
#BSUB -n 4
#BSUB -gpu "num=1"
#BSUB -R "span[ptile=4]"
#BSUB -e /work/bme-shenxk/xinke/TriDim_small/logs/%J.err
#BSUB -o /work/bme-shenxk/xinke/TriDim_small/logs/%J.out

set -e

echo "Job started at:"
date
echo "Job ID: ${LSB_JOBID}"
echo "Running on host:"
hostname
echo "Working directory:"
pwd

cd ~/xinke/TriDim_small

mkdir -p logs

module load python/anaconda3/2022.10
source activate
conda activate ~/conda_envs/eeg3dim

echo "Python:"
which python
python -V

echo "CUDA_VISIBLE_DEVICES=${CUDA_VISIBLE_DEVICES}"
nvidia-smi || true

DATASETS=(
  "SEED"
  "SEED_V"
  "SHU"
)

MODELS=(
  "eeg_mixer_v4_outAttentionPoolingFusion"
)

SUMMARY_FILE="logs/${LSB_JOBID}_batch_summary.tsv"

echo -e "dataset\tmodel\tstatus\texit_code\tlog_file" > ${SUMMARY_FILE}

for dataset in "${DATASETS[@]}"
do

(... more ...)
------------------------------------------------------------

Successfully completed.

Resource usage summary:

    CPU time :                                   13137.00 sec.
    Max Memory :                                 32571 MB
    Average Memory :                             19477.39 MB
    Total Requested Memory :                     -
    Delta Memory :                               -
    Max Swap :                                   2 MB
    Max Processes :                              12
    Max Threads :                                93
    Run time :                                   9112 sec.
    Turnaround time :                            9113 sec.

The output (if any) is above this job summary.



PS:

Read file </work/bme-shenxk/xinke/TriDim_small/logs/3635087.err> for stderr output of this job.

