[device] set CUDA_VISIBLE_DEVICES=0
[dataset_cfg] SleepEDF_full root_path -> /work/bme-shenxk/data/SleepEDF_full
[dataset_cfg] applied 33 params for SleepEDF_full
A total 12 CPUs are used, making sure that num_worker is small than the number of CPUs
Use GPU (single): visible=0 -> cuda:0
================================================================================
[Model] eeg_mixer_v4_outAttentionPoolingFusion
[Model Params] Total: 302,173 (0.302 M)
[Model Params] Trainable: 302,173 (0.302 M)
[Model Params] Non-trainable: 0 (0.000 M)
[Model Size] Parameters: 1.15 MB
[Model Size] Buffers: 0.00 MB
[Model Size] Total estimated: 1.15 MB
================================================================================
>>>>>>>start training : eeg_mixer_v4_outAttentionPoolingFusion_SleepEDF_full_seed_42_dm_128_dp_0.1_tl_4_bs_128_lr0.002_aug_none_pl_80_cb32_kb16_tb16_pe128_ps20_ca0_cp1_gitbb97162_20260503_192112>>>>>>>>>>>>>>>>>>>>>>>>>>
(166506, 6000, 2)
(166506,)
(125093, 6000, 2)
(125093,)
(123362, 6000, 2)
(123362,)
Epoch: 1 cost time: 260.28091263771057
Epoch: 1, Steps: 1301, | Train Loss: 0.31449
Validation results --- Loss: 0.35357, Accuracy: 0.86805, Precision: 0.64662, Recall: 0.65493, F1: 0.61940, AUROC: 0.96184, AUPRC: 0.69585
Test results --- Loss: 0.53792, Accuracy: 0.82230, Precision: 0.55940, Recall: 0.59220 F1: 0.52450, AUROC: 0.93053, AUPRC: 0.58843
Metric score decreased (inf --> -0.619403).  Saving model ...

Updating learning rate to 0.0
>>>>>>>testing : eeg_mixer_v4_outAttentionPoolingFusion_SleepEDF_full_seed_42_dm_128_dp_0.1_tl_4_bs_128_lr0.002_aug_none_pl_80_cb32_kb16_tb16_pe128_ps20_ca0_cp1_gitbb97162_20260503_192112<<<<<<<<<<<<<<<<<<<<<<<<<<<<<<<<<
Validation results --- Loss: 0.35357, Accuracy: 0.86805, Precision: 0.64662, Recall: 0.65493, F1: 0.61940, AUROC: 0.96184, AUPRC: 0.69585
Test results --- Loss: 0.53792, Accuracy: 0.82230, Precision: 0.55940, Recall: 0.59220, F1: 0.52450, AUROC: 0.93053, AUPRC: 0.58843

Traceback (most recent call last):
  File "/work/bme-shenxk/xinke/TriDim_small/exp/exp_classification.py", line 90, in _forward_model
    return self.model(batch_x, seq_mask=seq_mask)
  File "/work/bme-shenxk/conda_envs/eeg3dim/lib/python3.10/site-packages/torch/nn/modules/module.py", line 1736, in _wrapped_call_impl
    return self._call_impl(*args, **kwargs)
  File "/work/bme-shenxk/conda_envs/eeg3dim/lib/python3.10/site-packages/torch/nn/modules/module.py", line 1747, in _call_impl
    return forward_call(*args, **kwargs)
  File "/work/bme-shenxk/xinke/TriDim_small/models/eeg_mixer_v4_outAttentionPoolingFusion.py", line 756, in forward
    x = self.encoder(x)        # [B, C', K', T']
  File "/work/bme-shenxk/conda_envs/eeg3dim/lib/python3.10/site-packages/torch/nn/modules/module.py", line 1736, in _wrapped_call_impl
    return self._call_impl(*args, **kwargs)
  File "/work/bme-shenxk/conda_envs/eeg3dim/lib/python3.10/site-packages/torch/nn/modules/module.py", line 1747, in _call_impl
    return forward_call(*args, **kwargs)
  File "/work/bme-shenxk/xinke/TriDim_small/models/eeg_mixer_v4_outAttentionPoolingFusion.py", line 489, in forward
    x = layer(x)
  File "/work/bme-shenxk/conda_envs/eeg3dim/lib/python3.10/site-packages/torch/nn/modules/module.py", line 1736, in _wrapped_call_impl
    return self._call_impl(*args, **kwargs)
  File "/work/bme-shenxk/conda_envs/eeg3dim/lib/python3.10/site-packages/torch/nn/modules/module.py", line 1747, in _call_impl
    return forward_call(*args, **kwargs)
  File "/work/bme-shenxk/xinke/TriDim_small/models/eeg_mixer_v4_outAttentionPoolingFusion.py", line 473, in forward
    channel_branch = 0.5 * (self.attn_k_for_c(channel_branch, attend_dim=2, embed_axis=1) + self.attn_t_for_c(channel_branch, attend_dim=3, embed_axis=1))
  File "/work/bme-shenxk/conda_envs/eeg3dim/lib/python3.10/site-packages/torch/nn/modules/module.py", line 1736, in _wrapped_call_impl
    return self._call_impl(*args, **kwargs)
  File "/work/bme-shenxk/conda_envs/eeg3dim/lib/python3.10/site-packages/torch/nn/modules/module.py", line 1747, in _call_impl
    return forward_call(*args, **kwargs)
  File "/work/bme-shenxk/xinke/TriDim_small/models/eeg_mixer_v4_outAttentionPoolingFusion.py", line 440, in forward
    return self._attention(x.permute(0, 3, 2, 1).reshape(batch * t_dim, k_dim, c_dim)).reshape(batch, t_dim, k_dim, c_dim).permute(0, 3, 2, 1)
  File "/work/bme-shenxk/xinke/TriDim_small/models/eeg_mixer_v4_outAttentionPoolingFusion.py", line 435, in _attention
    return self.drop(self.out_proj(out))
  File "/work/bme-shenxk/conda_envs/eeg3dim/lib/python3.10/site-packages/torch/nn/modules/module.py", line 1736, in _wrapped_call_impl
    return self._call_impl(*args, **kwargs)
  File "/work/bme-shenxk/conda_envs/eeg3dim/lib/python3.10/site-packages/torch/nn/modules/module.py", line 1741, in _call_impl
    forward_call = (self._slow_forward if torch._C._get_tracing_state() else self.forward)
KeyboardInterrupt

During handling of the above exception, another exception occurred:

Traceback (most recent call last):
  File "/work/bme-shenxk/xinke/TriDim_small/run.py", line 495, in <module>
    test_metrics = exp.test(setting)
  File "/work/bme-shenxk/xinke/TriDim_small/exp/exp_classification.py", line 298, in test
    vali_loss, val_metrics_dict = self.vali(vali_data, vali_loader, criterion)
  File "/work/bme-shenxk/xinke/TriDim_small/exp/exp_classification.py", line 113, in vali
    outputs = self._forward_model(batch_x, padding_mask=padding_mask)
  File "/work/bme-shenxk/xinke/TriDim_small/exp/exp_classification.py", line 90, in _forward_model
    return self.model(batch_x, seq_mask=seq_mask)
KeyboardInterrupt
