[launch] gpu=1 dataset=SEED seed=43 2026-07-21T20:19:43Z
[device] keep scheduler CUDA_VISIBLE_DEVICES=1
[dataset_cfg] SEED root_path -> <DATA_ROOT>
[dataset_cfg] applied 53 params for SEED
A total 12 CPUs are used, making sure that num_worker is small than the number of CPUs
Use GPU (single): visible=1 -> cuda:0
================================================================================
[Model] eeg_mixer_v11_1_spatial_multilevel
[Model Params] Total: 3,251,600 (3.252 M)
[Model Params] Trainable: 3,251,600 (3.252 M)
[Model Params] Non-trainable: 0 (0.000 M)
[Model Size] Parameters: 12.40 MB
[Model Size] Buffers: 0.00 MB
[Model Size] Total estimated: 12.40 MB
================================================================================
>>>>>>>start training : eeg_mixer_v11_1_spatial_multilevel_SEED_seed_43_dm_128_dp_0.15_tl_3_bs_32_lr0.0005_aug_none_pl_80_cb96_kb32_tb32_pe128_ps80_ca0_cp1_sm0_ml1_selACC_gitnogit_20260722_042126>>>>>>>>>>>>>>>>>>>>>>>>>>
(11916, 2000, 62)
(11916,)
(1986, 2000, 62)
(1986,)
Epoch: 1 cost time: 130.65524911880493
Epoch: 1, Steps: 373, | Train Loss: 1.04523
Validation results --- Loss: 1.20315, Accuracy: 0.40937, Precision: 0.43304, Recall: 0.41258, F1: 0.39336, AUROC: 0.61606, AUPRC: 0.43466
Metric score decreased (inf --> -0.409366).  Saving model ...

Epoch: 2 cost time: 129.75268149375916
Epoch: 2, Steps: 373, | Train Loss: 0.87794
Validation results --- Loss: 1.54581, Accuracy: 0.37160, Precision: 0.49741, Recall: 0.37763, F1: 0.29202, AUROC: 0.65939, AUPRC: 0.48387
EarlyStopping counter: 1 out of 20
Epoch: 3 cost time: 130.34798288345337
Epoch: 3, Steps: 373, | Train Loss: 0.77859
Validation results --- Loss: 1.53413, Accuracy: 0.40886, Precision: 0.53634, Recall: 0.41500, F1: 0.35011, AUROC: 0.67741, AUPRC: 0.50919
EarlyStopping counter: 2 out of 20
Epoch: 4 cost time: 129.2891628742218
Epoch: 4, Steps: 373, | Train Loss: 0.71985
Validation results --- Loss: 1.52563, Accuracy: 0.39627, Precision: 0.54181, Recall: 0.40187, F1: 0.32956, AUROC: 0.68978, AUPRC: 0.52549
EarlyStopping counter: 3 out of 20
Epoch: 5 cost time: 129.99177956581116
Epoch: 5, Steps: 373, | Train Loss: 0.66004
Validation results --- Loss: 1.59109, Accuracy: 0.41188, Precision: 0.55285, Recall: 0.41808, F1: 0.34815, AUROC: 0.69589, AUPRC: 0.53278
Metric score decreased (-0.409366 --> -0.411883).  Saving model ...

Epoch: 6 cost time: 129.7027018070221
Epoch: 6, Steps: 373, | Train Loss: 0.57589
Validation results --- Loss: 1.84355, Accuracy: 0.40433, Precision: 0.56260, Recall: 0.41108, F1: 0.33324, AUROC: 0.66387, AUPRC: 0.48800
EarlyStopping counter: 1 out of 20
Epoch: 7 cost time: 130.33035683631897
Epoch: 7, Steps: 373, | Train Loss: 0.49671
Validation results --- Loss: 1.65837, Accuracy: 0.44159, Precision: 0.57168, Recall: 0.44676, F1: 0.39945, AUROC: 0.69006, AUPRC: 0.53224
Metric score decreased (-0.411883 --> -0.441591).  Saving model ...

Epoch: 8 cost time: 129.6036458015442
Epoch: 8, Steps: 373, | Train Loss: 0.42063
Validation results --- Loss: 1.72398, Accuracy: 0.43907, Precision: 0.55279, Recall: 0.44399, F1: 0.39654, AUROC: 0.68899, AUPRC: 0.52207
EarlyStopping counter: 1 out of 20
Epoch: 9 cost time: 130.08277940750122
Epoch: 9, Steps: 373, | Train Loss: 0.37196
Validation results --- Loss: 1.82554, Accuracy: 0.43756, Precision: 0.54051, Recall: 0.44332, F1: 0.39490, AUROC: 0.68048, AUPRC: 0.51233
EarlyStopping counter: 2 out of 20
Epoch: 10 cost time: 131.1664915084839
Epoch: 10, Steps: 373, | Train Loss: 0.32819
Validation results --- Loss: 1.84948, Accuracy: 0.45418, Precision: 0.56147, Recall: 0.45914, F1: 0.42118, AUROC: 0.69519, AUPRC: 0.54097
Metric score decreased (-0.441591 --> -0.454179).  Saving model ...

Epoch: 11 cost time: 130.31467485427856
Epoch: 11, Steps: 373, | Train Loss: 0.29523
Validation results --- Loss: 2.11624, Accuracy: 0.42246, Precision: 0.56139, Recall: 0.42822, F1: 0.36947, AUROC: 0.67559, AUPRC: 0.51502
EarlyStopping counter: 1 out of 20
Epoch: 12 cost time: 130.17255544662476
Epoch: 12, Steps: 373, | Train Loss: 0.27254
Validation results --- Loss: 2.16351, Accuracy: 0.42346, Precision: 0.56512, Recall: 0.42961, F1: 0.36866, AUROC: 0.65789, AUPRC: 0.49010
EarlyStopping counter: 2 out of 20
Epoch: 13 cost time: 130.62414383888245
Epoch: 13, Steps: 373, | Train Loss: 0.25112
Validation results --- Loss: 2.06396, Accuracy: 0.43958, Precision: 0.55437, Recall: 0.44465, F1: 0.40040, AUROC: 0.68648, AUPRC: 0.52362
EarlyStopping counter: 3 out of 20
Epoch: 14 cost time: 129.43992686271667
Epoch: 14, Steps: 373, | Train Loss: 0.23861
Validation results --- Loss: 1.95119, Accuracy: 0.45116, Precision: 0.55073, Recall: 0.45555, F1: 0.42279, AUROC: 0.67944, AUPRC: 0.52107
EarlyStopping counter: 4 out of 20
Epoch: 15 cost time: 130.08976364135742
Epoch: 15, Steps: 373, | Train Loss: 0.23011
Validation results --- Loss: 2.11260, Accuracy: 0.42397, Precision: 0.53432, Recall: 0.42929, F1: 0.37953, AUROC: 0.66871, AUPRC: 0.50347
EarlyStopping counter: 5 out of 20
Epoch: 16 cost time: 129.6865119934082
Epoch: 16, Steps: 373, | Train Loss: 0.22279
Validation results --- Loss: 1.89068, Accuracy: 0.45368, Precision: 0.55068, Recall: 0.45843, F1: 0.42645, AUROC: 0.68339, AUPRC: 0.52497
EarlyStopping counter: 6 out of 20
Epoch: 17 cost time: 130.02765345573425
Epoch: 17, Steps: 373, | Train Loss: 0.21240
Validation results --- Loss: 2.07373, Accuracy: 0.43555, Precision: 0.56434, Recall: 0.44095, F1: 0.39216, AUROC: 0.68311, AUPRC: 0.52050
EarlyStopping counter: 7 out of 20
Epoch: 18 cost time: 130.07106161117554
Epoch: 18, Steps: 373, | Train Loss: 0.20902
Validation results --- Loss: 2.07861, Accuracy: 0.42649, Precision: 0.55636, Recall: 0.43193, F1: 0.37955, AUROC: 0.68052, AUPRC: 0.51925
EarlyStopping counter: 8 out of 20
Epoch: 19 cost time: 129.6020703315735
Epoch: 19, Steps: 373, | Train Loss: 0.20505
Validation results --- Loss: 1.94171, Accuracy: 0.43353, Precision: 0.56355, Recall: 0.43895, F1: 0.39059, AUROC: 0.68707, AUPRC: 0.52774
EarlyStopping counter: 9 out of 20
Epoch: 20 cost time: 129.73896408081055
Epoch: 20, Steps: 373, | Train Loss: 0.20203
Validation results --- Loss: 1.81898, Accuracy: 0.45871, Precision: 0.54777, Recall: 0.46326, F1: 0.43344, AUROC: 0.68159, AUPRC: 0.52087
Metric score decreased (-0.454179 --> -0.458711).  Saving model ...

Epoch: 21 cost time: 128.62160658836365
Epoch: 21, Steps: 373, | Train Loss: 0.20066
Validation results --- Loss: 1.94164, Accuracy: 0.42497, Precision: 0.54026, Recall: 0.43071, F1: 0.37972, AUROC: 0.66838, AUPRC: 0.51344
EarlyStopping counter: 1 out of 20
Epoch: 22 cost time: 129.79628586769104
Epoch: 22, Steps: 373, | Train Loss: 0.19441
Validation results --- Loss: 1.99055, Accuracy: 0.43253, Precision: 0.54505, Recall: 0.43775, F1: 0.39052, AUROC: 0.67316, AUPRC: 0.51274
EarlyStopping counter: 2 out of 20
Epoch: 23 cost time: 130.85009813308716
Epoch: 23, Steps: 373, | Train Loss: 0.19298
Validation results --- Loss: 2.00965, Accuracy: 0.43253, Precision: 0.56538, Recall: 0.43810, F1: 0.38519, AUROC: 0.67413, AUPRC: 0.52055
EarlyStopping counter: 3 out of 20
Epoch: 24 cost time: 130.13625311851501
Epoch: 24, Steps: 373, | Train Loss: 0.18860
Validation results --- Loss: 2.08061, Accuracy: 0.41390, Precision: 0.55831, Recall: 0.41963, F1: 0.35771, AUROC: 0.66951, AUPRC: 0.51676
EarlyStopping counter: 4 out of 20
Epoch: 25 cost time: 129.73023915290833
Epoch: 25, Steps: 373, | Train Loss: 0.19002
Validation results --- Loss: 1.85799, Accuracy: 0.46375, Precision: 0.56956, Recall: 0.46838, F1: 0.43304, AUROC: 0.68806, AUPRC: 0.53791
Metric score decreased (-0.458711 --> -0.463746).  Saving model ...

Epoch: 26 cost time: 130.2961506843567
Epoch: 26, Steps: 373, | Train Loss: 0.18874
Validation results --- Loss: 2.09346, Accuracy: 0.41893, Precision: 0.56696, Recall: 0.42467, F1: 0.36237, AUROC: 0.67646, AUPRC: 0.51833
EarlyStopping counter: 1 out of 20
Epoch: 27 cost time: 130.84156942367554
Epoch: 27, Steps: 373, | Train Loss: 0.19008
Validation results --- Loss: 1.97047, Accuracy: 0.43756, Precision: 0.57412, Recall: 0.44355, F1: 0.38684, AUROC: 0.68084, AUPRC: 0.52962
EarlyStopping counter: 2 out of 20
Epoch: 28 cost time: 129.97979307174683
Epoch: 28, Steps: 373, | Train Loss: 0.18508
Validation results --- Loss: 1.96666, Accuracy: 0.44058, Precision: 0.55795, Recall: 0.44567, F1: 0.39981, AUROC: 0.67359, AUPRC: 0.52091
EarlyStopping counter: 3 out of 20
Epoch: 29 cost time: 129.7248396873474
Epoch: 29, Steps: 373, | Train Loss: 0.18297
Validation results --- Loss: 1.95616, Accuracy: 0.43555, Precision: 0.56346, Recall: 0.44090, F1: 0.39136, AUROC: 0.67508, AUPRC: 0.52035
EarlyStopping counter: 4 out of 20
Epoch: 30 cost time: 130.86310148239136
Epoch: 30, Steps: 373, | Train Loss: 0.18454
Validation results --- Loss: 2.08572, Accuracy: 0.42397, Precision: 0.56990, Recall: 0.42924, F1: 0.36844, AUROC: 0.67230, AUPRC: 0.51105
EarlyStopping counter: 5 out of 20
Epoch: 31 cost time: 130.6181344985962
Epoch: 31, Steps: 373, | Train Loss: 0.18274
Validation results --- Loss: 1.80795, Accuracy: 0.45921, Precision: 0.56299, Recall: 0.46435, F1: 0.42710, AUROC: 0.68172, AUPRC: 0.53096
EarlyStopping counter: 6 out of 20
Epoch: 32 cost time: 130.61306858062744
Epoch: 32, Steps: 373, | Train Loss: 0.18202
Validation results --- Loss: 2.00165, Accuracy: 0.43152, Precision: 0.55769, Recall: 0.43668, F1: 0.38356, AUROC: 0.67062, AUPRC: 0.51308
EarlyStopping counter: 7 out of 20
Epoch: 33 cost time: 129.95373344421387
Epoch: 33, Steps: 373, | Train Loss: 0.18325
Validation results --- Loss: 1.98478, Accuracy: 0.43756, Precision: 0.57854, Recall: 0.44331, F1: 0.38772, AUROC: 0.67706, AUPRC: 0.52279
EarlyStopping counter: 8 out of 20
Epoch: 34 cost time: 130.56968712806702
Epoch: 34, Steps: 373, | Train Loss: 0.18137
Validation results --- Loss: 1.96004, Accuracy: 0.43202, Precision: 0.55509, Recall: 0.43766, F1: 0.38299, AUROC: 0.67354, AUPRC: 0.51689
EarlyStopping counter: 9 out of 20
Epoch: 35 cost time: 130.4728651046753
Epoch: 35, Steps: 373, | Train Loss: 0.18094
Validation results --- Loss: 1.90790, Accuracy: 0.45116, Precision: 0.56102, Recall: 0.45644, F1: 0.41201, AUROC: 0.67537, AUPRC: 0.51629
EarlyStopping counter: 10 out of 20
Epoch: 36 cost time: 130.01332354545593
Epoch: 36, Steps: 373, | Train Loss: 0.18133
Validation results --- Loss: 1.86640, Accuracy: 0.44411, Precision: 0.55291, Recall: 0.44960, F1: 0.40335, AUROC: 0.67745, AUPRC: 0.51946
EarlyStopping counter: 11 out of 20
Epoch: 37 cost time: 129.59956526756287
Epoch: 37, Steps: 373, | Train Loss: 0.18110
Validation results --- Loss: 1.99185, Accuracy: 0.42397, Precision: 0.54769, Recall: 0.42983, F1: 0.36880, AUROC: 0.66820, AUPRC: 0.50726
EarlyStopping counter: 12 out of 20
Epoch: 38 cost time: 130.63268184661865
Epoch: 38, Steps: 373, | Train Loss: 0.17930
Validation results --- Loss: 1.88061, Accuracy: 0.44562, Precision: 0.55526, Recall: 0.45054, F1: 0.40618, AUROC: 0.67723, AUPRC: 0.51914
EarlyStopping counter: 13 out of 20
Epoch: 39 cost time: 130.35746574401855
Epoch: 39, Steps: 373, | Train Loss: 0.17696
Validation results --- Loss: 1.96157, Accuracy: 0.42397, Precision: 0.55267, Recall: 0.42971, F1: 0.37114, AUROC: 0.66826, AUPRC: 0.50310
EarlyStopping counter: 14 out of 20
Epoch: 40 cost time: 129.84377765655518
Epoch: 40, Steps: 373, | Train Loss: 0.17678
Validation results --- Loss: 1.94019, Accuracy: 0.43505, Precision: 0.55513, Recall: 0.44062, F1: 0.38581, AUROC: 0.67200, AUPRC: 0.51310
EarlyStopping counter: 15 out of 20
Epoch: 41 cost time: 129.91022324562073
Epoch: 41, Steps: 373, | Train Loss: 0.17723
Validation results --- Loss: 1.88542, Accuracy: 0.44713, Precision: 0.56789, Recall: 0.45214, F1: 0.40845, AUROC: 0.67777, AUPRC: 0.52454
EarlyStopping counter: 16 out of 20
Epoch: 42 cost time: 130.15419173240662
Epoch: 42, Steps: 373, | Train Loss: 0.17871
Validation results --- Loss: 1.75874, Accuracy: 0.47281, Precision: 0.57171, Recall: 0.47764, F1: 0.44583, AUROC: 0.67951, AUPRC: 0.52663
Metric score decreased (-0.463746 --> -0.472810).  Saving model ...

Epoch: 43 cost time: 131.25367975234985
Epoch: 43, Steps: 373, | Train Loss: 0.17825
Validation results --- Loss: 1.93599, Accuracy: 0.44058, Precision: 0.56343, Recall: 0.44606, F1: 0.39715, AUROC: 0.67160, AUPRC: 0.51044
EarlyStopping counter: 1 out of 20
Epoch: 44 cost time: 129.7835738658905
Epoch: 44, Steps: 373, | Train Loss: 0.17695
Validation results --- Loss: 1.86938, Accuracy: 0.45116, Precision: 0.56241, Recall: 0.45584, F1: 0.41420, AUROC: 0.68065, AUPRC: 0.52703
EarlyStopping counter: 2 out of 20
Epoch: 45 cost time: 130.173734664917
Epoch: 45, Steps: 373, | Train Loss: 0.17578
Validation results --- Loss: 1.87679, Accuracy: 0.44461, Precision: 0.56818, Recall: 0.45032, F1: 0.40172, AUROC: 0.67233, AUPRC: 0.52226
EarlyStopping counter: 3 out of 20
Epoch: 46 cost time: 129.4475061893463
Epoch: 46, Steps: 373, | Train Loss: 0.17600
Validation results --- Loss: 1.80161, Accuracy: 0.46274, Precision: 0.57811, Recall: 0.46785, F1: 0.42890, AUROC: 0.68275, AUPRC: 0.53181
EarlyStopping counter: 4 out of 20
Epoch: 47 cost time: 129.72874927520752
Epoch: 47, Steps: 373, | Train Loss: 0.17577
Validation results --- Loss: 1.88594, Accuracy: 0.44411, Precision: 0.57744, Recall: 0.44928, F1: 0.40089, AUROC: 0.68088, AUPRC: 0.52950
EarlyStopping counter: 5 out of 20
Epoch: 48 cost time: 130.11659049987793
Epoch: 48, Steps: 373, | Train Loss: 0.17535
Validation results --- Loss: 1.90970, Accuracy: 0.44008, Precision: 0.56671, Recall: 0.44555, F1: 0.39369, AUROC: 0.67636, AUPRC: 0.52082
EarlyStopping counter: 6 out of 20
Epoch: 49 cost time: 131.14846754074097
Epoch: 49, Steps: 373, | Train Loss: 0.17445
Validation results --- Loss: 1.93765, Accuracy: 0.42951, Precision: 0.56838, Recall: 0.43535, F1: 0.37666, AUROC: 0.67392, AUPRC: 0.51992
EarlyStopping counter: 7 out of 20
Epoch: 50 cost time: 129.7753129005432
Epoch: 50, Steps: 373, | Train Loss: 0.17411
Validation results --- Loss: 1.79271, Accuracy: 0.46425, Precision: 0.57756, Recall: 0.46925, F1: 0.43187, AUROC: 0.68340, AUPRC: 0.53190
EarlyStopping counter: 8 out of 20
Epoch: 51 cost time: 129.73989367485046
Epoch: 51, Steps: 373, | Train Loss: 0.17454
Validation results --- Loss: 1.94880, Accuracy: 0.42900, Precision: 0.56223, Recall: 0.43443, F1: 0.37744, AUROC: 0.67743, AUPRC: 0.52079
EarlyStopping counter: 9 out of 20
Epoch: 52 cost time: 130.55805945396423
Epoch: 52, Steps: 373, | Train Loss: 0.17470
Validation results --- Loss: 1.80629, Accuracy: 0.45770, Precision: 0.57203, Recall: 0.46280, F1: 0.42138, AUROC: 0.69057, AUPRC: 0.53912
EarlyStopping counter: 10 out of 20
Epoch: 53 cost time: 130.1840000152588
Epoch: 53, Steps: 373, | Train Loss: 0.17421
Validation results --- Loss: 1.89141, Accuracy: 0.43303, Precision: 0.56381, Recall: 0.43849, F1: 0.38730, AUROC: 0.67959, AUPRC: 0.52825
EarlyStopping counter: 11 out of 20
Epoch: 54 cost time: 129.4916319847107
Epoch: 54, Steps: 373, | Train Loss: 0.17401
Validation results --- Loss: 1.90904, Accuracy: 0.44512, Precision: 0.58559, Recall: 0.45078, F1: 0.40021, AUROC: 0.67369, AUPRC: 0.52037
EarlyStopping counter: 12 out of 20
Epoch: 55 cost time: 130.43213748931885
Epoch: 55, Steps: 373, | Train Loss: 0.17398
Validation results --- Loss: 1.90879, Accuracy: 0.43454, Precision: 0.55673, Recall: 0.43976, F1: 0.39009, AUROC: 0.67702, AUPRC: 0.52028
EarlyStopping counter: 13 out of 20
Epoch: 56 cost time: 130.59489059448242
Epoch: 56, Steps: 373, | Train Loss: 0.17433
Validation results --- Loss: 1.89860, Accuracy: 0.43555, Precision: 0.56341, Recall: 0.44100, F1: 0.39008, AUROC: 0.68133, AUPRC: 0.52864
EarlyStopping counter: 14 out of 20
Epoch: 57 cost time: 130.1161949634552
Epoch: 57, Steps: 373, | Train Loss: 0.17352
Validation results --- Loss: 1.85877, Accuracy: 0.44512, Precision: 0.56331, Recall: 0.45025, F1: 0.40541, AUROC: 0.68020, AUPRC: 0.52381
EarlyStopping counter: 15 out of 20
Epoch: 58 cost time: 129.62457609176636
Epoch: 58, Steps: 373, | Train Loss: 0.17302
Validation results --- Loss: 1.87265, Accuracy: 0.44612, Precision: 0.57206, Recall: 0.45144, F1: 0.40338, AUROC: 0.67866, AUPRC: 0.52266
EarlyStopping counter: 16 out of 20
Epoch: 59 cost time: 130.0730926990509
Epoch: 59, Steps: 373, | Train Loss: 0.17295
Validation results --- Loss: 1.86050, Accuracy: 0.44461, Precision: 0.56188, Recall: 0.44989, F1: 0.40260, AUROC: 0.67736, AUPRC: 0.52408
EarlyStopping counter: 17 out of 20
Epoch: 60 cost time: 130.47894072532654
Epoch: 60, Steps: 373, | Train Loss: 0.17270
Validation results --- Loss: 1.85904, Accuracy: 0.44763, Precision: 0.56483, Recall: 0.45290, F1: 0.40661, AUROC: 0.67975, AUPRC: 0.52734
EarlyStopping counter: 18 out of 20
Epoch: 61 cost time: 130.49877500534058
Epoch: 61, Steps: 373, | Train Loss: 0.17253
Validation results --- Loss: 1.90615, Accuracy: 0.43404, Precision: 0.56972, Recall: 0.43960, F1: 0.38604, AUROC: 0.67673, AUPRC: 0.52395
EarlyStopping counter: 19 out of 20
Epoch: 62 cost time: 129.913565158844
Epoch: 62, Steps: 373, | Train Loss: 0.17238
Validation results --- Loss: 1.86785, Accuracy: 0.44260, Precision: 0.56752, Recall: 0.44781, F1: 0.39984, AUROC: 0.67894, AUPRC: 0.52369
EarlyStopping counter: 20 out of 20
Early stopping
>>>>>>>testing : eeg_mixer_v11_1_spatial_multilevel_SEED_seed_43_dm_128_dp_0.15_tl_3_bs_32_lr0.0005_aug_none_pl_80_cb96_kb32_tb32_pe128_ps80_ca0_cp1_sm0_ml1_selACC_gitnogit_20260722_042126<<<<<<<<<<<<<<<<<<<<<<<<<<<<<<<<<
Validation results --- Loss: 1.75874, Accuracy: 0.47281, Precision: 0.57171, Recall: 0.47764, F1: 0.44583, AUROC: 0.67951, AUPRC: 0.52663
Test results --- Loss: 1.56436, Accuracy: 0.52669, Precision: 0.54749, Recall: 0.52323, F1: 0.51736, AUROC: 0.71968, AUPRC: 0.56329

[result] Saved experiment record to: results/runs/<RUN_RECORD>.yaml
Mean accuracy: 0.5267, precision: 0.5475,recall: 0.5232, f1: 0.5174, AUROC: 0.7197, AUPRC: 0.5633
Std accuracy: 0.0000, precision: 0.0000,recall: 0.0000, f1: 0.0000, AUROC: 0.0000, AUPRC: 0.0000
================================================================================
[CONFIG CHECK] 当前使用的 block_type 是：【 full 】
================================================================================
